[2025-08-06T21:04:55.256+0000][47][info][gc,init] CardTable entry size: 512
[2025-08-06T21:04:55.258+0000][47][info][gc     ] Using G1
[2025-08-06T21:04:55.261+0000][47][info][gc,init] Version: 21.0.1+12-29 (release)
[2025-08-06T21:04:55.263+0000][47][info][gc,init] CPUs: 4 total, 4 available
[2025-08-06T21:04:55.264+0000][47][info][gc,init] Memory: 7851M
[2025-08-06T21:04:55.265+0000][47][info][gc,init] Large Page Support: Disabled
[2025-08-06T21:04:55.266+0000][47][info][gc,init] NUMA Support: Disabled
[2025-08-06T21:04:55.268+0000][47][info][gc,init] Compressed Oops: Enabled (32-bit)
[2025-08-06T21:04:55.269+0000][47][info][gc,init] Heap Region Size: 1M
[2025-08-06T21:04:55.271+0000][47][info][gc,init] Heap Min Capacity: 256M
[2025-08-06T21:04:55.272+0000][47][info][gc,init] Heap Initial Capacity: 256M
[2025-08-06T21:04:55.273+0000][47][info][gc,init] Heap Max Capacity: 256M
[2025-08-06T21:04:55.274+0000][47][info][gc,init] Pre-touch: Disabled
[2025-08-06T21:04:55.275+0000][47][info][gc,init] Parallel Workers: 4
[2025-08-06T21:04:55.276+0000][47][info][gc,init] Concurrent Workers: 1
[2025-08-06T21:04:55.277+0000][47][info][gc,init] Concurrent Refinement Workers: 4
[2025-08-06T21:04:55.278+0000][47][info][gc,init] Periodic GC: Disabled
[2025-08-06T21:04:55.286+0000][47][info][gc,metaspace] CDS archive(s) mapped at: [0x000000f800000000-0x000000f800cb0000-0x000000f800cb0000), size 13303808, SharedBaseAddress: 0x000000f800000000, ArchiveRelocationMode: 1.
[2025-08-06T21:04:55.287+0000][47][info][gc,metaspace] Compressed class space mapped at: 0x000000f801000000-0x000000f841000000, reserved size: 1073741824
[2025-08-06T21:04:55.289+0000][47][info][gc,metaspace] Narrow klass base: 0x000000f800000000, Narrow klass shift: 0, Narrow klass range: 0x100000000
[2025-08-06T21:04:55.339+0000][47][info][gc,heap,exit] Heap
[2025-08-06T21:04:55.340+0000][47][info][gc,heap,exit]  garbage-first heap   total 262144K, used 2878K [0x00000000f0000000, 0x0000000100000000)
[2025-08-06T21:04:55.341+0000][47][info][gc,heap,exit]   region size 1024K, 2 young (2048K), 0 survivors (0K)
[2025-08-06T21:04:55.342+0000][47][info][gc,heap,exit]  Metaspace       used 211K, committed 448K, reserved 1114112K
[2025-08-06T21:04:55.343+0000][47][info][gc,heap,exit]   class space    used 5K, committed 128K, reserved 1048576K
