[2025-08-06T21:04:25.110+0000][29][info][gc,init] CardTable entry size: 512
[2025-08-06T21:04:25.111+0000][29][info][gc     ] Using G1
[2025-08-06T21:04:25.144+0000][29][info][gc,init] Version: 21.0.1+12-29 (release)
[2025-08-06T21:04:25.146+0000][29][info][gc,init] CPUs: 4 total, 4 available
[2025-08-06T21:04:25.147+0000][29][info][gc,init] Memory: 7851M
[2025-08-06T21:04:25.148+0000][29][info][gc,init] Large Page Support: Disabled
[2025-08-06T21:04:25.149+0000][29][info][gc,init] NUMA Support: Disabled
[2025-08-06T21:04:25.150+0000][29][info][gc,init] Compressed Oops: Enabled (32-bit)
[2025-08-06T21:04:25.151+0000][29][info][gc,init] Heap Region Size: 1M
[2025-08-06T21:04:25.153+0000][29][info][gc,init] Heap Min Capacity: 256M
[2025-08-06T21:04:25.154+0000][29][info][gc,init] Heap Initial Capacity: 256M
[2025-08-06T21:04:25.155+0000][29][info][gc,init] Heap Max Capacity: 256M
[2025-08-06T21:04:25.156+0000][29][info][gc,init] Pre-touch: Disabled
[2025-08-06T21:04:25.157+0000][29][info][gc,init] Parallel Workers: 4
[2025-08-06T21:04:25.158+0000][29][info][gc,init] Concurrent Workers: 1
[2025-08-06T21:04:25.159+0000][29][info][gc,init] Concurrent Refinement Workers: 4
[2025-08-06T21:04:25.160+0000][29][info][gc,init] Periodic GC: Disabled
[2025-08-06T21:04:25.169+0000][29][info][gc,metaspace] CDS archive(s) mapped at: [0x000000e800000000-0x000000e800cb0000-0x000000e800cb0000), size 13303808, SharedBaseAddress: 0x000000e800000000, ArchiveRelocationMode: 1.
[2025-08-06T21:04:25.170+0000][29][info][gc,metaspace] Compressed class space mapped at: 0x000000e801000000-0x000000e841000000, reserved size: 1073741824
[2025-08-06T21:04:25.171+0000][29][info][gc,metaspace] Narrow klass base: 0x000000e800000000, Narrow klass shift: 0, Narrow klass range: 0x100000000
[2025-08-06T21:04:25.261+0000][29][info][gc,heap,exit] Heap
[2025-08-06T21:04:25.262+0000][29][info][gc,heap,exit]  garbage-first heap   total 262144K, used 3101K [0x00000000f0000000, 0x0000000100000000)
[2025-08-06T21:04:25.264+0000][29][info][gc,heap,exit]   region size 1024K, 2 young (2048K), 0 survivors (0K)
[2025-08-06T21:04:25.265+0000][29][info][gc,heap,exit]  Metaspace       used 194K, committed 384K, reserved 1114112K
[2025-08-06T21:04:25.266+0000][29][info][gc,heap,exit]   class space    used 5K, committed 128K, reserved 1048576K
