[2025-08-06T21:04:14.108+0000][49][info][gc,init] CardTable entry size: 512
[2025-08-06T21:04:14.109+0000][49][info][gc     ] Using G1
[2025-08-06T21:04:14.112+0000][49][info][gc,init] Version: 21.0.1+12-29 (release)
[2025-08-06T21:04:14.113+0000][49][info][gc,init] CPUs: 4 total, 4 available
[2025-08-06T21:04:14.114+0000][49][info][gc,init] Memory: 7851M
[2025-08-06T21:04:14.115+0000][49][info][gc,init] Large Page Support: Disabled
[2025-08-06T21:04:14.116+0000][49][info][gc,init] NUMA Support: Disabled
[2025-08-06T21:04:14.117+0000][49][info][gc,init] Compressed Oops: Enabled (32-bit)
[2025-08-06T21:04:14.117+0000][49][info][gc,init] Heap Region Size: 1M
[2025-08-06T21:04:14.119+0000][49][info][gc,init] Heap Min Capacity: 256M
[2025-08-06T21:04:14.120+0000][49][info][gc,init] Heap Initial Capacity: 256M
[2025-08-06T21:04:14.121+0000][49][info][gc,init] Heap Max Capacity: 256M
[2025-08-06T21:04:14.122+0000][49][info][gc,init] Pre-touch: Disabled
[2025-08-06T21:04:14.123+0000][49][info][gc,init] Parallel Workers: 4
[2025-08-06T21:04:14.124+0000][49][info][gc,init] Concurrent Workers: 1
[2025-08-06T21:04:14.125+0000][49][info][gc,init] Concurrent Refinement Workers: 4
[2025-08-06T21:04:14.126+0000][49][info][gc,init] Periodic GC: Disabled
[2025-08-06T21:04:14.134+0000][49][info][gc,metaspace] CDS archive(s) mapped at: [0x0000008800000000-0x0000008800cb0000-0x0000008800cb0000), size 13303808, SharedBaseAddress: 0x0000008800000000, ArchiveRelocationMode: 1.
[2025-08-06T21:04:14.135+0000][49][info][gc,metaspace] Compressed class space mapped at: 0x0000008801000000-0x0000008841000000, reserved size: 1073741824
[2025-08-06T21:04:14.136+0000][49][info][gc,metaspace] Narrow klass base: 0x0000008800000000, Narrow klass shift: 0, Narrow klass range: 0x100000000
[2025-08-06T21:04:14.183+0000][49][info][gc,heap,exit] Heap
[2025-08-06T21:04:14.184+0000][49][info][gc,heap,exit]  garbage-first heap   total 262144K, used 2878K [0x00000000f0000000, 0x0000000100000000)
[2025-08-06T21:04:14.186+0000][49][info][gc,heap,exit]   region size 1024K, 2 young (2048K), 0 survivors (0K)
[2025-08-06T21:04:14.187+0000][49][info][gc,heap,exit]  Metaspace       used 212K, committed 448K, reserved 1114112K
[2025-08-06T21:04:14.188+0000][49][info][gc,heap,exit]   class space    used 5K, committed 128K, reserved 1048576K
