[2025-08-06T21:04:55.117+0000][28][info][gc,init] CardTable entry size: 512
[2025-08-06T21:04:55.119+0000][28][info][gc     ] Using G1
[2025-08-06T21:04:55.132+0000][28][info][gc,init] Version: 21.0.1+12-29 (release)
[2025-08-06T21:04:55.134+0000][28][info][gc,init] CPUs: 4 total, 4 available
[2025-08-06T21:04:55.134+0000][28][info][gc,init] Memory: 7851M
[2025-08-06T21:04:55.135+0000][28][info][gc,init] Large Page Support: Disabled
[2025-08-06T21:04:55.136+0000][28][info][gc,init] NUMA Support: Disabled
[2025-08-06T21:04:55.137+0000][28][info][gc,init] Compressed Oops: Enabled (32-bit)
[2025-08-06T21:04:55.137+0000][28][info][gc,init] Heap Region Size: 1M
[2025-08-06T21:04:55.138+0000][28][info][gc,init] Heap Min Capacity: 256M
[2025-08-06T21:04:55.139+0000][28][info][gc,init] Heap Initial Capacity: 256M
[2025-08-06T21:04:55.140+0000][28][info][gc,init] Heap Max Capacity: 256M
[2025-08-06T21:04:55.140+0000][28][info][gc,init] Pre-touch: Disabled
[2025-08-06T21:04:55.141+0000][28][info][gc,init] Parallel Workers: 4
[2025-08-06T21:04:55.142+0000][28][info][gc,init] Concurrent Workers: 1
[2025-08-06T21:04:55.143+0000][28][info][gc,init] Concurrent Refinement Workers: 4
[2025-08-06T21:04:55.144+0000][28][info][gc,init] Periodic GC: Disabled
[2025-08-06T21:04:55.153+0000][28][info][gc,metaspace] CDS archive(s) mapped at: [0x0000002000000000-0x0000002000cb0000-0x0000002000cb0000), size 13303808, SharedBaseAddress: 0x0000002000000000, ArchiveRelocationMode: 1.
[2025-08-06T21:04:55.154+0000][28][info][gc,metaspace] Compressed class space mapped at: 0x0000002001000000-0x0000002041000000, reserved size: 1073741824
[2025-08-06T21:04:55.155+0000][28][info][gc,metaspace] Narrow klass base: 0x0000002000000000, Narrow klass shift: 0, Narrow klass range: 0x100000000
[2025-08-06T21:04:55.215+0000][28][info][gc,heap,exit] Heap
[2025-08-06T21:04:55.216+0000][28][info][gc,heap,exit]  garbage-first heap   total 262144K, used 2878K [0x00000000f0000000, 0x0000000100000000)
[2025-08-06T21:04:55.218+0000][28][info][gc,heap,exit]   region size 1024K, 2 young (2048K), 0 survivors (0K)
[2025-08-06T21:04:55.219+0000][28][info][gc,heap,exit]  Metaspace       used 214K, committed 448K, reserved 1114112K
[2025-08-06T21:04:55.220+0000][28][info][gc,heap,exit]   class space    used 5K, committed 128K, reserved 1048576K
