[2025-08-06T21:28:21.492+0000][48][info][gc,init] CardTable entry size: 512
[2025-08-06T21:28:21.494+0000][48][info][gc     ] Using G1
[2025-08-06T21:28:21.498+0000][48][info][gc,init] Version: 21.0.1+12-29 (release)
[2025-08-06T21:28:21.500+0000][48][info][gc,init] CPUs: 4 total, 4 available
[2025-08-06T21:28:21.502+0000][48][info][gc,init] Memory: 7851M
[2025-08-06T21:28:21.503+0000][48][info][gc,init] Large Page Support: Disabled
[2025-08-06T21:28:21.504+0000][48][info][gc,init] NUMA Support: Disabled
[2025-08-06T21:28:21.506+0000][48][info][gc,init] Compressed Oops: Enabled (32-bit)
[2025-08-06T21:28:21.506+0000][48][info][gc,init] Heap Region Size: 1M
[2025-08-06T21:28:21.507+0000][48][info][gc,init] Heap Min Capacity: 256M
[2025-08-06T21:28:21.508+0000][48][info][gc,init] Heap Initial Capacity: 256M
[2025-08-06T21:28:21.509+0000][48][info][gc,init] Heap Max Capacity: 256M
[2025-08-06T21:28:21.513+0000][48][info][gc,init] Pre-touch: Disabled
[2025-08-06T21:28:21.514+0000][48][info][gc,init] Parallel Workers: 4
[2025-08-06T21:28:21.515+0000][48][info][gc,init] Concurrent Workers: 1
[2025-08-06T21:28:21.516+0000][48][info][gc,init] Concurrent Refinement Workers: 4
[2025-08-06T21:28:21.517+0000][48][info][gc,init] Periodic GC: Disabled
[2025-08-06T21:28:21.525+0000][48][info][gc,metaspace] CDS archive(s) mapped at: [0x0000008000000000-0x0000008000cb0000-0x0000008000cb0000), size 13303808, SharedBaseAddress: 0x0000008000000000, ArchiveRelocationMode: 1.
[2025-08-06T21:28:21.526+0000][48][info][gc,metaspace] Compressed class space mapped at: 0x0000008001000000-0x0000008041000000, reserved size: 1073741824
[2025-08-06T21:28:21.527+0000][48][info][gc,metaspace] Narrow klass base: 0x0000008000000000, Narrow klass shift: 0, Narrow klass range: 0x100000000
[2025-08-06T21:28:21.660+0000][48][info][gc,heap,exit] Heap
[2025-08-06T21:28:21.661+0000][48][info][gc,heap,exit]  garbage-first heap   total 262144K, used 3101K [0x00000000f0000000, 0x0000000100000000)
[2025-08-06T21:28:21.663+0000][48][info][gc,heap,exit]   region size 1024K, 2 young (2048K), 0 survivors (0K)
[2025-08-06T21:28:21.664+0000][48][info][gc,heap,exit]  Metaspace       used 187K, committed 384K, reserved 1114112K
[2025-08-06T21:28:21.665+0000][48][info][gc,heap,exit]   class space    used 5K, committed 128K, reserved 1048576K
