[2025-08-06T21:04:45.357+0000][29][info][gc,init] CardTable entry size: 512
[2025-08-06T21:04:45.359+0000][29][info][gc     ] Using G1
[2025-08-06T21:04:45.371+0000][29][info][gc,init] Version: 21.0.1+12-29 (release)
[2025-08-06T21:04:45.372+0000][29][info][gc,init] CPUs: 4 total, 4 available
[2025-08-06T21:04:45.373+0000][29][info][gc,init] Memory: 7851M
[2025-08-06T21:04:45.377+0000][29][info][gc,init] Large Page Support: Disabled
[2025-08-06T21:04:45.378+0000][29][info][gc,init] NUMA Support: Disabled
[2025-08-06T21:04:45.379+0000][29][info][gc,init] Compressed Oops: Enabled (32-bit)
[2025-08-06T21:04:45.381+0000][29][info][gc,init] Heap Region Size: 1M
[2025-08-06T21:04:45.382+0000][29][info][gc,init] Heap Min Capacity: 256M
[2025-08-06T21:04:45.383+0000][29][info][gc,init] Heap Initial Capacity: 256M
[2025-08-06T21:04:45.384+0000][29][info][gc,init] Heap Max Capacity: 256M
[2025-08-06T21:04:45.386+0000][29][info][gc,init] Pre-touch: Disabled
[2025-08-06T21:04:45.387+0000][29][info][gc,init] Parallel Workers: 4
[2025-08-06T21:04:45.388+0000][29][info][gc,init] Concurrent Workers: 1
[2025-08-06T21:04:45.390+0000][29][info][gc,init] Concurrent Refinement Workers: 4
[2025-08-06T21:04:45.391+0000][29][info][gc,init] Periodic GC: Disabled
[2025-08-06T21:04:45.406+0000][29][info][gc,metaspace] CDS archive(s) mapped at: [0x000000e800000000-0x000000e800cb0000-0x000000e800cb0000), size 13303808, SharedBaseAddress: 0x000000e800000000, ArchiveRelocationMode: 1.
[2025-08-06T21:04:45.407+0000][29][info][gc,metaspace] Compressed class space mapped at: 0x000000e801000000-0x000000e841000000, reserved size: 1073741824
[2025-08-06T21:04:45.408+0000][29][info][gc,metaspace] Narrow klass base: 0x000000e800000000, Narrow klass shift: 0, Narrow klass range: 0x100000000
[2025-08-06T21:04:45.478+0000][29][info][gc,heap,exit] Heap
[2025-08-06T21:04:45.483+0000][29][info][gc,heap,exit]  garbage-first heap   total 262144K, used 2878K [0x00000000f0000000, 0x0000000100000000)
[2025-08-06T21:04:45.484+0000][29][info][gc,heap,exit]   region size 1024K, 2 young (2048K), 0 survivors (0K)
[2025-08-06T21:04:45.486+0000][29][info][gc,heap,exit]  Metaspace       used 216K, committed 448K, reserved 1114112K
[2025-08-06T21:04:45.487+0000][29][info][gc,heap,exit]   class space    used 5K, committed 128K, reserved 1048576K
