[2025-08-06T21:04:36.369+0000][48][info][gc,init] CardTable entry size: 512
[2025-08-06T21:04:36.370+0000][48][info][gc     ] Using G1
[2025-08-06T21:04:36.374+0000][48][info][gc,init] Version: 21.0.1+12-29 (release)
[2025-08-06T21:04:36.375+0000][48][info][gc,init] CPUs: 4 total, 4 available
[2025-08-06T21:04:36.376+0000][48][info][gc,init] Memory: 7851M
[2025-08-06T21:04:36.376+0000][48][info][gc,init] Large Page Support: Disabled
[2025-08-06T21:04:36.378+0000][48][info][gc,init] NUMA Support: Disabled
[2025-08-06T21:04:36.379+0000][48][info][gc,init] Compressed Oops: Enabled (32-bit)
[2025-08-06T21:04:36.379+0000][48][info][gc,init] Heap Region Size: 1M
[2025-08-06T21:04:36.380+0000][48][info][gc,init] Heap Min Capacity: 256M
[2025-08-06T21:04:36.381+0000][48][info][gc,init] Heap Initial Capacity: 256M
[2025-08-06T21:04:36.382+0000][48][info][gc,init] Heap Max Capacity: 256M
[2025-08-06T21:04:36.383+0000][48][info][gc,init] Pre-touch: Disabled
[2025-08-06T21:04:36.384+0000][48][info][gc,init] Parallel Workers: 4
[2025-08-06T21:04:36.384+0000][48][info][gc,init] Concurrent Workers: 1
[2025-08-06T21:04:36.385+0000][48][info][gc,init] Concurrent Refinement Workers: 4
[2025-08-06T21:04:36.386+0000][48][info][gc,init] Periodic GC: Disabled
[2025-08-06T21:04:36.394+0000][48][info][gc,metaspace] CDS archive(s) mapped at: [0x000000f000000000-0x000000f000cb0000-0x000000f000cb0000), size 13303808, SharedBaseAddress: 0x000000f000000000, ArchiveRelocationMode: 1.
[2025-08-06T21:04:36.395+0000][48][info][gc,metaspace] Compressed class space mapped at: 0x000000f001000000-0x000000f041000000, reserved size: 1073741824
[2025-08-06T21:04:36.396+0000][48][info][gc,metaspace] Narrow klass base: 0x000000f000000000, Narrow klass shift: 0, Narrow klass range: 0x100000000
[2025-08-06T21:04:36.446+0000][48][info][gc,heap,exit] Heap
[2025-08-06T21:04:36.447+0000][48][info][gc,heap,exit]  garbage-first heap   total 262144K, used 2878K [0x00000000f0000000, 0x0000000100000000)
[2025-08-06T21:04:36.448+0000][48][info][gc,heap,exit]   region size 1024K, 2 young (2048K), 0 survivors (0K)
[2025-08-06T21:04:36.449+0000][48][info][gc,heap,exit]  Metaspace       used 211K, committed 448K, reserved 1114112K
[2025-08-06T21:04:36.450+0000][48][info][gc,heap,exit]   class space    used 5K, committed 128K, reserved 1048576K
