[2025-08-06T21:04:14.227+0000][67][info][gc,init] CardTable entry size: 512
[2025-08-06T21:04:14.230+0000][67][info][gc     ] Using G1
[2025-08-06T21:04:14.317+0000][67][info][gc,init] Version: 21.0.1+12-29 (release)
[2025-08-06T21:04:14.318+0000][67][info][gc,init] CPUs: 4 total, 4 available
[2025-08-06T21:04:14.320+0000][67][info][gc,init] Memory: 7851M
[2025-08-06T21:04:14.321+0000][67][info][gc,init] Large Page Support: Disabled
[2025-08-06T21:04:14.322+0000][67][info][gc,init] NUMA Support: Disabled
[2025-08-06T21:04:14.323+0000][67][info][gc,init] Compressed Oops: Enabled (32-bit)
[2025-08-06T21:04:14.324+0000][67][info][gc,init] Heap Region Size: 4M
[2025-08-06T21:04:14.326+0000][67][info][gc,init] Heap Min Capacity: 256M
[2025-08-06T21:04:14.327+0000][67][info][gc,init] Heap Initial Capacity: 256M
[2025-08-06T21:04:14.328+0000][67][info][gc,init] Heap Max Capacity: 256M
[2025-08-06T21:04:14.329+0000][67][info][gc,init] Pre-touch: Enabled
[2025-08-06T21:04:14.330+0000][67][info][gc,init] Parallel Workers: 4
[2025-08-06T21:04:14.330+0000][67][info][gc,init] Concurrent Workers: 1
[2025-08-06T21:04:14.332+0000][67][info][gc,init] Concurrent Refinement Workers: 4
[2025-08-06T21:04:14.333+0000][67][info][gc,init] Periodic GC: Disabled
[2025-08-06T21:04:14.340+0000][67][info][gc,metaspace] CDS archive(s) mapped at: [0x0000000500000000-0x0000000500cb0000-0x0000000500cb0000), size 13303808, SharedBaseAddress: 0x0000000500000000, ArchiveRelocationMode: 1.
[2025-08-06T21:04:14.342+0000][67][info][gc,metaspace] Compressed class space mapped at: 0x0000000501000000-0x0000000541000000, reserved size: 1073741824
[2025-08-06T21:04:14.343+0000][67][info][gc,metaspace] Narrow klass base: 0x0000000500000000, Narrow klass shift: 0, Narrow klass range: 0x100000000
[2025-08-06T21:04:14.431+0000][67][info][safepoint   ] Safepoint "ICBufferFull", Time since last: 83961334 ns, Reaching safepoint: 3541 ns, Cleanup: 67084 ns, At safepoint: 3458 ns, Total: 74083 ns
[2025-08-06T21:04:14.498+0000][67][info][gc,start    ] GC(0) Pause Young (Normal) (G1 Evacuation Pause)
[2025-08-06T21:04:14.500+0000][67][info][gc,task     ] GC(0) Using 4 workers of 4 for evacuation
[2025-08-06T21:04:14.501+0000][67][debug][gc,age      ] GC(0) Desired survivor size 2097152 bytes, new threshold 15 (max threshold 15)
[2025-08-06T21:04:14.504+0000][67][info ][gc,phases   ] GC(0)   Pre Evacuate Collection Set: 0.4ms
[2025-08-06T21:04:14.505+0000][67][info ][gc,phases   ] GC(0)   Merge Heap Roots: 0.1ms
[2025-08-06T21:04:14.508+0000][67][info ][gc,phases   ] GC(0)   Evacuate Collection Set: 0.9ms
[2025-08-06T21:04:14.509+0000][67][info ][gc,phases   ] GC(0)   Post Evacuate Collection Set: 0.5ms
[2025-08-06T21:04:14.512+0000][67][info ][gc,phases   ] GC(0)   Other: 2.2ms
[2025-08-06T21:04:14.514+0000][67][trace][gc,age      ] GC(0) Age table with threshold 15 (max threshold 15)
[2025-08-06T21:04:14.517+0000][67][trace][gc,age      ] GC(0) - age   1:     419376 bytes,     419376 total
[2025-08-06T21:04:14.520+0000][67][info ][gc,heap     ] GC(0) Eden regions: 3->0(10)
[2025-08-06T21:04:14.523+0000][67][info ][gc,heap     ] GC(0) Survivor regions: 0->1(1)
[2025-08-06T21:04:14.524+0000][67][info ][gc,heap     ] GC(0) Old regions: 1->1
[2025-08-06T21:04:14.526+0000][67][info ][gc,heap     ] GC(0) Humongous regions: 0->0
[2025-08-06T21:04:14.527+0000][67][info ][gc,metaspace] GC(0) Metaspace: 695K(896K)->695K(896K) NonClass: 648K(768K)->648K(768K) Class: 46K(128K)->46K(128K)
[2025-08-06T21:04:14.529+0000][67][info ][gc          ] GC(0) Pause Young (Normal) (G1 Evacuation Pause) 13M->1M(256M) 30.763ms
[2025-08-06T21:04:14.530+0000][67][info ][gc,cpu      ] GC(0) User=0.01s Sys=0.00s Real=0.03s
[2025-08-06T21:04:14.532+0000][67][info ][safepoint   ] Safepoint "G1CollectForAllocation", Time since last: 67142875 ns, Reaching safepoint: 2833 ns, Cleanup: 17875 ns, At safepoint: 33855792 ns, Total: 33876500 ns
[2025-08-06T21:04:14.832+0000][67][info ][safepoint   ] Safepoint "ICBufferFull", Time since last: 299417500 ns, Reaching safepoint: 7084 ns, Cleanup: 116083 ns, At safepoint: 5417 ns, Total: 128584 ns
[2025-08-06T21:04:15.164+0000][67][info ][safepoint   ] Safepoint "ICBufferFull", Time since last: 332393333 ns, Reaching safepoint: 91458 ns, Cleanup: 100542 ns, At safepoint: 32125 ns, Total: 224125 ns
[2025-08-06T21:04:15.389+0000][67][info ][gc,start    ] GC(1) Pause Young (Normal) (G1 Evacuation Pause)
[2025-08-06T21:04:15.391+0000][67][info ][gc,task     ] GC(1) Using 4 workers of 4 for evacuation
[2025-08-06T21:04:15.393+0000][67][debug][gc,age      ] GC(1) Desired survivor size 4194304 bytes, new threshold 15 (max threshold 15)
[2025-08-06T21:04:15.407+0000][67][info ][gc,phases   ] GC(1)   Pre Evacuate Collection Set: 0.4ms
[2025-08-06T21:04:15.409+0000][67][info ][gc,phases   ] GC(1)   Merge Heap Roots: 0.6ms
[2025-08-06T21:04:15.410+0000][67][info ][gc,phases   ] GC(1)   Evacuate Collection Set: 10.4ms
[2025-08-06T21:04:15.412+0000][67][info ][gc,phases   ] GC(1)   Post Evacuate Collection Set: 0.7ms
[2025-08-06T21:04:15.413+0000][67][info ][gc,phases   ] GC(1)   Other: 3.9ms
[2025-08-06T21:04:15.414+0000][67][trace][gc,age      ] GC(1) Age table with threshold 15 (max threshold 15)
[2025-08-06T21:04:15.415+0000][67][trace][gc,age      ] GC(1) - age   1:    4391936 bytes,    4391936 total
[2025-08-06T21:04:15.417+0000][67][trace][gc,age      ] GC(1) - age   2:     400256 bytes,    4792192 total
[2025-08-06T21:04:15.420+0000][67][info ][gc,heap     ] GC(1) Eden regions: 10->0(36)
[2025-08-06T21:04:15.421+0000][67][info ][gc,heap     ] GC(1) Survivor regions: 1->2(2)
[2025-08-06T21:04:15.422+0000][67][info ][gc,heap     ] GC(1) Old regions: 1->1
[2025-08-06T21:04:15.424+0000][67][info ][gc,heap     ] GC(1) Humongous regions: 0->0
[2025-08-06T21:04:15.425+0000][67][info ][gc,metaspace] GC(1) Metaspace: 8548K(8768K)->8548K(8768K) NonClass: 7502K(7616K)->7502K(7616K) Class: 1045K(1152K)->1045K(1152K)
[2025-08-06T21:04:15.426+0000][67][info ][gc          ] GC(1) Pause Young (Normal) (G1 Evacuation Pause) 41M->6M(256M) 37.201ms
[2025-08-06T21:04:15.428+0000][67][info ][gc,cpu      ] GC(1) User=0.02s Sys=0.00s Real=0.04s
[2025-08-06T21:04:15.429+0000][67][info ][safepoint   ] Safepoint "G1CollectForAllocation", Time since last: 224709375 ns, Reaching safepoint: 3208 ns, Cleanup: 79542 ns, At safepoint: 40098917 ns, Total: 40181667 ns
[2025-08-06T21:04:15.638+0000][67][info ][safepoint   ] Safepoint "ICBufferFull", Time since last: 208506417 ns, Reaching safepoint: 3625 ns, Cleanup: 123125 ns, At safepoint: 14666 ns, Total: 141416 ns
[2025-08-06T21:04:16.119+0000][67][info ][safepoint   ] Safepoint "ICBufferFull", Time since last: 480730375 ns, Reaching safepoint: 2834 ns, Cleanup: 136708 ns, At safepoint: 3792 ns, Total: 143334 ns
[2025-08-06T21:04:16.228+0000][67][info ][safepoint   ] Safepoint "ICBufferFull", Time since last: 108902167 ns, Reaching safepoint: 3291 ns, Cleanup: 268834 ns, At safepoint: 21208 ns, Total: 293333 ns
[2025-08-06T21:04:16.422+0000][67][info ][safepoint   ] Safepoint "ICBufferFull", Time since last: 193720083 ns, Reaching safepoint: 6084 ns, Cleanup: 100208 ns, At safepoint: 13833 ns, Total: 120125 ns
[2025-08-06T21:04:16.698+0000][67][info ][safepoint   ] Safepoint "ICBufferFull", Time since last: 275880417 ns, Reaching safepoint: 80292 ns, Cleanup: 124750 ns, At safepoint: 11458 ns, Total: 216500 ns
[2025-08-06T21:04:16.925+0000][67][info ][safepoint   ] Safepoint "ICBufferFull", Time since last: 227403125 ns, Reaching safepoint: 82875 ns, Cleanup: 97625 ns, At safepoint: 18084 ns, Total: 198584 ns
[2025-08-06T21:04:17.068+0000][67][info ][safepoint   ] Safepoint "ICBufferFull", Time since last: 142103208 ns, Reaching safepoint: 3292 ns, Cleanup: 84041 ns, At safepoint: 1959 ns, Total: 89292 ns
[2025-08-06T21:04:17.230+0000][67][info ][gc,start    ] GC(2) Pause Young (Normal) (G1 Evacuation Pause)
[2025-08-06T21:04:17.232+0000][67][info ][gc,task     ] GC(2) Using 4 workers of 4 for evacuation
[2025-08-06T21:04:17.233+0000][67][debug][gc,age      ] GC(2) Desired survivor size 10485760 bytes, new threshold 15 (max threshold 15)
[2025-08-06T21:04:17.249+0000][67][info ][gc,phases   ] GC(2)   Pre Evacuate Collection Set: 0.2ms
[2025-08-06T21:04:17.252+0000][67][info ][gc,phases   ] GC(2)   Merge Heap Roots: 0.7ms
[2025-08-06T21:04:17.254+0000][67][info ][gc,phases   ] GC(2)   Evacuate Collection Set: 12.6ms
[2025-08-06T21:04:17.255+0000][67][info ][gc,phases   ] GC(2)   Post Evacuate Collection Set: 1.6ms
[2025-08-06T21:04:17.256+0000][67][info ][gc,phases   ] GC(2)   Other: 2.4ms
[2025-08-06T21:04:17.257+0000][67][trace][gc,age      ] GC(2) Age table with threshold 15 (max threshold 15)
[2025-08-06T21:04:17.258+0000][67][trace][gc,age      ] GC(2) - age   1:    5469088 bytes,    5469088 total
[2025-08-06T21:04:17.259+0000][67][trace][gc,age      ] GC(2) - age   2:    4252352 bytes,    9721440 total
[2025-08-06T21:04:17.260+0000][67][trace][gc,age      ] GC(2) - age   3:     398336 bytes,   10119776 total
[2025-08-06T21:04:17.261+0000][67][info ][gc,heap     ] GC(2) Eden regions: 36->0(33)
[2025-08-06T21:04:17.262+0000][67][info ][gc,heap     ] GC(2) Survivor regions: 2->3(5)
[2025-08-06T21:04:17.263+0000][67][info ][gc,heap     ] GC(2) Old regions: 1->1
[2025-08-06T21:04:17.264+0000][67][info ][gc,heap     ] GC(2) Humongous regions: 0->0
[2025-08-06T21:04:17.265+0000][67][info ][gc,metaspace] GC(2) Metaspace: 19538K(20032K)->19538K(20032K) NonClass: 17386K(17664K)->17386K(17664K) Class: 2151K(2368K)->2151K(2368K)
[2025-08-06T21:04:17.267+0000][67][info ][gc          ] GC(2) Pause Young (Normal) (G1 Evacuation Pause) 150M->11M(256M) 36.630ms
[2025-08-06T21:04:17.268+0000][67][info ][gc,cpu      ] GC(2) User=0.03s Sys=0.00s Real=0.04s
[2025-08-06T21:04:17.269+0000][67][info ][safepoint   ] Safepoint "G1CollectForAllocation", Time since last: 162045583 ns, Reaching safepoint: 190708 ns, Cleanup: 69084 ns, At safepoint: 38932541 ns, Total: 39192333 ns
[2025-08-06T21:04:17.364+0000][67][info ][safepoint   ] Safepoint "ICBufferFull", Time since last: 95581542 ns, Reaching safepoint: 4042 ns, Cleanup: 102208 ns, At safepoint: 2375 ns, Total: 108625 ns
[2025-08-06T21:04:17.478+0000][67][info ][gc,start    ] GC(3) Pause Young (Concurrent Start) (Metadata GC Threshold)
[2025-08-06T21:04:17.479+0000][67][info ][gc,task     ] GC(3) Using 4 workers of 4 for evacuation
[2025-08-06T21:04:17.480+0000][67][debug][gc,age      ] GC(3) Desired survivor size 10485760 bytes, new threshold 15 (max threshold 15)
[2025-08-06T21:04:17.490+0000][67][info ][gc,phases   ] GC(3)   Pre Evacuate Collection Set: 0.6ms
[2025-08-06T21:04:17.491+0000][67][info ][gc,phases   ] GC(3)   Merge Heap Roots: 0.1ms
[2025-08-06T21:04:17.493+0000][67][info ][gc,phases   ] GC(3)   Evacuate Collection Set: 5.7ms
[2025-08-06T21:04:17.494+0000][67][info ][gc,phases   ] GC(3)   Post Evacuate Collection Set: 1.0ms
[2025-08-06T21:04:17.496+0000][67][info ][gc,phases   ] GC(3)   Other: 3.0ms
[2025-08-06T21:04:17.497+0000][67][trace][gc,age      ] GC(3) Age table with threshold 15 (max threshold 15)
[2025-08-06T21:04:17.498+0000][67][trace][gc,age      ] GC(3) - age   1:    1997792 bytes,    1997792 total
[2025-08-06T21:04:17.500+0000][67][trace][gc,age      ] GC(3) - age   2:    4548000 bytes,    6545792 total
[2025-08-06T21:04:17.504+0000][67][trace][gc,age      ] GC(3) - age   3:    4251744 bytes,   10797536 total
[2025-08-06T21:04:17.506+0000][67][trace][gc,age      ] GC(3) - age   4:     398336 bytes,   11195872 total
[2025-08-06T21:04:17.510+0000][67][info ][gc,heap     ] GC(3) Eden regions: 21->0(35)
[2025-08-06T21:04:17.522+0000][67][info ][gc,heap     ] GC(3) Survivor regions: 3->3(5)
[2025-08-06T21:04:17.537+0000][67][info ][gc,heap     ] GC(3) Old regions: 1->1
[2025-08-06T21:04:17.552+0000][67][info ][gc,heap     ] GC(3) Humongous regions: 0->0
[2025-08-06T21:04:17.656+0000][67][info ][gc,metaspace] GC(3) Metaspace: 20988K(21504K)->20988K(21504K) NonClass: 18720K(19008K)->18720K(19008K) Class: 2268K(2496K)->2268K(2496K)
[2025-08-06T21:04:17.660+0000][67][info ][gc          ] GC(3) Pause Young (Concurrent Start) (Metadata GC Threshold) 93M->12M(256M) 182.717ms
[2025-08-06T21:04:17.664+0000][67][info ][gc,cpu      ] GC(3) User=0.07s Sys=0.01s Real=0.19s
[2025-08-06T21:04:17.664+0000][67][info ][gc          ] GC(4) Concurrent Mark Cycle
[2025-08-06T21:04:17.667+0000][67][info ][gc,marking  ] GC(4) Concurrent Scan Root Regions
[2025-08-06T21:04:17.666+0000][67][info ][safepoint   ] Safepoint "CollectForMetadataAllocation", Time since last: 112166875 ns, Reaching safepoint: 676083 ns, Cleanup: 200917 ns, At safepoint: 188845834 ns, Total: 189722834 ns
[2025-08-06T21:04:17.674+0000][67][info ][gc,marking  ] GC(4) Concurrent Scan Root Regions 6.208ms
[2025-08-06T21:04:17.676+0000][67][info ][gc,marking  ] GC(4) Concurrent Mark
[2025-08-06T21:04:17.692+0000][67][info ][gc,marking  ] GC(4) Concurrent Mark From Roots
[2025-08-06T21:04:17.694+0000][67][info ][gc,task     ] GC(4) Using 1 workers of 1 for marking
[2025-08-06T21:04:17.700+0000][67][info ][gc,marking  ] GC(4) Concurrent Mark From Roots 8.231ms
[2025-08-06T21:04:17.701+0000][67][info ][gc,marking  ] GC(4) Concurrent Preclean
[2025-08-06T21:04:17.704+0000][67][info ][gc,marking  ] GC(4) Concurrent Preclean 2.710ms
[2025-08-06T21:04:17.706+0000][67][info ][gc,start    ] GC(4) Pause Remark
[2025-08-06T21:04:17.711+0000][67][info ][gc          ] GC(4) Pause Remark 15M->15M(256M) 5.057ms
[2025-08-06T21:04:17.712+0000][67][info ][gc,cpu      ] GC(4) User=0.01s Sys=0.01s Real=0.00s
[2025-08-06T21:04:17.713+0000][67][info ][safepoint   ] Safepoint "G1PauseRemark", Time since last: 39423416 ns, Reaching safepoint: 315667 ns, Cleanup: 13958 ns, At safepoint: 7264667 ns, Total: 7594292 ns
[2025-08-06T21:04:17.715+0000][67][info ][gc,marking  ] GC(4) Concurrent Mark 38.567ms
[2025-08-06T21:04:17.716+0000][67][info ][gc,marking  ] GC(4) Concurrent Rebuild Remembered Sets and Scrub Regions
[2025-08-06T21:04:17.717+0000][67][info ][gc,marking  ] GC(4) Concurrent Rebuild Remembered Sets and Scrub Regions 1.867ms
[2025-08-06T21:04:17.719+0000][67][info ][gc,start    ] GC(4) Pause Cleanup
[2025-08-06T21:04:17.720+0000][67][info ][gc          ] GC(4) Pause Cleanup 15M->15M(256M) 1.576ms
[2025-08-06T21:04:17.721+0000][67][info ][gc,cpu      ] GC(4) User=0.01s Sys=0.00s Real=0.00s
[2025-08-06T21:04:17.722+0000][67][info ][safepoint   ] Safepoint "G1PauseCleanup", Time since last: 4920625 ns, Reaching safepoint: 3125 ns, Cleanup: 191500 ns, At safepoint: 3710417 ns, Total: 3905042 ns
[2025-08-06T21:04:17.723+0000][67][info ][gc,marking  ] GC(4) Concurrent Clear Claimed Marks
[2025-08-06T21:04:17.724+0000][67][info ][gc,marking  ] GC(4) Concurrent Clear Claimed Marks 0.781ms
[2025-08-06T21:04:17.725+0000][67][info ][gc,marking  ] GC(4) Concurrent Cleanup for Next Mark
[2025-08-06T21:04:17.730+0000][67][info ][gc,marking  ] GC(4) Concurrent Cleanup for Next Mark 4.663ms
[2025-08-06T21:04:17.732+0000][67][info ][gc          ] GC(4) Concurrent Mark Cycle 68.847ms
[2025-08-06T21:04:17.957+0000][67][info ][safepoint   ] Safepoint "ICBufferFull", Time since last: 235072500 ns, Reaching safepoint: 86416 ns, Cleanup: 77209 ns, At safepoint: 16875 ns, Total: 180500 ns
[2025-08-06T21:04:18.139+0000][67][info ][safepoint   ] Safepoint "ICBufferFull", Time since last: 180982083 ns, Reaching safepoint: 98542 ns, Cleanup: 196875 ns, At safepoint: 12583 ns, Total: 308000 ns
[2025-08-06T21:04:18.275+0000][67][info ][gc,start    ] GC(5) Pause Young (Prepare Mixed) (G1 Evacuation Pause)
[2025-08-06T21:04:18.277+0000][67][info ][gc,task     ] GC(5) Using 4 workers of 4 for evacuation
[2025-08-06T21:04:18.278+0000][67][debug][gc,age      ] GC(5) Desired survivor size 10485760 bytes, new threshold 3 (max threshold 15)
[2025-08-06T21:04:18.292+0000][67][info ][gc,phases   ] GC(5)   Pre Evacuate Collection Set: 0.1ms
[2025-08-06T21:04:18.293+0000][67][info ][gc,phases   ] GC(5)   Merge Heap Roots: 0.0ms
[2025-08-06T21:04:18.294+0000][67][info ][gc,phases   ] GC(5)   Evacuate Collection Set: 11.0ms
[2025-08-06T21:04:18.295+0000][67][info ][gc,phases   ] GC(5)   Post Evacuate Collection Set: 1.0ms
[2025-08-06T21:04:18.296+0000][67][info ][gc,phases   ] GC(5)   Other: 2.8ms
[2025-08-06T21:04:18.297+0000][67][trace][gc,age      ] GC(5) Age table with threshold 3 (max threshold 15)
[2025-08-06T21:04:18.299+0000][67][trace][gc,age      ] GC(5) - age   1:    5302208 bytes,    5302208 total
[2025-08-06T21:04:18.300+0000][67][trace][gc,age      ] GC(5) - age   2:    1943704 bytes,    7245912 total
[2025-08-06T21:04:18.301+0000][67][trace][gc,age      ] GC(5) - age   3:    4538480 bytes,   11784392 total
[2025-08-06T21:04:18.302+0000][67][info ][gc,heap     ] GC(5) Eden regions: 35->0(35)
[2025-08-06T21:04:18.303+0000][67][info ][gc,heap     ] GC(5) Survivor regions: 3->3(5)
[2025-08-06T21:04:18.304+0000][67][info ][gc,heap     ] GC(5) Old regions: 1->3
[2025-08-06T21:04:18.305+0000][67][info ][gc,heap     ] GC(5) Humongous regions: 0->0
[2025-08-06T21:04:18.306+0000][67][info ][gc,metaspace] GC(5) Metaspace: 27242K(27840K)->27242K(27840K) NonClass: 24194K(24512K)->24194K(24512K) Class: 3047K(3328K)->3047K(3328K)
[2025-08-06T21:04:18.307+0000][67][info ][gc          ] GC(5) Pause Young (Prepare Mixed) (G1 Evacuation Pause) 152M->17M(256M) 31.789ms
[2025-08-06T21:04:18.308+0000][67][info ][gc,cpu      ] GC(5) User=0.03s Sys=0.00s Real=0.03s
[2025-08-06T21:04:18.310+0000][67][info ][safepoint   ] Safepoint "G1CollectForAllocation", Time since last: 136234542 ns, Reaching safepoint: 3125 ns, Cleanup: 53458 ns, At safepoint: 34859167 ns, Total: 34915750 ns
[2025-08-06T21:04:18.450+0000][67][info ][safepoint   ] Safepoint "ICBufferFull", Time since last: 139682958 ns, Reaching safepoint: 6459 ns, Cleanup: 223416 ns, At safepoint: 3375 ns, Total: 233250 ns
[2025-08-06T21:04:18.564+0000][67][info ][gc,start    ] GC(6) Pause Young (Mixed) (G1 Evacuation Pause)
[2025-08-06T21:04:18.566+0000][67][info ][gc,task     ] GC(6) Using 4 workers of 4 for evacuation
[2025-08-06T21:04:18.567+0000][67][debug][gc,age      ] GC(6) Desired survivor size 10485760 bytes, new threshold 3 (max threshold 15)
[2025-08-06T21:04:18.581+0000][67][info ][gc,phases   ] GC(6)   Pre Evacuate Collection Set: 0.4ms
[2025-08-06T21:04:18.583+0000][67][info ][gc,phases   ] GC(6)   Merge Heap Roots: 0.0ms
[2025-08-06T21:04:18.584+0000][67][info ][gc,phases   ] GC(6)   Evacuate Collection Set: 11.1ms
[2025-08-06T21:04:18.586+0000][67][info ][gc,phases   ] GC(6)   Post Evacuate Collection Set: 0.8ms
[2025-08-06T21:04:18.586+0000][67][info ][gc,phases   ] GC(6)   Other: 3.3ms
[2025-08-06T21:04:18.588+0000][67][trace][gc,age      ] GC(6) Age table with threshold 3 (max threshold 15)
[2025-08-06T21:04:18.590+0000][67][trace][gc,age      ] GC(6) - age   1:    3694272 bytes,    3694272 total
[2025-08-06T21:04:18.591+0000][67][trace][gc,age      ] GC(6) - age   2:    4960984 bytes,    8655256 total
[2025-08-06T21:04:18.592+0000][67][trace][gc,age      ] GC(6) - age   3:    1943336 bytes,   10598592 total
[2025-08-06T21:04:18.593+0000][67][info ][gc,heap     ] GC(6) Eden regions: 35->0(34)
[2025-08-06T21:04:18.594+0000][67][info ][gc,heap     ] GC(6) Survivor regions: 3->4(5)
[2025-08-06T21:04:18.596+0000][67][info ][gc,heap     ] GC(6) Old regions: 3->3
[2025-08-06T21:04:18.598+0000][67][info ][gc,heap     ] GC(6) Humongous regions: 0->0
[2025-08-06T21:04:18.599+0000][67][info ][gc,metaspace] GC(6) Metaspace: 28269K(28928K)->28269K(28928K) NonClass: 25080K(25472K)->25080K(25472K) Class: 3188K(3456K)->3188K(3456K)
[2025-08-06T21:04:18.600+0000][67][info ][gc          ] GC(6) Pause Young (Mixed) (G1 Evacuation Pause) 157M->22M(256M) 36.308ms
[2025-08-06T21:04:18.601+0000][67][info ][gc,cpu      ] GC(6) User=0.03s Sys=0.00s Real=0.03s
[2025-08-06T21:04:18.602+0000][67][info ][safepoint   ] Safepoint "G1CollectForAllocation", Time since last: 113956875 ns, Reaching safepoint: 3750 ns, Cleanup: 80834 ns, At safepoint: 37982125 ns, Total: 38066709 ns
[2025-08-06T21:04:18.766+0000][67][info ][gc,start    ] GC(7) Pause Young (Normal) (G1 Evacuation Pause)
[2025-08-06T21:04:18.768+0000][67][info ][gc,task     ] GC(7) Using 4 workers of 4 for evacuation
[2025-08-06T21:04:18.769+0000][67][debug][gc,age      ] GC(7) Desired survivor size 10485760 bytes, new threshold 3 (max threshold 15)
[2025-08-06T21:04:18.777+0000][67][info ][gc,phases   ] GC(7)   Pre Evacuate Collection Set: 0.1ms
[2025-08-06T21:04:18.779+0000][67][info ][gc,phases   ] GC(7)   Merge Heap Roots: 0.0ms
[2025-08-06T21:04:18.780+0000][67][info ][gc,phases   ] GC(7)   Evacuate Collection Set: 6.3ms
[2025-08-06T21:04:18.781+0000][67][info ][gc,phases   ] GC(7)   Post Evacuate Collection Set: 0.5ms
[2025-08-06T21:04:18.782+0000][67][info ][gc,phases   ] GC(7)   Other: 2.0ms
[2025-08-06T21:04:18.783+0000][67][trace][gc,age      ] GC(7) Age table with threshold 3 (max threshold 15)
[2025-08-06T21:04:18.784+0000][67][trace][gc,age      ] GC(7) - age   1:    2734144 bytes,    2734144 total
[2025-08-06T21:04:18.785+0000][67][trace][gc,age      ] GC(7) - age   2:    2630056 bytes,    5364200 total
[2025-08-06T21:04:18.786+0000][67][trace][gc,age      ] GC(7) - age   3:    4960456 bytes,   10324656 total
[2025-08-06T21:04:18.786+0000][67][info ][gc,heap     ] GC(7) Eden regions: 34->0(35)
[2025-08-06T21:04:18.787+0000][67][info ][gc,heap     ] GC(7) Survivor regions: 4->3(5)
[2025-08-06T21:04:18.788+0000][67][info ][gc,heap     ] GC(7) Old regions: 3->4
[2025-08-06T21:04:18.789+0000][67][info ][gc,heap     ] GC(7) Humongous regions: 0->0
[2025-08-06T21:04:18.790+0000][67][info ][gc,metaspace] GC(7) Metaspace: 28580K(29248K)->28580K(29248K) NonClass: 25351K(25728K)->25351K(25728K) Class: 3229K(3520K)->3229K(3520K)
[2025-08-06T21:04:18.791+0000][67][info ][gc          ] GC(7) Pause Young (Normal) (G1 Evacuation Pause) 158M->23M(256M) 25.050ms
[2025-08-06T21:04:18.792+0000][67][info ][gc,cpu      ] GC(7) User=0.02s Sys=0.00s Real=0.02s
[2025-08-06T21:04:18.793+0000][67][info ][safepoint   ] Safepoint "G1CollectForAllocation", Time since last: 164073625 ns, Reaching safepoint: 195083 ns, Cleanup: 64750 ns, At safepoint: 27088625 ns, Total: 27348458 ns
[2025-08-06T21:04:19.064+0000][67][info ][gc,start    ] GC(8) Pause Young (Normal) (G1 Evacuation Pause)
[2025-08-06T21:04:19.065+0000][67][info ][gc,task     ] GC(8) Using 4 workers of 4 for evacuation
[2025-08-06T21:04:19.066+0000][67][debug][gc,age      ] GC(8) Desired survivor size 10485760 bytes, new threshold 15 (max threshold 15)
[2025-08-06T21:04:19.075+0000][67][info ][gc,phases   ] GC(8)   Pre Evacuate Collection Set: 0.2ms
[2025-08-06T21:04:19.076+0000][67][info ][gc,phases   ] GC(8)   Merge Heap Roots: 0.0ms
[2025-08-06T21:04:19.078+0000][67][info ][gc,phases   ] GC(8)   Evacuate Collection Set: 6.1ms
[2025-08-06T21:04:19.079+0000][67][info ][gc,phases   ] GC(8)   Post Evacuate Collection Set: 0.3ms
[2025-08-06T21:04:19.080+0000][67][info ][gc,phases   ] GC(8)   Other: 2.6ms
[2025-08-06T21:04:19.081+0000][67][trace][gc,age      ] GC(8) Age table with threshold 15 (max threshold 15)
[2025-08-06T21:04:19.082+0000][67][trace][gc,age      ] GC(8) - age   1:    2547800 bytes,    2547800 total
[2025-08-06T21:04:19.083+0000][67][trace][gc,age      ] GC(8) - age   2:    1698656 bytes,    4246456 total
[2025-08-06T21:04:19.084+0000][67][trace][gc,age      ] GC(8) - age   3:    2629768 bytes,    6876224 total
[2025-08-06T21:04:19.085+0000][67][trace][gc,age      ] GC(8) - age   4:    4956112 bytes,   11832336 total
[2025-08-06T21:04:19.086+0000][67][info ][gc,heap     ] GC(8) Eden regions: 35->0(35)
[2025-08-06T21:04:19.087+0000][67][info ][gc,heap     ] GC(8) Survivor regions: 3->3(5)
[2025-08-06T21:04:19.088+0000][67][info ][gc,heap     ] GC(8) Old regions: 4->4
[2025-08-06T21:04:19.089+0000][67][info ][gc,heap     ] GC(8) Humongous regions: 0->0
[2025-08-06T21:04:19.090+0000][67][info ][gc,metaspace] GC(8) Metaspace: 30058K(30848K)->30058K(30848K) NonClass: 26678K(27136K)->26678K(27136K) Class: 3379K(3712K)->3379K(3712K)
[2025-08-06T21:04:19.091+0000][67][info ][gc          ] GC(8) Pause Young (Normal) (G1 Evacuation Pause) 163M->24M(256M) 27.034ms
[2025-08-06T21:04:19.092+0000][67][info ][gc,cpu      ] GC(8) User=0.03s Sys=0.01s Real=0.02s
[2025-08-06T21:04:19.097+0000][67][info ][safepoint   ] Safepoint "G1CollectForAllocation", Time since last: 270202292 ns, Reaching safepoint: 3208 ns, Cleanup: 132042 ns, At safepoint: 33676750 ns, Total: 33812000 ns
[2025-08-06T21:04:19.351+0000][67][info ][safepoint   ] Safepoint "ICBufferFull", Time since last: 253321375 ns, Reaching safepoint: 163542 ns, Cleanup: 87791 ns, At safepoint: 11584 ns, Total: 262917 ns
[2025-08-06T21:04:19.394+0000][67][info ][gc,start    ] GC(9) Pause Young (Normal) (G1 Evacuation Pause)
[2025-08-06T21:04:19.396+0000][67][info ][gc,task     ] GC(9) Using 4 workers of 4 for evacuation
[2025-08-06T21:04:19.397+0000][67][debug][gc,age      ] GC(9) Desired survivor size 10485760 bytes, new threshold 4 (max threshold 15)
[2025-08-06T21:04:19.406+0000][67][info ][gc,phases   ] GC(9)   Pre Evacuate Collection Set: 0.4ms
[2025-08-06T21:04:19.407+0000][67][info ][gc,phases   ] GC(9)   Merge Heap Roots: 0.0ms
[2025-08-06T21:04:19.408+0000][67][info ][gc,phases   ] GC(9)   Evacuate Collection Set: 6.6ms
[2025-08-06T21:04:19.409+0000][67][info ][gc,phases   ] GC(9)   Post Evacuate Collection Set: 0.8ms
[2025-08-06T21:04:19.410+0000][67][info ][gc,phases   ] GC(9)   Other: 2.4ms
[2025-08-06T21:04:19.411+0000][67][trace][gc,age      ] GC(9) Age table with threshold 4 (max threshold 15)
[2025-08-06T21:04:19.412+0000][67][trace][gc,age      ] GC(9) - age   1:    4648992 bytes,    4648992 total
[2025-08-06T21:04:19.413+0000][67][trace][gc,age      ] GC(9) - age   2:    2533576 bytes,    7182568 total
[2025-08-06T21:04:19.414+0000][67][trace][gc,age      ] GC(9) - age   3:    1698624 bytes,    8881192 total
[2025-08-06T21:04:19.415+0000][67][trace][gc,age      ] GC(9) - age   4:    2629768 bytes,   11510960 total
[2025-08-06T21:04:19.416+0000][67][info ][gc,heap     ] GC(9) Eden regions: 35->0(35)
[2025-08-06T21:04:19.417+0000][67][info ][gc,heap     ] GC(9) Survivor regions: 3->3(5)
[2025-08-06T21:04:19.418+0000][67][info ][gc,heap     ] GC(9) Old regions: 4->5
[2025-08-06T21:04:19.419+0000][67][info ][gc,heap     ] GC(9) Humongous regions: 0->0
[2025-08-06T21:04:19.420+0000][67][info ][gc,metaspace] GC(9) Metaspace: 34282K(35072K)->34282K(35072K) NonClass: 30413K(30848K)->30413K(30848K) Class: 3869K(4224K)->3869K(4224K)
[2025-08-06T21:04:19.428+0000][67][info ][gc          ] GC(9) Pause Young (Normal) (G1 Evacuation Pause) 164M->29M(256M) 33.708ms
[2025-08-06T21:04:19.429+0000][67][info ][gc,cpu      ] GC(9) User=0.02s Sys=0.00s Real=0.03s
[2025-08-06T21:04:19.436+0000][67][info ][safepoint   ] Safepoint "G1CollectForAllocation", Time since last: 43604625 ns, Reaching safepoint: 3666 ns, Cleanup: 12334 ns, At safepoint: 41127958 ns, Total: 41143958 ns
[2025-08-06T21:04:19.648+0000][67][info ][gc,start    ] GC(10) Pause Young (Concurrent Start) (Metadata GC Threshold)
[2025-08-06T21:04:19.650+0000][67][info ][gc,task     ] GC(10) Using 4 workers of 4 for evacuation
[2025-08-06T21:04:19.652+0000][67][debug][gc,age      ] GC(10) Desired survivor size 10485760 bytes, new threshold 4 (max threshold 15)
[2025-08-06T21:04:19.660+0000][67][info ][gc,phases   ] GC(10)   Pre Evacuate Collection Set: 0.7ms
[2025-08-06T21:04:19.661+0000][67][info ][gc,phases   ] GC(10)   Merge Heap Roots: 0.1ms
[2025-08-06T21:04:19.662+0000][67][info ][gc,phases   ] GC(10)   Evacuate Collection Set: 4.2ms
[2025-08-06T21:04:19.664+0000][67][info ][gc,phases   ] GC(10)   Post Evacuate Collection Set: 0.5ms
[2025-08-06T21:04:19.665+0000][67][info ][gc,phases   ] GC(10)   Other: 3.9ms
[2025-08-06T21:04:19.667+0000][67][trace][gc,age      ] GC(10) Age table with threshold 4 (max threshold 15)
[2025-08-06T21:04:19.668+0000][67][trace][gc,age      ] GC(10) - age   1:    3049968 bytes,    3049968 total
[2025-08-06T21:04:19.669+0000][67][trace][gc,age      ] GC(10) - age   2:    2967624 bytes,    6017592 total
[2025-08-06T21:04:19.670+0000][67][trace][gc,age      ] GC(10) - age   3:    2533448 bytes,    8551040 total
[2025-08-06T21:04:19.671+0000][67][trace][gc,age      ] GC(10) - age   4:    1697352 bytes,   10248392 total
[2025-08-06T21:04:19.672+0000][67][info ][gc,heap     ] GC(10) Eden regions: 28->0(35)
[2025-08-06T21:04:19.673+0000][67][info ][gc,heap     ] GC(10) Survivor regions: 3->3(5)
[2025-08-06T21:04:19.674+0000][67][info ][gc,heap     ] GC(10) Old regions: 5->5
[2025-08-06T21:04:19.676+0000][67][info ][gc,heap     ] GC(10) Humongous regions: 0->0
[2025-08-06T21:04:19.677+0000][67][info ][gc,metaspace] GC(10) Metaspace: 35653K(36416K)->35653K(36416K) NonClass: 31618K(32064K)->31618K(32064K) Class: 4034K(4352K)->4034K(4352K)
[2025-08-06T21:04:19.678+0000][67][info ][gc          ] GC(10) Pause Young (Concurrent Start) (Metadata GC Threshold) 141M->31M(256M) 30.042ms
[2025-08-06T21:04:19.680+0000][67][info ][gc,cpu      ] GC(10) User=0.03s Sys=0.01s Real=0.03s
[2025-08-06T21:04:19.680+0000][67][info ][gc          ] GC(11) Concurrent Mark Cycle
[2025-08-06T21:04:19.682+0000][67][info ][gc,marking  ] GC(11) Concurrent Scan Root Regions
[2025-08-06T21:04:19.681+0000][67][info ][safepoint   ] Safepoint "CollectForMetadataAllocation", Time since last: 212534167 ns, Reaching safepoint: 3875 ns, Cleanup: 78750 ns, At safepoint: 32876750 ns, Total: 32959375 ns
[2025-08-06T21:04:19.686+0000][67][info ][gc,marking  ] GC(11) Concurrent Scan Root Regions 4.592ms
[2025-08-06T21:04:19.687+0000][67][info ][gc,marking  ] GC(11) Concurrent Mark
[2025-08-06T21:04:19.689+0000][67][info ][gc,marking  ] GC(11) Concurrent Mark From Roots
[2025-08-06T21:04:19.690+0000][67][info ][gc,task     ] GC(11) Using 1 workers of 1 for marking
[2025-08-06T21:04:19.707+0000][67][info ][gc,marking  ] GC(11) Concurrent Mark From Roots 18.277ms
[2025-08-06T21:04:19.708+0000][67][info ][gc,marking  ] GC(11) Concurrent Preclean
[2025-08-06T21:04:19.709+0000][67][info ][gc,marking  ] GC(11) Concurrent Preclean 1.280ms
[2025-08-06T21:04:19.711+0000][67][info ][gc,start    ] GC(11) Pause Remark
[2025-08-06T21:04:19.720+0000][67][info ][gc          ] GC(11) Pause Remark 41M->41M(256M) 9.092ms
[2025-08-06T21:04:19.721+0000][67][info ][gc,cpu      ] GC(11) User=0.01s Sys=0.01s Real=0.01s
[2025-08-06T21:04:19.722+0000][67][info ][safepoint   ] Safepoint "G1PauseRemark", Time since last: 29364958 ns, Reaching safepoint: 186417 ns, Cleanup: 45042 ns, At safepoint: 11421416 ns, Total: 11652875 ns
[2025-08-06T21:04:19.729+0000][67][info ][gc,marking  ] GC(11) Concurrent Mark 41.376ms
[2025-08-06T21:04:19.730+0000][67][info ][gc,marking  ] GC(11) Concurrent Rebuild Remembered Sets and Scrub Regions
[2025-08-06T21:04:19.738+0000][67][info ][gc,marking  ] GC(11) Concurrent Rebuild Remembered Sets and Scrub Regions 8.286ms
[2025-08-06T21:04:19.740+0000][67][info ][gc,start    ] GC(11) Pause Cleanup
[2025-08-06T21:04:19.741+0000][67][info ][gc          ] GC(11) Pause Cleanup 57M->57M(256M) 1.468ms
[2025-08-06T21:04:19.743+0000][67][info ][gc,cpu      ] GC(11) User=0.00s Sys=0.00s Real=0.01s
[2025-08-06T21:04:19.744+0000][67][info ][safepoint   ] Safepoint "G1PauseCleanup", Time since last: 17463292 ns, Reaching safepoint: 268875 ns, Cleanup: 19958 ns, At safepoint: 4212584 ns, Total: 4501417 ns
[2025-08-06T21:04:19.745+0000][67][info ][gc,marking  ] GC(11) Concurrent Clear Claimed Marks
[2025-08-06T21:04:19.746+0000][67][info ][gc,marking  ] GC(11) Concurrent Clear Claimed Marks 0.976ms
[2025-08-06T21:04:19.747+0000][67][info ][gc,marking  ] GC(11) Concurrent Cleanup for Next Mark
[2025-08-06T21:04:19.748+0000][67][info ][gc,marking  ] GC(11) Concurrent Cleanup for Next Mark 1.320ms
[2025-08-06T21:04:19.749+0000][67][info ][gc          ] GC(11) Concurrent Mark Cycle 69.048ms
[2025-08-06T21:04:19.886+0000][67][info ][gc,start    ] GC(12) Pause Young (Prepare Mixed) (G1 Evacuation Pause)
[2025-08-06T21:04:19.888+0000][67][info ][gc,task     ] GC(12) Using 4 workers of 4 for evacuation
[2025-08-06T21:04:19.889+0000][67][debug][gc,age      ] GC(12) Desired survivor size 10485760 bytes, new threshold 15 (max threshold 15)
[2025-08-06T21:04:19.897+0000][67][info ][gc,phases   ] GC(12)   Pre Evacuate Collection Set: 0.6ms
[2025-08-06T21:04:19.898+0000][67][info ][gc,phases   ] GC(12)   Merge Heap Roots: 0.1ms
[2025-08-06T21:04:19.899+0000][67][info ][gc,phases   ] GC(12)   Evacuate Collection Set: 4.8ms
[2025-08-06T21:04:19.900+0000][67][info ][gc,phases   ] GC(12)   Post Evacuate Collection Set: 0.5ms
[2025-08-06T21:04:19.901+0000][67][info ][gc,phases   ] GC(12)   Other: 2.6ms
[2025-08-06T21:04:19.903+0000][67][trace][gc,age      ] GC(12) Age table with threshold 15 (max threshold 15)
[2025-08-06T21:04:19.904+0000][67][trace][gc,age      ] GC(12) - age   1:    1169328 bytes,    1169328 total
[2025-08-06T21:04:19.905+0000][67][trace][gc,age      ] GC(12) - age   2:    3032072 bytes,    4201400 total
[2025-08-06T21:04:19.906+0000][67][trace][gc,age      ] GC(12) - age   3:    2967560 bytes,    7168960 total
[2025-08-06T21:04:19.907+0000][67][trace][gc,age      ] GC(12) - age   4:    2533328 bytes,    9702288 total
[2025-08-06T21:04:19.908+0000][67][trace][gc,age      ] GC(12) - age   5:    1697320 bytes,   11399608 total
[2025-08-06T21:04:19.909+0000][67][info ][gc,heap     ] GC(12) Eden regions: 35->0(35)
[2025-08-06T21:04:19.909+0000][67][info ][gc,heap     ] GC(12) Survivor regions: 3->3(5)
[2025-08-06T21:04:19.910+0000][67][info ][gc,heap     ] GC(12) Old regions: 5->5
[2025-08-06T21:04:19.911+0000][67][info ][gc,heap     ] GC(12) Humongous regions: 0->0
[2025-08-06T21:04:19.912+0000][67][info ][gc,metaspace] GC(12) Metaspace: 36181K(37120K)->36181K(37120K) NonClass: 32065K(32640K)->32065K(32640K) Class: 4116K(4480K)->4116K(4480K)
[2025-08-06T21:04:19.913+0000][67][info ][gc          ] GC(12) Pause Young (Prepare Mixed) (G1 Evacuation Pause) 171M->32M(256M) 26.737ms
[2025-08-06T21:04:19.914+0000][67][info ][gc,cpu      ] GC(12) User=0.01s Sys=0.00s Real=0.03s
[2025-08-06T21:04:19.915+0000][67][info ][safepoint   ] Safepoint "G1CollectForAllocation", Time since last: 142119958 ns, Reaching safepoint: 3833 ns, Cleanup: 37792 ns, At safepoint: 28493417 ns, Total: 28535042 ns
[2025-08-06T21:04:20.060+0000][67][info ][gc,start    ] GC(13) Pause Young (Mixed) (G1 Evacuation Pause)
[2025-08-06T21:04:20.062+0000][67][info ][gc,task     ] GC(13) Using 4 workers of 4 for evacuation
[2025-08-06T21:04:20.063+0000][67][debug][gc,age      ] GC(13) Desired survivor size 10485760 bytes, new threshold 5 (max threshold 15)
[2025-08-06T21:04:20.071+0000][67][info ][gc,phases   ] GC(13)   Pre Evacuate Collection Set: 0.5ms
[2025-08-06T21:04:20.073+0000][67][info ][gc,phases   ] GC(13)   Merge Heap Roots: 0.1ms
[2025-08-06T21:04:20.074+0000][67][info ][gc,phases   ] GC(13)   Evacuate Collection Set: 5.8ms
[2025-08-06T21:04:20.075+0000][67][info ][gc,phases   ] GC(13)   Post Evacuate Collection Set: 0.8ms
[2025-08-06T21:04:20.075+0000][67][info ][gc,phases   ] GC(13)   Other: 2.4ms
[2025-08-06T21:04:20.076+0000][67][trace][gc,age      ] GC(13) Age table with threshold 5 (max threshold 15)
[2025-08-06T21:04:20.077+0000][67][trace][gc,age      ] GC(13) - age   1:    1683008 bytes,    1683008 total
[2025-08-06T21:04:20.078+0000][67][trace][gc,age      ] GC(13) - age   2:     804864 bytes,    2487872 total
[2025-08-06T21:04:20.079+0000][67][trace][gc,age      ] GC(13) - age   3:    3032072 bytes,    5519944 total
[2025-08-06T21:04:20.080+0000][67][trace][gc,age      ] GC(13) - age   4:    2967560 bytes,    8487504 total
[2025-08-06T21:04:20.082+0000][67][trace][gc,age      ] GC(13) - age   5:    2533328 bytes,   11020832 total
[2025-08-06T21:04:20.083+0000][67][info ][gc,heap     ] GC(13) Eden regions: 35->0(35)
[2025-08-06T21:04:20.084+0000][67][info ][gc,heap     ] GC(13) Survivor regions: 3->3(5)
[2025-08-06T21:04:20.085+0000][67][info ][gc,heap     ] GC(13) Old regions: 5->6
[2025-08-06T21:04:20.086+0000][67][info ][gc,heap     ] GC(13) Humongous regions: 0->0
[2025-08-06T21:04:20.087+0000][67][info ][gc,metaspace] GC(13) Metaspace: 36338K(37248K)->36338K(37248K) NonClass: 32198K(32768K)->32198K(32768K) Class: 4139K(4480K)->4139K(4480K)
[2025-08-06T21:04:20.088+0000][67][info ][gc          ] GC(13) Pause Young (Mixed) (G1 Evacuation Pause) 172M->32M(256M) 27.643ms
[2025-08-06T21:04:20.089+0000][67][info ][gc,cpu      ] GC(13) User=0.02s Sys=0.01s Real=0.03s
[2025-08-06T21:04:20.090+0000][67][info ][safepoint   ] Safepoint "G1CollectForAllocation", Time since last: 145302583 ns, Reaching safepoint: 8375 ns, Cleanup: 50125 ns, At safepoint: 29601125 ns, Total: 29659625 ns
[2025-08-06T21:04:20.241+0000][67][info ][gc,start    ] GC(14) Pause Young (Normal) (G1 Evacuation Pause)
[2025-08-06T21:04:20.244+0000][67][info ][gc,task     ] GC(14) Using 4 workers of 4 for evacuation
[2025-08-06T21:04:20.246+0000][67][debug][gc,age      ] GC(14) Desired survivor size 10485760 bytes, new threshold 5 (max threshold 15)
[2025-08-06T21:04:20.256+0000][67][info ][gc,phases   ] GC(14)   Pre Evacuate Collection Set: 0.1ms
[2025-08-06T21:04:20.257+0000][67][info ][gc,phases   ] GC(14)   Merge Heap Roots: 0.0ms
[2025-08-06T21:04:20.258+0000][67][info ][gc,phases   ] GC(14)   Evacuate Collection Set: 6.6ms
[2025-08-06T21:04:20.264+0000][67][info ][gc,phases   ] GC(14)   Post Evacuate Collection Set: 1.8ms
[2025-08-06T21:04:20.265+0000][67][info ][gc,phases   ] GC(14)   Other: 3.9ms
[2025-08-06T21:04:20.266+0000][67][trace][gc,age      ] GC(14) Age table with threshold 5 (max threshold 15)
[2025-08-06T21:04:20.267+0000][67][trace][gc,age      ] GC(14) - age   1:    2514536 bytes,    2514536 total
[2025-08-06T21:04:20.268+0000][67][trace][gc,age      ] GC(14) - age   2:     572072 bytes,    3086608 total
[2025-08-06T21:04:20.269+0000][67][trace][gc,age      ] GC(14) - age   3:     804832 bytes,    3891440 total
[2025-08-06T21:04:20.269+0000][67][trace][gc,age      ] GC(14) - age   4:    3032072 bytes,    6923512 total
[2025-08-06T21:04:20.270+0000][67][trace][gc,age      ] GC(14) - age   5:    2967560 bytes,    9891072 total
[2025-08-06T21:04:20.271+0000][67][info ][gc,heap     ] GC(14) Eden regions: 35->0(35)
[2025-08-06T21:04:20.271+0000][67][info ][gc,heap     ] GC(14) Survivor regions: 3->3(5)
[2025-08-06T21:04:20.272+0000][67][info ][gc,heap     ] GC(14) Old regions: 6->6
[2025-08-06T21:04:20.273+0000][67][info ][gc,heap     ] GC(14) Humongous regions: 0->0
[2025-08-06T21:04:20.274+0000][67][info ][gc,metaspace] GC(14) Metaspace: 36408K(37376K)->36408K(37376K) NonClass: 32254K(32832K)->32254K(32832K) Class: 4154K(4544K)->4154K(4544K)
[2025-08-06T21:04:20.275+0000][67][info ][gc          ] GC(14) Pause Young (Normal) (G1 Evacuation Pause) 172M->34M(256M) 33.538ms
[2025-08-06T21:04:20.276+0000][67][info ][gc,cpu      ] GC(14) User=0.01s Sys=0.00s Real=0.04s
[2025-08-06T21:04:20.277+0000][67][info ][safepoint   ] Safepoint "G1CollectForAllocation", Time since last: 151760917 ns, Reaching safepoint: 3958 ns, Cleanup: 15125 ns, At safepoint: 35613250 ns, Total: 35632333 ns
[2025-08-06T21:04:20.573+0000][67][info ][safepoint   ] Safepoint "ICBufferFull", Time since last: 295838792 ns, Reaching safepoint: 3833 ns, Cleanup: 119334 ns, At safepoint: 2458 ns, Total: 125625 ns
[2025-08-06T21:04:20.925+0000][67][info ][safepoint   ] Safepoint "ICBufferFull", Time since last: 351393375 ns, Reaching safepoint: 3750 ns, Cleanup: 95250 ns, At safepoint: 4292 ns, Total: 103292 ns
[2025-08-06T21:04:21.354+0000][67][info ][gc,start    ] GC(15) Pause Young (Normal) (G1 Evacuation Pause)
[2025-08-06T21:04:21.356+0000][67][info ][gc,task     ] GC(15) Using 4 workers of 4 for evacuation
[2025-08-06T21:04:21.357+0000][67][debug][gc,age      ] GC(15) Desired survivor size 10485760 bytes, new threshold 15 (max threshold 15)
[2025-08-06T21:04:21.372+0000][67][info ][gc,phases   ] GC(15)   Pre Evacuate Collection Set: 0.5ms
[2025-08-06T21:04:21.374+0000][67][info ][gc,phases   ] GC(15)   Merge Heap Roots: 0.1ms
[2025-08-06T21:04:21.375+0000][67][info ][gc,phases   ] GC(15)   Evacuate Collection Set: 12.4ms
[2025-08-06T21:04:21.377+0000][67][info ][gc,phases   ] GC(15)   Post Evacuate Collection Set: 1.4ms
[2025-08-06T21:04:21.378+0000][67][info ][gc,phases   ] GC(15)   Other: 2.4ms
[2025-08-06T21:04:21.379+0000][67][trace][gc,age      ] GC(15) Age table with threshold 15 (max threshold 15)
[2025-08-06T21:04:21.381+0000][67][trace][gc,age      ] GC(15) - age   1:    9281200 bytes,    9281200 total
[2025-08-06T21:04:21.382+0000][67][trace][gc,age      ] GC(15) - age   2:    2509776 bytes,   11790976 total
[2025-08-06T21:04:21.383+0000][67][trace][gc,age      ] GC(15) - age   3:     569872 bytes,   12360848 total
[2025-08-06T21:04:21.385+0000][67][trace][gc,age      ] GC(15) - age   4:     799424 bytes,   13160272 total
[2025-08-06T21:04:21.387+0000][67][trace][gc,age      ] GC(15) - age   5:    3007464 bytes,   16167736 total
[2025-08-06T21:04:21.388+0000][67][trace][gc,age      ] GC(15) - age   6:    2956912 bytes,   19124648 total
[2025-08-06T21:04:21.389+0000][67][info ][gc,heap     ] GC(15) Eden regions: 35->0(33)
[2025-08-06T21:04:21.390+0000][67][info ][gc,heap     ] GC(15) Survivor regions: 3->5(5)
[2025-08-06T21:04:21.391+0000][67][info ][gc,heap     ] GC(15) Old regions: 6->6
[2025-08-06T21:04:21.392+0000][67][info ][gc,heap     ] GC(15) Humongous regions: 0->0
[2025-08-06T21:04:21.393+0000][67][info ][gc,metaspace] GC(15) Metaspace: 46839K(48128K)->46839K(48128K) NonClass: 41279K(42048K)->41279K(42048K) Class: 5560K(6080K)->5560K(6080K)
[2025-08-06T21:04:21.394+0000][67][info ][gc          ] GC(15) Pause Young (Normal) (G1 Evacuation Pause) 174M->43M(256M) 40.075ms
[2025-08-06T21:04:21.395+0000][67][info ][gc,cpu      ] GC(15) User=0.04s Sys=0.00s Real=0.04s
[2025-08-06T21:04:21.404+0000][67][info ][safepoint   ] Safepoint "G1CollectForAllocation", Time since last: 429397167 ns, Reaching safepoint: 3625 ns, Cleanup: 98166 ns, At safepoint: 49697709 ns, Total: 49799500 ns
[2025-08-06T21:04:22.240+0000][67][info ][gc,start    ] GC(16) Pause Young (Normal) (G1 Evacuation Pause)
[2025-08-06T21:04:22.244+0000][67][info ][gc,task     ] GC(16) Using 4 workers of 4 for evacuation
[2025-08-06T21:04:22.247+0000][67][debug][gc,age      ] GC(16) Desired survivor size 10485760 bytes, new threshold 2 (max threshold 15)
[2025-08-06T21:04:22.289+0000][67][info ][gc,phases   ] GC(16)   Pre Evacuate Collection Set: 2.2ms
[2025-08-06T21:04:22.291+0000][67][info ][gc,phases   ] GC(16)   Merge Heap Roots: 0.8ms
[2025-08-06T21:04:22.293+0000][67][info ][gc,phases   ] GC(16)   Evacuate Collection Set: 34.6ms
[2025-08-06T21:04:22.295+0000][67][info ][gc,phases   ] GC(16)   Post Evacuate Collection Set: 2.0ms
[2025-08-06T21:04:22.296+0000][67][info ][gc,phases   ] GC(16)   Other: 5.6ms
[2025-08-06T21:04:22.298+0000][67][trace][gc,age      ] GC(16) Age table with threshold 2 (max threshold 15)
[2025-08-06T21:04:22.301+0000][67][trace][gc,age      ] GC(16) - age   1:    7299424 bytes,    7299424 total
[2025-08-06T21:04:22.303+0000][67][trace][gc,age      ] GC(16) - age   2:    8827704 bytes,   16127128 total
[2025-08-06T21:04:22.305+0000][67][info ][gc,heap     ] GC(16) Eden regions: 33->0(33)
[2025-08-06T21:04:22.306+0000][67][info ][gc,heap     ] GC(16) Survivor regions: 5->5(5)
[2025-08-06T21:04:22.307+0000][67][info ][gc,heap     ] GC(16) Old regions: 6->9
[2025-08-06T21:04:22.308+0000][67][info ][gc,heap     ] GC(16) Humongous regions: 0->0
[2025-08-06T21:04:22.309+0000][67][info ][gc,metaspace] GC(16) Metaspace: 47016K(48384K)->47016K(48384K) NonClass: 41432K(42240K)->41432K(42240K) Class: 5583K(6144K)->5583K(6144K)
[2025-08-06T21:04:22.311+0000][67][info ][gc          ] GC(16) Pause Young (Normal) (G1 Evacuation Pause) 175M->51M(256M) 70.430ms
[2025-08-06T21:04:22.313+0000][67][info ][gc,cpu      ] GC(16) User=0.13s Sys=0.01s Real=0.07s
[2025-08-06T21:04:22.314+0000][67][info ][safepoint   ] Safepoint "G1CollectForAllocation", Time since last: 836463458 ns, Reaching safepoint: 4334 ns, Cleanup: 162375 ns, At safepoint: 73535666 ns, Total: 73702375 ns
[2025-08-06T21:04:22.766+0000][67][info ][safepoint   ] Safepoint "ICBufferFull", Time since last: 451587042 ns, Reaching safepoint: 3584 ns, Cleanup: 131958 ns, At safepoint: 106000 ns, Total: 241542 ns
[2025-08-06T21:04:22.956+0000][67][info ][gc,start    ] GC(17) Pause Young (Normal) (G1 Evacuation Pause)
[2025-08-06T21:04:22.958+0000][67][info ][gc,task     ] GC(17) Using 4 workers of 4 for evacuation
[2025-08-06T21:04:22.959+0000][67][debug][gc,age      ] GC(17) Desired survivor size 10485760 bytes, new threshold 2 (max threshold 15)
[2025-08-06T21:04:22.982+0000][67][info ][gc,phases   ] GC(17)   Pre Evacuate Collection Set: 0.5ms
[2025-08-06T21:04:22.984+0000][67][info ][gc,phases   ] GC(17)   Merge Heap Roots: 0.2ms
[2025-08-06T21:04:22.987+0000][67][info ][gc,phases   ] GC(17)   Evacuate Collection Set: 19.5ms
[2025-08-06T21:04:22.988+0000][67][info ][gc,phases   ] GC(17)   Post Evacuate Collection Set: 1.2ms
[2025-08-06T21:04:22.989+0000][67][info ][gc,phases   ] GC(17)   Other: 2.5ms
[2025-08-06T21:04:22.991+0000][67][trace][gc,age      ] GC(17) Age table with threshold 2 (max threshold 15)
[2025-08-06T21:04:22.991+0000][67][trace][gc,age      ] GC(17) - age   1:    6758616 bytes,    6758616 total
[2025-08-06T21:04:22.992+0000][67][trace][gc,age      ] GC(17) - age   2:    6919160 bytes,   13677776 total
[2025-08-06T21:04:22.993+0000][67][info ][gc,heap     ] GC(17) Eden regions: 33->0(34)
[2025-08-06T21:04:22.994+0000][67][info ][gc,heap     ] GC(17) Survivor regions: 5->4(5)
[2025-08-06T21:04:22.996+0000][67][info ][gc,heap     ] GC(17) Old regions: 9->11
[2025-08-06T21:04:22.996+0000][67][info ][gc,heap     ] GC(17) Humongous regions: 0->0
[2025-08-06T21:04:22.997+0000][67][info ][gc,metaspace] GC(17) Metaspace: 53090K(54464K)->53090K(54464K) NonClass: 46636K(47424K)->46636K(47424K) Class: 6453K(7040K)->6453K(7040K)
[2025-08-06T21:04:22.999+0000][67][info ][gc          ] GC(17) Pause Young (Normal) (G1 Evacuation Pause) 183M->56M(256M) 42.646ms
[2025-08-06T21:04:23.000+0000][67][info ][gc,cpu      ] GC(17) User=0.05s Sys=0.01s Real=0.04s
[2025-08-06T21:04:23.001+0000][67][info ][safepoint   ] Safepoint "G1CollectForAllocation", Time since last: 190405458 ns, Reaching safepoint: 4250 ns, Cleanup: 94459 ns, At safepoint: 44899666 ns, Total: 44998375 ns
[2025-08-06T21:04:23.062+0000][67][info ][gc,heap,exit] Heap
[2025-08-06T21:04:23.064+0000][67][info ][gc,heap,exit]  garbage-first heap   total 262144K, used 103376K [0x00000000f0000000, 0x0000000100000000)
[2025-08-06T21:04:23.066+0000][67][info ][gc,heap,exit]   region size 4096K, 15 young (61440K), 4 survivors (16384K)
[2025-08-06T21:04:23.067+0000][67][info ][gc,heap,exit]  Metaspace       used 53218K, committed 54592K, reserved 1114112K
[2025-08-06T21:04:23.069+0000][67][info ][gc,heap,exit]   class space    used 6476K, committed 7040K, reserved 1048576K
