[2025-08-06T21:04:45.524+0000][48][info][gc,init] CardTable entry size: 512
[2025-08-06T21:04:45.525+0000][48][info][gc     ] Using G1
[2025-08-06T21:04:45.528+0000][48][info][gc,init] Version: 21.0.1+12-29 (release)
[2025-08-06T21:04:45.529+0000][48][info][gc,init] CPUs: 4 total, 4 available
[2025-08-06T21:04:45.530+0000][48][info][gc,init] Memory: 7851M
[2025-08-06T21:04:45.531+0000][48][info][gc,init] Large Page Support: Disabled
[2025-08-06T21:04:45.535+0000][48][info][gc,init] NUMA Support: Disabled
[2025-08-06T21:04:45.537+0000][48][info][gc,init] Compressed Oops: Enabled (32-bit)
[2025-08-06T21:04:45.538+0000][48][info][gc,init] Heap Region Size: 1M
[2025-08-06T21:04:45.540+0000][48][info][gc,init] Heap Min Capacity: 256M
[2025-08-06T21:04:45.541+0000][48][info][gc,init] Heap Initial Capacity: 256M
[2025-08-06T21:04:45.542+0000][48][info][gc,init] Heap Max Capacity: 256M
[2025-08-06T21:04:45.543+0000][48][info][gc,init] Pre-touch: Disabled
[2025-08-06T21:04:45.544+0000][48][info][gc,init] Parallel Workers: 4
[2025-08-06T21:04:45.546+0000][48][info][gc,init] Concurrent Workers: 1
[2025-08-06T21:04:45.546+0000][48][info][gc,init] Concurrent Refinement Workers: 4
[2025-08-06T21:04:45.547+0000][48][info][gc,init] Periodic GC: Disabled
[2025-08-06T21:04:45.557+0000][48][info][gc,metaspace] CDS archive(s) mapped at: [0x0000000200000000-0x0000000200cb0000-0x0000000200cb0000), size 13303808, SharedBaseAddress: 0x0000000200000000, ArchiveRelocationMode: 1.
[2025-08-06T21:04:45.558+0000][48][info][gc,metaspace] Compressed class space mapped at: 0x0000000201000000-0x0000000241000000, reserved size: 1073741824
[2025-08-06T21:04:45.560+0000][48][info][gc,metaspace] Narrow klass base: 0x0000000200000000, Narrow klass shift: 0, Narrow klass range: 0x100000000
[2025-08-06T21:04:45.615+0000][48][info][gc,heap,exit] Heap
[2025-08-06T21:04:45.616+0000][48][info][gc,heap,exit]  garbage-first heap   total 262144K, used 2878K [0x00000000f0000000, 0x0000000100000000)
[2025-08-06T21:04:45.617+0000][48][info][gc,heap,exit]   region size 1024K, 2 young (2048K), 0 survivors (0K)
[2025-08-06T21:04:45.618+0000][48][info][gc,heap,exit]  Metaspace       used 213K, committed 448K, reserved 1114112K
[2025-08-06T21:04:45.619+0000][48][info][gc,heap,exit]   class space    used 5K, committed 128K, reserved 1048576K
