[2025-08-06T21:05:06.690+0000][67][info][gc,init] CardTable entry size: 512
[2025-08-06T21:05:06.692+0000][67][info][gc     ] Using G1
[2025-08-06T21:05:06.820+0000][67][info][gc,init] Version: 21.0.1+12-29 (release)
[2025-08-06T21:05:06.822+0000][67][info][gc,init] CPUs: 4 total, 4 available
[2025-08-06T21:05:06.824+0000][67][info][gc,init] Memory: 7851M
[2025-08-06T21:05:06.826+0000][67][info][gc,init] Large Page Support: Disabled
[2025-08-06T21:05:06.828+0000][67][info][gc,init] NUMA Support: Disabled
[2025-08-06T21:05:06.829+0000][67][info][gc,init] Compressed Oops: Enabled (32-bit)
[2025-08-06T21:05:06.830+0000][67][info][gc,init] Heap Region Size: 4M
[2025-08-06T21:05:06.831+0000][67][info][gc,init] Heap Min Capacity: 256M
[2025-08-06T21:05:06.833+0000][67][info][gc,init] Heap Initial Capacity: 256M
[2025-08-06T21:05:06.834+0000][67][info][gc,init] Heap Max Capacity: 256M
[2025-08-06T21:05:06.836+0000][67][info][gc,init] Pre-touch: Enabled
[2025-08-06T21:05:06.837+0000][67][info][gc,init] Parallel Workers: 4
[2025-08-06T21:05:06.838+0000][67][info][gc,init] Concurrent Workers: 1
[2025-08-06T21:05:06.839+0000][67][info][gc,init] Concurrent Refinement Workers: 4
[2025-08-06T21:05:06.840+0000][67][info][gc,init] Periodic GC: Disabled
[2025-08-06T21:05:06.854+0000][67][info][gc,metaspace] CDS archive(s) mapped at: [0x000000b800000000-0x000000b800cb0000-0x000000b800cb0000), size 13303808, SharedBaseAddress: 0x000000b800000000, ArchiveRelocationMode: 1.
[2025-08-06T21:05:06.856+0000][67][info][gc,metaspace] Compressed class space mapped at: 0x000000b801000000-0x000000b841000000, reserved size: 1073741824
[2025-08-06T21:05:06.857+0000][67][info][gc,metaspace] Narrow klass base: 0x000000b800000000, Narrow klass shift: 0, Narrow klass range: 0x100000000
[2025-08-06T21:05:06.945+0000][67][info][safepoint   ] Safepoint "ICBufferFull", Time since last: 83815500 ns, Reaching safepoint: 135625 ns, Cleanup: 81916 ns, At safepoint: 21209 ns, Total: 238750 ns
[2025-08-06T21:05:06.973+0000][67][info][gc,start    ] GC(0) Pause Young (Normal) (G1 Evacuation Pause)
[2025-08-06T21:05:06.975+0000][67][info][gc,task     ] GC(0) Using 4 workers of 4 for evacuation
[2025-08-06T21:05:06.976+0000][67][debug][gc,age      ] GC(0) Desired survivor size 2097152 bytes, new threshold 15 (max threshold 15)
[2025-08-06T21:05:06.979+0000][67][info ][gc,phases   ] GC(0)   Pre Evacuate Collection Set: 0.3ms
[2025-08-06T21:05:06.980+0000][67][info ][gc,phases   ] GC(0)   Merge Heap Roots: 0.1ms
[2025-08-06T21:05:06.982+0000][67][info ][gc,phases   ] GC(0)   Evacuate Collection Set: 1.1ms
[2025-08-06T21:05:06.983+0000][67][info ][gc,phases   ] GC(0)   Post Evacuate Collection Set: 0.4ms
[2025-08-06T21:05:06.984+0000][67][info ][gc,phases   ] GC(0)   Other: 2.5ms
[2025-08-06T21:05:06.985+0000][67][trace][gc,age      ] GC(0) Age table with threshold 15 (max threshold 15)
[2025-08-06T21:05:06.986+0000][67][trace][gc,age      ] GC(0) - age   1:     419568 bytes,     419568 total
[2025-08-06T21:05:06.987+0000][67][info ][gc,heap     ] GC(0) Eden regions: 3->0(10)
[2025-08-06T21:05:06.988+0000][67][info ][gc,heap     ] GC(0) Survivor regions: 0->1(1)
[2025-08-06T21:05:06.989+0000][67][info ][gc,heap     ] GC(0) Old regions: 1->1
[2025-08-06T21:05:06.990+0000][67][info ][gc,heap     ] GC(0) Humongous regions: 0->0
[2025-08-06T21:05:06.991+0000][67][info ][gc,metaspace] GC(0) Metaspace: 720K(896K)->720K(896K) NonClass: 673K(768K)->673K(768K) Class: 46K(128K)->46K(128K)
[2025-08-06T21:05:06.993+0000][67][info ][gc          ] GC(0) Pause Young (Normal) (G1 Evacuation Pause) 13M->1M(256M) 19.771ms
[2025-08-06T21:05:06.994+0000][67][info ][gc,cpu      ] GC(0) User=0.00s Sys=0.00s Real=0.02s
[2025-08-06T21:05:06.995+0000][67][info ][safepoint   ] Safepoint "G1CollectForAllocation", Time since last: 27466958 ns, Reaching safepoint: 2875 ns, Cleanup: 32500 ns, At safepoint: 21903875 ns, Total: 21939250 ns
[2025-08-06T21:05:07.133+0000][67][info ][safepoint   ] Safepoint "ICBufferFull", Time since last: 137972084 ns, Reaching safepoint: 2166 ns, Cleanup: 73459 ns, At safepoint: 1583 ns, Total: 77208 ns
[2025-08-06T21:05:07.302+0000][67][info ][safepoint   ] Safepoint "ICBufferFull", Time since last: 168884750 ns, Reaching safepoint: 2208 ns, Cleanup: 75042 ns, At safepoint: 3083 ns, Total: 80333 ns
[2025-08-06T21:05:07.439+0000][67][info ][safepoint   ] Safepoint "ICBufferFull", Time since last: 136486167 ns, Reaching safepoint: 92167 ns, Cleanup: 194708 ns, At safepoint: 42125 ns, Total: 329000 ns
[2025-08-06T21:05:07.443+0000][67][info ][gc,start    ] GC(1) Pause Young (Normal) (G1 Evacuation Pause)
[2025-08-06T21:05:07.444+0000][67][info ][gc,task     ] GC(1) Using 4 workers of 4 for evacuation
[2025-08-06T21:05:07.445+0000][67][debug][gc,age      ] GC(1) Desired survivor size 4194304 bytes, new threshold 15 (max threshold 15)
[2025-08-06T21:05:07.451+0000][67][info ][gc,phases   ] GC(1)   Pre Evacuate Collection Set: 0.9ms
[2025-08-06T21:05:07.452+0000][67][info ][gc,phases   ] GC(1)   Merge Heap Roots: 0.2ms
[2025-08-06T21:05:07.453+0000][67][info ][gc,phases   ] GC(1)   Evacuate Collection Set: 3.3ms
[2025-08-06T21:05:07.455+0000][67][info ][gc,phases   ] GC(1)   Post Evacuate Collection Set: 0.7ms
[2025-08-06T21:05:07.456+0000][67][info ][gc,phases   ] GC(1)   Other: 2.2ms
[2025-08-06T21:05:07.457+0000][67][trace][gc,age      ] GC(1) Age table with threshold 15 (max threshold 15)
[2025-08-06T21:05:07.458+0000][67][trace][gc,age      ] GC(1) - age   1:    4391544 bytes,    4391544 total
[2025-08-06T21:05:07.459+0000][67][trace][gc,age      ] GC(1) - age   2:     400448 bytes,    4791992 total
[2025-08-06T21:05:07.460+0000][67][info ][gc,heap     ] GC(1) Eden regions: 10->0(36)
[2025-08-06T21:05:07.460+0000][67][info ][gc,heap     ] GC(1) Survivor regions: 1->2(2)
[2025-08-06T21:05:07.462+0000][67][info ][gc,heap     ] GC(1) Old regions: 1->1
[2025-08-06T21:05:07.463+0000][67][info ][gc,heap     ] GC(1) Humongous regions: 0->0
[2025-08-06T21:05:07.464+0000][67][info ][gc,metaspace] GC(1) Metaspace: 8536K(8768K)->8536K(8768K) NonClass: 7491K(7616K)->7491K(7616K) Class: 1044K(1152K)->1044K(1152K)
[2025-08-06T21:05:07.465+0000][67][info ][gc          ] GC(1) Pause Young (Normal) (G1 Evacuation Pause) 41M->5M(256M) 22.059ms
[2025-08-06T21:05:07.466+0000][67][info ][gc,cpu      ] GC(1) User=0.01s Sys=0.00s Real=0.02s
[2025-08-06T21:05:07.467+0000][67][info ][safepoint   ] Safepoint "G1CollectForAllocation", Time since last: 4236042 ns, Reaching safepoint: 1916 ns, Cleanup: 4167 ns, At safepoint: 23755042 ns, Total: 23761125 ns
[2025-08-06T21:05:07.564+0000][67][info ][safepoint   ] Safepoint "ICBufferFull", Time since last: 97580541 ns, Reaching safepoint: 86792 ns, Cleanup: 76750 ns, At safepoint: 10542 ns, Total: 174084 ns
[2025-08-06T21:05:07.825+0000][67][info ][safepoint   ] Safepoint "ICBufferFull", Time since last: 260566042 ns, Reaching safepoint: 2916 ns, Cleanup: 104584 ns, At safepoint: 2875 ns, Total: 110375 ns
[2025-08-06T21:05:07.951+0000][67][info ][safepoint   ] Safepoint "ICBufferFull", Time since last: 126149375 ns, Reaching safepoint: 2250 ns, Cleanup: 98125 ns, At safepoint: 2375 ns, Total: 102750 ns
[2025-08-06T21:05:08.150+0000][67][info ][safepoint   ] Safepoint "ICBufferFull", Time since last: 198790375 ns, Reaching safepoint: 3250 ns, Cleanup: 95500 ns, At safepoint: 3083 ns, Total: 101833 ns
[2025-08-06T21:05:08.447+0000][67][info ][safepoint   ] Safepoint "ICBufferFull", Time since last: 296425458 ns, Reaching safepoint: 3000 ns, Cleanup: 77667 ns, At safepoint: 1667 ns, Total: 82334 ns
[2025-08-06T21:05:08.604+0000][67][info ][safepoint   ] Safepoint "ICBufferFull", Time since last: 156705708 ns, Reaching safepoint: 161459 ns, Cleanup: 101458 ns, At safepoint: 32958 ns, Total: 295875 ns
[2025-08-06T21:05:08.739+0000][67][info ][safepoint   ] Safepoint "ICBufferFull", Time since last: 135003709 ns, Reaching safepoint: 6500 ns, Cleanup: 88666 ns, At safepoint: 2792 ns, Total: 97958 ns
[2025-08-06T21:05:08.840+0000][67][info ][gc,start    ] GC(2) Pause Young (Normal) (G1 Evacuation Pause)
[2025-08-06T21:05:08.841+0000][67][info ][gc,task     ] GC(2) Using 4 workers of 4 for evacuation
[2025-08-06T21:05:08.843+0000][67][debug][gc,age      ] GC(2) Desired survivor size 10485760 bytes, new threshold 15 (max threshold 15)
[2025-08-06T21:05:08.853+0000][67][info ][gc,phases   ] GC(2)   Pre Evacuate Collection Set: 0.1ms
[2025-08-06T21:05:08.854+0000][67][info ][gc,phases   ] GC(2)   Merge Heap Roots: 0.1ms
[2025-08-06T21:05:08.856+0000][67][info ][gc,phases   ] GC(2)   Evacuate Collection Set: 7.3ms
[2025-08-06T21:05:08.857+0000][67][info ][gc,phases   ] GC(2)   Post Evacuate Collection Set: 1.3ms
[2025-08-06T21:05:08.858+0000][67][info ][gc,phases   ] GC(2)   Other: 3.0ms
[2025-08-06T21:05:08.860+0000][67][trace][gc,age      ] GC(2) Age table with threshold 15 (max threshold 15)
[2025-08-06T21:05:08.862+0000][67][trace][gc,age      ] GC(2) - age   1:    5482776 bytes,    5482776 total
[2025-08-06T21:05:08.863+0000][67][trace][gc,age      ] GC(2) - age   2:    4252024 bytes,    9734800 total
[2025-08-06T21:05:08.864+0000][67][trace][gc,age      ] GC(2) - age   3:     398528 bytes,   10133328 total
[2025-08-06T21:05:08.865+0000][67][info ][gc,heap     ] GC(2) Eden regions: 36->0(34)
[2025-08-06T21:05:08.866+0000][67][info ][gc,heap     ] GC(2) Survivor regions: 2->3(5)
[2025-08-06T21:05:08.868+0000][67][info ][gc,heap     ] GC(2) Old regions: 1->1
[2025-08-06T21:05:08.868+0000][67][info ][gc,heap     ] GC(2) Humongous regions: 0->0
[2025-08-06T21:05:08.869+0000][67][info ][gc,metaspace] GC(2) Metaspace: 19517K(20032K)->19517K(20032K) NonClass: 17365K(17664K)->17365K(17664K) Class: 2151K(2368K)->2151K(2368K)
[2025-08-06T21:05:08.871+0000][67][info ][gc          ] GC(2) Pause Young (Normal) (G1 Evacuation Pause) 149M->11M(256M) 31.219ms
[2025-08-06T21:05:08.872+0000][67][info ][gc,cpu      ] GC(2) User=0.02s Sys=0.01s Real=0.03s
[2025-08-06T21:05:08.873+0000][67][info ][safepoint   ] Safepoint "G1CollectForAllocation", Time since last: 100719625 ns, Reaching safepoint: 4042 ns, Cleanup: 32791 ns, At safepoint: 33448917 ns, Total: 33485750 ns
[2025-08-06T21:05:09.165+0000][67][info ][gc,start    ] GC(3) Pause Young (Concurrent Start) (Metadata GC Threshold)
[2025-08-06T21:05:09.167+0000][67][info ][gc,task     ] GC(3) Using 4 workers of 4 for evacuation
[2025-08-06T21:05:09.168+0000][67][debug][gc,age      ] GC(3) Desired survivor size 10485760 bytes, new threshold 15 (max threshold 15)
[2025-08-06T21:05:09.177+0000][67][info ][gc,phases   ] GC(3)   Pre Evacuate Collection Set: 0.1ms
[2025-08-06T21:05:09.179+0000][67][info ][gc,phases   ] GC(3)   Merge Heap Roots: 0.1ms
[2025-08-06T21:05:09.180+0000][67][info ][gc,phases   ] GC(3)   Evacuate Collection Set: 5.9ms
[2025-08-06T21:05:09.181+0000][67][info ][gc,phases   ] GC(3)   Post Evacuate Collection Set: 1.1ms
[2025-08-06T21:05:09.182+0000][67][info ][gc,phases   ] GC(3)   Other: 2.8ms
[2025-08-06T21:05:09.183+0000][67][trace][gc,age      ] GC(3) Age table with threshold 15 (max threshold 15)
[2025-08-06T21:05:09.184+0000][67][trace][gc,age      ] GC(3) - age   1:    1997376 bytes,    1997376 total
[2025-08-06T21:05:09.185+0000][67][trace][gc,age      ] GC(3) - age   2:    4549736 bytes,    6547112 total
[2025-08-06T21:05:09.186+0000][67][trace][gc,age      ] GC(3) - age   3:    4251256 bytes,   10798368 total
[2025-08-06T21:05:09.187+0000][67][trace][gc,age      ] GC(3) - age   4:     398528 bytes,   11196896 total
[2025-08-06T21:05:09.188+0000][67][info ][gc,heap     ] GC(3) Eden regions: 21->0(35)
[2025-08-06T21:05:09.189+0000][67][info ][gc,heap     ] GC(3) Survivor regions: 3->3(5)
[2025-08-06T21:05:09.190+0000][67][info ][gc,heap     ] GC(3) Old regions: 1->1
[2025-08-06T21:05:09.191+0000][67][info ][gc,heap     ] GC(3) Humongous regions: 0->0
[2025-08-06T21:05:09.192+0000][67][info ][gc,metaspace] GC(3) Metaspace: 20969K(21504K)->20969K(21504K) NonClass: 18700K(19008K)->18700K(19008K) Class: 2268K(2496K)->2268K(2496K)
[2025-08-06T21:05:09.193+0000][67][info ][gc          ] GC(3) Pause Young (Concurrent Start) (Metadata GC Threshold) 93M->12M(256M) 27.813ms
[2025-08-06T21:05:09.194+0000][67][info ][gc,cpu      ] GC(3) User=0.02s Sys=0.00s Real=0.03s
[2025-08-06T21:05:09.196+0000][67][info ][safepoint   ] Safepoint "CollectForMetadataAllocation", Time since last: 292000167 ns, Reaching safepoint: 3125 ns, Cleanup: 139250 ns, At safepoint: 30839833 ns, Total: 30982208 ns
[2025-08-06T21:05:09.194+0000][67][info ][gc          ] GC(4) Concurrent Mark Cycle
[2025-08-06T21:05:09.198+0000][67][info ][gc,marking  ] GC(4) Concurrent Scan Root Regions
[2025-08-06T21:05:09.204+0000][67][info ][gc,marking  ] GC(4) Concurrent Scan Root Regions 5.978ms
[2025-08-06T21:05:09.206+0000][67][info ][gc,marking  ] GC(4) Concurrent Mark
[2025-08-06T21:05:09.207+0000][67][info ][gc,marking  ] GC(4) Concurrent Mark From Roots
[2025-08-06T21:05:09.208+0000][67][info ][gc,task     ] GC(4) Using 1 workers of 1 for marking
[2025-08-06T21:05:09.210+0000][67][info ][gc,marking  ] GC(4) Concurrent Mark From Roots 2.955ms
[2025-08-06T21:05:09.211+0000][67][info ][gc,marking  ] GC(4) Concurrent Preclean
[2025-08-06T21:05:09.212+0000][67][info ][gc,marking  ] GC(4) Concurrent Preclean 0.835ms
[2025-08-06T21:05:09.213+0000][67][info ][gc,start    ] GC(4) Pause Remark
[2025-08-06T21:05:09.217+0000][67][info ][gc          ] GC(4) Pause Remark 15M->15M(256M) 4.028ms
[2025-08-06T21:05:09.218+0000][67][info ][gc,cpu      ] GC(4) User=0.01s Sys=0.00s Real=0.00s
[2025-08-06T21:05:09.219+0000][67][info ][safepoint   ] Safepoint "G1PauseRemark", Time since last: 16264292 ns, Reaching safepoint: 184958 ns, Cleanup: 3000 ns, At safepoint: 6372042 ns, Total: 6560000 ns
[2025-08-06T21:05:09.220+0000][67][info ][gc,marking  ] GC(4) Concurrent Mark 13.954ms
[2025-08-06T21:05:09.220+0000][67][info ][gc,marking  ] GC(4) Concurrent Rebuild Remembered Sets and Scrub Regions
[2025-08-06T21:05:09.222+0000][67][info ][gc,marking  ] GC(4) Concurrent Rebuild Remembered Sets and Scrub Regions 1.907ms
[2025-08-06T21:05:09.223+0000][67][info ][gc,start    ] GC(4) Pause Cleanup
[2025-08-06T21:05:09.224+0000][67][info ][gc          ] GC(4) Pause Cleanup 15M->15M(256M) 0.924ms
[2025-08-06T21:05:09.225+0000][67][info ][gc,cpu      ] GC(4) User=0.00s Sys=0.00s Real=0.00s
[2025-08-06T21:05:09.226+0000][67][info ][safepoint   ] Safepoint "G1PauseCleanup", Time since last: 4329417 ns, Reaching safepoint: 3041 ns, Cleanup: 7834 ns, At safepoint: 2581208 ns, Total: 2592083 ns
[2025-08-06T21:05:09.227+0000][67][info ][gc,marking  ] GC(4) Concurrent Clear Claimed Marks
[2025-08-06T21:05:09.228+0000][67][info ][gc,marking  ] GC(4) Concurrent Clear Claimed Marks 0.823ms
[2025-08-06T21:05:09.229+0000][67][info ][gc,marking  ] GC(4) Concurrent Cleanup for Next Mark
[2025-08-06T21:05:09.230+0000][67][info ][gc,marking  ] GC(4) Concurrent Cleanup for Next Mark 0.988ms
[2025-08-06T21:05:09.231+0000][67][info ][gc          ] GC(4) Concurrent Mark Cycle 36.405ms
[2025-08-06T21:05:09.490+0000][67][info ][safepoint   ] Safepoint "ICBufferFull", Time since last: 263902000 ns, Reaching safepoint: 2833 ns, Cleanup: 96625 ns, At safepoint: 1875 ns, Total: 101333 ns
[2025-08-06T21:05:09.577+0000][67][info ][safepoint   ] Safepoint "ICBufferFull", Time since last: 86494167 ns, Reaching safepoint: 148708 ns, Cleanup: 152750 ns, At safepoint: 7000 ns, Total: 308458 ns
[2025-08-06T21:05:09.733+0000][67][info ][gc,start    ] GC(5) Pause Young (Prepare Mixed) (G1 Evacuation Pause)
[2025-08-06T21:05:09.735+0000][67][info ][gc,task     ] GC(5) Using 4 workers of 4 for evacuation
[2025-08-06T21:05:09.736+0000][67][debug][gc,age      ] GC(5) Desired survivor size 10485760 bytes, new threshold 3 (max threshold 15)
[2025-08-06T21:05:09.752+0000][67][info ][gc,phases   ] GC(5)   Pre Evacuate Collection Set: 0.4ms
[2025-08-06T21:05:09.754+0000][67][info ][gc,phases   ] GC(5)   Merge Heap Roots: 0.1ms
[2025-08-06T21:05:09.755+0000][67][info ][gc,phases   ] GC(5)   Evacuate Collection Set: 12.9ms
[2025-08-06T21:05:09.756+0000][67][info ][gc,phases   ] GC(5)   Post Evacuate Collection Set: 1.5ms
[2025-08-06T21:05:09.758+0000][67][info ][gc,phases   ] GC(5)   Other: 2.4ms
[2025-08-06T21:05:09.758+0000][67][trace][gc,age      ] GC(5) Age table with threshold 3 (max threshold 15)
[2025-08-06T21:05:09.760+0000][67][trace][gc,age      ] GC(5) - age   1:    5126904 bytes,    5126904 total
[2025-08-06T21:05:09.761+0000][67][trace][gc,age      ] GC(5) - age   2:    1943288 bytes,    7070192 total
[2025-08-06T21:05:09.763+0000][67][trace][gc,age      ] GC(5) - age   3:    4540248 bytes,   11610440 total
[2025-08-06T21:05:09.764+0000][67][info ][gc,heap     ] GC(5) Eden regions: 35->0(34)
[2025-08-06T21:05:09.765+0000][67][info ][gc,heap     ] GC(5) Survivor regions: 3->4(5)
[2025-08-06T21:05:09.766+0000][67][info ][gc,heap     ] GC(5) Old regions: 1->3
[2025-08-06T21:05:09.767+0000][67][info ][gc,heap     ] GC(5) Humongous regions: 0->0
[2025-08-06T21:05:09.768+0000][67][info ][gc,metaspace] GC(5) Metaspace: 27250K(27840K)->27250K(27840K) NonClass: 24203K(24512K)->24203K(24512K) Class: 3047K(3328K)->3047K(3328K)
[2025-08-06T21:05:09.770+0000][67][info ][gc          ] GC(5) Pause Young (Prepare Mixed) (G1 Evacuation Pause) 152M->18M(256M) 36.722ms
[2025-08-06T21:05:09.772+0000][67][info ][gc,cpu      ] GC(5) User=0.03s Sys=0.00s Real=0.03s
[2025-08-06T21:05:09.773+0000][67][info ][safepoint   ] Safepoint "G1CollectForAllocation", Time since last: 156694875 ns, Reaching safepoint: 3125 ns, Cleanup: 101167 ns, At safepoint: 39435958 ns, Total: 39540250 ns
[2025-08-06T21:05:09.924+0000][67][info ][safepoint   ] Safepoint "ICBufferFull", Time since last: 151499501 ns, Reaching safepoint: 3166 ns, Cleanup: 120584 ns, At safepoint: 1541 ns, Total: 125291 ns
[2025-08-06T21:05:10.019+0000][67][info ][gc,start    ] GC(6) Pause Young (Mixed) (G1 Evacuation Pause)
[2025-08-06T21:05:10.020+0000][67][info ][gc,task     ] GC(6) Using 4 workers of 4 for evacuation
[2025-08-06T21:05:10.021+0000][67][debug][gc,age      ] GC(6) Desired survivor size 10485760 bytes, new threshold 3 (max threshold 15)
[2025-08-06T21:05:10.034+0000][67][info ][gc,phases   ] GC(6)   Pre Evacuate Collection Set: 0.5ms
[2025-08-06T21:05:10.035+0000][67][info ][gc,phases   ] GC(6)   Merge Heap Roots: 0.2ms
[2025-08-06T21:05:10.037+0000][67][info ][gc,phases   ] GC(6)   Evacuate Collection Set: 10.2ms
[2025-08-06T21:05:10.038+0000][67][info ][gc,phases   ] GC(6)   Post Evacuate Collection Set: 0.7ms
[2025-08-06T21:05:10.039+0000][67][info ][gc,phases   ] GC(6)   Other: 2.0ms
[2025-08-06T21:05:10.040+0000][67][trace][gc,age      ] GC(6) Age table with threshold 3 (max threshold 15)
[2025-08-06T21:05:10.041+0000][67][trace][gc,age      ] GC(6) - age   1:    3832816 bytes,    3832816 total
[2025-08-06T21:05:10.042+0000][67][trace][gc,age      ] GC(6) - age   2:    4952504 bytes,    8785320 total
[2025-08-06T21:05:10.042+0000][67][trace][gc,age      ] GC(6) - age   3:    1942856 bytes,   10728176 total
[2025-08-06T21:05:10.045+0000][67][info ][gc,heap     ] GC(6) Eden regions: 34->0(35)
[2025-08-06T21:05:10.046+0000][67][info ][gc,heap     ] GC(6) Survivor regions: 4->3(5)
[2025-08-06T21:05:10.047+0000][67][info ][gc,heap     ] GC(6) Old regions: 3->3
[2025-08-06T21:05:10.048+0000][67][info ][gc,heap     ] GC(6) Humongous regions: 0->0
[2025-08-06T21:05:10.049+0000][67][info ][gc,metaspace] GC(6) Metaspace: 28275K(28928K)->28275K(28928K) NonClass: 25086K(25472K)->25086K(25472K) Class: 3188K(3456K)->3188K(3456K)
[2025-08-06T21:05:10.050+0000][67][info ][gc          ] GC(6) Pause Young (Mixed) (G1 Evacuation Pause) 154M->21M(256M) 31.622ms
[2025-08-06T21:05:10.051+0000][67][info ][gc,cpu      ] GC(6) User=0.03s Sys=0.00s Real=0.03s
[2025-08-06T21:05:10.052+0000][67][info ][safepoint   ] Safepoint "G1CollectForAllocation", Time since last: 94102834 ns, Reaching safepoint: 3250 ns, Cleanup: 39500 ns, At safepoint: 33804708 ns, Total: 33847458 ns
[2025-08-06T21:05:10.227+0000][67][info ][gc,start    ] GC(7) Pause Young (Normal) (G1 Evacuation Pause)
[2025-08-06T21:05:10.228+0000][67][info ][gc,task     ] GC(7) Using 4 workers of 4 for evacuation
[2025-08-06T21:05:10.230+0000][67][debug][gc,age      ] GC(7) Desired survivor size 10485760 bytes, new threshold 3 (max threshold 15)
[2025-08-06T21:05:10.238+0000][67][info ][gc,phases   ] GC(7)   Pre Evacuate Collection Set: 0.2ms
[2025-08-06T21:05:10.240+0000][67][info ][gc,phases   ] GC(7)   Merge Heap Roots: 0.0ms
[2025-08-06T21:05:10.241+0000][67][info ][gc,phases   ] GC(7)   Evacuate Collection Set: 6.0ms
[2025-08-06T21:05:10.242+0000][67][info ][gc,phases   ] GC(7)   Post Evacuate Collection Set: 0.5ms
[2025-08-06T21:05:10.243+0000][67][info ][gc,phases   ] GC(7)   Other: 2.7ms
[2025-08-06T21:05:10.245+0000][67][trace][gc,age      ] GC(7) Age table with threshold 3 (max threshold 15)
[2025-08-06T21:05:10.246+0000][67][trace][gc,age      ] GC(7) - age   1:    2329912 bytes,    2329912 total
[2025-08-06T21:05:10.247+0000][67][trace][gc,age      ] GC(7) - age   2:    2637184 bytes,    4967096 total
[2025-08-06T21:05:10.248+0000][67][trace][gc,age      ] GC(7) - age   3:    4952008 bytes,    9919104 total
[2025-08-06T21:05:10.250+0000][67][info ][gc,heap     ] GC(7) Eden regions: 35->0(35)
[2025-08-06T21:05:10.251+0000][67][info ][gc,heap     ] GC(7) Survivor regions: 3->3(5)
[2025-08-06T21:05:10.252+0000][67][info ][gc,heap     ] GC(7) Old regions: 3->4
[2025-08-06T21:05:10.253+0000][67][info ][gc,heap     ] GC(7) Humongous regions: 0->0
[2025-08-06T21:05:10.255+0000][67][info ][gc,metaspace] GC(7) Metaspace: 28585K(29312K)->28585K(29312K) NonClass: 25356K(25792K)->25356K(25792K) Class: 3229K(3520K)->3229K(3520K)
[2025-08-06T21:05:10.256+0000][67][info ][gc          ] GC(7) Pause Young (Normal) (G1 Evacuation Pause) 161M->23M(256M) 28.944ms
[2025-08-06T21:05:10.256+0000][67][info ][gc,cpu      ] GC(7) User=0.03s Sys=0.00s Real=0.03s
[2025-08-06T21:05:10.258+0000][67][info ][safepoint   ] Safepoint "G1CollectForAllocation", Time since last: 174133625 ns, Reaching safepoint: 3083 ns, Cleanup: 77584 ns, At safepoint: 31094041 ns, Total: 31174708 ns
[2025-08-06T21:05:10.518+0000][67][info ][gc,start    ] GC(8) Pause Young (Normal) (G1 Evacuation Pause)
[2025-08-06T21:05:10.520+0000][67][info ][gc,task     ] GC(8) Using 4 workers of 4 for evacuation
[2025-08-06T21:05:10.521+0000][67][debug][gc,age      ] GC(8) Desired survivor size 10485760 bytes, new threshold 15 (max threshold 15)
[2025-08-06T21:05:10.531+0000][67][info ][gc,phases   ] GC(8)   Pre Evacuate Collection Set: 0.2ms
[2025-08-06T21:05:10.532+0000][67][info ][gc,phases   ] GC(8)   Merge Heap Roots: 0.1ms
[2025-08-06T21:05:10.533+0000][67][info ][gc,phases   ] GC(8)   Evacuate Collection Set: 6.8ms
[2025-08-06T21:05:10.533+0000][67][info ][gc,phases   ] GC(8)   Post Evacuate Collection Set: 0.6ms
[2025-08-06T21:05:10.534+0000][67][info ][gc,phases   ] GC(8)   Other: 3.0ms
[2025-08-06T21:05:10.536+0000][67][trace][gc,age      ] GC(8) Age table with threshold 15 (max threshold 15)
[2025-08-06T21:05:10.537+0000][67][trace][gc,age      ] GC(8) - age   1:    2307480 bytes,    2307480 total
[2025-08-06T21:05:10.538+0000][67][trace][gc,age      ] GC(8) - age   2:    1699848 bytes,    4007328 total
[2025-08-06T21:05:10.539+0000][67][trace][gc,age      ] GC(8) - age   3:    2636896 bytes,    6644224 total
[2025-08-06T21:05:10.540+0000][67][trace][gc,age      ] GC(8) - age   4:    4947664 bytes,   11591888 total
[2025-08-06T21:05:10.541+0000][67][info ][gc,heap     ] GC(8) Eden regions: 35->0(35)
[2025-08-06T21:05:10.542+0000][67][info ][gc,heap     ] GC(8) Survivor regions: 3->3(5)
[2025-08-06T21:05:10.543+0000][67][info ][gc,heap     ] GC(8) Old regions: 4->4
[2025-08-06T21:05:10.544+0000][67][info ][gc,heap     ] GC(8) Humongous regions: 0->0
[2025-08-06T21:05:10.545+0000][67][info ][gc,metaspace] GC(8) Metaspace: 29969K(30720K)->29969K(30720K) NonClass: 26596K(27008K)->26596K(27008K) Class: 3373K(3712K)->3373K(3712K)
[2025-08-06T21:05:10.546+0000][67][info ][gc          ] GC(8) Pause Young (Normal) (G1 Evacuation Pause) 163M->24M(256M) 28.040ms
[2025-08-06T21:05:10.547+0000][67][info ][gc,cpu      ] GC(8) User=0.04s Sys=0.00s Real=0.03s
[2025-08-06T21:05:10.548+0000][67][info ][safepoint   ] Safepoint "G1CollectForAllocation", Time since last: 260449209 ns, Reaching safepoint: 2791 ns, Cleanup: 113292 ns, At safepoint: 30082542 ns, Total: 30198625 ns
[2025-08-06T21:05:10.870+0000][67][info ][gc,start    ] GC(9) Pause Young (Normal) (G1 Evacuation Pause)
[2025-08-06T21:05:10.872+0000][67][info ][gc,task     ] GC(9) Using 4 workers of 4 for evacuation
[2025-08-06T21:05:10.874+0000][67][debug][gc,age      ] GC(9) Desired survivor size 10485760 bytes, new threshold 4 (max threshold 15)
[2025-08-06T21:05:10.891+0000][67][info ][gc,phases   ] GC(9)   Pre Evacuate Collection Set: 0.3ms
[2025-08-06T21:05:10.893+0000][67][info ][gc,phases   ] GC(9)   Merge Heap Roots: 0.3ms
[2025-08-06T21:05:10.894+0000][67][info ][gc,phases   ] GC(9)   Evacuate Collection Set: 14.7ms
[2025-08-06T21:05:10.896+0000][67][info ][gc,phases   ] GC(9)   Post Evacuate Collection Set: 0.6ms
[2025-08-06T21:05:10.897+0000][67][info ][gc,phases   ] GC(9)   Other: 2.8ms
[2025-08-06T21:05:10.898+0000][67][trace][gc,age      ] GC(9) Age table with threshold 4 (max threshold 15)
[2025-08-06T21:05:10.899+0000][67][trace][gc,age      ] GC(9) - age   1:    4269520 bytes,    4269520 total
[2025-08-06T21:05:10.901+0000][67][trace][gc,age      ] GC(9) - age   2:    2298840 bytes,    6568360 total
[2025-08-06T21:05:10.902+0000][67][trace][gc,age      ] GC(9) - age   3:    1699816 bytes,    8268176 total
[2025-08-06T21:05:10.903+0000][67][trace][gc,age      ] GC(9) - age   4:    2636896 bytes,   10905072 total
[2025-08-06T21:05:10.905+0000][67][info ][gc,heap     ] GC(9) Eden regions: 35->0(35)
[2025-08-06T21:05:10.907+0000][67][info ][gc,heap     ] GC(9) Survivor regions: 3->3(5)
[2025-08-06T21:05:10.908+0000][67][info ][gc,heap     ] GC(9) Old regions: 4->5
[2025-08-06T21:05:10.909+0000][67][info ][gc,heap     ] GC(9) Humongous regions: 0->0
[2025-08-06T21:05:10.910+0000][67][info ][gc,metaspace] GC(9) Metaspace: 34289K(35136K)->34289K(35136K) NonClass: 30420K(30912K)->30420K(30912K) Class: 3869K(4224K)->3869K(4224K)
[2025-08-06T21:05:10.911+0000][67][info ][gc          ] GC(9) Pause Young (Normal) (G1 Evacuation Pause) 164M->28M(256M) 40.962ms
[2025-08-06T21:05:10.913+0000][67][info ][gc,cpu      ] GC(9) User=0.02s Sys=0.00s Real=0.05s
[2025-08-06T21:05:10.924+0000][67][info ][safepoint   ] Safepoint "G1CollectForAllocation", Time since last: 321949583 ns, Reaching safepoint: 4500 ns, Cleanup: 92584 ns, At safepoint: 53180458 ns, Total: 53277542 ns
[2025-08-06T21:05:11.191+0000][67][info ][gc,start    ] GC(10) Pause Young (Concurrent Start) (Metadata GC Threshold)
[2025-08-06T21:05:11.192+0000][67][info ][gc,task     ] GC(10) Using 4 workers of 4 for evacuation
[2025-08-06T21:05:11.194+0000][67][debug][gc,age      ] GC(10) Desired survivor size 10485760 bytes, new threshold 4 (max threshold 15)
[2025-08-06T21:05:11.202+0000][67][info ][gc,phases   ] GC(10)   Pre Evacuate Collection Set: 0.6ms
[2025-08-06T21:05:11.203+0000][67][info ][gc,phases   ] GC(10)   Merge Heap Roots: 0.0ms
[2025-08-06T21:05:11.205+0000][67][info ][gc,phases   ] GC(10)   Evacuate Collection Set: 5.4ms
[2025-08-06T21:05:11.206+0000][67][info ][gc,phases   ] GC(10)   Post Evacuate Collection Set: 0.5ms
[2025-08-06T21:05:11.207+0000][67][info ][gc,phases   ] GC(10)   Other: 2.8ms
[2025-08-06T21:05:11.208+0000][67][trace][gc,age      ] GC(10) Age table with threshold 4 (max threshold 15)
[2025-08-06T21:05:11.209+0000][67][trace][gc,age      ] GC(10) - age   1:    3067256 bytes,    3067256 total
[2025-08-06T21:05:11.210+0000][67][trace][gc,age      ] GC(10) - age   2:    3201952 bytes,    6269208 total
[2025-08-06T21:05:11.211+0000][67][trace][gc,age      ] GC(10) - age   3:    2298744 bytes,    8567952 total
[2025-08-06T21:05:11.211+0000][67][trace][gc,age      ] GC(10) - age   4:    1698544 bytes,   10266496 total
[2025-08-06T21:05:11.213+0000][67][info ][gc,heap     ] GC(10) Eden regions: 29->0(35)
[2025-08-06T21:05:11.214+0000][67][info ][gc,heap     ] GC(10) Survivor regions: 3->3(5)
[2025-08-06T21:05:11.215+0000][67][info ][gc,heap     ] GC(10) Old regions: 5->6
[2025-08-06T21:05:11.215+0000][67][info ][gc,heap     ] GC(10) Humongous regions: 0->0
[2025-08-06T21:05:11.216+0000][67][info ][gc,metaspace] GC(10) Metaspace: 35615K(36416K)->35615K(36416K) NonClass: 31585K(32064K)->31585K(32064K) Class: 4029K(4352K)->4029K(4352K)
[2025-08-06T21:05:11.219+0000][67][info ][gc          ] GC(10) Pause Young (Concurrent Start) (Metadata GC Threshold) 144M->32M(256M) 27.983ms
[2025-08-06T21:05:11.220+0000][67][info ][gc          ] GC(11) Concurrent Mark Cycle
[2025-08-06T21:05:11.221+0000][67][info ][gc,marking  ] GC(11) Concurrent Scan Root Regions
[2025-08-06T21:05:11.220+0000][67][info ][gc,cpu      ] GC(10) User=0.04s Sys=0.00s Real=0.03s
[2025-08-06T21:05:11.226+0000][67][info ][gc,marking  ] GC(11) Concurrent Scan Root Regions 4.473ms
[2025-08-06T21:05:11.227+0000][67][info ][gc,marking  ] GC(11) Concurrent Mark
[2025-08-06T21:05:11.230+0000][67][info ][gc,marking  ] GC(11) Concurrent Mark From Roots
[2025-08-06T21:05:11.231+0000][67][info ][gc,task     ] GC(11) Using 1 workers of 1 for marking
[2025-08-06T21:05:11.230+0000][67][info ][safepoint   ] Safepoint "CollectForMetadataAllocation", Time since last: 267155000 ns, Reaching safepoint: 2333 ns, Cleanup: 71709 ns, At safepoint: 39537708 ns, Total: 39611750 ns
[2025-08-06T21:05:11.258+0000][67][info ][gc,marking  ] GC(11) Concurrent Mark From Roots 28.205ms
[2025-08-06T21:05:11.259+0000][67][info ][gc,marking  ] GC(11) Concurrent Preclean
[2025-08-06T21:05:11.261+0000][67][info ][gc,marking  ] GC(11) Concurrent Preclean 1.424ms
[2025-08-06T21:05:11.263+0000][67][info ][gc,start    ] GC(11) Pause Remark
[2025-08-06T21:05:11.274+0000][67][info ][gc          ] GC(11) Pause Remark 42M->42M(256M) 10.789ms
[2025-08-06T21:05:11.275+0000][67][info ][gc,cpu      ] GC(11) User=0.02s Sys=0.00s Real=0.01s
[2025-08-06T21:05:11.276+0000][67][info ][safepoint   ] Safepoint "G1PauseRemark", Time since last: 32427792 ns, Reaching safepoint: 212250 ns, Cleanup: 20875 ns, At safepoint: 13022583 ns, Total: 13255708 ns
[2025-08-06T21:05:11.279+0000][67][info ][gc,marking  ] GC(11) Concurrent Mark 52.064ms
[2025-08-06T21:05:11.280+0000][67][info ][gc,marking  ] GC(11) Concurrent Rebuild Remembered Sets and Scrub Regions
[2025-08-06T21:05:11.288+0000][67][info ][gc,marking  ] GC(11) Concurrent Rebuild Remembered Sets and Scrub Regions 8.140ms
[2025-08-06T21:05:11.290+0000][67][info ][gc,start    ] GC(11) Pause Cleanup
[2025-08-06T21:05:11.291+0000][67][info ][gc          ] GC(11) Pause Cleanup 46M->46M(256M) 1.646ms
[2025-08-06T21:05:11.292+0000][67][info ][gc,cpu      ] GC(11) User=0.00s Sys=0.00s Real=0.00s
[2025-08-06T21:05:11.294+0000][67][info ][safepoint   ] Safepoint "G1PauseCleanup", Time since last: 13442459 ns, Reaching safepoint: 279666 ns, Cleanup: 17709 ns, At safepoint: 4048708 ns, Total: 4346083 ns
[2025-08-06T21:05:11.295+0000][67][info ][gc,marking  ] GC(11) Concurrent Clear Claimed Marks
[2025-08-06T21:05:11.296+0000][67][info ][gc,marking  ] GC(11) Concurrent Clear Claimed Marks 1.160ms
[2025-08-06T21:05:11.297+0000][67][info ][gc,marking  ] GC(11) Concurrent Cleanup for Next Mark
[2025-08-06T21:05:11.298+0000][67][info ][gc,marking  ] GC(11) Concurrent Cleanup for Next Mark 0.765ms
[2025-08-06T21:05:11.299+0000][67][info ][gc          ] GC(11) Concurrent Mark Cycle 78.765ms
[2025-08-06T21:05:11.458+0000][67][info ][gc,start    ] GC(12) Pause Young (Normal) (G1 Evacuation Pause)
[2025-08-06T21:05:11.462+0000][67][info ][gc,task     ] GC(12) Using 4 workers of 4 for evacuation
[2025-08-06T21:05:11.463+0000][67][debug][gc,age      ] GC(12) Desired survivor size 10485760 bytes, new threshold 15 (max threshold 15)
[2025-08-06T21:05:11.473+0000][67][info ][gc,phases   ] GC(12)   Pre Evacuate Collection Set: 0.4ms
[2025-08-06T21:05:11.474+0000][67][info ][gc,phases   ] GC(12)   Merge Heap Roots: 0.4ms
[2025-08-06T21:05:11.475+0000][67][info ][gc,phases   ] GC(12)   Evacuate Collection Set: 6.6ms
[2025-08-06T21:05:11.476+0000][67][info ][gc,phases   ] GC(12)   Post Evacuate Collection Set: 0.7ms
[2025-08-06T21:05:11.477+0000][67][info ][gc,phases   ] GC(12)   Other: 2.5ms
[2025-08-06T21:05:11.479+0000][67][trace][gc,age      ] GC(12) Age table with threshold 15 (max threshold 15)
[2025-08-06T21:05:11.480+0000][67][trace][gc,age      ] GC(12) - age   1:    1023840 bytes,    1023840 total
[2025-08-06T21:05:11.482+0000][67][trace][gc,age      ] GC(12) - age   2:    3023320 bytes,    4047160 total
[2025-08-06T21:05:11.483+0000][67][trace][gc,age      ] GC(12) - age   3:    3201920 bytes,    7249080 total
[2025-08-06T21:05:11.483+0000][67][trace][gc,age      ] GC(12) - age   4:    2298624 bytes,    9547704 total
[2025-08-06T21:05:11.484+0000][67][trace][gc,age      ] GC(12) - age   5:    1698544 bytes,   11246248 total
[2025-08-06T21:05:11.486+0000][67][info ][gc,heap     ] GC(12) Eden regions: 35->0(35)
[2025-08-06T21:05:11.487+0000][67][info ][gc,heap     ] GC(12) Survivor regions: 3->3(5)
[2025-08-06T21:05:11.488+0000][67][info ][gc,heap     ] GC(12) Old regions: 6->6
[2025-08-06T21:05:11.489+0000][67][info ][gc,heap     ] GC(12) Humongous regions: 0->0
[2025-08-06T21:05:11.490+0000][67][info ][gc,metaspace] GC(12) Metaspace: 36172K(37056K)->36172K(37056K) NonClass: 32055K(32576K)->32055K(32576K) Class: 4116K(4480K)->4116K(4480K)
[2025-08-06T21:05:11.491+0000][67][info ][gc          ] GC(12) Pause Young (Normal) (G1 Evacuation Pause) 172M->32M(256M) 32.312ms
[2025-08-06T21:05:11.491+0000][67][info ][gc,cpu      ] GC(12) User=0.03s Sys=0.01s Real=0.03s
[2025-08-06T21:05:11.492+0000][67][info ][safepoint   ] Safepoint "G1CollectForAllocation", Time since last: 164525625 ns, Reaching safepoint: 3333 ns, Cleanup: 22209 ns, At safepoint: 33941541 ns, Total: 33967083 ns
[2025-08-06T21:05:11.865+0000][67][info ][gc,start    ] GC(13) Pause Young (Normal) (G1 Evacuation Pause)
[2025-08-06T21:05:11.866+0000][67][info ][gc,task     ] GC(13) Using 4 workers of 4 for evacuation
[2025-08-06T21:05:11.867+0000][67][debug][gc,age      ] GC(13) Desired survivor size 10485760 bytes, new threshold 5 (max threshold 15)
[2025-08-06T21:05:11.876+0000][67][info ][gc,phases   ] GC(13)   Pre Evacuate Collection Set: 0.6ms
[2025-08-06T21:05:11.878+0000][67][info ][gc,phases   ] GC(13)   Merge Heap Roots: 0.0ms
[2025-08-06T21:05:11.880+0000][67][info ][gc,phases   ] GC(13)   Evacuate Collection Set: 5.0ms
[2025-08-06T21:05:11.881+0000][67][info ][gc,phases   ] GC(13)   Post Evacuate Collection Set: 0.9ms
[2025-08-06T21:05:11.882+0000][67][info ][gc,phases   ] GC(13)   Other: 3.0ms
[2025-08-06T21:05:11.883+0000][67][trace][gc,age      ] GC(13) Age table with threshold 5 (max threshold 15)
[2025-08-06T21:05:11.884+0000][67][trace][gc,age      ] GC(13) - age   1:    1577784 bytes,    1577784 total
[2025-08-06T21:05:11.886+0000][67][trace][gc,age      ] GC(13) - age   2:     815040 bytes,    2392824 total
[2025-08-06T21:05:11.888+0000][67][trace][gc,age      ] GC(13) - age   3:    3023320 bytes,    5416144 total
[2025-08-06T21:05:11.889+0000][67][trace][gc,age      ] GC(13) - age   4:    3201920 bytes,    8618064 total
[2025-08-06T21:05:11.890+0000][67][trace][gc,age      ] GC(13) - age   5:    2298624 bytes,   10916688 total
[2025-08-06T21:05:11.891+0000][67][info ][gc,heap     ] GC(13) Eden regions: 35->0(35)
[2025-08-06T21:05:11.892+0000][67][info ][gc,heap     ] GC(13) Survivor regions: 3->3(5)
[2025-08-06T21:05:11.893+0000][67][info ][gc,heap     ] GC(13) Old regions: 6->6
[2025-08-06T21:05:11.893+0000][67][info ][gc,heap     ] GC(13) Humongous regions: 0->0
[2025-08-06T21:05:11.895+0000][67][info ][gc,metaspace] GC(13) Metaspace: 36327K(37184K)->36327K(37184K) NonClass: 32188K(32704K)->32188K(32704K) Class: 4139K(4480K)->4139K(4480K)
[2025-08-06T21:05:11.896+0000][67][info ][gc          ] GC(13) Pause Young (Normal) (G1 Evacuation Pause) 172M->34M(256M) 31.581ms
[2025-08-06T21:05:11.897+0000][67][info ][gc,cpu      ] GC(13) User=0.01s Sys=0.00s Real=0.03s
[2025-08-06T21:05:11.899+0000][67][info ][safepoint   ] Safepoint "G1CollectForAllocation", Time since last: 372277000 ns, Reaching safepoint: 4334 ns, Cleanup: 55166 ns, At safepoint: 33987459 ns, Total: 34046959 ns
[2025-08-06T21:05:12.077+0000][67][info ][gc,start    ] GC(14) Pause Young (Normal) (G1 Evacuation Pause)
[2025-08-06T21:05:12.079+0000][67][info ][gc,task     ] GC(14) Using 4 workers of 4 for evacuation
[2025-08-06T21:05:12.081+0000][67][debug][gc,age      ] GC(14) Desired survivor size 10485760 bytes, new threshold 5 (max threshold 15)
[2025-08-06T21:05:12.089+0000][67][info ][gc,phases   ] GC(14)   Pre Evacuate Collection Set: 0.3ms
[2025-08-06T21:05:12.091+0000][67][info ][gc,phases   ] GC(14)   Merge Heap Roots: 0.2ms
[2025-08-06T21:05:12.092+0000][67][info ][gc,phases   ] GC(14)   Evacuate Collection Set: 5.9ms
[2025-08-06T21:05:12.093+0000][67][info ][gc,phases   ] GC(14)   Post Evacuate Collection Set: 0.8ms
[2025-08-06T21:05:12.095+0000][67][info ][gc,phases   ] GC(14)   Other: 3.0ms
[2025-08-06T21:05:12.097+0000][67][trace][gc,age      ] GC(14) Age table with threshold 5 (max threshold 15)
[2025-08-06T21:05:12.098+0000][67][trace][gc,age      ] GC(14) - age   1:    4626264 bytes,    4626264 total
[2025-08-06T21:05:12.099+0000][67][trace][gc,age      ] GC(14) - age   2:     572072 bytes,    5198336 total
[2025-08-06T21:05:12.100+0000][67][trace][gc,age      ] GC(14) - age   3:     815008 bytes,    6013344 total
[2025-08-06T21:05:12.100+0000][67][trace][gc,age      ] GC(14) - age   4:    3023320 bytes,    9036664 total
[2025-08-06T21:05:12.101+0000][67][trace][gc,age      ] GC(14) - age   5:    3201920 bytes,   12238584 total
[2025-08-06T21:05:12.103+0000][67][info ][gc,heap     ] GC(14) Eden regions: 35->0(34)
[2025-08-06T21:05:12.104+0000][67][info ][gc,heap     ] GC(14) Survivor regions: 3->4(5)
[2025-08-06T21:05:12.105+0000][67][info ][gc,heap     ] GC(14) Old regions: 6->7
[2025-08-06T21:05:12.107+0000][67][info ][gc,heap     ] GC(14) Humongous regions: 0->0
[2025-08-06T21:05:12.107+0000][67][info ][gc,metaspace] GC(14) Metaspace: 36398K(37312K)->36398K(37312K) NonClass: 32243K(32768K)->32243K(32768K) Class: 4154K(4544K)->4154K(4544K)
[2025-08-06T21:05:12.108+0000][67][info ][gc          ] GC(14) Pause Young (Normal) (G1 Evacuation Pause) 174M->37M(256M) 31.220ms
[2025-08-06T21:05:12.109+0000][67][info ][gc,cpu      ] GC(14) User=0.02s Sys=0.00s Real=0.03s
[2025-08-06T21:05:12.111+0000][67][info ][safepoint   ] Safepoint "G1CollectForAllocation", Time since last: 178337125 ns, Reaching safepoint: 3042 ns, Cleanup: 13291 ns, At safepoint: 33843375 ns, Total: 33859708 ns
[2025-08-06T21:05:12.488+0000][67][info ][safepoint   ] Safepoint "ICBufferFull", Time since last: 377003042 ns, Reaching safepoint: 4125 ns, Cleanup: 147958 ns, At safepoint: 4834 ns, Total: 156917 ns
[2025-08-06T21:05:12.860+0000][67][info ][safepoint   ] Safepoint "ICBufferFull", Time since last: 371672250 ns, Reaching safepoint: 80958 ns, Cleanup: 93084 ns, At safepoint: 13000 ns, Total: 187042 ns
[2025-08-06T21:05:13.214+0000][67][info ][gc,start    ] GC(15) Pause Young (Normal) (G1 Evacuation Pause)
[2025-08-06T21:05:13.217+0000][67][info ][gc,task     ] GC(15) Using 4 workers of 4 for evacuation
[2025-08-06T21:05:13.218+0000][67][debug][gc,age      ] GC(15) Desired survivor size 10485760 bytes, new threshold 5 (max threshold 15)
[2025-08-06T21:05:13.235+0000][67][info ][gc,phases   ] GC(15)   Pre Evacuate Collection Set: 0.1ms
[2025-08-06T21:05:13.236+0000][67][info ][gc,phases   ] GC(15)   Merge Heap Roots: 0.0ms
[2025-08-06T21:05:13.238+0000][67][info ][gc,phases   ] GC(15)   Evacuate Collection Set: 13.9ms
[2025-08-06T21:05:13.240+0000][67][info ][gc,phases   ] GC(15)   Post Evacuate Collection Set: 0.9ms
[2025-08-06T21:05:13.241+0000][67][info ][gc,phases   ] GC(15)   Other: 3.2ms
[2025-08-06T21:05:13.242+0000][67][trace][gc,age      ] GC(15) Age table with threshold 5 (max threshold 15)
[2025-08-06T21:05:13.243+0000][67][trace][gc,age      ] GC(15) - age   1:    9080520 bytes,    9080520 total
[2025-08-06T21:05:13.245+0000][67][trace][gc,age      ] GC(15) - age   2:    2509488 bytes,   11590008 total
[2025-08-06T21:05:13.246+0000][67][trace][gc,age      ] GC(15) - age   3:     569872 bytes,   12159880 total
[2025-08-06T21:05:13.247+0000][67][trace][gc,age      ] GC(15) - age   4:     807840 bytes,   12967720 total
[2025-08-06T21:05:13.248+0000][67][trace][gc,age      ] GC(15) - age   5:    3010736 bytes,   15978456 total
[2025-08-06T21:05:13.250+0000][67][info ][gc,heap     ] GC(15) Eden regions: 34->0(33)
[2025-08-06T21:05:13.251+0000][67][info ][gc,heap     ] GC(15) Survivor regions: 4->5(5)
[2025-08-06T21:05:13.253+0000][67][info ][gc,heap     ] GC(15) Old regions: 7->7
[2025-08-06T21:05:13.254+0000][67][info ][gc,heap     ] GC(15) Humongous regions: 0->0
[2025-08-06T21:05:13.255+0000][67][info ][gc,metaspace] GC(15) Metaspace: 46867K(48128K)->46867K(48128K) NonClass: 41307K(42048K)->41307K(42048K) Class: 5560K(6080K)->5560K(6080K)
[2025-08-06T21:05:13.256+0000][67][info ][gc          ] GC(15) Pause Young (Normal) (G1 Evacuation Pause) 173M->44M(256M) 42.370ms
[2025-08-06T21:05:13.257+0000][67][info ][gc,cpu      ] GC(15) User=0.05s Sys=0.00s Real=0.04s
[2025-08-06T21:05:13.258+0000][67][info ][safepoint   ] Safepoint "G1CollectForAllocation", Time since last: 354022333 ns, Reaching safepoint: 3875 ns, Cleanup: 96292 ns, At safepoint: 44082125 ns, Total: 44182292 ns
[2025-08-06T21:05:13.786+0000][67][info ][gc,start    ] GC(16) Pause Young (Normal) (G1 Evacuation Pause)
[2025-08-06T21:05:13.789+0000][67][info ][gc,task     ] GC(16) Using 4 workers of 4 for evacuation
[2025-08-06T21:05:13.790+0000][67][debug][gc,age      ] GC(16) Desired survivor size 10485760 bytes, new threshold 2 (max threshold 15)
[2025-08-06T21:05:13.817+0000][67][info ][gc,phases   ] GC(16)   Pre Evacuate Collection Set: 0.4ms
[2025-08-06T21:05:13.819+0000][67][info ][gc,phases   ] GC(16)   Merge Heap Roots: 0.2ms
[2025-08-06T21:05:13.820+0000][67][info ][gc,phases   ] GC(16)   Evacuate Collection Set: 25.0ms
[2025-08-06T21:05:13.821+0000][67][info ][gc,phases   ] GC(16)   Post Evacuate Collection Set: 0.9ms
[2025-08-06T21:05:13.822+0000][67][info ][gc,phases   ] GC(16)   Other: 2.2ms
[2025-08-06T21:05:13.823+0000][67][trace][gc,age      ] GC(16) Age table with threshold 2 (max threshold 15)
[2025-08-06T21:05:13.824+0000][67][trace][gc,age      ] GC(16) - age   1:    7326760 bytes,    7326760 total
[2025-08-06T21:05:13.825+0000][67][trace][gc,age      ] GC(16) - age   2:    8584464 bytes,   15911224 total
[2025-08-06T21:05:13.826+0000][67][info ][gc,heap     ] GC(16) Eden regions: 33->0(33)
[2025-08-06T21:05:13.826+0000][67][info ][gc,heap     ] GC(16) Survivor regions: 5->5(5)
[2025-08-06T21:05:13.827+0000][67][info ][gc,heap     ] GC(16) Old regions: 7->9
[2025-08-06T21:05:13.828+0000][67][info ][gc,heap     ] GC(16) Humongous regions: 0->0
[2025-08-06T21:05:13.829+0000][67][info ][gc,metaspace] GC(16) Metaspace: 47042K(48448K)->47042K(48448K) NonClass: 41459K(42304K)->41459K(42304K) Class: 5583K(6144K)->5583K(6144K)
[2025-08-06T21:05:13.831+0000][67][info ][gc          ] GC(16) Pause Young (Normal) (G1 Evacuation Pause) 176M->51M(256M) 44.363ms
[2025-08-06T21:05:13.832+0000][67][info ][gc,cpu      ] GC(16) User=0.07s Sys=0.00s Real=0.04s
[2025-08-06T21:05:13.833+0000][67][info ][safepoint   ] Safepoint "G1CollectForAllocation", Time since last: 528115542 ns, Reaching safepoint: 3500 ns, Cleanup: 97583 ns, At safepoint: 46894708 ns, Total: 46995791 ns
[2025-08-06T21:05:14.339+0000][67][info ][safepoint   ] Safepoint "ICBufferFull", Time since last: 505493459 ns, Reaching safepoint: 3375 ns, Cleanup: 103083 ns, At safepoint: 1709 ns, Total: 108167 ns
[2025-08-06T21:05:14.485+0000][67][info ][gc,start    ] GC(17) Pause Young (Normal) (G1 Evacuation Pause)
[2025-08-06T21:05:14.486+0000][67][info ][gc,task     ] GC(17) Using 4 workers of 4 for evacuation
[2025-08-06T21:05:14.488+0000][67][debug][gc,age      ] GC(17) Desired survivor size 10485760 bytes, new threshold 2 (max threshold 15)
[2025-08-06T21:05:14.507+0000][67][info ][gc,phases   ] GC(17)   Pre Evacuate Collection Set: 0.4ms
[2025-08-06T21:05:14.508+0000][67][info ][gc,phases   ] GC(17)   Merge Heap Roots: 0.2ms
[2025-08-06T21:05:14.509+0000][67][info ][gc,phases   ] GC(17)   Evacuate Collection Set: 15.4ms
[2025-08-06T21:05:14.510+0000][67][info ][gc,phases   ] GC(17)   Post Evacuate Collection Set: 0.9ms
[2025-08-06T21:05:14.511+0000][67][info ][gc,phases   ] GC(17)   Other: 3.2ms
[2025-08-06T21:05:14.512+0000][67][trace][gc,age      ] GC(17) Age table with threshold 2 (max threshold 15)
[2025-08-06T21:05:14.514+0000][67][trace][gc,age      ] GC(17) - age   1:    7048168 bytes,    7048168 total
[2025-08-06T21:05:14.515+0000][67][trace][gc,age      ] GC(17) - age   2:    6914672 bytes,   13962840 total
[2025-08-06T21:05:14.516+0000][67][info ][gc,heap     ] GC(17) Eden regions: 33->0(34)
[2025-08-06T21:05:14.517+0000][67][info ][gc,heap     ] GC(17) Survivor regions: 5->4(5)
[2025-08-06T21:05:14.518+0000][67][info ][gc,heap     ] GC(17) Old regions: 9->11
[2025-08-06T21:05:14.518+0000][67][info ][gc,heap     ] GC(17) Humongous regions: 0->0
[2025-08-06T21:05:14.520+0000][67][info ][gc,metaspace] GC(17) Metaspace: 53121K(54528K)->53121K(54528K) NonClass: 46667K(47488K)->46667K(47488K) Class: 6453K(7040K)->6453K(7040K)
[2025-08-06T21:05:14.521+0000][67][info ][gc          ] GC(17) Pause Young (Normal) (G1 Evacuation Pause) 183M->59M(256M) 35.943ms
[2025-08-06T21:05:14.523+0000][67][info ][gc,cpu      ] GC(17) User=0.04s Sys=0.00s Real=0.03s
[2025-08-06T21:05:14.524+0000][67][info ][safepoint   ] Safepoint "G1CollectForAllocation", Time since last: 146120916 ns, Reaching safepoint: 89750 ns, Cleanup: 73250 ns, At safepoint: 38556792 ns, Total: 38719792 ns
[2025-08-06T21:05:14.586+0000][67][info ][gc,heap,exit] Heap
[2025-08-06T21:05:14.588+0000][67][info ][gc,heap,exit]  garbage-first heap   total 262144K, used 111339K [0x00000000f0000000, 0x0000000100000000)
[2025-08-06T21:05:14.589+0000][67][info ][gc,heap,exit]   region size 4096K, 17 young (69632K), 4 survivors (16384K)
[2025-08-06T21:05:14.590+0000][67][info ][gc,heap,exit]  Metaspace       used 53250K, committed 54592K, reserved 1114112K
[2025-08-06T21:05:14.593+0000][67][info ][gc,heap,exit]   class space    used 6476K, committed 7040K, reserved 1048576K
