[2025-08-06T21:05:17.483+0000][47][info][gc,init] CardTable entry size: 512
[2025-08-06T21:05:17.484+0000][47][info][gc     ] Using G1
[2025-08-06T21:05:17.489+0000][47][info][gc,init] Version: 21.0.1+12-29 (release)
[2025-08-06T21:05:17.490+0000][47][info][gc,init] CPUs: 4 total, 4 available
[2025-08-06T21:05:17.491+0000][47][info][gc,init] Memory: 7851M
[2025-08-06T21:05:17.492+0000][47][info][gc,init] Large Page Support: Disabled
[2025-08-06T21:05:17.493+0000][47][info][gc,init] NUMA Support: Disabled
[2025-08-06T21:05:17.494+0000][47][info][gc,init] Compressed Oops: Enabled (32-bit)
[2025-08-06T21:05:17.495+0000][47][info][gc,init] Heap Region Size: 1M
[2025-08-06T21:05:17.496+0000][47][info][gc,init] Heap Min Capacity: 256M
[2025-08-06T21:05:17.497+0000][47][info][gc,init] Heap Initial Capacity: 256M
[2025-08-06T21:05:17.498+0000][47][info][gc,init] Heap Max Capacity: 256M
[2025-08-06T21:05:17.499+0000][47][info][gc,init] Pre-touch: Disabled
[2025-08-06T21:05:17.500+0000][47][info][gc,init] Parallel Workers: 4
[2025-08-06T21:05:17.501+0000][47][info][gc,init] Concurrent Workers: 1
[2025-08-06T21:05:17.502+0000][47][info][gc,init] Concurrent Refinement Workers: 4
[2025-08-06T21:05:17.503+0000][47][info][gc,init] Periodic GC: Disabled
[2025-08-06T21:05:17.511+0000][47][info][gc,metaspace] CDS archive(s) mapped at: [0x0000001800000000-0x0000001800cb0000-0x0000001800cb0000), size 13303808, SharedBaseAddress: 0x0000001800000000, ArchiveRelocationMode: 1.
[2025-08-06T21:05:17.514+0000][47][info][gc,metaspace] Compressed class space mapped at: 0x0000001801000000-0x0000001841000000, reserved size: 1073741824
[2025-08-06T21:05:17.515+0000][47][info][gc,metaspace] Narrow klass base: 0x0000001800000000, Narrow klass shift: 0, Narrow klass range: 0x100000000
[2025-08-06T21:05:17.577+0000][47][info][gc,heap,exit] Heap
[2025-08-06T21:05:17.578+0000][47][info][gc,heap,exit]  garbage-first heap   total 262144K, used 2878K [0x00000000f0000000, 0x0000000100000000)
[2025-08-06T21:05:17.579+0000][47][info][gc,heap,exit]   region size 1024K, 2 young (2048K), 0 survivors (0K)
[2025-08-06T21:05:17.581+0000][47][info][gc,heap,exit]  Metaspace       used 216K, committed 448K, reserved 1114112K
[2025-08-06T21:05:17.582+0000][47][info][gc,heap,exit]   class space    used 5K, committed 128K, reserved 1048576K
