[2025-08-06T21:04:03.297+0000][66][info][gc,init] CardTable entry size: 512
[2025-08-06T21:04:03.299+0000][66][info][gc     ] Using G1
[2025-08-06T21:04:03.469+0000][66][info][gc,init] Version: 21.0.1+12-29 (release)
[2025-08-06T21:04:03.471+0000][66][info][gc,init] CPUs: 4 total, 4 available
[2025-08-06T21:04:03.473+0000][66][info][gc,init] Memory: 7851M
[2025-08-06T21:04:03.474+0000][66][info][gc,init] Large Page Support: Disabled
[2025-08-06T21:04:03.476+0000][66][info][gc,init] NUMA Support: Disabled
[2025-08-06T21:04:03.477+0000][66][info][gc,init] Compressed Oops: Enabled (32-bit)
[2025-08-06T21:04:03.478+0000][66][info][gc,init] Heap Region Size: 4M
[2025-08-06T21:04:03.479+0000][66][info][gc,init] Heap Min Capacity: 256M
[2025-08-06T21:04:03.480+0000][66][info][gc,init] Heap Initial Capacity: 256M
[2025-08-06T21:04:03.481+0000][66][info][gc,init] Heap Max Capacity: 256M
[2025-08-06T21:04:03.482+0000][66][info][gc,init] Pre-touch: Enabled
[2025-08-06T21:04:03.483+0000][66][info][gc,init] Parallel Workers: 4
[2025-08-06T21:04:03.484+0000][66][info][gc,init] Concurrent Workers: 1
[2025-08-06T21:04:03.486+0000][66][info][gc,init] Concurrent Refinement Workers: 4
[2025-08-06T21:04:03.486+0000][66][info][gc,init] Periodic GC: Disabled
[2025-08-06T21:04:03.501+0000][66][info][gc,metaspace] CDS archive(s) mapped at: [0x0000004800000000-0x0000004800cb0000-0x0000004800cb0000), size 13303808, SharedBaseAddress: 0x0000004800000000, ArchiveRelocationMode: 1.
[2025-08-06T21:04:03.503+0000][66][info][gc,metaspace] Compressed class space mapped at: 0x0000004801000000-0x0000004841000000, reserved size: 1073741824
[2025-08-06T21:04:03.504+0000][66][info][gc,metaspace] Narrow klass base: 0x0000004800000000, Narrow klass shift: 0, Narrow klass range: 0x100000000
[2025-08-06T21:04:03.604+0000][66][info][safepoint   ] Safepoint "ICBufferFull", Time since last: 94969917 ns, Reaching safepoint: 3042 ns, Cleanup: 63666 ns, At safepoint: 13792 ns, Total: 80500 ns
[2025-08-06T21:04:03.623+0000][66][info][gc,start    ] GC(0) Pause Young (Normal) (G1 Evacuation Pause)
[2025-08-06T21:04:03.627+0000][66][info][gc,task     ] GC(0) Using 4 workers of 4 for evacuation
[2025-08-06T21:04:03.628+0000][66][debug][gc,age      ] GC(0) Desired survivor size 2097152 bytes, new threshold 15 (max threshold 15)
[2025-08-06T21:04:03.632+0000][66][info ][gc,phases   ] GC(0)   Pre Evacuate Collection Set: 0.2ms
[2025-08-06T21:04:03.633+0000][66][info ][gc,phases   ] GC(0)   Merge Heap Roots: 0.2ms
[2025-08-06T21:04:03.634+0000][66][info ][gc,phases   ] GC(0)   Evacuate Collection Set: 1.4ms
[2025-08-06T21:04:03.635+0000][66][info ][gc,phases   ] GC(0)   Post Evacuate Collection Set: 0.3ms
[2025-08-06T21:04:03.636+0000][66][info ][gc,phases   ] GC(0)   Other: 2.9ms
[2025-08-06T21:04:03.637+0000][66][trace][gc,age      ] GC(0) Age table with threshold 15 (max threshold 15)
[2025-08-06T21:04:03.638+0000][66][trace][gc,age      ] GC(0) - age   1:     419376 bytes,     419376 total
[2025-08-06T21:04:03.639+0000][66][info ][gc,heap     ] GC(0) Eden regions: 3->0(10)
[2025-08-06T21:04:03.640+0000][66][info ][gc,heap     ] GC(0) Survivor regions: 0->1(1)
[2025-08-06T21:04:03.641+0000][66][info ][gc,heap     ] GC(0) Old regions: 1->1
[2025-08-06T21:04:03.648+0000][66][info ][gc,heap     ] GC(0) Humongous regions: 0->0
[2025-08-06T21:04:03.660+0000][66][info ][gc,metaspace] GC(0) Metaspace: 698K(896K)->698K(896K) NonClass: 651K(768K)->651K(768K) Class: 46K(128K)->46K(128K)
[2025-08-06T21:04:03.661+0000][66][info ][gc          ] GC(0) Pause Young (Normal) (G1 Evacuation Pause) 13M->1M(256M) 38.811ms
[2025-08-06T21:04:03.663+0000][66][info ][gc,cpu      ] GC(0) User=0.00s Sys=0.00s Real=0.04s
[2025-08-06T21:04:03.664+0000][66][info ][safepoint   ] Safepoint "G1CollectForAllocation", Time since last: 18383875 ns, Reaching safepoint: 2250 ns, Cleanup: 14167 ns, At safepoint: 41602458 ns, Total: 41618875 ns
[2025-08-06T21:04:03.830+0000][66][info ][safepoint   ] Safepoint "ICBufferFull", Time since last: 165993542 ns, Reaching safepoint: 2583 ns, Cleanup: 68750 ns, At safepoint: 16250 ns, Total: 87583 ns
[2025-08-06T21:04:03.990+0000][66][info ][safepoint   ] Safepoint "ICBufferFull", Time since last: 160112625 ns, Reaching safepoint: 2417 ns, Cleanup: 74458 ns, At safepoint: 1458 ns, Total: 78333 ns
[2025-08-06T21:04:04.119+0000][66][info ][safepoint   ] Safepoint "ICBufferFull", Time since last: 128233625 ns, Reaching safepoint: 280500 ns, Cleanup: 155167 ns, At safepoint: 5250 ns, Total: 440917 ns
[2025-08-06T21:04:04.147+0000][66][info ][gc,start    ] GC(1) Pause Young (Normal) (G1 Evacuation Pause)
[2025-08-06T21:04:04.148+0000][66][info ][gc,task     ] GC(1) Using 4 workers of 4 for evacuation
[2025-08-06T21:04:04.149+0000][66][debug][gc,age      ] GC(1) Desired survivor size 4194304 bytes, new threshold 15 (max threshold 15)
[2025-08-06T21:04:04.155+0000][66][info ][gc,phases   ] GC(1)   Pre Evacuate Collection Set: 0.3ms
[2025-08-06T21:04:04.156+0000][66][info ][gc,phases   ] GC(1)   Merge Heap Roots: 0.0ms
[2025-08-06T21:04:04.157+0000][66][info ][gc,phases   ] GC(1)   Evacuate Collection Set: 3.2ms
[2025-08-06T21:04:04.158+0000][66][info ][gc,phases   ] GC(1)   Post Evacuate Collection Set: 0.5ms
[2025-08-06T21:04:04.159+0000][66][info ][gc,phases   ] GC(1)   Other: 2.3ms
[2025-08-06T21:04:04.160+0000][66][trace][gc,age      ] GC(1) Age table with threshold 15 (max threshold 15)
[2025-08-06T21:04:04.162+0000][66][trace][gc,age      ] GC(1) - age   1:    4366552 bytes,    4366552 total
[2025-08-06T21:04:04.163+0000][66][trace][gc,age      ] GC(1) - age   2:     400256 bytes,    4766808 total
[2025-08-06T21:04:04.164+0000][66][info ][gc,heap     ] GC(1) Eden regions: 10->0(36)
[2025-08-06T21:04:04.165+0000][66][info ][gc,heap     ] GC(1) Survivor regions: 1->2(2)
[2025-08-06T21:04:04.166+0000][66][info ][gc,heap     ] GC(1) Old regions: 1->1
[2025-08-06T21:04:04.167+0000][66][info ][gc,heap     ] GC(1) Humongous regions: 0->0
[2025-08-06T21:04:04.168+0000][66][info ][gc,metaspace] GC(1) Metaspace: 8515K(8768K)->8515K(8768K) NonClass: 7469K(7616K)->7469K(7616K) Class: 1045K(1152K)->1045K(1152K)
[2025-08-06T21:04:04.169+0000][66][info ][gc          ] GC(1) Pause Young (Normal) (G1 Evacuation Pause) 41M->5M(256M) 22.503ms
[2025-08-06T21:04:04.170+0000][66][info ][gc,cpu      ] GC(1) User=0.01s Sys=0.00s Real=0.02s
[2025-08-06T21:04:04.171+0000][66][info ][safepoint   ] Safepoint "G1CollectForAllocation", Time since last: 27731958 ns, Reaching safepoint: 79417 ns, Cleanup: 14958 ns, At safepoint: 24404667 ns, Total: 24499042 ns
[2025-08-06T21:04:04.260+0000][66][info ][safepoint   ] Safepoint "ICBufferFull", Time since last: 88546625 ns, Reaching safepoint: 83167 ns, Cleanup: 83666 ns, At safepoint: 21584 ns, Total: 188417 ns
[2025-08-06T21:04:04.549+0000][66][info ][safepoint   ] Safepoint "ICBufferFull", Time since last: 289052042 ns, Reaching safepoint: 4166 ns, Cleanup: 114209 ns, At safepoint: 4333 ns, Total: 122708 ns
[2025-08-06T21:04:04.740+0000][66][info ][safepoint   ] Safepoint "ICBufferFull", Time since last: 190249375 ns, Reaching safepoint: 3417 ns, Cleanup: 89166 ns, At safepoint: 1792 ns, Total: 94375 ns
[2025-08-06T21:04:05.089+0000][66][info ][safepoint   ] Safepoint "ICBufferFull", Time since last: 348757459 ns, Reaching safepoint: 149125 ns, Cleanup: 146291 ns, At safepoint: 5334 ns, Total: 300750 ns
[2025-08-06T21:04:05.430+0000][66][info ][safepoint   ] Safepoint "ICBufferFull", Time since last: 340956666 ns, Reaching safepoint: 3500 ns, Cleanup: 184792 ns, At safepoint: 9833 ns, Total: 198125 ns
[2025-08-06T21:04:05.584+0000][66][info ][safepoint   ] Safepoint "ICBufferFull", Time since last: 154356750 ns, Reaching safepoint: 113084 ns, Cleanup: 90166 ns, At safepoint: 13334 ns, Total: 216584 ns
[2025-08-06T21:04:05.807+0000][66][info ][safepoint   ] Safepoint "ICBufferFull", Time since last: 222209500 ns, Reaching safepoint: 122167 ns, Cleanup: 156250 ns, At safepoint: 18875 ns, Total: 297292 ns
[2025-08-06T21:04:06.015+0000][66][info ][gc,start    ] GC(2) Pause Young (Normal) (G1 Evacuation Pause)
[2025-08-06T21:04:06.016+0000][66][info ][gc,task     ] GC(2) Using 4 workers of 4 for evacuation
[2025-08-06T21:04:06.018+0000][66][debug][gc,age      ] GC(2) Desired survivor size 10485760 bytes, new threshold 15 (max threshold 15)
[2025-08-06T21:04:06.034+0000][66][info ][gc,phases   ] GC(2)   Pre Evacuate Collection Set: 0.3ms
[2025-08-06T21:04:06.036+0000][66][info ][gc,phases   ] GC(2)   Merge Heap Roots: 0.2ms
[2025-08-06T21:04:06.038+0000][66][info ][gc,phases   ] GC(2)   Evacuate Collection Set: 11.1ms
[2025-08-06T21:04:06.039+0000][66][info ][gc,phases   ] GC(2)   Post Evacuate Collection Set: 3.3ms
[2025-08-06T21:04:06.040+0000][66][info ][gc,phases   ] GC(2)   Other: 3.1ms
[2025-08-06T21:04:06.042+0000][66][trace][gc,age      ] GC(2) Age table with threshold 15 (max threshold 15)
[2025-08-06T21:04:06.043+0000][66][trace][gc,age      ] GC(2) - age   1:    5571400 bytes,    5571400 total
[2025-08-06T21:04:06.044+0000][66][trace][gc,age      ] GC(2) - age   2:    4252312 bytes,    9823712 total
[2025-08-06T21:04:06.045+0000][66][trace][gc,age      ] GC(2) - age   3:     398336 bytes,   10222048 total
[2025-08-06T21:04:06.046+0000][66][info ][gc,heap     ] GC(2) Eden regions: 36->0(34)
[2025-08-06T21:04:06.047+0000][66][info ][gc,heap     ] GC(2) Survivor regions: 2->3(5)
[2025-08-06T21:04:06.048+0000][66][info ][gc,heap     ] GC(2) Old regions: 1->1
[2025-08-06T21:04:06.049+0000][66][info ][gc,heap     ] GC(2) Humongous regions: 0->0
[2025-08-06T21:04:06.050+0000][66][info ][gc,metaspace] GC(2) Metaspace: 19513K(20032K)->19513K(20032K) NonClass: 17361K(17664K)->17361K(17664K) Class: 2151K(2368K)->2151K(2368K)
[2025-08-06T21:04:06.051+0000][66][info ][gc          ] GC(2) Pause Young (Normal) (G1 Evacuation Pause) 149M->11M(256M) 36.339ms
[2025-08-06T21:04:06.052+0000][66][info ][gc,cpu      ] GC(2) User=0.02s Sys=0.01s Real=0.03s
[2025-08-06T21:04:06.053+0000][66][info ][safepoint   ] Safepoint "G1CollectForAllocation", Time since last: 207544750 ns, Reaching safepoint: 9416 ns, Cleanup: 45209 ns, At safepoint: 38688375 ns, Total: 38743000 ns
[2025-08-06T21:04:06.129+0000][66][info ][safepoint   ] Safepoint "ICBufferFull", Time since last: 76224291 ns, Reaching safepoint: 3167 ns, Cleanup: 107500 ns, At safepoint: 2042 ns, Total: 112709 ns
[2025-08-06T21:04:06.254+0000][66][info ][gc,start    ] GC(3) Pause Young (Concurrent Start) (Metadata GC Threshold)
[2025-08-06T21:04:06.256+0000][66][info ][gc,task     ] GC(3) Using 4 workers of 4 for evacuation
[2025-08-06T21:04:06.258+0000][66][debug][gc,age      ] GC(3) Desired survivor size 10485760 bytes, new threshold 15 (max threshold 15)
[2025-08-06T21:04:06.267+0000][66][info ][gc,phases   ] GC(3)   Pre Evacuate Collection Set: 0.1ms
[2025-08-06T21:04:06.269+0000][66][info ][gc,phases   ] GC(3)   Merge Heap Roots: 0.2ms
[2025-08-06T21:04:06.270+0000][66][info ][gc,phases   ] GC(3)   Evacuate Collection Set: 5.8ms
[2025-08-06T21:04:06.271+0000][66][info ][gc,phases   ] GC(3)   Post Evacuate Collection Set: 1.1ms
[2025-08-06T21:04:06.272+0000][66][info ][gc,phases   ] GC(3)   Other: 4.0ms
[2025-08-06T21:04:06.274+0000][66][trace][gc,age      ] GC(3) Age table with threshold 15 (max threshold 15)
[2025-08-06T21:04:06.275+0000][66][trace][gc,age      ] GC(3) - age   1:    1822448 bytes,    1822448 total
[2025-08-06T21:04:06.276+0000][66][trace][gc,age      ] GC(3) - age   2:    4723368 bytes,    6545816 total
[2025-08-06T21:04:06.277+0000][66][trace][gc,age      ] GC(3) - age   3:    4251672 bytes,   10797488 total
[2025-08-06T21:04:06.278+0000][66][trace][gc,age      ] GC(3) - age   4:     398336 bytes,   11195824 total
[2025-08-06T21:04:06.279+0000][66][info ][gc,heap     ] GC(3) Eden regions: 21->0(34)
[2025-08-06T21:04:06.280+0000][66][info ][gc,heap     ] GC(3) Survivor regions: 3->4(5)
[2025-08-06T21:04:06.281+0000][66][info ][gc,heap     ] GC(3) Old regions: 1->1
[2025-08-06T21:04:06.282+0000][66][info ][gc,heap     ] GC(3) Humongous regions: 0->0
[2025-08-06T21:04:06.283+0000][66][info ][gc,metaspace] GC(3) Metaspace: 20967K(21504K)->20967K(21504K) NonClass: 18699K(19008K)->18699K(19008K) Class: 2268K(2496K)->2268K(2496K)
[2025-08-06T21:04:06.284+0000][66][info ][gc          ] GC(3) Pause Young (Concurrent Start) (Metadata GC Threshold) 93M->13M(256M) 30.508ms
[2025-08-06T21:04:06.286+0000][66][info ][gc,cpu      ] GC(3) User=0.02s Sys=0.00s Real=0.03s
[2025-08-06T21:04:06.287+0000][66][info ][gc          ] GC(4) Concurrent Mark Cycle
[2025-08-06T21:04:06.289+0000][66][info ][gc,marking  ] GC(4) Concurrent Scan Root Regions
[2025-08-06T21:04:06.294+0000][66][info ][gc,marking  ] GC(4) Concurrent Scan Root Regions 5.686ms
[2025-08-06T21:04:06.295+0000][66][info ][gc,marking  ] GC(4) Concurrent Mark
[2025-08-06T21:04:06.296+0000][66][info ][gc,marking  ] GC(4) Concurrent Mark From Roots
[2025-08-06T21:04:06.297+0000][66][info ][gc,task     ] GC(4) Using 1 workers of 1 for marking
[2025-08-06T21:04:06.288+0000][66][info ][safepoint   ] Safepoint "CollectForMetadataAllocation", Time since last: 124129333 ns, Reaching safepoint: 3167 ns, Cleanup: 81791 ns, At safepoint: 34364417 ns, Total: 34449375 ns
[2025-08-06T21:04:06.300+0000][66][info ][gc,marking  ] GC(4) Concurrent Mark From Roots 3.072ms
[2025-08-06T21:04:06.300+0000][66][info ][gc,marking  ] GC(4) Concurrent Preclean
[2025-08-06T21:04:06.301+0000][66][info ][gc,marking  ] GC(4) Concurrent Preclean 0.813ms
[2025-08-06T21:04:06.302+0000][66][info ][gc,start    ] GC(4) Pause Remark
[2025-08-06T21:04:06.307+0000][66][info ][gc          ] GC(4) Pause Remark 15M->15M(256M) 4.778ms
[2025-08-06T21:04:06.309+0000][66][info ][gc,cpu      ] GC(4) User=0.01s Sys=0.01s Real=0.01s
[2025-08-06T21:04:06.310+0000][66][info ][safepoint   ] Safepoint "G1PauseRemark", Time since last: 14167750 ns, Reaching safepoint: 106083 ns, Cleanup: 3792 ns, At safepoint: 7414833 ns, Total: 7524708 ns
[2025-08-06T21:04:06.311+0000][66][info ][gc,marking  ] GC(4) Concurrent Mark 15.379ms
[2025-08-06T21:04:06.312+0000][66][info ][gc,marking  ] GC(4) Concurrent Rebuild Remembered Sets and Scrub Regions
[2025-08-06T21:04:06.313+0000][66][info ][gc,marking  ] GC(4) Concurrent Rebuild Remembered Sets and Scrub Regions 1.527ms
[2025-08-06T21:04:06.314+0000][66][info ][gc,start    ] GC(4) Pause Cleanup
[2025-08-06T21:04:06.315+0000][66][info ][gc          ] GC(4) Pause Cleanup 15M->15M(256M) 1.070ms
[2025-08-06T21:04:06.316+0000][66][info ][gc,cpu      ] GC(4) User=0.00s Sys=0.00s Real=0.00s
[2025-08-06T21:04:06.317+0000][66][info ][safepoint   ] Safepoint "G1PauseCleanup", Time since last: 4347959 ns, Reaching safepoint: 95333 ns, Cleanup: 3583 ns, At safepoint: 3248250 ns, Total: 3347166 ns
[2025-08-06T21:04:06.318+0000][66][info ][gc,marking  ] GC(4) Concurrent Clear Claimed Marks
[2025-08-06T21:04:06.319+0000][66][info ][gc,marking  ] GC(4) Concurrent Clear Claimed Marks 0.898ms
[2025-08-06T21:04:06.320+0000][66][info ][gc,marking  ] GC(4) Concurrent Cleanup for Next Mark
[2025-08-06T21:04:06.321+0000][66][info ][gc,marking  ] GC(4) Concurrent Cleanup for Next Mark 1.189ms
[2025-08-06T21:04:06.322+0000][66][info ][gc          ] GC(4) Concurrent Mark Cycle 35.343ms
[2025-08-06T21:04:06.843+0000][66][info ][safepoint   ] Safepoint "ICBufferFull", Time since last: 525693917 ns, Reaching safepoint: 98250 ns, Cleanup: 141834 ns, At safepoint: 21000 ns, Total: 261084 ns
[2025-08-06T21:04:06.984+0000][66][info ][safepoint   ] Safepoint "ICBufferFull", Time since last: 140130125 ns, Reaching safepoint: 2750 ns, Cleanup: 102750 ns, At safepoint: 2416 ns, Total: 107916 ns
[2025-08-06T21:04:07.236+0000][66][info ][gc,start    ] GC(5) Pause Young (Prepare Mixed) (G1 Evacuation Pause)
[2025-08-06T21:04:07.238+0000][66][info ][gc,task     ] GC(5) Using 4 workers of 4 for evacuation
[2025-08-06T21:04:07.240+0000][66][debug][gc,age      ] GC(5) Desired survivor size 10485760 bytes, new threshold 3 (max threshold 15)
[2025-08-06T21:04:07.255+0000][66][info ][gc,phases   ] GC(5)   Pre Evacuate Collection Set: 0.3ms
[2025-08-06T21:04:07.257+0000][66][info ][gc,phases   ] GC(5)   Merge Heap Roots: 0.0ms
[2025-08-06T21:04:07.258+0000][66][info ][gc,phases   ] GC(5)   Evacuate Collection Set: 12.9ms
[2025-08-06T21:04:07.259+0000][66][info ][gc,phases   ] GC(5)   Post Evacuate Collection Set: 1.3ms
[2025-08-06T21:04:07.262+0000][66][info ][gc,phases   ] GC(5)   Other: 3.2ms
[2025-08-06T21:04:07.263+0000][66][trace][gc,age      ] GC(5) Age table with threshold 3 (max threshold 15)
[2025-08-06T21:04:07.264+0000][66][trace][gc,age      ] GC(5) - age   1:    5701016 bytes,    5701016 total
[2025-08-06T21:04:07.265+0000][66][trace][gc,age      ] GC(5) - age   2:    1768328 bytes,    7469344 total
[2025-08-06T21:04:07.266+0000][66][trace][gc,age      ] GC(5) - age   3:    4713880 bytes,   12183224 total
[2025-08-06T21:04:07.267+0000][66][info ][gc,heap     ] GC(5) Eden regions: 34->0(34)
[2025-08-06T21:04:07.268+0000][66][info ][gc,heap     ] GC(5) Survivor regions: 4->4(5)
[2025-08-06T21:04:07.268+0000][66][info ][gc,heap     ] GC(5) Old regions: 1->3
[2025-08-06T21:04:07.269+0000][66][info ][gc,heap     ] GC(5) Humongous regions: 0->0
[2025-08-06T21:04:07.270+0000][66][info ][gc,metaspace] GC(5) Metaspace: 27242K(27840K)->27242K(27840K) NonClass: 24192K(24512K)->24192K(24512K) Class: 3049K(3328K)->3049K(3328K)
[2025-08-06T21:04:07.272+0000][66][info ][gc          ] GC(5) Pause Young (Prepare Mixed) (G1 Evacuation Pause) 149M->17M(256M) 35.629ms
[2025-08-06T21:04:07.273+0000][66][info ][gc,cpu      ] GC(5) User=0.04s Sys=0.00s Real=0.04s
[2025-08-06T21:04:07.274+0000][66][info ][safepoint   ] Safepoint "G1CollectForAllocation", Time since last: 252207876 ns, Reaching safepoint: 4000 ns, Cleanup: 88416 ns, At safepoint: 38359834 ns, Total: 38452250 ns
[2025-08-06T21:04:07.374+0000][66][info ][safepoint   ] Safepoint "ICBufferFull", Time since last: 98971708 ns, Reaching safepoint: 129917 ns, Cleanup: 114083 ns, At safepoint: 25917 ns, Total: 269917 ns
[2025-08-06T21:04:07.509+0000][66][info ][gc,start    ] GC(6) Pause Young (Mixed) (G1 Evacuation Pause)
[2025-08-06T21:04:07.511+0000][66][info ][gc,task     ] GC(6) Using 4 workers of 4 for evacuation
[2025-08-06T21:04:07.512+0000][66][debug][gc,age      ] GC(6) Desired survivor size 10485760 bytes, new threshold 3 (max threshold 15)
[2025-08-06T21:04:07.524+0000][66][info ][gc,phases   ] GC(6)   Pre Evacuate Collection Set: 0.3ms
[2025-08-06T21:04:07.525+0000][66][info ][gc,phases   ] GC(6)   Merge Heap Roots: 0.2ms
[2025-08-06T21:04:07.531+0000][66][info ][gc,phases   ] GC(6)   Evacuate Collection Set: 9.3ms
[2025-08-06T21:04:07.534+0000][66][info ][gc,phases   ] GC(6)   Post Evacuate Collection Set: 0.8ms
[2025-08-06T21:04:07.536+0000][66][info ][gc,phases   ] GC(6)   Other: 2.2ms
[2025-08-06T21:04:07.539+0000][66][trace][gc,age      ] GC(6) Age table with threshold 3 (max threshold 15)
[2025-08-06T21:04:07.542+0000][66][trace][gc,age      ] GC(6) - age   1:    3363296 bytes,    3363296 total
[2025-08-06T21:04:07.543+0000][66][trace][gc,age      ] GC(6) - age   2:    4938272 bytes,    8301568 total
[2025-08-06T21:04:07.544+0000][66][trace][gc,age      ] GC(6) - age   3:    1767960 bytes,   10069528 total
[2025-08-06T21:04:07.545+0000][66][info ][gc,heap     ] GC(6) Eden regions: 34->0(35)
[2025-08-06T21:04:07.548+0000][66][info ][gc,heap     ] GC(6) Survivor regions: 4->3(5)
[2025-08-06T21:04:07.550+0000][66][info ][gc,heap     ] GC(6) Old regions: 3->3
[2025-08-06T21:04:07.551+0000][66][info ][gc,heap     ] GC(6) Humongous regions: 0->0
[2025-08-06T21:04:07.552+0000][66][info ][gc,metaspace] GC(6) Metaspace: 28268K(28864K)->28268K(28864K) NonClass: 25077K(25408K)->25077K(25408K) Class: 3190K(3456K)->3190K(3456K)
[2025-08-06T21:04:07.553+0000][66][info ][gc          ] GC(6) Pause Young (Mixed) (G1 Evacuation Pause) 153M->21M(256M) 43.684ms
[2025-08-06T21:04:07.554+0000][66][info ][gc,cpu      ] GC(6) User=0.03s Sys=0.01s Real=0.05s
[2025-08-06T21:04:07.566+0000][66][info ][safepoint   ] Safepoint "G1CollectForAllocation", Time since last: 135768666 ns, Reaching safepoint: 2625 ns, Cleanup: 87375 ns, At safepoint: 56290917 ns, Total: 56380917 ns
[2025-08-06T21:04:07.727+0000][66][info ][gc,start    ] GC(7) Pause Young (Normal) (G1 Evacuation Pause)
[2025-08-06T21:04:07.729+0000][66][info ][gc,task     ] GC(7) Using 4 workers of 4 for evacuation
[2025-08-06T21:04:07.733+0000][66][debug][gc,age      ] GC(7) Desired survivor size 10485760 bytes, new threshold 15 (max threshold 15)
[2025-08-06T21:04:07.740+0000][66][info ][gc,phases   ] GC(7)   Pre Evacuate Collection Set: 0.4ms
[2025-08-06T21:04:07.741+0000][66][info ][gc,phases   ] GC(7)   Merge Heap Roots: 0.0ms
[2025-08-06T21:04:07.742+0000][66][info ][gc,phases   ] GC(7)   Evacuate Collection Set: 4.4ms
[2025-08-06T21:04:07.743+0000][66][info ][gc,phases   ] GC(7)   Post Evacuate Collection Set: 0.6ms
[2025-08-06T21:04:07.744+0000][66][info ][gc,phases   ] GC(7)   Other: 4.7ms
[2025-08-06T21:04:07.746+0000][66][trace][gc,age      ] GC(7) Age table with threshold 15 (max threshold 15)
[2025-08-06T21:04:07.747+0000][66][trace][gc,age      ] GC(7) - age   1:    1929264 bytes,    1929264 total
[2025-08-06T21:04:07.748+0000][66][trace][gc,age      ] GC(7) - age   2:    2660488 bytes,    4589752 total
[2025-08-06T21:04:07.749+0000][66][trace][gc,age      ] GC(7) - age   3:    4937872 bytes,    9527624 total
[2025-08-06T21:04:07.750+0000][66][trace][gc,age      ] GC(7) - age   4:    1767640 bytes,   11295264 total
[2025-08-06T21:04:07.751+0000][66][info ][gc,heap     ] GC(7) Eden regions: 35->0(35)
[2025-08-06T21:04:07.753+0000][66][info ][gc,heap     ] GC(7) Survivor regions: 3->3(5)
[2025-08-06T21:04:07.754+0000][66][info ][gc,heap     ] GC(7) Old regions: 3->3
[2025-08-06T21:04:07.755+0000][66][info ][gc,heap     ] GC(7) Humongous regions: 0->0
[2025-08-06T21:04:07.756+0000][66][info ][gc,metaspace] GC(7) Metaspace: 28579K(29248K)->28579K(29248K) NonClass: 25346K(25728K)->25346K(25728K) Class: 3232K(3520K)->3232K(3520K)
[2025-08-06T21:04:07.757+0000][66][info ][gc          ] GC(7) Pause Young (Normal) (G1 Evacuation Pause) 161M->22M(256M) 30.214ms
[2025-08-06T21:04:07.758+0000][66][info ][gc,cpu      ] GC(7) User=0.02s Sys=0.00s Real=0.03s
[2025-08-06T21:04:07.759+0000][66][info ][safepoint   ] Safepoint "G1CollectForAllocation", Time since last: 161097625 ns, Reaching safepoint: 3083 ns, Cleanup: 65750 ns, At safepoint: 32030250 ns, Total: 32099083 ns
[2025-08-06T21:04:08.000+0000][66][info ][safepoint   ] Safepoint "ICBufferFull", Time since last: 240504209 ns, Reaching safepoint: 3792 ns, Cleanup: 99458 ns, At safepoint: 2958 ns, Total: 106208 ns
[2025-08-06T21:04:08.015+0000][66][info ][gc,start    ] GC(8) Pause Young (Normal) (G1 Evacuation Pause)
[2025-08-06T21:04:08.017+0000][66][info ][gc,task     ] GC(8) Using 4 workers of 4 for evacuation
[2025-08-06T21:04:08.018+0000][66][debug][gc,age      ] GC(8) Desired survivor size 10485760 bytes, new threshold 4 (max threshold 15)
[2025-08-06T21:04:08.025+0000][66][info ][gc,phases   ] GC(8)   Pre Evacuate Collection Set: 0.1ms
[2025-08-06T21:04:08.026+0000][66][info ][gc,phases   ] GC(8)   Merge Heap Roots: 0.4ms
[2025-08-06T21:04:08.028+0000][66][info ][gc,phases   ] GC(8)   Evacuate Collection Set: 4.5ms
[2025-08-06T21:04:08.029+0000][66][info ][gc,phases   ] GC(8)   Post Evacuate Collection Set: 0.5ms
[2025-08-06T21:04:08.030+0000][66][info ][gc,phases   ] GC(8)   Other: 2.4ms
[2025-08-06T21:04:08.031+0000][66][trace][gc,age      ] GC(8) Age table with threshold 4 (max threshold 15)
[2025-08-06T21:04:08.032+0000][66][trace][gc,age      ] GC(8) - age   1:    1484304 bytes,    1484304 total
[2025-08-06T21:04:08.034+0000][66][trace][gc,age      ] GC(8) - age   2:    1699792 bytes,    3184096 total
[2025-08-06T21:04:08.036+0000][66][trace][gc,age      ] GC(8) - age   3:    2660040 bytes,    5844136 total
[2025-08-06T21:04:08.037+0000][66][trace][gc,age      ] GC(8) - age   4:    4934536 bytes,   10778672 total
[2025-08-06T21:04:08.038+0000][66][info ][gc,heap     ] GC(8) Eden regions: 35->0(35)
[2025-08-06T21:04:08.039+0000][66][info ][gc,heap     ] GC(8) Survivor regions: 3->3(5)
[2025-08-06T21:04:08.040+0000][66][info ][gc,heap     ] GC(8) Old regions: 3->3
[2025-08-06T21:04:08.042+0000][66][info ][gc,heap     ] GC(8) Humongous regions: 0->0
[2025-08-06T21:04:08.043+0000][66][info ][gc,metaspace] GC(8) Metaspace: 29961K(30720K)->29961K(30720K) NonClass: 26584K(27008K)->26584K(27008K) Class: 3376K(3712K)->3376K(3712K)
[2025-08-06T21:04:08.045+0000][66][info ][gc          ] GC(8) Pause Young (Normal) (G1 Evacuation Pause) 162M->23M(256M) 29.862ms
[2025-08-06T21:04:08.046+0000][66][info ][gc,cpu      ] GC(8) User=0.02s Sys=0.00s Real=0.03s
[2025-08-06T21:04:08.047+0000][66][info ][safepoint   ] Safepoint "G1CollectForAllocation", Time since last: 15958084 ns, Reaching safepoint: 3458 ns, Cleanup: 11292 ns, At safepoint: 31960750 ns, Total: 31975500 ns
[2025-08-06T21:04:08.440+0000][66][info ][gc,start    ] GC(9) Pause Young (Normal) (G1 Evacuation Pause)
[2025-08-06T21:04:08.446+0000][66][info ][gc,task     ] GC(9) Using 4 workers of 4 for evacuation
[2025-08-06T21:04:08.449+0000][66][debug][gc,age      ] GC(9) Desired survivor size 10485760 bytes, new threshold 4 (max threshold 15)
[2025-08-06T21:04:08.460+0000][66][info ][gc,phases   ] GC(9)   Pre Evacuate Collection Set: 0.2ms
[2025-08-06T21:04:08.462+0000][66][info ][gc,phases   ] GC(9)   Merge Heap Roots: 0.4ms
[2025-08-06T21:04:08.463+0000][66][info ][gc,phases   ] GC(9)   Evacuate Collection Set: 7.8ms
[2025-08-06T21:04:08.464+0000][66][info ][gc,phases   ] GC(9)   Post Evacuate Collection Set: 0.6ms
[2025-08-06T21:04:08.465+0000][66][info ][gc,phases   ] GC(9)   Other: 5.2ms
[2025-08-06T21:04:08.466+0000][66][trace][gc,age      ] GC(9) Age table with threshold 4 (max threshold 15)
[2025-08-06T21:04:08.467+0000][66][trace][gc,age      ] GC(9) - age   1:    5017192 bytes,    5017192 total
[2025-08-06T21:04:08.468+0000][66][trace][gc,age      ] GC(9) - age   2:    1429128 bytes,    6446320 total
[2025-08-06T21:04:08.469+0000][66][trace][gc,age      ] GC(9) - age   3:    1699760 bytes,    8146080 total
[2025-08-06T21:04:08.471+0000][66][trace][gc,age      ] GC(9) - age   4:    2660040 bytes,   10806120 total
[2025-08-06T21:04:08.472+0000][66][info ][gc,heap     ] GC(9) Eden regions: 35->0(35)
[2025-08-06T21:04:08.474+0000][66][info ][gc,heap     ] GC(9) Survivor regions: 3->3(5)
[2025-08-06T21:04:08.475+0000][66][info ][gc,heap     ] GC(9) Old regions: 3->5
[2025-08-06T21:04:08.476+0000][66][info ][gc,heap     ] GC(9) Humongous regions: 0->0
[2025-08-06T21:04:08.477+0000][66][info ][gc,metaspace] GC(9) Metaspace: 34274K(35072K)->34274K(35072K) NonClass: 30402K(30848K)->30402K(30848K) Class: 3872K(4224K)->3872K(4224K)
[2025-08-06T21:04:08.479+0000][66][info ][gc          ] GC(9) Pause Young (Normal) (G1 Evacuation Pause) 163M->28M(256M) 39.376ms
[2025-08-06T21:04:08.483+0000][66][info ][gc,cpu      ] GC(9) User=0.03s Sys=0.01s Real=0.04s
[2025-08-06T21:04:08.484+0000][66][info ][safepoint   ] Safepoint "G1CollectForAllocation", Time since last: 392117041 ns, Reaching safepoint: 5125 ns, Cleanup: 506084 ns, At safepoint: 43868333 ns, Total: 44379542 ns
[2025-08-06T21:04:08.708+0000][66][info ][gc,start    ] GC(10) Pause Young (Concurrent Start) (Metadata GC Threshold)
[2025-08-06T21:04:08.710+0000][66][info ][gc,task     ] GC(10) Using 4 workers of 4 for evacuation
[2025-08-06T21:04:08.711+0000][66][debug][gc,age      ] GC(10) Desired survivor size 10485760 bytes, new threshold 4 (max threshold 15)
[2025-08-06T21:04:08.719+0000][66][info ][gc,phases   ] GC(10)   Pre Evacuate Collection Set: 0.4ms
[2025-08-06T21:04:08.721+0000][66][info ][gc,phases   ] GC(10)   Merge Heap Roots: 0.1ms
[2025-08-06T21:04:08.722+0000][66][info ][gc,phases   ] GC(10)   Evacuate Collection Set: 5.2ms
[2025-08-06T21:04:08.723+0000][66][info ][gc,phases   ] GC(10)   Post Evacuate Collection Set: 0.6ms
[2025-08-06T21:04:08.724+0000][66][info ][gc,phases   ] GC(10)   Other: 3.2ms
[2025-08-06T21:04:08.725+0000][66][trace][gc,age      ] GC(10) Age table with threshold 4 (max threshold 15)
[2025-08-06T21:04:08.726+0000][66][trace][gc,age      ] GC(10) - age   1:    2966472 bytes,    2966472 total
[2025-08-06T21:04:08.727+0000][66][trace][gc,age      ] GC(10) - age   2:    4071968 bytes,    7038440 total
[2025-08-06T21:04:08.728+0000][66][trace][gc,age      ] GC(10) - age   3:    1429000 bytes,    8467440 total
[2025-08-06T21:04:08.729+0000][66][trace][gc,age      ] GC(10) - age   4:    1698488 bytes,   10165928 total
[2025-08-06T21:04:08.731+0000][66][info ][gc,heap     ] GC(10) Eden regions: 28->0(35)
[2025-08-06T21:04:08.732+0000][66][info ][gc,heap     ] GC(10) Survivor regions: 3->3(5)
[2025-08-06T21:04:08.734+0000][66][info ][gc,heap     ] GC(10) Old regions: 5->5
[2025-08-06T21:04:08.735+0000][66][info ][gc,heap     ] GC(10) Humongous regions: 0->0
[2025-08-06T21:04:08.737+0000][66][info ][gc,metaspace] GC(10) Metaspace: 35154K(35968K)->35154K(35968K) NonClass: 31171K(31616K)->31171K(31616K) Class: 3982K(4352K)->3982K(4352K)
[2025-08-06T21:04:08.738+0000][66][info ][gc          ] GC(10) Pause Young (Concurrent Start) (Metadata GC Threshold) 140M->31M(256M) 30.061ms
[2025-08-06T21:04:08.739+0000][66][info ][gc,cpu      ] GC(10) User=0.02s Sys=0.00s Real=0.03s
[2025-08-06T21:04:08.739+0000][66][info ][gc          ] GC(11) Concurrent Mark Cycle
[2025-08-06T21:04:08.741+0000][66][info ][gc,marking  ] GC(11) Concurrent Scan Root Regions
[2025-08-06T21:04:08.745+0000][66][info ][safepoint   ] Safepoint "CollectForMetadataAllocation", Time since last: 224025584 ns, Reaching safepoint: 88125 ns, Cleanup: 76500 ns, At safepoint: 36678500 ns, Total: 36843125 ns
[2025-08-06T21:04:08.745+0000][66][info ][gc,marking  ] GC(11) Concurrent Scan Root Regions 4.143ms
[2025-08-06T21:04:08.747+0000][66][info ][gc,marking  ] GC(11) Concurrent Mark
[2025-08-06T21:04:08.749+0000][66][info ][gc,marking  ] GC(11) Concurrent Mark From Roots
[2025-08-06T21:04:08.750+0000][66][info ][gc,task     ] GC(11) Using 1 workers of 1 for marking
[2025-08-06T21:04:08.766+0000][66][info ][gc,marking  ] GC(11) Concurrent Mark From Roots 17.398ms
[2025-08-06T21:04:08.767+0000][66][info ][gc,marking  ] GC(11) Concurrent Preclean
[2025-08-06T21:04:08.768+0000][66][info ][gc,marking  ] GC(11) Concurrent Preclean 1.182ms
[2025-08-06T21:04:08.769+0000][66][info ][gc,start    ] GC(11) Pause Remark
[2025-08-06T21:04:08.794+0000][66][info ][gc          ] GC(11) Pause Remark 33M->33M(256M) 25.161ms
[2025-08-06T21:04:08.796+0000][66][info ][gc,cpu      ] GC(11) User=0.02s Sys=0.00s Real=0.03s
[2025-08-06T21:04:08.797+0000][66][info ][safepoint   ] Safepoint "G1PauseRemark", Time since last: 24299291 ns, Reaching safepoint: 3209 ns, Cleanup: 7833 ns, At safepoint: 27782667 ns, Total: 27793709 ns
[2025-08-06T21:04:08.801+0000][66][info ][gc,marking  ] GC(11) Concurrent Mark 53.157ms
[2025-08-06T21:04:08.802+0000][66][info ][gc,marking  ] GC(11) Concurrent Rebuild Remembered Sets and Scrub Regions
[2025-08-06T21:04:08.807+0000][66][info ][gc,marking  ] GC(11) Concurrent Rebuild Remembered Sets and Scrub Regions 4.912ms
[2025-08-06T21:04:08.808+0000][66][info ][gc,start    ] GC(11) Pause Cleanup
[2025-08-06T21:04:08.809+0000][66][info ][gc          ] GC(11) Pause Cleanup 33M->33M(256M) 0.825ms
[2025-08-06T21:04:08.810+0000][66][info ][gc,cpu      ] GC(11) User=0.00s Sys=0.00s Real=0.00s
[2025-08-06T21:04:08.811+0000][66][info ][safepoint   ] Safepoint "G1PauseCleanup", Time since last: 11275833 ns, Reaching safepoint: 144583 ns, Cleanup: 18459 ns, At safepoint: 3141375 ns, Total: 3304417 ns
[2025-08-06T21:04:08.812+0000][66][info ][gc,marking  ] GC(11) Concurrent Clear Claimed Marks
[2025-08-06T21:04:08.813+0000][66][info ][gc,marking  ] GC(11) Concurrent Clear Claimed Marks 0.862ms
[2025-08-06T21:04:08.814+0000][66][info ][gc,marking  ] GC(11) Concurrent Cleanup for Next Mark
[2025-08-06T21:04:08.816+0000][66][info ][gc,marking  ] GC(11) Concurrent Cleanup for Next Mark 2.082ms
[2025-08-06T21:04:08.817+0000][66][info ][gc          ] GC(11) Concurrent Mark Cycle 77.660ms
[2025-08-06T21:04:08.990+0000][66][info ][gc,start    ] GC(12) Pause Young (Normal) (G1 Evacuation Pause)
[2025-08-06T21:04:08.992+0000][66][info ][gc,task     ] GC(12) Using 4 workers of 4 for evacuation
[2025-08-06T21:04:08.993+0000][66][debug][gc,age      ] GC(12) Desired survivor size 10485760 bytes, new threshold 15 (max threshold 15)
[2025-08-06T21:04:09.000+0000][66][info ][gc,phases   ] GC(12)   Pre Evacuate Collection Set: 0.4ms
[2025-08-06T21:04:09.002+0000][66][info ][gc,phases   ] GC(12)   Merge Heap Roots: 0.0ms
[2025-08-06T21:04:09.004+0000][66][info ][gc,phases   ] GC(12)   Evacuate Collection Set: 5.1ms
[2025-08-06T21:04:09.005+0000][66][info ][gc,phases   ] GC(12)   Post Evacuate Collection Set: 0.8ms
[2025-08-06T21:04:09.010+0000][66][info ][gc,phases   ] GC(12)   Other: 2.4ms
[2025-08-06T21:04:09.011+0000][66][trace][gc,age      ] GC(12) Age table with threshold 15 (max threshold 15)
[2025-08-06T21:04:09.012+0000][66][trace][gc,age      ] GC(12) - age   1:    2867256 bytes,    2867256 total
[2025-08-06T21:04:09.013+0000][66][trace][gc,age      ] GC(12) - age   2:    2936120 bytes,    5803376 total
[2025-08-06T21:04:09.013+0000][66][trace][gc,age      ] GC(12) - age   3:    4071936 bytes,    9875312 total
[2025-08-06T21:04:09.014+0000][66][trace][gc,age      ] GC(12) - age   4:    1428848 bytes,   11304160 total
[2025-08-06T21:04:09.015+0000][66][trace][gc,age      ] GC(12) - age   5:    1698488 bytes,   13002648 total
[2025-08-06T21:04:09.016+0000][66][info ][gc,heap     ] GC(12) Eden regions: 35->0(34)
[2025-08-06T21:04:09.017+0000][66][info ][gc,heap     ] GC(12) Survivor regions: 3->4(5)
[2025-08-06T21:04:09.018+0000][66][info ][gc,heap     ] GC(12) Old regions: 5->5
[2025-08-06T21:04:09.020+0000][66][info ][gc,heap     ] GC(12) Humongous regions: 0->0
[2025-08-06T21:04:09.021+0000][66][info ][gc,metaspace] GC(12) Metaspace: 36095K(36992K)->36095K(36992K) NonClass: 31990K(32512K)->31990K(32512K) Class: 4105K(4480K)->4105K(4480K)
[2025-08-06T21:04:09.021+0000][66][info ][gc          ] GC(12) Pause Young (Normal) (G1 Evacuation Pause) 171M->33M(256M) 31.353ms
[2025-08-06T21:04:09.022+0000][66][info ][gc,cpu      ] GC(12) User=0.02s Sys=0.01s Real=0.03s
[2025-08-06T21:04:09.023+0000][66][info ][safepoint   ] Safepoint "G1CollectForAllocation", Time since last: 178525000 ns, Reaching safepoint: 4583 ns, Cleanup: 61125 ns, At safepoint: 33180875 ns, Total: 33246583 ns
[2025-08-06T21:04:09.235+0000][66][info ][gc,start    ] GC(13) Pause Young (Normal) (G1 Evacuation Pause)
[2025-08-06T21:04:09.237+0000][66][info ][gc,task     ] GC(13) Using 4 workers of 4 for evacuation
[2025-08-06T21:04:09.238+0000][66][debug][gc,age      ] GC(13) Desired survivor size 10485760 bytes, new threshold 4 (max threshold 15)
[2025-08-06T21:04:09.244+0000][66][info ][gc,phases   ] GC(13)   Pre Evacuate Collection Set: 0.3ms
[2025-08-06T21:04:09.246+0000][66][info ][gc,phases   ] GC(13)   Merge Heap Roots: 0.0ms
[2025-08-06T21:04:09.247+0000][66][info ][gc,phases   ] GC(13)   Evacuate Collection Set: 4.4ms
[2025-08-06T21:04:09.248+0000][66][info ][gc,phases   ] GC(13)   Post Evacuate Collection Set: 0.5ms
[2025-08-06T21:04:09.249+0000][66][info ][gc,phases   ] GC(13)   Other: 2.7ms
[2025-08-06T21:04:09.250+0000][66][trace][gc,age      ] GC(13) Age table with threshold 4 (max threshold 15)
[2025-08-06T21:04:09.251+0000][66][trace][gc,age      ] GC(13) - age   1:    2336664 bytes,    2336664 total
[2025-08-06T21:04:09.252+0000][66][trace][gc,age      ] GC(13) - age   2:     865872 bytes,    3202536 total
[2025-08-06T21:04:09.253+0000][66][trace][gc,age      ] GC(13) - age   3:    2936120 bytes,    6138656 total
[2025-08-06T21:04:09.254+0000][66][trace][gc,age      ] GC(13) - age   4:    4071936 bytes,   10210592 total
[2025-08-06T21:04:09.255+0000][66][info ][gc,heap     ] GC(13) Eden regions: 34->0(35)
[2025-08-06T21:04:09.255+0000][66][info ][gc,heap     ] GC(13) Survivor regions: 4->3(5)
[2025-08-06T21:04:09.256+0000][66][info ][gc,heap     ] GC(13) Old regions: 5->6
[2025-08-06T21:04:09.257+0000][66][info ][gc,heap     ] GC(13) Humongous regions: 0->0
[2025-08-06T21:04:09.258+0000][66][info ][gc,metaspace] GC(13) Metaspace: 36318K(37184K)->36318K(37184K) NonClass: 32175K(32704K)->32175K(32704K) Class: 4142K(4480K)->4142K(4480K)
[2025-08-06T21:04:09.259+0000][66][info ][gc          ] GC(13) Pause Young (Normal) (G1 Evacuation Pause) 169M->34M(256M) 23.439ms
[2025-08-06T21:04:09.260+0000][66][info ][gc,cpu      ] GC(13) User=0.02s Sys=0.00s Real=0.02s
[2025-08-06T21:04:09.263+0000][66][info ][safepoint   ] Safepoint "G1CollectForAllocation", Time since last: 211927500 ns, Reaching safepoint: 3917 ns, Cleanup: 50083 ns, At safepoint: 27340084 ns, Total: 27394084 ns
[2025-08-06T21:04:09.408+0000][66][info ][gc,start    ] GC(14) Pause Young (Normal) (G1 Evacuation Pause)
[2025-08-06T21:04:09.410+0000][66][info ][gc,task     ] GC(14) Using 4 workers of 4 for evacuation
[2025-08-06T21:04:09.411+0000][66][debug][gc,age      ] GC(14) Desired survivor size 10485760 bytes, new threshold 15 (max threshold 15)
[2025-08-06T21:04:09.417+0000][66][info ][gc,phases   ] GC(14)   Pre Evacuate Collection Set: 0.2ms
[2025-08-06T21:04:09.419+0000][66][info ][gc,phases   ] GC(14)   Merge Heap Roots: 0.3ms
[2025-08-06T21:04:09.420+0000][66][info ][gc,phases   ] GC(14)   Evacuate Collection Set: 4.0ms
[2025-08-06T21:04:09.421+0000][66][info ][gc,phases   ] GC(14)   Post Evacuate Collection Set: 0.6ms
[2025-08-06T21:04:09.422+0000][66][info ][gc,phases   ] GC(14)   Other: 2.4ms
[2025-08-06T21:04:09.423+0000][66][trace][gc,age      ] GC(14) Age table with threshold 15 (max threshold 15)
[2025-08-06T21:04:09.424+0000][66][trace][gc,age      ] GC(14) - age   1:    3219128 bytes,    3219128 total
[2025-08-06T21:04:09.425+0000][66][trace][gc,age      ] GC(14) - age   2:     565200 bytes,    3784328 total
[2025-08-06T21:04:09.426+0000][66][trace][gc,age      ] GC(14) - age   3:     865840 bytes,    4650168 total
[2025-08-06T21:04:09.427+0000][66][trace][gc,age      ] GC(14) - age   4:    2936120 bytes,    7586288 total
[2025-08-06T21:04:09.428+0000][66][trace][gc,age      ] GC(14) - age   5:    4069872 bytes,   11656160 total
[2025-08-06T21:04:09.428+0000][66][info ][gc,heap     ] GC(14) Eden regions: 35->0(35)
[2025-08-06T21:04:09.429+0000][66][info ][gc,heap     ] GC(14) Survivor regions: 3->3(5)
[2025-08-06T21:04:09.430+0000][66][info ][gc,heap     ] GC(14) Old regions: 6->6
[2025-08-06T21:04:09.431+0000][66][info ][gc,heap     ] GC(14) Humongous regions: 0->0
[2025-08-06T21:04:09.432+0000][66][info ][gc,metaspace] GC(14) Metaspace: 36391K(37312K)->36391K(37312K) NonClass: 32233K(32768K)->32233K(32768K) Class: 4158K(4544K)->4158K(4544K)
[2025-08-06T21:04:09.433+0000][66][info ][gc          ] GC(14) Pause Young (Normal) (G1 Evacuation Pause) 174M->34M(256M) 24.768ms
[2025-08-06T21:04:09.434+0000][66][info ][gc,cpu      ] GC(14) User=0.01s Sys=0.00s Real=0.03s
[2025-08-06T21:04:09.435+0000][66][info ][safepoint   ] Safepoint "G1CollectForAllocation", Time since last: 145763500 ns, Reaching safepoint: 3791 ns, Cleanup: 19417 ns, At safepoint: 26768125 ns, Total: 26791333 ns
[2025-08-06T21:04:09.710+0000][66][info ][safepoint   ] Safepoint "ICBufferFull", Time since last: 274369833 ns, Reaching safepoint: 3834 ns, Cleanup: 133083 ns, At safepoint: 1750 ns, Total: 138667 ns
[2025-08-06T21:04:10.159+0000][66][info ][safepoint   ] Safepoint "ICBufferFull", Time since last: 449570459 ns, Reaching safepoint: 83583 ns, Cleanup: 108000 ns, At safepoint: 8875 ns, Total: 200458 ns
[2025-08-06T21:04:10.337+0000][66][info ][gc,start    ] GC(15) Pause Young (Normal) (G1 Evacuation Pause)
[2025-08-06T21:04:10.338+0000][66][info ][gc,task     ] GC(15) Using 4 workers of 4 for evacuation
[2025-08-06T21:04:10.340+0000][66][debug][gc,age      ] GC(15) Desired survivor size 10485760 bytes, new threshold 5 (max threshold 15)
[2025-08-06T21:04:10.354+0000][66][info ][gc,phases   ] GC(15)   Pre Evacuate Collection Set: 0.3ms
[2025-08-06T21:04:10.355+0000][66][info ][gc,phases   ] GC(15)   Merge Heap Roots: 0.2ms
[2025-08-06T21:04:10.356+0000][66][info ][gc,phases   ] GC(15)   Evacuate Collection Set: 9.6ms
[2025-08-06T21:04:10.357+0000][66][info ][gc,phases   ] GC(15)   Post Evacuate Collection Set: 1.8ms
[2025-08-06T21:04:10.358+0000][66][info ][gc,phases   ] GC(15)   Other: 3.4ms
[2025-08-06T21:04:10.360+0000][66][trace][gc,age      ] GC(15) Age table with threshold 5 (max threshold 15)
[2025-08-06T21:04:10.361+0000][66][trace][gc,age      ] GC(15) - age   1:    8996520 bytes,    8996520 total
[2025-08-06T21:04:10.361+0000][66][trace][gc,age      ] GC(15) - age   2:    2551704 bytes,   11548224 total
[2025-08-06T21:04:10.363+0000][66][trace][gc,age      ] GC(15) - age   3:     563000 bytes,   12111224 total
[2025-08-06T21:04:10.364+0000][66][trace][gc,age      ] GC(15) - age   4:     854640 bytes,   12965864 total
[2025-08-06T21:04:10.365+0000][66][trace][gc,age      ] GC(15) - age   5:    2927448 bytes,   15893312 total
[2025-08-06T21:04:10.367+0000][66][info ][gc,heap     ] GC(15) Eden regions: 35->0(33)
[2025-08-06T21:04:10.368+0000][66][info ][gc,heap     ] GC(15) Survivor regions: 3->5(5)
[2025-08-06T21:04:10.369+0000][66][info ][gc,heap     ] GC(15) Old regions: 6->7
[2025-08-06T21:04:10.370+0000][66][info ][gc,heap     ] GC(15) Humongous regions: 0->0
[2025-08-06T21:04:10.371+0000][66][info ][gc,metaspace] GC(15) Metaspace: 46718K(48064K)->46718K(48064K) NonClass: 41181K(41984K)->41181K(41984K) Class: 5537K(6080K)->5537K(6080K)
[2025-08-06T21:04:10.372+0000][66][info ][gc          ] GC(15) Pause Young (Normal) (G1 Evacuation Pause) 174M->43M(256M) 35.123ms
[2025-08-06T21:04:10.373+0000][66][info ][gc,cpu      ] GC(15) User=0.03s Sys=0.00s Real=0.04s
[2025-08-06T21:04:10.374+0000][66][info ][safepoint   ] Safepoint "G1CollectForAllocation", Time since last: 177562167 ns, Reaching safepoint: 3791 ns, Cleanup: 59750 ns, At safepoint: 36734542 ns, Total: 36798083 ns
[2025-08-06T21:04:10.876+0000][66][info ][gc,start    ] GC(16) Pause Young (Normal) (G1 Evacuation Pause)
[2025-08-06T21:04:10.879+0000][66][info ][gc,task     ] GC(16) Using 4 workers of 4 for evacuation
[2025-08-06T21:04:10.880+0000][66][debug][gc,age      ] GC(16) Desired survivor size 10485760 bytes, new threshold 2 (max threshold 15)
[2025-08-06T21:04:10.903+0000][66][info ][gc,phases   ] GC(16)   Pre Evacuate Collection Set: 0.5ms
[2025-08-06T21:04:10.905+0000][66][info ][gc,phases   ] GC(16)   Merge Heap Roots: 0.1ms
[2025-08-06T21:04:10.906+0000][66][info ][gc,phases   ] GC(16)   Evacuate Collection Set: 18.4ms
[2025-08-06T21:04:10.907+0000][66][info ][gc,phases   ] GC(16)   Post Evacuate Collection Set: 2.6ms
[2025-08-06T21:04:10.909+0000][66][info ][gc,phases   ] GC(16)   Other: 2.9ms
[2025-08-06T21:04:10.912+0000][66][trace][gc,age      ] GC(16) Age table with threshold 2 (max threshold 15)
[2025-08-06T21:04:10.913+0000][66][trace][gc,age      ] GC(16) - age   1:    7228960 bytes,    7228960 total
[2025-08-06T21:04:10.914+0000][66][trace][gc,age      ] GC(16) - age   2:    8582944 bytes,   15811904 total
[2025-08-06T21:04:10.915+0000][66][info ][gc,heap     ] GC(16) Eden regions: 33->0(34)
[2025-08-06T21:04:10.916+0000][66][info ][gc,heap     ] GC(16) Survivor regions: 5->4(5)
[2025-08-06T21:04:10.922+0000][66][info ][gc,heap     ] GC(16) Old regions: 7->9
[2025-08-06T21:04:10.924+0000][66][info ][gc,heap     ] GC(16) Humongous regions: 0->0
[2025-08-06T21:04:10.925+0000][66][info ][gc,metaspace] GC(16) Metaspace: 47049K(48384K)->47049K(48384K) NonClass: 41465K(42240K)->41465K(42240K) Class: 5583K(6144K)->5583K(6144K)
[2025-08-06T21:04:10.927+0000][66][info ][gc          ] GC(16) Pause Young (Normal) (G1 Evacuation Pause) 175M->50M(256M) 50.702ms
[2025-08-06T21:04:10.930+0000][66][info ][gc,cpu      ] GC(16) User=0.07s Sys=0.00s Real=0.05s
[2025-08-06T21:04:10.932+0000][66][info ][safepoint   ] Safepoint "G1CollectForAllocation", Time since last: 502172917 ns, Reaching safepoint: 4542 ns, Cleanup: 109291 ns, At safepoint: 56214042 ns, Total: 56327875 ns
[2025-08-06T21:04:11.354+0000][66][info ][safepoint   ] Safepoint "ICBufferFull", Time since last: 421884250 ns, Reaching safepoint: 3042 ns, Cleanup: 109125 ns, At safepoint: 3375 ns, Total: 115542 ns
[2025-08-06T21:04:11.523+0000][66][info ][gc,start    ] GC(17) Pause Young (Normal) (G1 Evacuation Pause)
[2025-08-06T21:04:11.525+0000][66][info ][gc,task     ] GC(17) Using 4 workers of 4 for evacuation
[2025-08-06T21:04:11.526+0000][66][debug][gc,age      ] GC(17) Desired survivor size 10485760 bytes, new threshold 2 (max threshold 15)
[2025-08-06T21:04:11.544+0000][66][info ][gc,phases   ] GC(17)   Pre Evacuate Collection Set: 0.1ms
[2025-08-06T21:04:11.547+0000][66][info ][gc,phases   ] GC(17)   Merge Heap Roots: 0.1ms
[2025-08-06T21:04:11.556+0000][66][info ][gc,phases   ] GC(17)   Evacuate Collection Set: 15.6ms
[2025-08-06T21:04:11.563+0000][66][info ][gc,phases   ] GC(17)   Post Evacuate Collection Set: 1.3ms
[2025-08-06T21:04:11.566+0000][66][info ][gc,phases   ] GC(17)   Other: 2.1ms
[2025-08-06T21:04:11.568+0000][66][trace][gc,age      ] GC(17) Age table with threshold 2 (max threshold 15)
[2025-08-06T21:04:11.570+0000][66][trace][gc,age      ] GC(17) - age   1:    7035120 bytes,    7035120 total
[2025-08-06T21:04:11.571+0000][66][trace][gc,age      ] GC(17) - age   2:    6933496 bytes,   13968616 total
[2025-08-06T21:04:11.572+0000][66][info ][gc,heap     ] GC(17) Eden regions: 34->0(34)
[2025-08-06T21:04:11.574+0000][66][info ][gc,heap     ] GC(17) Survivor regions: 4->4(5)
[2025-08-06T21:04:11.575+0000][66][info ][gc,heap     ] GC(17) Old regions: 9->11
[2025-08-06T21:04:11.576+0000][66][info ][gc,heap     ] GC(17) Humongous regions: 0->0
[2025-08-06T21:04:11.578+0000][66][info ][gc,metaspace] GC(17) Metaspace: 53120K(54528K)->53120K(54528K) NonClass: 46667K(47488K)->46667K(47488K) Class: 6452K(7040K)->6452K(7040K)
[2025-08-06T21:04:11.580+0000][66][info ][gc          ] GC(17) Pause Young (Normal) (G1 Evacuation Pause) 186M->57M(256M) 56.728ms
[2025-08-06T21:04:11.582+0000][66][info ][gc,cpu      ] GC(17) User=0.05s Sys=0.00s Real=0.05s
[2025-08-06T21:04:11.583+0000][66][info ][safepoint   ] Safepoint "G1CollectForAllocation", Time since last: 168880917 ns, Reaching safepoint: 3583 ns, Cleanup: 123750 ns, At safepoint: 59680458 ns, Total: 59807791 ns
[2025-08-06T21:04:11.641+0000][66][info ][gc,heap,exit] Heap
[2025-08-06T21:04:11.643+0000][66][info ][gc,heap,exit]  garbage-first heap   total 262144K, used 107187K [0x00000000f0000000, 0x0000000100000000)
[2025-08-06T21:04:11.644+0000][66][info ][gc,heap,exit]   region size 4096K, 16 young (65536K), 4 survivors (16384K)
[2025-08-06T21:04:11.646+0000][66][info ][gc,heap,exit]  Metaspace       used 53249K, committed 54656K, reserved 1114112K
[2025-08-06T21:04:11.647+0000][66][info ][gc,heap,exit]   class space    used 6475K, committed 7040K, reserved 1048576K
