[2025-08-06T21:05:27.810+0000][32][info][gc,init] CardTable entry size: 512
[2025-08-06T21:05:27.812+0000][32][info][gc     ] Using G1
[2025-08-06T21:05:27.832+0000][32][info][gc,init] Version: 21.0.1+12-29 (release)
[2025-08-06T21:05:27.833+0000][32][info][gc,init] CPUs: 4 total, 4 available
[2025-08-06T21:05:27.834+0000][32][info][gc,init] Memory: 7851M
[2025-08-06T21:05:27.835+0000][32][info][gc,init] Large Page Support: Disabled
[2025-08-06T21:05:27.836+0000][32][info][gc,init] NUMA Support: Disabled
[2025-08-06T21:05:27.837+0000][32][info][gc,init] Compressed Oops: Enabled (32-bit)
[2025-08-06T21:05:27.838+0000][32][info][gc,init] Heap Region Size: 1M
[2025-08-06T21:05:27.839+0000][32][info][gc,init] Heap Min Capacity: 256M
[2025-08-06T21:05:27.840+0000][32][info][gc,init] Heap Initial Capacity: 256M
[2025-08-06T21:05:27.841+0000][32][info][gc,init] Heap Max Capacity: 256M
[2025-08-06T21:05:27.842+0000][32][info][gc,init] Pre-touch: Disabled
[2025-08-06T21:05:27.842+0000][32][info][gc,init] Parallel Workers: 4
[2025-08-06T21:05:27.843+0000][32][info][gc,init] Concurrent Workers: 1
[2025-08-06T21:05:27.844+0000][32][info][gc,init] Concurrent Refinement Workers: 4
[2025-08-06T21:05:27.845+0000][32][info][gc,init] Periodic GC: Disabled
[2025-08-06T21:05:27.854+0000][32][info][gc,metaspace] CDS archive(s) mapped at: [0x0000000200000000-0x0000000200cb0000-0x0000000200cb0000), size 13303808, SharedBaseAddress: 0x0000000200000000, ArchiveRelocationMode: 1.
[2025-08-06T21:05:27.856+0000][32][info][gc,metaspace] Compressed class space mapped at: 0x0000000201000000-0x0000000241000000, reserved size: 1073741824
[2025-08-06T21:05:27.857+0000][32][info][gc,metaspace] Narrow klass base: 0x0000000200000000, Narrow klass shift: 0, Narrow klass range: 0x100000000
[2025-08-06T21:05:28.001+0000][32][info][gc,heap,exit] Heap
[2025-08-06T21:05:28.004+0000][32][info][gc,heap,exit]  garbage-first heap   total 262144K, used 2878K [0x00000000f0000000, 0x0000000100000000)
[2025-08-06T21:05:28.008+0000][32][info][gc,heap,exit]   region size 1024K, 2 young (2048K), 0 survivors (0K)
[2025-08-06T21:05:28.009+0000][32][info][gc,heap,exit]  Metaspace       used 199K, committed 384K, reserved 1114112K
[2025-08-06T21:05:28.010+0000][32][info][gc,heap,exit]   class space    used 5K, committed 128K, reserved 1048576K
