[2025-08-06T21:04:03.090+0000][48][info][gc,init] CardTable entry size: 512
[2025-08-06T21:04:03.092+0000][48][info][gc     ] Using G1
[2025-08-06T21:04:03.097+0000][48][info][gc,init] Version: 21.0.1+12-29 (release)
[2025-08-06T21:04:03.098+0000][48][info][gc,init] CPUs: 4 total, 4 available
[2025-08-06T21:04:03.099+0000][48][info][gc,init] Memory: 7851M
[2025-08-06T21:04:03.100+0000][48][info][gc,init] Large Page Support: Disabled
[2025-08-06T21:04:03.101+0000][48][info][gc,init] NUMA Support: Disabled
[2025-08-06T21:04:03.102+0000][48][info][gc,init] Compressed Oops: Enabled (32-bit)
[2025-08-06T21:04:03.104+0000][48][info][gc,init] Heap Region Size: 1M
[2025-08-06T21:04:03.105+0000][48][info][gc,init] Heap Min Capacity: 256M
[2025-08-06T21:04:03.106+0000][48][info][gc,init] Heap Initial Capacity: 256M
[2025-08-06T21:04:03.108+0000][48][info][gc,init] Heap Max Capacity: 256M
[2025-08-06T21:04:03.109+0000][48][info][gc,init] Pre-touch: Disabled
[2025-08-06T21:04:03.110+0000][48][info][gc,init] Parallel Workers: 4
[2025-08-06T21:04:03.111+0000][48][info][gc,init] Concurrent Workers: 1
[2025-08-06T21:04:03.112+0000][48][info][gc,init] Concurrent Refinement Workers: 4
[2025-08-06T21:04:03.113+0000][48][info][gc,init] Periodic GC: Disabled
[2025-08-06T21:04:03.123+0000][48][info][gc,metaspace] CDS archive(s) mapped at: [0x0000001800000000-0x0000001800cb0000-0x0000001800cb0000), size 13303808, SharedBaseAddress: 0x0000001800000000, ArchiveRelocationMode: 1.
[2025-08-06T21:04:03.126+0000][48][info][gc,metaspace] Compressed class space mapped at: 0x0000001801000000-0x0000001841000000, reserved size: 1073741824
[2025-08-06T21:04:03.130+0000][48][info][gc,metaspace] Narrow klass base: 0x0000001800000000, Narrow klass shift: 0, Narrow klass range: 0x100000000
[2025-08-06T21:04:03.224+0000][48][info][gc,heap,exit] Heap
[2025-08-06T21:04:03.226+0000][48][info][gc,heap,exit]  garbage-first heap   total 262144K, used 2878K [0x00000000f0000000, 0x0000000100000000)
[2025-08-06T21:04:03.228+0000][48][info][gc,heap,exit]   region size 1024K, 2 young (2048K), 0 survivors (0K)
[2025-08-06T21:04:03.229+0000][48][info][gc,heap,exit]  Metaspace       used 213K, committed 448K, reserved 1114112K
[2025-08-06T21:04:03.231+0000][48][info][gc,heap,exit]   class space    used 5K, committed 128K, reserved 1048576K
