[2025-08-06T21:03:50.871+0000][29][info][gc,init] CardTable entry size: 512
[2025-08-06T21:03:50.872+0000][29][info][gc     ] Using G1
[2025-08-06T21:03:50.878+0000][29][info][gc,init] Version: 21.0.1+12-29 (release)
[2025-08-06T21:03:50.879+0000][29][info][gc,init] CPUs: 4 total, 4 available
[2025-08-06T21:03:50.879+0000][29][info][gc,init] Memory: 7851M
[2025-08-06T21:03:50.881+0000][29][info][gc,init] Large Page Support: Disabled
[2025-08-06T21:03:50.882+0000][29][info][gc,init] NUMA Support: Disabled
[2025-08-06T21:03:50.883+0000][29][info][gc,init] Compressed Oops: Enabled (32-bit)
[2025-08-06T21:03:50.884+0000][29][info][gc,init] Heap Region Size: 1M
[2025-08-06T21:03:50.884+0000][29][info][gc,init] Heap Min Capacity: 256M
[2025-08-06T21:03:50.885+0000][29][info][gc,init] Heap Initial Capacity: 256M
[2025-08-06T21:03:50.886+0000][29][info][gc,init] Heap Max Capacity: 256M
[2025-08-06T21:03:50.887+0000][29][info][gc,init] Pre-touch: Disabled
[2025-08-06T21:03:50.888+0000][29][info][gc,init] Parallel Workers: 4
[2025-08-06T21:03:50.889+0000][29][info][gc,init] Concurrent Workers: 1
[2025-08-06T21:03:50.890+0000][29][info][gc,init] Concurrent Refinement Workers: 4
[2025-08-06T21:03:50.891+0000][29][info][gc,init] Periodic GC: Disabled
[2025-08-06T21:03:50.898+0000][29][info][gc,metaspace] CDS archive(s) mapped at: [0x0000002800000000-0x0000002800cb0000-0x0000002800cb0000), size 13303808, SharedBaseAddress: 0x0000002800000000, ArchiveRelocationMode: 1.
[2025-08-06T21:03:50.899+0000][29][info][gc,metaspace] Compressed class space mapped at: 0x0000002801000000-0x0000002841000000, reserved size: 1073741824
[2025-08-06T21:03:50.900+0000][29][info][gc,metaspace] Narrow klass base: 0x0000002800000000, Narrow klass shift: 0, Narrow klass range: 0x100000000
[2025-08-06T21:03:50.947+0000][29][info][gc,heap,exit] Heap
[2025-08-06T21:03:50.949+0000][29][info][gc,heap,exit]  garbage-first heap   total 262144K, used 3101K [0x00000000f0000000, 0x0000000100000000)
[2025-08-06T21:03:50.951+0000][29][info][gc,heap,exit]   region size 1024K, 2 young (2048K), 0 survivors (0K)
[2025-08-06T21:03:50.952+0000][29][info][gc,heap,exit]  Metaspace       used 198K, committed 384K, reserved 1114112K
[2025-08-06T21:03:50.953+0000][29][info][gc,heap,exit]   class space    used 5K, committed 128K, reserved 1048576K
