[2025-08-06T21:28:21.726+0000][66][info][gc,init] CardTable entry size: 512
[2025-08-06T21:28:21.727+0000][66][info][gc     ] Using G1
[2025-08-06T21:28:22.009+0000][66][info][gc,init] Version: 21.0.1+12-29 (release)
[2025-08-06T21:28:22.010+0000][66][info][gc,init] CPUs: 4 total, 4 available
[2025-08-06T21:28:22.011+0000][66][info][gc,init] Memory: 7851M
[2025-08-06T21:28:22.012+0000][66][info][gc,init] Large Page Support: Disabled
[2025-08-06T21:28:22.013+0000][66][info][gc,init] NUMA Support: Disabled
[2025-08-06T21:28:22.014+0000][66][info][gc,init] Compressed Oops: Enabled (32-bit)
[2025-08-06T21:28:22.015+0000][66][info][gc,init] Heap Region Size: 4M
[2025-08-06T21:28:22.016+0000][66][info][gc,init] Heap Min Capacity: 256M
[2025-08-06T21:28:22.017+0000][66][info][gc,init] Heap Initial Capacity: 256M
[2025-08-06T21:28:22.020+0000][66][info][gc,init] Heap Max Capacity: 256M
[2025-08-06T21:28:22.021+0000][66][info][gc,init] Pre-touch: Enabled
[2025-08-06T21:28:22.022+0000][66][info][gc,init] Parallel Workers: 4
[2025-08-06T21:28:22.023+0000][66][info][gc,init] Concurrent Workers: 1
[2025-08-06T21:28:22.023+0000][66][info][gc,init] Concurrent Refinement Workers: 4
[2025-08-06T21:28:22.024+0000][66][info][gc,init] Periodic GC: Disabled
[2025-08-06T21:28:22.035+0000][66][info][gc,metaspace] CDS archive(s) mapped at: [0x0000000700000000-0x0000000700cb0000-0x0000000700cb0000), size 13303808, SharedBaseAddress: 0x0000000700000000, ArchiveRelocationMode: 1.
[2025-08-06T21:28:22.036+0000][66][info][gc,metaspace] Compressed class space mapped at: 0x0000000701000000-0x0000000741000000, reserved size: 1073741824
[2025-08-06T21:28:22.037+0000][66][info][gc,metaspace] Narrow klass base: 0x0000000700000000, Narrow klass shift: 0, Narrow klass range: 0x100000000
[2025-08-06T21:28:22.224+0000][66][info][safepoint   ] Safepoint "ICBufferFull", Time since last: 175496625 ns, Reaching safepoint: 3250 ns, Cleanup: 66625 ns, At safepoint: 14917 ns, Total: 84792 ns
[2025-08-06T21:28:22.290+0000][66][info][gc,start    ] GC(0) Pause Young (Normal) (G1 Evacuation Pause)
[2025-08-06T21:28:22.291+0000][66][info][gc,task     ] GC(0) Using 4 workers of 4 for evacuation
[2025-08-06T21:28:22.293+0000][66][debug][gc,age      ] GC(0) Desired survivor size 2097152 bytes, new threshold 15 (max threshold 15)
[2025-08-06T21:28:22.300+0000][66][info ][gc,phases   ] GC(0)   Pre Evacuate Collection Set: 0.1ms
[2025-08-06T21:28:22.301+0000][66][info ][gc,phases   ] GC(0)   Merge Heap Roots: 0.0ms
[2025-08-06T21:28:22.303+0000][66][info ][gc,phases   ] GC(0)   Evacuate Collection Set: 5.7ms
[2025-08-06T21:28:22.304+0000][66][info ][gc,phases   ] GC(0)   Post Evacuate Collection Set: 0.2ms
[2025-08-06T21:28:22.305+0000][66][info ][gc,phases   ] GC(0)   Other: 2.6ms
[2025-08-06T21:28:22.306+0000][66][trace][gc,age      ] GC(0) Age table with threshold 15 (max threshold 15)
[2025-08-06T21:28:22.306+0000][66][trace][gc,age      ] GC(0) - age   1:     419376 bytes,     419376 total
[2025-08-06T21:28:22.307+0000][66][info ][gc,heap     ] GC(0) Eden regions: 3->0(10)
[2025-08-06T21:28:22.308+0000][66][info ][gc,heap     ] GC(0) Survivor regions: 0->1(1)
[2025-08-06T21:28:22.309+0000][66][info ][gc,heap     ] GC(0) Old regions: 1->1
[2025-08-06T21:28:22.310+0000][66][info ][gc,heap     ] GC(0) Humongous regions: 0->0
[2025-08-06T21:28:22.311+0000][66][info ][gc,metaspace] GC(0) Metaspace: 696K(896K)->696K(896K) NonClass: 650K(768K)->650K(768K) Class: 46K(128K)->46K(128K)
[2025-08-06T21:28:22.312+0000][66][info ][gc          ] GC(0) Pause Young (Normal) (G1 Evacuation Pause) 13M->1M(256M) 22.080ms
[2025-08-06T21:28:22.313+0000][66][info ][gc,cpu      ] GC(0) User=0.02s Sys=0.00s Real=0.02s
[2025-08-06T21:28:22.314+0000][66][info ][safepoint   ] Safepoint "G1CollectForAllocation", Time since last: 65615625 ns, Reaching safepoint: 3833 ns, Cleanup: 22583 ns, At safepoint: 24163084 ns, Total: 24189500 ns
[2025-08-06T21:28:22.776+0000][66][info ][safepoint   ] Safepoint "ICBufferFull", Time since last: 462101208 ns, Reaching safepoint: 2625 ns, Cleanup: 88084 ns, At safepoint: 16250 ns, Total: 106959 ns
[2025-08-06T21:28:23.123+0000][66][info ][safepoint   ] Safepoint "ICBufferFull", Time since last: 346952083 ns, Reaching safepoint: 6542 ns, Cleanup: 77291 ns, At safepoint: 2500 ns, Total: 86333 ns
[2025-08-06T21:28:23.569+0000][66][info ][safepoint   ] Safepoint "ICBufferFull", Time since last: 445640042 ns, Reaching safepoint: 2625 ns, Cleanup: 90209 ns, At safepoint: 2208 ns, Total: 95042 ns
[2025-08-06T21:28:23.743+0000][66][info ][gc,start    ] GC(1) Pause Young (Normal) (G1 Evacuation Pause)
[2025-08-06T21:28:23.745+0000][66][info ][gc,task     ] GC(1) Using 4 workers of 4 for evacuation
[2025-08-06T21:28:23.746+0000][66][debug][gc,age      ] GC(1) Desired survivor size 4194304 bytes, new threshold 15 (max threshold 15)
[2025-08-06T21:28:23.763+0000][66][info ][gc,phases   ] GC(1)   Pre Evacuate Collection Set: 0.1ms
[2025-08-06T21:28:23.764+0000][66][info ][gc,phases   ] GC(1)   Merge Heap Roots: 0.0ms
[2025-08-06T21:28:23.765+0000][66][info ][gc,phases   ] GC(1)   Evacuate Collection Set: 10.8ms
[2025-08-06T21:28:23.767+0000][66][info ][gc,phases   ] GC(1)   Post Evacuate Collection Set: 0.5ms
[2025-08-06T21:28:23.767+0000][66][info ][gc,phases   ] GC(1)   Other: 6.5ms
[2025-08-06T21:28:23.768+0000][66][trace][gc,age      ] GC(1) Age table with threshold 15 (max threshold 15)
[2025-08-06T21:28:23.769+0000][66][trace][gc,age      ] GC(1) - age   1:    4371080 bytes,    4371080 total
[2025-08-06T21:28:23.770+0000][66][trace][gc,age      ] GC(1) - age   2:     400256 bytes,    4771336 total
[2025-08-06T21:28:23.770+0000][66][info ][gc,heap     ] GC(1) Eden regions: 10->0(36)
[2025-08-06T21:28:23.771+0000][66][info ][gc,heap     ] GC(1) Survivor regions: 1->2(2)
[2025-08-06T21:28:23.772+0000][66][info ][gc,heap     ] GC(1) Old regions: 1->1
[2025-08-06T21:28:23.773+0000][66][info ][gc,heap     ] GC(1) Humongous regions: 0->0
[2025-08-06T21:28:23.773+0000][66][info ][gc,metaspace] GC(1) Metaspace: 8622K(8832K)->8622K(8832K) NonClass: 7568K(7680K)->7568K(7680K) Class: 1054K(1152K)->1054K(1152K)
[2025-08-06T21:28:23.774+0000][66][info ][gc          ] GC(1) Pause Young (Normal) (G1 Evacuation Pause) 41M->5M(256M) 30.664ms
[2025-08-06T21:28:23.775+0000][66][info ][gc,cpu      ] GC(1) User=0.01s Sys=0.00s Real=0.03s
[2025-08-06T21:28:23.776+0000][66][info ][safepoint   ] Safepoint "G1CollectForAllocation", Time since last: 174647375 ns, Reaching safepoint: 2625 ns, Cleanup: 43417 ns, At safepoint: 32313333 ns, Total: 32359375 ns
[2025-08-06T21:28:23.920+0000][66][info ][safepoint   ] Safepoint "ICBufferFull", Time since last: 143997500 ns, Reaching safepoint: 5750 ns, Cleanup: 115708 ns, At safepoint: 3459 ns, Total: 124917 ns
[2025-08-06T21:28:24.269+0000][66][info ][safepoint   ] Safepoint "ICBufferFull", Time since last: 348839042 ns, Reaching safepoint: 88083 ns, Cleanup: 100667 ns, At safepoint: 15041 ns, Total: 203791 ns
[2025-08-06T21:28:24.507+0000][66][info ][safepoint   ] Safepoint "ICBufferFull", Time since last: 237385667 ns, Reaching safepoint: 2417 ns, Cleanup: 168583 ns, At safepoint: 46333 ns, Total: 217333 ns
[2025-08-06T21:28:24.766+0000][66][info ][safepoint   ] Safepoint "ICBufferFull", Time since last: 259336334 ns, Reaching safepoint: 2750 ns, Cleanup: 93833 ns, At safepoint: 1667 ns, Total: 98250 ns
[2025-08-06T21:28:25.028+0000][66][info ][safepoint   ] Safepoint "ICBufferFull", Time since last: 261492208 ns, Reaching safepoint: 2750 ns, Cleanup: 96542 ns, At safepoint: 1667 ns, Total: 100959 ns
[2025-08-06T21:28:25.202+0000][66][info ][safepoint   ] Safepoint "ICBufferFull", Time since last: 173898458 ns, Reaching safepoint: 6167 ns, Cleanup: 91000 ns, At safepoint: 2625 ns, Total: 99792 ns
[2025-08-06T21:28:25.386+0000][66][info ][safepoint   ] Safepoint "ICBufferFull", Time since last: 183952791 ns, Reaching safepoint: 3250 ns, Cleanup: 94209 ns, At safepoint: 1916 ns, Total: 99375 ns
[2025-08-06T21:28:25.399+0000][66][info ][gc,start    ] GC(2) Pause Young (Normal) (G1 Evacuation Pause)
[2025-08-06T21:28:25.401+0000][66][info ][gc,task     ] GC(2) Using 4 workers of 4 for evacuation
[2025-08-06T21:28:25.403+0000][66][debug][gc,age      ] GC(2) Desired survivor size 10485760 bytes, new threshold 15 (max threshold 15)
[2025-08-06T21:28:25.416+0000][66][info ][gc,phases   ] GC(2)   Pre Evacuate Collection Set: 0.2ms
[2025-08-06T21:28:25.417+0000][66][info ][gc,phases   ] GC(2)   Merge Heap Roots: 0.1ms
[2025-08-06T21:28:25.418+0000][66][info ][gc,phases   ] GC(2)   Evacuate Collection Set: 10.6ms
[2025-08-06T21:28:25.419+0000][66][info ][gc,phases   ] GC(2)   Post Evacuate Collection Set: 0.9ms
[2025-08-06T21:28:25.420+0000][66][info ][gc,phases   ] GC(2)   Other: 3.0ms
[2025-08-06T21:28:25.421+0000][66][trace][gc,age      ] GC(2) Age table with threshold 15 (max threshold 15)
[2025-08-06T21:28:25.422+0000][66][trace][gc,age      ] GC(2) - age   1:    5475096 bytes,    5475096 total
[2025-08-06T21:28:25.423+0000][66][trace][gc,age      ] GC(2) - age   2:    4255416 bytes,    9730512 total
[2025-08-06T21:28:25.423+0000][66][trace][gc,age      ] GC(2) - age   3:     398336 bytes,   10128848 total
[2025-08-06T21:28:25.424+0000][66][info ][gc,heap     ] GC(2) Eden regions: 36->0(34)
[2025-08-06T21:28:25.427+0000][66][info ][gc,heap     ] GC(2) Survivor regions: 2->3(5)
[2025-08-06T21:28:25.429+0000][66][info ][gc,heap     ] GC(2) Old regions: 1->1
[2025-08-06T21:28:25.430+0000][66][info ][gc,heap     ] GC(2) Humongous regions: 0->0
[2025-08-06T21:28:25.431+0000][66][info ][gc,metaspace] GC(2) Metaspace: 19537K(20096K)->19537K(20096K) NonClass: 17385K(17728K)->17385K(17728K) Class: 2151K(2368K)->2151K(2368K)
[2025-08-06T21:28:25.432+0000][66][info ][gc          ] GC(2) Pause Young (Normal) (G1 Evacuation Pause) 149M->10M(256M) 32.434ms
[2025-08-06T21:28:25.432+0000][66][info ][gc,cpu      ] GC(2) User=0.06s Sys=0.00s Real=0.03s
[2025-08-06T21:28:25.433+0000][66][info ][safepoint   ] Safepoint "G1CollectForAllocation", Time since last: 13708292 ns, Reaching safepoint: 3333 ns, Cleanup: 2750 ns, At safepoint: 34197750 ns, Total: 34203833 ns
[2025-08-06T21:28:25.516+0000][66][info ][safepoint   ] Safepoint "ICBufferFull", Time since last: 81902959 ns, Reaching safepoint: 3542 ns, Cleanup: 89583 ns, At safepoint: 15542 ns, Total: 108667 ns
[2025-08-06T21:28:25.599+0000][66][info ][gc,start    ] GC(3) Pause Young (Concurrent Start) (Metadata GC Threshold)
[2025-08-06T21:28:25.600+0000][66][info ][gc,task     ] GC(3) Using 4 workers of 4 for evacuation
[2025-08-06T21:28:25.601+0000][66][debug][gc,age      ] GC(3) Desired survivor size 10485760 bytes, new threshold 15 (max threshold 15)
[2025-08-06T21:28:25.612+0000][66][info ][gc,phases   ] GC(3)   Pre Evacuate Collection Set: 1.0ms
[2025-08-06T21:28:25.613+0000][66][info ][gc,phases   ] GC(3)   Merge Heap Roots: 0.0ms
[2025-08-06T21:28:25.614+0000][66][info ][gc,phases   ] GC(3)   Evacuate Collection Set: 5.6ms
[2025-08-06T21:28:25.615+0000][66][info ][gc,phases   ] GC(3)   Post Evacuate Collection Set: 0.6ms
[2025-08-06T21:28:25.616+0000][66][info ][gc,phases   ] GC(3)   Other: 4.3ms
[2025-08-06T21:28:25.617+0000][66][trace][gc,age      ] GC(3) Age table with threshold 15 (max threshold 15)
[2025-08-06T21:28:25.618+0000][66][trace][gc,age      ] GC(3) - age   1:    1957696 bytes,    1957696 total
[2025-08-06T21:28:25.619+0000][66][trace][gc,age      ] GC(3) - age   2:    4585240 bytes,    6542936 total
[2025-08-06T21:28:25.619+0000][66][trace][gc,age      ] GC(3) - age   3:    4254680 bytes,   10797616 total
[2025-08-06T21:28:25.620+0000][66][trace][gc,age      ] GC(3) - age   4:     398336 bytes,   11195952 total
[2025-08-06T21:28:25.621+0000][66][info ][gc,heap     ] GC(3) Eden regions: 21->0(35)
[2025-08-06T21:28:25.622+0000][66][info ][gc,heap     ] GC(3) Survivor regions: 3->3(5)
[2025-08-06T21:28:25.622+0000][66][info ][gc,heap     ] GC(3) Old regions: 1->1
[2025-08-06T21:28:25.623+0000][66][info ][gc,heap     ] GC(3) Humongous regions: 0->0
[2025-08-06T21:28:25.624+0000][66][info ][gc,metaspace] GC(3) Metaspace: 20991K(21504K)->20991K(21504K) NonClass: 18722K(19008K)->18722K(19008K) Class: 2268K(2496K)->2268K(2496K)
[2025-08-06T21:28:25.625+0000][66][info ][gc          ] GC(3) Pause Young (Concurrent Start) (Metadata GC Threshold) 92M->12M(256M) 26.181ms
[2025-08-06T21:28:25.627+0000][66][info ][gc,cpu      ] GC(3) User=0.04s Sys=0.01s Real=0.02s
[2025-08-06T21:28:25.627+0000][66][info ][gc          ] GC(4) Concurrent Mark Cycle
[2025-08-06T21:28:25.629+0000][66][info ][safepoint   ] Safepoint "CollectForMetadataAllocation", Time since last: 83527833 ns, Reaching safepoint: 2833 ns, Cleanup: 44250 ns, At safepoint: 29898709 ns, Total: 29945792 ns
[2025-08-06T21:28:25.629+0000][66][info ][gc,marking  ] GC(4) Concurrent Scan Root Regions
[2025-08-06T21:28:25.636+0000][66][info ][gc,marking  ] GC(4) Concurrent Scan Root Regions 6.646ms
[2025-08-06T21:28:25.637+0000][66][info ][gc,marking  ] GC(4) Concurrent Mark
[2025-08-06T21:28:25.639+0000][66][info ][gc,marking  ] GC(4) Concurrent Mark From Roots
[2025-08-06T21:28:25.639+0000][66][info ][gc,task     ] GC(4) Using 1 workers of 1 for marking
[2025-08-06T21:28:25.642+0000][66][info ][gc,marking  ] GC(4) Concurrent Mark From Roots 3.095ms
[2025-08-06T21:28:25.642+0000][66][info ][gc,marking  ] GC(4) Concurrent Preclean
[2025-08-06T21:28:25.643+0000][66][info ][gc,marking  ] GC(4) Concurrent Preclean 0.813ms
[2025-08-06T21:28:25.645+0000][66][info ][gc,start    ] GC(4) Pause Remark
[2025-08-06T21:28:25.649+0000][66][info ][gc          ] GC(4) Pause Remark 14M->14M(256M) 4.718ms
[2025-08-06T21:28:25.651+0000][66][info ][gc,cpu      ] GC(4) User=0.01s Sys=0.00s Real=0.01s
[2025-08-06T21:28:25.651+0000][66][info ][safepoint   ] Safepoint "G1PauseRemark", Time since last: 15317000 ns, Reaching safepoint: 379375 ns, Cleanup: 9333 ns, At safepoint: 6507500 ns, Total: 6896208 ns
[2025-08-06T21:28:25.652+0000][66][info ][gc,marking  ] GC(4) Concurrent Mark 14.325ms
[2025-08-06T21:28:25.655+0000][66][info ][gc,marking  ] GC(4) Concurrent Rebuild Remembered Sets and Scrub Regions
[2025-08-06T21:28:25.656+0000][66][info ][gc,marking  ] GC(4) Concurrent Rebuild Remembered Sets and Scrub Regions 1.209ms
[2025-08-06T21:28:25.661+0000][66][info ][gc,start    ] GC(4) Pause Cleanup
[2025-08-06T21:28:25.661+0000][66][info ][gc          ] GC(4) Pause Cleanup 14M->14M(256M) 0.919ms
[2025-08-06T21:28:25.663+0000][66][info ][gc,cpu      ] GC(4) User=0.00s Sys=0.00s Real=0.00s
[2025-08-06T21:28:25.664+0000][66][info ][safepoint   ] Safepoint "G1PauseCleanup", Time since last: 6249167 ns, Reaching safepoint: 3071375 ns, Cleanup: 5458 ns, At safepoint: 3340708 ns, Total: 6417541 ns
[2025-08-06T21:28:25.665+0000][66][info ][gc,marking  ] GC(4) Concurrent Clear Claimed Marks
[2025-08-06T21:28:25.666+0000][66][info ][gc,marking  ] GC(4) Concurrent Clear Claimed Marks 0.924ms
[2025-08-06T21:28:25.666+0000][66][info ][gc,marking  ] GC(4) Concurrent Cleanup for Next Mark
[2025-08-06T21:28:25.668+0000][66][info ][gc,marking  ] GC(4) Concurrent Cleanup for Next Mark 1.077ms
[2025-08-06T21:28:25.668+0000][66][info ][gc          ] GC(4) Concurrent Mark Cycle 40.675ms
[2025-08-06T21:28:25.883+0000][66][info ][safepoint   ] Safepoint "ICBufferFull", Time since last: 218548792 ns, Reaching safepoint: 3167 ns, Cleanup: 91458 ns, At safepoint: 12333 ns, Total: 106958 ns
[2025-08-06T21:28:26.063+0000][66][info ][safepoint   ] Safepoint "ICBufferFull", Time since last: 180474000 ns, Reaching safepoint: 80917 ns, Cleanup: 94583 ns, At safepoint: 14750 ns, Total: 190250 ns
[2025-08-06T21:28:26.194+0000][66][info ][gc,start    ] GC(5) Pause Young (Prepare Mixed) (G1 Evacuation Pause)
[2025-08-06T21:28:26.196+0000][66][info ][gc,task     ] GC(5) Using 4 workers of 4 for evacuation
[2025-08-06T21:28:26.197+0000][66][debug][gc,age      ] GC(5) Desired survivor size 10485760 bytes, new threshold 3 (max threshold 15)
[2025-08-06T21:28:26.213+0000][66][info ][gc,phases   ] GC(5)   Pre Evacuate Collection Set: 0.1ms
[2025-08-06T21:28:26.214+0000][66][info ][gc,phases   ] GC(5)   Merge Heap Roots: 0.0ms
[2025-08-06T21:28:26.215+0000][66][info ][gc,phases   ] GC(5)   Evacuate Collection Set: 13.4ms
[2025-08-06T21:28:26.217+0000][66][info ][gc,phases   ] GC(5)   Post Evacuate Collection Set: 1.1ms
[2025-08-06T21:28:26.219+0000][66][info ][gc,phases   ] GC(5)   Other: 2.3ms
[2025-08-06T21:28:26.220+0000][66][trace][gc,age      ] GC(5) Age table with threshold 3 (max threshold 15)
[2025-08-06T21:28:26.221+0000][66][trace][gc,age      ] GC(5) - age   1:    5118312 bytes,    5118312 total
[2025-08-06T21:28:26.222+0000][66][trace][gc,age      ] GC(5) - age   2:    1903640 bytes,    7021952 total
[2025-08-06T21:28:26.223+0000][66][trace][gc,age      ] GC(5) - age   3:    4575720 bytes,   11597672 total
[2025-08-06T21:28:26.224+0000][66][info ][gc,heap     ] GC(5) Eden regions: 35->0(34)
[2025-08-06T21:28:26.225+0000][66][info ][gc,heap     ] GC(5) Survivor regions: 3->4(5)
[2025-08-06T21:28:26.226+0000][66][info ][gc,heap     ] GC(5) Old regions: 1->3
[2025-08-06T21:28:26.227+0000][66][info ][gc,heap     ] GC(5) Humongous regions: 0->0
[2025-08-06T21:28:26.228+0000][66][info ][gc,metaspace] GC(5) Metaspace: 27293K(27904K)->27293K(27904K) NonClass: 24244K(24576K)->24244K(24576K) Class: 3048K(3328K)->3048K(3328K)
[2025-08-06T21:28:26.229+0000][66][info ][gc          ] GC(5) Pause Young (Prepare Mixed) (G1 Evacuation Pause) 152M->17M(256M) 35.023ms
[2025-08-06T21:28:26.230+0000][66][info ][gc,cpu      ] GC(5) User=0.04s Sys=0.00s Real=0.04s
[2025-08-06T21:28:26.232+0000][66][info ][safepoint   ] Safepoint "G1CollectForAllocation", Time since last: 130971167 ns, Reaching safepoint: 3292 ns, Cleanup: 73000 ns, At safepoint: 37430083 ns, Total: 37506375 ns
[2025-08-06T21:28:26.335+0000][66][info ][safepoint   ] Safepoint "ICBufferFull", Time since last: 103245459 ns, Reaching safepoint: 3666 ns, Cleanup: 112542 ns, At safepoint: 1708 ns, Total: 117916 ns
[2025-08-06T21:28:26.457+0000][66][info ][gc,start    ] GC(6) Pause Young (Mixed) (G1 Evacuation Pause)
[2025-08-06T21:28:26.459+0000][66][info ][gc,task     ] GC(6) Using 4 workers of 4 for evacuation
[2025-08-06T21:28:26.460+0000][66][debug][gc,age      ] GC(6) Desired survivor size 10485760 bytes, new threshold 3 (max threshold 15)
[2025-08-06T21:28:26.478+0000][66][info ][gc,phases   ] GC(6)   Pre Evacuate Collection Set: 0.3ms
[2025-08-06T21:28:26.479+0000][66][info ][gc,phases   ] GC(6)   Merge Heap Roots: 0.2ms
[2025-08-06T21:28:26.480+0000][66][info ][gc,phases   ] GC(6)   Evacuate Collection Set: 15.1ms
[2025-08-06T21:28:26.482+0000][66][info ][gc,phases   ] GC(6)   Post Evacuate Collection Set: 1.0ms
[2025-08-06T21:28:26.483+0000][66][info ][gc,phases   ] GC(6)   Other: 2.3ms
[2025-08-06T21:28:26.484+0000][66][trace][gc,age      ] GC(6) Age table with threshold 3 (max threshold 15)
[2025-08-06T21:28:26.485+0000][66][trace][gc,age      ] GC(6) - age   1:    4149752 bytes,    4149752 total
[2025-08-06T21:28:26.486+0000][66][trace][gc,age      ] GC(6) - age   2:    5087984 bytes,    9237736 total
[2025-08-06T21:28:26.487+0000][66][trace][gc,age      ] GC(6) - age   3:    1903208 bytes,   11140944 total
[2025-08-06T21:28:26.489+0000][66][info ][gc,heap     ] GC(6) Eden regions: 34->0(35)
[2025-08-06T21:28:26.489+0000][66][info ][gc,heap     ] GC(6) Survivor regions: 4->3(5)
[2025-08-06T21:28:26.491+0000][66][info ][gc,heap     ] GC(6) Old regions: 3->3
[2025-08-06T21:28:26.492+0000][66][info ][gc,heap     ] GC(6) Humongous regions: 0->0
[2025-08-06T21:28:26.493+0000][66][info ][gc,metaspace] GC(6) Metaspace: 28291K(28928K)->28291K(28928K) NonClass: 25102K(25472K)->25102K(25472K) Class: 3188K(3456K)->3188K(3456K)
[2025-08-06T21:28:26.494+0000][66][info ][gc          ] GC(6) Pause Young (Mixed) (G1 Evacuation Pause) 153M->21M(256M) 36.126ms
[2025-08-06T21:28:26.495+0000][66][info ][gc,cpu      ] GC(6) User=0.02s Sys=0.00s Real=0.03s
[2025-08-06T21:28:26.496+0000][66][info ][safepoint   ] Safepoint "G1CollectForAllocation", Time since last: 122273625 ns, Reaching safepoint: 3417 ns, Cleanup: 150292 ns, At safepoint: 38114916 ns, Total: 38268625 ns
[2025-08-06T21:28:26.647+0000][66][info ][gc,start    ] GC(7) Pause Young (Normal) (G1 Evacuation Pause)
[2025-08-06T21:28:26.649+0000][66][info ][gc,task     ] GC(7) Using 4 workers of 4 for evacuation
[2025-08-06T21:28:26.652+0000][66][debug][gc,age      ] GC(7) Desired survivor size 10485760 bytes, new threshold 3 (max threshold 15)
[2025-08-06T21:28:26.659+0000][66][info ][gc,phases   ] GC(7)   Pre Evacuate Collection Set: 0.6ms
[2025-08-06T21:28:26.661+0000][66][info ][gc,phases   ] GC(7)   Merge Heap Roots: 0.1ms
[2025-08-06T21:28:26.662+0000][66][info ][gc,phases   ] GC(7)   Evacuate Collection Set: 5.3ms
[2025-08-06T21:28:26.663+0000][66][info ][gc,phases   ] GC(7)   Post Evacuate Collection Set: 0.6ms
[2025-08-06T21:28:26.664+0000][66][info ][gc,phases   ] GC(7)   Other: 3.7ms
[2025-08-06T21:28:26.666+0000][66][trace][gc,age      ] GC(7) Age table with threshold 3 (max threshold 15)
[2025-08-06T21:28:26.667+0000][66][trace][gc,age      ] GC(7) - age   1:    3002248 bytes,    3002248 total
[2025-08-06T21:28:26.668+0000][66][trace][gc,age      ] GC(7) - age   2:    2502888 bytes,    5505136 total
[2025-08-06T21:28:26.668+0000][66][trace][gc,age      ] GC(7) - age   3:    5087552 bytes,   10592688 total
[2025-08-06T21:28:26.669+0000][66][info ][gc,heap     ] GC(7) Eden regions: 35->0(35)
[2025-08-06T21:28:26.670+0000][66][info ][gc,heap     ] GC(7) Survivor regions: 3->3(5)
[2025-08-06T21:28:26.671+0000][66][info ][gc,heap     ] GC(7) Old regions: 3->4
[2025-08-06T21:28:26.671+0000][66][info ][gc,heap     ] GC(7) Humongous regions: 0->0
[2025-08-06T21:28:26.673+0000][66][info ][gc,metaspace] GC(7) Metaspace: 28602K(29312K)->28602K(29312K) NonClass: 25372K(25792K)->25372K(25792K) Class: 3229K(3520K)->3229K(3520K)
[2025-08-06T21:28:26.673+0000][66][info ][gc          ] GC(7) Pause Young (Normal) (G1 Evacuation Pause) 161M->23M(256M) 26.616ms
[2025-08-06T21:28:26.675+0000][66][info ][gc,cpu      ] GC(7) User=0.02s Sys=0.01s Real=0.03s
[2025-08-06T21:28:26.676+0000][66][info ][safepoint   ] Safepoint "G1CollectForAllocation", Time since last: 151203209 ns, Reaching safepoint: 3791 ns, Cleanup: 76750 ns, At safepoint: 28692834 ns, Total: 28773375 ns
[2025-08-06T21:28:26.966+0000][66][info ][safepoint   ] Safepoint "ICBufferFull", Time since last: 290034083 ns, Reaching safepoint: 2792 ns, Cleanup: 106417 ns, At safepoint: 1958 ns, Total: 111167 ns
[2025-08-06T21:28:26.969+0000][66][info ][gc,start    ] GC(8) Pause Young (Normal) (G1 Evacuation Pause)
[2025-08-06T21:28:26.971+0000][66][info ][gc,task     ] GC(8) Using 4 workers of 4 for evacuation
[2025-08-06T21:28:26.972+0000][66][debug][gc,age      ] GC(8) Desired survivor size 10485760 bytes, new threshold 3 (max threshold 15)
[2025-08-06T21:28:26.981+0000][66][info ][gc,phases   ] GC(8)   Pre Evacuate Collection Set: 0.6ms
[2025-08-06T21:28:26.982+0000][66][info ][gc,phases   ] GC(8)   Merge Heap Roots: 0.0ms
[2025-08-06T21:28:26.983+0000][66][info ][gc,phases   ] GC(8)   Evacuate Collection Set: 6.7ms
[2025-08-06T21:28:26.984+0000][66][info ][gc,phases   ] GC(8)   Post Evacuate Collection Set: 0.3ms
[2025-08-06T21:28:26.985+0000][66][info ][gc,phases   ] GC(8)   Other: 2.9ms
[2025-08-06T21:28:26.986+0000][66][trace][gc,age      ] GC(8) Age table with threshold 3 (max threshold 15)
[2025-08-06T21:28:26.987+0000][66][trace][gc,age      ] GC(8) - age   1:    2813672 bytes,    2813672 total
[2025-08-06T21:28:26.987+0000][66][trace][gc,age      ] GC(8) - age   2:    1699792 bytes,    4513464 total
[2025-08-06T21:28:26.988+0000][66][trace][gc,age      ] GC(8) - age   3:    2502600 bytes,    7016064 total
[2025-08-06T21:28:26.990+0000][66][info ][gc,heap     ] GC(8) Eden regions: 35->0(36)
[2025-08-06T21:28:26.991+0000][66][info ][gc,heap     ] GC(8) Survivor regions: 3->2(5)
[2025-08-06T21:28:26.992+0000][66][info ][gc,heap     ] GC(8) Old regions: 4->5
[2025-08-06T21:28:26.992+0000][66][info ][gc,heap     ] GC(8) Humongous regions: 0->0
[2025-08-06T21:28:26.993+0000][66][info ][gc,metaspace] GC(8) Metaspace: 30419K(31168K)->30419K(31168K) NonClass: 27007K(27456K)->27007K(27456K) Class: 3412K(3712K)->3412K(3712K)
[2025-08-06T21:28:26.994+0000][66][info ][gc          ] GC(8) Pause Young (Normal) (G1 Evacuation Pause) 163M->25M(256M) 25.110ms
[2025-08-06T21:28:26.995+0000][66][info ][gc,cpu      ] GC(8) User=0.01s Sys=0.01s Real=0.02s
[2025-08-06T21:28:26.997+0000][66][info ][safepoint   ] Safepoint "G1CollectForAllocation", Time since last: 3114333 ns, Reaching safepoint: 223750 ns, Cleanup: 5459 ns, At safepoint: 27853208 ns, Total: 28082417 ns
[2025-08-06T21:28:27.202+0000][66][info ][safepoint   ] Safepoint "ICBufferFull", Time since last: 204941708 ns, Reaching safepoint: 3459 ns, Cleanup: 82875 ns, At safepoint: 1750 ns, Total: 88084 ns
[2025-08-06T21:28:27.248+0000][66][info ][gc,start    ] GC(9) Pause Young (Normal) (G1 Evacuation Pause)
[2025-08-06T21:28:27.249+0000][66][info ][gc,task     ] GC(9) Using 4 workers of 4 for evacuation
[2025-08-06T21:28:27.251+0000][66][debug][gc,age      ] GC(9) Desired survivor size 10485760 bytes, new threshold 15 (max threshold 15)
[2025-08-06T21:28:27.255+0000][66][info ][gc,phases   ] GC(9)   Pre Evacuate Collection Set: 0.1ms
[2025-08-06T21:28:27.256+0000][66][info ][gc,phases   ] GC(9)   Merge Heap Roots: 0.3ms
[2025-08-06T21:28:27.257+0000][66][info ][gc,phases   ] GC(9)   Evacuate Collection Set: 2.7ms
[2025-08-06T21:28:27.258+0000][66][info ][gc,phases   ] GC(9)   Post Evacuate Collection Set: 0.3ms
[2025-08-06T21:28:27.259+0000][66][info ][gc,phases   ] GC(9)   Other: 2.3ms
[2025-08-06T21:28:27.260+0000][66][trace][gc,age      ] GC(9) Age table with threshold 15 (max threshold 15)
[2025-08-06T21:28:27.261+0000][66][trace][gc,age      ] GC(9) - age   1:    3657288 bytes,    3657288 total
[2025-08-06T21:28:27.262+0000][66][trace][gc,age      ] GC(9) - age   2:    2731952 bytes,    6389240 total
[2025-08-06T21:28:27.263+0000][66][trace][gc,age      ] GC(9) - age   3:    1699760 bytes,    8089000 total
[2025-08-06T21:28:27.265+0000][66][trace][gc,age      ] GC(9) - age   4:    2502600 bytes,   10591600 total
[2025-08-06T21:28:27.266+0000][66][info ][gc,heap     ] GC(9) Eden regions: 36->0(35)
[2025-08-06T21:28:27.267+0000][66][info ][gc,heap     ] GC(9) Survivor regions: 2->3(5)
[2025-08-06T21:28:27.268+0000][66][info ][gc,heap     ] GC(9) Old regions: 5->5
[2025-08-06T21:28:27.269+0000][66][info ][gc,heap     ] GC(9) Humongous regions: 0->0
[2025-08-06T21:28:27.270+0000][66][info ][gc,metaspace] GC(9) Metaspace: 34310K(35136K)->34310K(35136K) NonClass: 30440K(30912K)->30440K(30912K) Class: 3870K(4224K)->3870K(4224K)
[2025-08-06T21:28:27.270+0000][66][info ][gc          ] GC(9) Pause Young (Normal) (G1 Evacuation Pause) 169M->28M(256M) 22.440ms
[2025-08-06T21:28:27.271+0000][66][info ][gc,cpu      ] GC(9) User=0.01s Sys=0.00s Real=0.02s
[2025-08-06T21:28:27.272+0000][66][info ][safepoint   ] Safepoint "G1CollectForAllocation", Time since last: 45879708 ns, Reaching safepoint: 3708 ns, Cleanup: 10625 ns, At safepoint: 24604042 ns, Total: 24618375 ns
[2025-08-06T21:28:27.445+0000][66][info ][gc,start    ] GC(10) Pause Young (Concurrent Start) (Metadata GC Threshold)
[2025-08-06T21:28:27.446+0000][66][info ][gc,task     ] GC(10) Using 4 workers of 4 for evacuation
[2025-08-06T21:28:27.447+0000][66][debug][gc,age      ] GC(10) Desired survivor size 10485760 bytes, new threshold 4 (max threshold 15)
[2025-08-06T21:28:27.453+0000][66][info ][gc,phases   ] GC(10)   Pre Evacuate Collection Set: 0.1ms
[2025-08-06T21:28:27.455+0000][66][info ][gc,phases   ] GC(10)   Merge Heap Roots: 0.2ms
[2025-08-06T21:28:27.456+0000][66][info ][gc,phases   ] GC(10)   Evacuate Collection Set: 3.6ms
[2025-08-06T21:28:27.457+0000][66][info ][gc,phases   ] GC(10)   Post Evacuate Collection Set: 0.5ms
[2025-08-06T21:28:27.458+0000][66][info ][gc,phases   ] GC(10)   Other: 2.9ms
[2025-08-06T21:28:27.459+0000][66][trace][gc,age      ] GC(10) Age table with threshold 4 (max threshold 15)
[2025-08-06T21:28:27.460+0000][66][trace][gc,age      ] GC(10) - age   1:    2922256 bytes,    2922256 total
[2025-08-06T21:28:27.461+0000][66][trace][gc,age      ] GC(10) - age   2:    2808104 bytes,    5730360 total
[2025-08-06T21:28:27.462+0000][66][trace][gc,age      ] GC(10) - age   3:    2731824 bytes,    8462184 total
[2025-08-06T21:28:27.463+0000][66][trace][gc,age      ] GC(10) - age   4:    1698488 bytes,   10160672 total
[2025-08-06T21:28:27.465+0000][66][info ][gc,heap     ] GC(10) Eden regions: 26->0(35)
[2025-08-06T21:28:27.466+0000][66][info ][gc,heap     ] GC(10) Survivor regions: 3->3(5)
[2025-08-06T21:28:27.467+0000][66][info ][gc,heap     ] GC(10) Old regions: 5->6
[2025-08-06T21:28:27.468+0000][66][info ][gc,heap     ] GC(10) Humongous regions: 0->0
[2025-08-06T21:28:27.469+0000][66][info ][gc,metaspace] GC(10) Metaspace: 35262K(36096K)->35262K(36096K) NonClass: 31269K(31744K)->31269K(31744K) Class: 3992K(4352K)->3992K(4352K)
[2025-08-06T21:28:27.470+0000][66][info ][gc          ] GC(10) Pause Young (Concurrent Start) (Metadata GC Threshold) 132M->31M(256M) 25.255ms
[2025-08-06T21:28:27.471+0000][66][info ][gc,cpu      ] GC(10) User=0.01s Sys=0.01s Real=0.03s
[2025-08-06T21:28:27.472+0000][66][info ][safepoint   ] Safepoint "CollectForMetadataAllocation", Time since last: 172130167 ns, Reaching safepoint: 3583 ns, Cleanup: 55833 ns, At safepoint: 27523334 ns, Total: 27582750 ns
[2025-08-06T21:28:27.471+0000][66][info ][gc          ] GC(11) Concurrent Mark Cycle
[2025-08-06T21:28:27.474+0000][66][info ][gc,marking  ] GC(11) Concurrent Scan Root Regions
[2025-08-06T21:28:27.478+0000][66][info ][gc,marking  ] GC(11) Concurrent Scan Root Regions 4.071ms
[2025-08-06T21:28:27.479+0000][66][info ][gc,marking  ] GC(11) Concurrent Mark
[2025-08-06T21:28:27.480+0000][66][info ][gc,marking  ] GC(11) Concurrent Mark From Roots
[2025-08-06T21:28:27.481+0000][66][info ][gc,task     ] GC(11) Using 1 workers of 1 for marking
[2025-08-06T21:28:27.497+0000][66][info ][gc,marking  ] GC(11) Concurrent Mark From Roots 17.357ms
[2025-08-06T21:28:27.499+0000][66][info ][gc,marking  ] GC(11) Concurrent Preclean
[2025-08-06T21:28:27.500+0000][66][info ][gc,marking  ] GC(11) Concurrent Preclean 1.383ms
[2025-08-06T21:28:27.502+0000][66][info ][gc,start    ] GC(11) Pause Remark
[2025-08-06T21:28:27.510+0000][66][info ][gc          ] GC(11) Pause Remark 33M->33M(256M) 8.591ms
[2025-08-06T21:28:27.511+0000][66][info ][gc,cpu      ] GC(11) User=0.01s Sys=0.00s Real=0.01s
[2025-08-06T21:28:27.512+0000][66][info ][safepoint   ] Safepoint "G1PauseRemark", Time since last: 28789583 ns, Reaching safepoint: 621750 ns, Cleanup: 23208 ns, At safepoint: 10628584 ns, Total: 11273542 ns
[2025-08-06T21:28:27.513+0000][66][info ][gc,marking  ] GC(11) Concurrent Mark 34.346ms
[2025-08-06T21:28:27.514+0000][66][info ][gc,marking  ] GC(11) Concurrent Rebuild Remembered Sets and Scrub Regions
[2025-08-06T21:28:27.532+0000][66][info ][gc,marking  ] GC(11) Concurrent Rebuild Remembered Sets and Scrub Regions 17.799ms
[2025-08-06T21:28:27.533+0000][66][info ][gc,start    ] GC(11) Pause Cleanup
[2025-08-06T21:28:27.534+0000][66][info ][gc          ] GC(11) Pause Cleanup 35M->35M(256M) 1.331ms
[2025-08-06T21:28:27.535+0000][66][info ][gc,cpu      ] GC(11) User=0.01s Sys=0.00s Real=0.00s
[2025-08-06T21:28:27.536+0000][66][info ][safepoint   ] Safepoint "G1PauseCleanup", Time since last: 20633500 ns, Reaching safepoint: 239958 ns, Cleanup: 26625 ns, At safepoint: 3170375 ns, Total: 3436958 ns
[2025-08-06T21:28:27.537+0000][66][info ][gc,marking  ] GC(11) Concurrent Clear Claimed Marks
[2025-08-06T21:28:27.538+0000][66][info ][gc,marking  ] GC(11) Concurrent Clear Claimed Marks 0.783ms
[2025-08-06T21:28:27.539+0000][66][info ][gc,marking  ] GC(11) Concurrent Cleanup for Next Mark
[2025-08-06T21:28:27.540+0000][66][info ][gc,marking  ] GC(11) Concurrent Cleanup for Next Mark 0.972ms
[2025-08-06T21:28:27.541+0000][66][info ][gc          ] GC(11) Concurrent Mark Cycle 69.814ms
[2025-08-06T21:28:27.698+0000][66][info ][gc,start    ] GC(12) Pause Young (Prepare Mixed) (G1 Evacuation Pause)
[2025-08-06T21:28:27.700+0000][66][info ][gc,task     ] GC(12) Using 4 workers of 4 for evacuation
[2025-08-06T21:28:27.701+0000][66][debug][gc,age      ] GC(12) Desired survivor size 10485760 bytes, new threshold 15 (max threshold 15)
[2025-08-06T21:28:27.708+0000][66][info ][gc,phases   ] GC(12)   Pre Evacuate Collection Set: 0.6ms
[2025-08-06T21:28:27.709+0000][66][info ][gc,phases   ] GC(12)   Merge Heap Roots: 0.1ms
[2025-08-06T21:28:27.711+0000][66][info ][gc,phases   ] GC(12)   Evacuate Collection Set: 4.6ms
[2025-08-06T21:28:27.712+0000][66][info ][gc,phases   ] GC(12)   Post Evacuate Collection Set: 0.7ms
[2025-08-06T21:28:27.713+0000][66][info ][gc,phases   ] GC(12)   Other: 2.2ms
[2025-08-06T21:28:27.714+0000][66][trace][gc,age      ] GC(12) Age table with threshold 15 (max threshold 15)
[2025-08-06T21:28:27.715+0000][66][trace][gc,age      ] GC(12) - age   1:    3023960 bytes,    3023960 total
[2025-08-06T21:28:27.716+0000][66][trace][gc,age      ] GC(12) - age   2:    2912032 bytes,    5935992 total
[2025-08-06T21:28:27.717+0000][66][trace][gc,age      ] GC(12) - age   3:    2808072 bytes,    8744064 total
[2025-08-06T21:28:27.718+0000][66][trace][gc,age      ] GC(12) - age   4:    2731704 bytes,   11475768 total
[2025-08-06T21:28:27.719+0000][66][trace][gc,age      ] GC(12) - age   5:    1698488 bytes,   13174256 total
[2025-08-06T21:28:27.720+0000][66][info ][gc,heap     ] GC(12) Eden regions: 35->0(34)
[2025-08-06T21:28:27.723+0000][66][info ][gc,heap     ] GC(12) Survivor regions: 3->4(5)
[2025-08-06T21:28:27.725+0000][66][info ][gc,heap     ] GC(12) Old regions: 6->6
[2025-08-06T21:28:27.726+0000][66][info ][gc,heap     ] GC(12) Humongous regions: 0->0
[2025-08-06T21:28:27.727+0000][66][info ][gc,metaspace] GC(12) Metaspace: 36122K(36992K)->36122K(36992K) NonClass: 32020K(32512K)->32020K(32512K) Class: 4102K(4480K)->4102K(4480K)
[2025-08-06T21:28:27.728+0000][66][info ][gc          ] GC(12) Pause Young (Prepare Mixed) (G1 Evacuation Pause) 171M->34M(256M) 30.371ms
[2025-08-06T21:28:27.730+0000][66][info ][gc,cpu      ] GC(12) User=0.02s Sys=0.00s Real=0.03s
[2025-08-06T21:28:27.740+0000][66][info ][safepoint   ] Safepoint "G1CollectForAllocation", Time since last: 161313209 ns, Reaching safepoint: 3291 ns, Cleanup: 35792 ns, At safepoint: 42775833 ns, Total: 42814916 ns
[2025-08-06T21:28:27.882+0000][66][info ][gc,start    ] GC(13) Pause Young (Mixed) (G1 Evacuation Pause)
[2025-08-06T21:28:27.884+0000][66][info ][gc,task     ] GC(13) Using 4 workers of 4 for evacuation
[2025-08-06T21:28:27.885+0000][66][debug][gc,age      ] GC(13) Desired survivor size 10485760 bytes, new threshold 4 (max threshold 15)
[2025-08-06T21:28:27.895+0000][66][info ][gc,phases   ] GC(13)   Pre Evacuate Collection Set: 0.3ms
[2025-08-06T21:28:27.897+0000][66][info ][gc,phases   ] GC(13)   Merge Heap Roots: 0.4ms
[2025-08-06T21:28:27.898+0000][66][info ][gc,phases   ] GC(13)   Evacuate Collection Set: 8.4ms
[2025-08-06T21:28:27.899+0000][66][info ][gc,phases   ] GC(13)   Post Evacuate Collection Set: 0.7ms
[2025-08-06T21:28:27.900+0000][66][info ][gc,phases   ] GC(13)   Other: 2.1ms
[2025-08-06T21:28:27.901+0000][66][trace][gc,age      ] GC(13) Age table with threshold 4 (max threshold 15)
[2025-08-06T21:28:27.902+0000][66][trace][gc,age      ] GC(13) - age   1:    2735920 bytes,    2735920 total
[2025-08-06T21:28:27.904+0000][66][trace][gc,age      ] GC(13) - age   2:     851672 bytes,    3587592 total
[2025-08-06T21:28:27.905+0000][66][trace][gc,age      ] GC(13) - age   3:    2912032 bytes,    6499624 total
[2025-08-06T21:28:27.906+0000][66][trace][gc,age      ] GC(13) - age   4:    2808072 bytes,    9307696 total
[2025-08-06T21:28:27.906+0000][66][info ][gc,heap     ] GC(13) Eden regions: 34->0(35)
[2025-08-06T21:28:27.908+0000][66][info ][gc,heap     ] GC(13) Survivor regions: 4->3(5)
[2025-08-06T21:28:27.908+0000][66][info ][gc,heap     ] GC(13) Old regions: 6->7
[2025-08-06T21:28:27.909+0000][66][info ][gc,heap     ] GC(13) Humongous regions: 0->0
[2025-08-06T21:28:27.910+0000][66][info ][gc,metaspace] GC(13) Metaspace: 36345K(37248K)->36345K(37248K) NonClass: 32206K(32768K)->32206K(32768K) Class: 4138K(4480K)->4138K(4480K)
[2025-08-06T21:28:27.911+0000][66][info ][gc          ] GC(13) Pause Young (Mixed) (G1 Evacuation Pause) 170M->33M(256M) 28.403ms
[2025-08-06T21:28:27.912+0000][66][info ][gc,cpu      ] GC(13) User=0.02s Sys=0.00s Real=0.03s
[2025-08-06T21:28:27.913+0000][66][info ][safepoint   ] Safepoint "G1CollectForAllocation", Time since last: 141886042 ns, Reaching safepoint: 3542 ns, Cleanup: 90916 ns, At safepoint: 30382917 ns, Total: 30477375 ns
[2025-08-06T21:28:28.056+0000][66][info ][gc,start    ] GC(14) Pause Young (Normal) (G1 Evacuation Pause)
[2025-08-06T21:28:28.058+0000][66][info ][gc,task     ] GC(14) Using 4 workers of 4 for evacuation
[2025-08-06T21:28:28.059+0000][66][debug][gc,age      ] GC(14) Desired survivor size 10485760 bytes, new threshold 15 (max threshold 15)
[2025-08-06T21:28:28.065+0000][66][info ][gc,phases   ] GC(14)   Pre Evacuate Collection Set: 0.6ms
[2025-08-06T21:28:28.066+0000][66][info ][gc,phases   ] GC(14)   Merge Heap Roots: 0.1ms
[2025-08-06T21:28:28.067+0000][66][info ][gc,phases   ] GC(14)   Evacuate Collection Set: 3.4ms
[2025-08-06T21:28:28.068+0000][66][info ][gc,phases   ] GC(14)   Post Evacuate Collection Set: 0.7ms
[2025-08-06T21:28:28.069+0000][66][info ][gc,phases   ] GC(14)   Other: 2.4ms
[2025-08-06T21:28:28.070+0000][66][trace][gc,age      ] GC(14) Age table with threshold 15 (max threshold 15)
[2025-08-06T21:28:28.071+0000][66][trace][gc,age      ] GC(14) - age   1:    3512360 bytes,    3512360 total
[2025-08-06T21:28:28.072+0000][66][trace][gc,age      ] GC(14) - age   2:     565168 bytes,    4077528 total
[2025-08-06T21:28:28.073+0000][66][trace][gc,age      ] GC(14) - age   3:     851640 bytes,    4929168 total
[2025-08-06T21:28:28.074+0000][66][trace][gc,age      ] GC(14) - age   4:    2912032 bytes,    7841200 total
[2025-08-06T21:28:28.075+0000][66][trace][gc,age      ] GC(14) - age   5:    2808072 bytes,   10649272 total
[2025-08-06T21:28:28.076+0000][66][info ][gc,heap     ] GC(14) Eden regions: 35->0(35)
[2025-08-06T21:28:28.077+0000][66][info ][gc,heap     ] GC(14) Survivor regions: 3->3(5)
[2025-08-06T21:28:28.077+0000][66][info ][gc,heap     ] GC(14) Old regions: 7->7
[2025-08-06T21:28:28.078+0000][66][info ][gc,heap     ] GC(14) Humongous regions: 0->0
[2025-08-06T21:28:28.079+0000][66][info ][gc,metaspace] GC(14) Metaspace: 36418K(37376K)->36418K(37376K) NonClass: 32264K(32832K)->32264K(32832K) Class: 4154K(4544K)->4154K(4544K)
[2025-08-06T21:28:28.080+0000][66][info ][gc          ] GC(14) Pause Young (Normal) (G1 Evacuation Pause) 173M->35M(256M) 23.805ms
[2025-08-06T21:28:28.081+0000][66][info ][gc,cpu      ] GC(14) User=0.02s Sys=0.00s Real=0.03s
[2025-08-06T21:28:28.082+0000][66][info ][safepoint   ] Safepoint "G1CollectForAllocation", Time since last: 143654750 ns, Reaching safepoint: 3000 ns, Cleanup: 20500 ns, At safepoint: 25593500 ns, Total: 25617000 ns
[2025-08-06T21:28:28.363+0000][66][info ][safepoint   ] Safepoint "ICBufferFull", Time since last: 280494167 ns, Reaching safepoint: 105167 ns, Cleanup: 113250 ns, At safepoint: 4041 ns, Total: 222458 ns
[2025-08-06T21:28:28.801+0000][66][info ][safepoint   ] Safepoint "ICBufferFull", Time since last: 438198334 ns, Reaching safepoint: 85291 ns, Cleanup: 95417 ns, At safepoint: 11750 ns, Total: 192458 ns
[2025-08-06T21:28:29.103+0000][66][info ][gc,start    ] GC(15) Pause Young (Normal) (G1 Evacuation Pause)
[2025-08-06T21:28:29.105+0000][66][info ][gc,task     ] GC(15) Using 4 workers of 4 for evacuation
[2025-08-06T21:28:29.106+0000][66][debug][gc,age      ] GC(15) Desired survivor size 10485760 bytes, new threshold 5 (max threshold 15)
[2025-08-06T21:28:29.122+0000][66][info ][gc,phases   ] GC(15)   Pre Evacuate Collection Set: 0.2ms
[2025-08-06T21:28:29.123+0000][66][info ][gc,phases   ] GC(15)   Merge Heap Roots: 0.0ms
[2025-08-06T21:28:29.123+0000][66][info ][gc,phases   ] GC(15)   Evacuate Collection Set: 12.7ms
[2025-08-06T21:28:29.124+0000][66][info ][gc,phases   ] GC(15)   Post Evacuate Collection Set: 1.7ms
[2025-08-06T21:28:29.126+0000][66][info ][gc,phases   ] GC(15)   Other: 2.1ms
[2025-08-06T21:28:29.127+0000][66][trace][gc,age      ] GC(15) Age table with threshold 5 (max threshold 15)
[2025-08-06T21:28:29.128+0000][66][trace][gc,age      ] GC(15) - age   1:    9039632 bytes,    9039632 total
[2025-08-06T21:28:29.129+0000][66][trace][gc,age      ] GC(15) - age   2:    2552712 bytes,   11592344 total
[2025-08-06T21:28:29.130+0000][66][trace][gc,age      ] GC(15) - age   3:     562968 bytes,   12155312 total
[2025-08-06T21:28:29.131+0000][66][trace][gc,age      ] GC(15) - age   4:     840424 bytes,   12995736 total
[2025-08-06T21:28:29.132+0000][66][trace][gc,age      ] GC(15) - age   5:    2903984 bytes,   15899720 total
[2025-08-06T21:28:29.133+0000][66][info ][gc,heap     ] GC(15) Eden regions: 35->0(33)
[2025-08-06T21:28:29.134+0000][66][info ][gc,heap     ] GC(15) Survivor regions: 3->5(5)
[2025-08-06T21:28:29.135+0000][66][info ][gc,heap     ] GC(15) Old regions: 7->7
[2025-08-06T21:28:29.136+0000][66][info ][gc,heap     ] GC(15) Humongous regions: 0->0
[2025-08-06T21:28:29.137+0000][66][info ][gc,metaspace] GC(15) Metaspace: 46870K(48192K)->46870K(48192K) NonClass: 41311K(42112K)->41311K(42112K) Class: 5559K(6080K)->5559K(6080K)
[2025-08-06T21:28:29.137+0000][66][info ][gc          ] GC(15) Pause Young (Normal) (G1 Evacuation Pause) 175M->43M(256M) 34.159ms
[2025-08-06T21:28:29.138+0000][66][info ][gc,cpu      ] GC(15) User=0.03s Sys=0.00s Real=0.04s
[2025-08-06T21:28:29.139+0000][66][info ][safepoint   ] Safepoint "G1CollectForAllocation", Time since last: 301758084 ns, Reaching safepoint: 83333 ns, Cleanup: 112667 ns, At safepoint: 36178958 ns, Total: 36374958 ns
[2025-08-06T21:28:29.868+0000][66][info ][gc,start    ] GC(16) Pause Young (Normal) (G1 Evacuation Pause)
[2025-08-06T21:28:29.871+0000][66][info ][gc,task     ] GC(16) Using 4 workers of 4 for evacuation
[2025-08-06T21:28:29.873+0000][66][debug][gc,age      ] GC(16) Desired survivor size 10485760 bytes, new threshold 2 (max threshold 15)
[2025-08-06T21:28:29.894+0000][66][info ][gc,phases   ] GC(16)   Pre Evacuate Collection Set: 0.2ms
[2025-08-06T21:28:29.897+0000][66][info ][gc,phases   ] GC(16)   Merge Heap Roots: 0.1ms
[2025-08-06T21:28:29.899+0000][66][info ][gc,phases   ] GC(16)   Evacuate Collection Set: 18.8ms
[2025-08-06T21:28:29.900+0000][66][info ][gc,phases   ] GC(16)   Post Evacuate Collection Set: 1.0ms
[2025-08-06T21:28:29.902+0000][66][info ][gc,phases   ] GC(16)   Other: 2.9ms
[2025-08-06T21:28:29.904+0000][66][trace][gc,age      ] GC(16) Age table with threshold 2 (max threshold 15)
[2025-08-06T21:28:29.905+0000][66][trace][gc,age      ] GC(16) - age   1:    7298128 bytes,    7298128 total
[2025-08-06T21:28:29.906+0000][66][trace][gc,age      ] GC(16) - age   2:    8583848 bytes,   15881976 total
[2025-08-06T21:28:29.907+0000][66][info ][gc,heap     ] GC(16) Eden regions: 33->0(34)
[2025-08-06T21:28:29.909+0000][66][info ][gc,heap     ] GC(16) Survivor regions: 5->4(5)
[2025-08-06T21:28:29.910+0000][66][info ][gc,heap     ] GC(16) Old regions: 7->9
[2025-08-06T21:28:29.912+0000][66][info ][gc,heap     ] GC(16) Humongous regions: 0->0
[2025-08-06T21:28:29.913+0000][66][info ][gc,metaspace] GC(16) Metaspace: 47045K(48384K)->47045K(48384K) NonClass: 41462K(42240K)->41462K(42240K) Class: 5582K(6144K)->5582K(6144K)
[2025-08-06T21:28:29.914+0000][66][info ][gc          ] GC(16) Pause Young (Normal) (G1 Evacuation Pause) 175M->49M(256M) 46.092ms
[2025-08-06T21:28:29.916+0000][66][info ][gc,cpu      ] GC(16) User=0.05s Sys=0.01s Real=0.04s
[2025-08-06T21:28:29.917+0000][66][info ][safepoint   ] Safepoint "G1CollectForAllocation", Time since last: 728698209 ns, Reaching safepoint: 4708 ns, Cleanup: 144500 ns, At safepoint: 49021500 ns, Total: 49170708 ns
[2025-08-06T21:28:30.399+0000][66][info ][safepoint   ] Safepoint "ICBufferFull", Time since last: 482001250 ns, Reaching safepoint: 3125 ns, Cleanup: 103125 ns, At safepoint: 14667 ns, Total: 120917 ns
[2025-08-06T21:28:30.611+0000][66][info ][safepoint   ] Safepoint "ICBufferFull", Time since last: 210947958 ns, Reaching safepoint: 293459 ns, Cleanup: 97458 ns, At safepoint: 3708 ns, Total: 394625 ns
[2025-08-06T21:28:30.627+0000][66][info ][gc,start    ] GC(17) Pause Young (Normal) (G1 Evacuation Pause)
[2025-08-06T21:28:30.630+0000][66][info ][gc,task     ] GC(17) Using 4 workers of 4 for evacuation
[2025-08-06T21:28:30.632+0000][66][debug][gc,age      ] GC(17) Desired survivor size 10485760 bytes, new threshold 2 (max threshold 15)
[2025-08-06T21:28:30.659+0000][66][info ][gc,phases   ] GC(17)   Pre Evacuate Collection Set: 0.7ms
[2025-08-06T21:28:30.661+0000][66][info ][gc,phases   ] GC(17)   Merge Heap Roots: 0.0ms
[2025-08-06T21:28:30.662+0000][66][info ][gc,phases   ] GC(17)   Evacuate Collection Set: 19.4ms
[2025-08-06T21:28:30.663+0000][66][info ][gc,phases   ] GC(17)   Post Evacuate Collection Set: 0.9ms
[2025-08-06T21:28:30.664+0000][66][info ][gc,phases   ] GC(17)   Other: 8.1ms
[2025-08-06T21:28:30.665+0000][66][trace][gc,age      ] GC(17) Age table with threshold 2 (max threshold 15)
[2025-08-06T21:28:30.667+0000][66][trace][gc,age      ] GC(17) - age   1:    7054096 bytes,    7054096 total
[2025-08-06T21:28:30.668+0000][66][trace][gc,age      ] GC(17) - age   2:    6914672 bytes,   13968768 total
[2025-08-06T21:28:30.669+0000][66][info ][gc,heap     ] GC(17) Eden regions: 34->0(34)
[2025-08-06T21:28:30.670+0000][66][info ][gc,heap     ] GC(17) Survivor regions: 4->4(5)
[2025-08-06T21:28:30.671+0000][66][info ][gc,heap     ] GC(17) Old regions: 9->11
[2025-08-06T21:28:30.672+0000][66][info ][gc,heap     ] GC(17) Humongous regions: 0->0
[2025-08-06T21:28:30.673+0000][66][info ][gc,metaspace] GC(17) Metaspace: 53126K(54528K)->53126K(54528K) NonClass: 46672K(47488K)->46672K(47488K) Class: 6453K(7040K)->6453K(7040K)
[2025-08-06T21:28:30.674+0000][66][info ][gc          ] GC(17) Pause Young (Normal) (G1 Evacuation Pause) 185M->58M(256M) 47.458ms
[2025-08-06T21:28:30.676+0000][66][info ][gc,cpu      ] GC(17) User=0.06s Sys=0.01s Real=0.05s
[2025-08-06T21:28:30.677+0000][66][info ][safepoint   ] Safepoint "G1CollectForAllocation", Time since last: 16384625 ns, Reaching safepoint: 4375 ns, Cleanup: 10792 ns, At safepoint: 49937542 ns, Total: 49952709 ns
[2025-08-06T21:28:30.822+0000][66][info ][safepoint   ] Safepoint "ICBufferFull", Time since last: 144689375 ns, Reaching safepoint: 7291 ns, Cleanup: 307334 ns, At safepoint: 7208 ns, Total: 321833 ns
[2025-08-06T21:28:31.200+0000][66][info ][gc,start    ] GC(18) Pause Young (Concurrent Start) (Metadata GC Threshold)
[2025-08-06T21:28:31.202+0000][66][info ][gc,task     ] GC(18) Using 4 workers of 4 for evacuation
[2025-08-06T21:28:31.205+0000][66][debug][gc,age      ] GC(18) Desired survivor size 10485760 bytes, new threshold 2 (max threshold 15)
[2025-08-06T21:28:31.223+0000][66][info ][gc,phases   ] GC(18)   Pre Evacuate Collection Set: 0.6ms
[2025-08-06T21:28:31.225+0000][66][info ][gc,phases   ] GC(18)   Merge Heap Roots: 0.2ms
[2025-08-06T21:28:31.226+0000][66][info ][gc,phases   ] GC(18)   Evacuate Collection Set: 15.5ms
[2025-08-06T21:28:31.227+0000][66][info ][gc,phases   ] GC(18)   Post Evacuate Collection Set: 0.8ms
[2025-08-06T21:28:31.228+0000][66][info ][gc,phases   ] GC(18)   Other: 4.1ms
[2025-08-06T21:28:31.229+0000][66][trace][gc,age      ] GC(18) Age table with threshold 2 (max threshold 15)
[2025-08-06T21:28:31.231+0000][66][trace][gc,age      ] GC(18) - age   1:    2933912 bytes,    2933912 total
[2025-08-06T21:28:31.232+0000][66][trace][gc,age      ] GC(18) - age   2:    6928072 bytes,    9861984 total
[2025-08-06T21:28:31.234+0000][66][info ][gc,heap     ] GC(18) Eden regions: 22->0(35)
[2025-08-06T21:28:31.235+0000][66][info ][gc,heap     ] GC(18) Survivor regions: 4->3(5)
[2025-08-06T21:28:31.236+0000][66][info ][gc,heap     ] GC(18) Old regions: 11->13
[2025-08-06T21:28:31.237+0000][66][info ][gc,heap     ] GC(18) Humongous regions: 0->0
[2025-08-06T21:28:31.238+0000][66][info ][gc,metaspace] GC(18) Metaspace: 59293K(60608K)->59293K(60608K) NonClass: 52029K(52800K)->52029K(52800K) Class: 7263K(7808K)->7263K(7808K)
[2025-08-06T21:28:31.239+0000][66][info ][gc          ] GC(18) Pause Young (Concurrent Start) (Metadata GC Threshold) 144M->60M(256M) 39.369ms
[2025-08-06T21:28:31.240+0000][66][info ][gc,cpu      ] GC(18) User=0.04s Sys=0.00s Real=0.04s
[2025-08-06T21:28:31.242+0000][66][info ][safepoint   ] Safepoint "CollectForMetadataAllocation", Time since last: 377579167 ns, Reaching safepoint: 7458 ns, Cleanup: 97042 ns, At safepoint: 42173708 ns, Total: 42278208 ns
[2025-08-06T21:28:31.240+0000][66][info ][gc          ] GC(19) Concurrent Mark Cycle
[2025-08-06T21:28:31.245+0000][66][info ][gc,marking  ] GC(19) Concurrent Scan Root Regions
[2025-08-06T21:28:31.260+0000][66][info ][gc,marking  ] GC(19) Concurrent Scan Root Regions 14.291ms
[2025-08-06T21:28:31.261+0000][66][info ][gc,marking  ] GC(19) Concurrent Mark
[2025-08-06T21:28:31.262+0000][66][info ][gc,marking  ] GC(19) Concurrent Mark From Roots
[2025-08-06T21:28:31.263+0000][66][info ][gc,task     ] GC(19) Using 1 workers of 1 for marking
[2025-08-06T21:28:31.274+0000][66][info ][safepoint   ] Safepoint "CollectForMetadataAllocation", Time since last: 31653459 ns, Reaching safepoint: 89041 ns, Cleanup: 11584 ns, At safepoint: 94625 ns, Total: 195250 ns
[2025-08-06T21:28:31.317+0000][66][info ][gc,marking  ] GC(19) Concurrent Mark From Roots 55.156ms
[2025-08-06T21:28:31.318+0000][66][info ][gc,marking  ] GC(19) Concurrent Preclean
[2025-08-06T21:28:31.320+0000][66][info ][gc,marking  ] GC(19) Concurrent Preclean 1.445ms
[2025-08-06T21:28:31.321+0000][66][info ][gc,start    ] GC(19) Pause Remark
[2025-08-06T21:28:31.330+0000][66][info ][gc          ] GC(19) Pause Remark 64M->64M(256M) 8.812ms
[2025-08-06T21:28:31.331+0000][66][info ][gc,cpu      ] GC(19) User=0.01s Sys=0.00s Real=0.01s
[2025-08-06T21:28:31.332+0000][66][info ][safepoint   ] Safepoint "G1PauseRemark", Time since last: 47229375 ns, Reaching safepoint: 190500 ns, Cleanup: 14666 ns, At safepoint: 11081584 ns, Total: 11286750 ns
[2025-08-06T21:28:31.338+0000][66][info ][gc,marking  ] GC(19) Concurrent Mark 76.887ms
[2025-08-06T21:28:31.339+0000][66][info ][gc,marking  ] GC(19) Concurrent Rebuild Remembered Sets and Scrub Regions
[2025-08-06T21:28:31.361+0000][66][info ][gc,marking  ] GC(19) Concurrent Rebuild Remembered Sets and Scrub Regions 22.244ms
[2025-08-06T21:28:31.364+0000][66][info ][gc,start    ] GC(19) Pause Cleanup
[2025-08-06T21:28:31.365+0000][66][info ][gc          ] GC(19) Pause Cleanup 66M->66M(256M) 1.790ms
[2025-08-06T21:28:31.367+0000][66][info ][gc,cpu      ] GC(19) User=0.01s Sys=0.00s Real=0.00s
[2025-08-06T21:28:31.368+0000][66][info ][safepoint   ] Safepoint "G1PauseCleanup", Time since last: 30994583 ns, Reaching safepoint: 372000 ns, Cleanup: 13000 ns, At safepoint: 4741000 ns, Total: 5126000 ns
[2025-08-06T21:28:31.369+0000][66][info ][gc,marking  ] GC(19) Concurrent Clear Claimed Marks
[2025-08-06T21:28:31.371+0000][66][info ][gc,marking  ] GC(19) Concurrent Clear Claimed Marks 1.698ms
[2025-08-06T21:28:31.372+0000][66][info ][gc,marking  ] GC(19) Concurrent Cleanup for Next Mark
[2025-08-06T21:28:31.377+0000][66][info ][gc,marking  ] GC(19) Concurrent Cleanup for Next Mark 4.569ms
[2025-08-06T21:28:31.381+0000][66][info ][gc          ] GC(19) Concurrent Mark Cycle 140.507ms
[2025-08-06T21:28:31.955+0000][66][info ][safepoint   ] Safepoint "ICBufferFull", Time since last: 586106374 ns, Reaching safepoint: 85250 ns, Cleanup: 89459 ns, At safepoint: 10458 ns, Total: 185167 ns
[2025-08-06T21:28:32.196+0000][66][info ][gc,start    ] GC(20) Pause Young (Normal) (G1 Evacuation Pause)
[2025-08-06T21:28:32.198+0000][66][info ][gc,task     ] GC(20) Using 4 workers of 4 for evacuation
[2025-08-06T21:28:32.199+0000][66][debug][gc,age      ] GC(20) Desired survivor size 10485760 bytes, new threshold 15 (max threshold 15)
[2025-08-06T21:28:32.213+0000][66][info ][gc,phases   ] GC(20)   Pre Evacuate Collection Set: 0.2ms
[2025-08-06T21:28:32.214+0000][66][info ][gc,phases   ] GC(20)   Merge Heap Roots: 0.1ms
[2025-08-06T21:28:32.215+0000][66][info ][gc,phases   ] GC(20)   Evacuate Collection Set: 9.9ms
[2025-08-06T21:28:32.216+0000][66][info ][gc,phases   ] GC(20)   Post Evacuate Collection Set: 1.6ms
[2025-08-06T21:28:32.217+0000][66][info ][gc,phases   ] GC(20)   Other: 2.6ms
[2025-08-06T21:28:32.219+0000][66][trace][gc,age      ] GC(20) Age table with threshold 15 (max threshold 15)
[2025-08-06T21:28:32.220+0000][66][trace][gc,age      ] GC(20) - age   1:    2933912 bytes,    2933912 total
[2025-08-06T21:28:32.222+0000][66][trace][gc,age      ] GC(20) - age   2:    2865400 bytes,    5799312 total
[2025-08-06T21:28:32.223+0000][66][trace][gc,age      ] GC(20) - age   3:    6905624 bytes,   12704936 total
[2025-08-06T21:28:32.224+0000][66][info ][gc,heap     ] GC(20) Eden regions: 35->0(34)
[2025-08-06T21:28:32.225+0000][66][info ][gc,heap     ] GC(20) Survivor regions: 3->4(5)
[2025-08-06T21:28:32.226+0000][66][info ][gc,heap     ] GC(20) Old regions: 13->13
[2025-08-06T21:28:32.227+0000][66][info ][gc,heap     ] GC(20) Humongous regions: 0->0
[2025-08-06T21:28:32.228+0000][66][info ][gc,metaspace] GC(20) Metaspace: 69718K(71168K)->69718K(71168K) NonClass: 60771K(61632K)->60771K(61632K) Class: 8947K(9536K)->8947K(9536K)
[2025-08-06T21:28:32.229+0000][66][info ][gc          ] GC(20) Pause Young (Normal) (G1 Evacuation Pause) 200M->63M(256M) 32.582ms
[2025-08-06T21:28:32.230+0000][66][info ][gc,cpu      ] GC(20) User=0.06s Sys=0.00s Real=0.04s
[2025-08-06T21:28:32.231+0000][66][info ][safepoint   ] Safepoint "G1CollectForAllocation", Time since last: 241651667 ns, Reaching safepoint: 4416 ns, Cleanup: 51042 ns, At safepoint: 34474792 ns, Total: 34530250 ns
[2025-08-06T21:28:32.611+0000][66][info ][gc,start    ] GC(21) Pause Young (Normal) (G1 Evacuation Pause)
[2025-08-06T21:28:32.612+0000][66][info ][gc,task     ] GC(21) Using 4 workers of 4 for evacuation
[2025-08-06T21:28:32.613+0000][66][debug][gc,age      ] GC(21) Desired survivor size 10485760 bytes, new threshold 3 (max threshold 15)
[2025-08-06T21:28:32.628+0000][66][info ][gc,phases   ] GC(21)   Pre Evacuate Collection Set: 0.7ms
[2025-08-06T21:28:32.630+0000][66][info ][gc,phases   ] GC(21)   Merge Heap Roots: 0.1ms
[2025-08-06T21:28:32.632+0000][66][info ][gc,phases   ] GC(21)   Evacuate Collection Set: 12.8ms
[2025-08-06T21:28:32.633+0000][66][info ][gc,phases   ] GC(21)   Post Evacuate Collection Set: 0.7ms
[2025-08-06T21:28:32.634+0000][66][info ][gc,phases   ] GC(21)   Other: 2.0ms
[2025-08-06T21:28:32.636+0000][66][trace][gc,age      ] GC(21) Age table with threshold 3 (max threshold 15)
[2025-08-06T21:28:32.637+0000][66][trace][gc,age      ] GC(21) - age   1:      41840 bytes,      41840 total
[2025-08-06T21:28:32.638+0000][66][trace][gc,age      ] GC(21) - age   2:    2809640 bytes,    2851480 total
[2025-08-06T21:28:32.639+0000][66][trace][gc,age      ] GC(21) - age   3:    2865368 bytes,    5716848 total
[2025-08-06T21:28:32.641+0000][66][info ][gc,heap     ] GC(21) Eden regions: 34->0(36)
[2025-08-06T21:28:32.642+0000][66][info ][gc,heap     ] GC(21) Survivor regions: 4->2(5)
[2025-08-06T21:28:32.644+0000][66][info ][gc,heap     ] GC(21) Old regions: 13->15
[2025-08-06T21:28:32.645+0000][66][info ][gc,heap     ] GC(21) Humongous regions: 0->0
[2025-08-06T21:28:32.646+0000][66][info ][gc,metaspace] GC(21) Metaspace: 69721K(71232K)->69721K(71232K) NonClass: 60774K(61696K)->60774K(61696K) Class: 8947K(9536K)->8947K(9536K)
[2025-08-06T21:28:32.647+0000][66][info ][gc          ] GC(21) Pause Young (Normal) (G1 Evacuation Pause) 199M->64M(256M) 36.431ms
[2025-08-06T21:28:32.648+0000][66][info ][gc,cpu      ] GC(21) User=0.05s Sys=0.01s Real=0.04s
[2025-08-06T21:28:32.649+0000][66][info ][safepoint   ] Safepoint "G1CollectForAllocation", Time since last: 379815042 ns, Reaching safepoint: 3791 ns, Cleanup: 7834 ns, At safepoint: 38617750 ns, Total: 38629375 ns
[2025-08-06T21:28:32.937+0000][66][info ][safepoint   ] Safepoint "ICBufferFull", Time since last: 287566333 ns, Reaching safepoint: 80542 ns, Cleanup: 91708 ns, At safepoint: 10292 ns, Total: 182542 ns
[2025-08-06T21:28:33.359+0000][66][info ][safepoint   ] Safepoint "ICBufferFull", Time since last: 421353042 ns, Reaching safepoint: 81333 ns, Cleanup: 138917 ns, At safepoint: 3000 ns, Total: 223250 ns
[2025-08-06T21:28:33.517+0000][66][info ][gc,start    ] GC(22) Pause Young (Normal) (G1 Evacuation Pause)
[2025-08-06T21:28:33.519+0000][66][info ][gc,task     ] GC(22) Using 4 workers of 4 for evacuation
[2025-08-06T21:28:33.520+0000][66][debug][gc,age      ] GC(22) Desired survivor size 10485760 bytes, new threshold 15 (max threshold 15)
[2025-08-06T21:28:33.543+0000][66][info ][gc,phases   ] GC(22)   Pre Evacuate Collection Set: 0.7ms
[2025-08-06T21:28:33.544+0000][66][info ][gc,phases   ] GC(22)   Merge Heap Roots: 0.3ms
[2025-08-06T21:28:33.545+0000][66][info ][gc,phases   ] GC(22)   Evacuate Collection Set: 17.5ms
[2025-08-06T21:28:33.546+0000][66][info ][gc,phases   ] GC(22)   Post Evacuate Collection Set: 1.5ms
[2025-08-06T21:28:33.547+0000][66][info ][gc,phases   ] GC(22)   Other: 4.1ms
[2025-08-06T21:28:33.549+0000][66][trace][gc,age      ] GC(22) Age table with threshold 15 (max threshold 15)
[2025-08-06T21:28:33.550+0000][66][trace][gc,age      ] GC(22) - age   1:    4765536 bytes,    4765536 total
[2025-08-06T21:28:33.551+0000][66][trace][gc,age      ] GC(22) - age   2:         32 bytes,    4765568 total
[2025-08-06T21:28:33.552+0000][66][trace][gc,age      ] GC(22) - age   3:    2701000 bytes,    7466568 total
[2025-08-06T21:28:33.554+0000][66][trace][gc,age      ] GC(22) - age   4:    2857856 bytes,   10324424 total
[2025-08-06T21:28:33.555+0000][66][info ][gc,heap     ] GC(22) Eden regions: 36->0(35)
[2025-08-06T21:28:33.556+0000][66][info ][gc,heap     ] GC(22) Survivor regions: 2->3(5)
[2025-08-06T21:28:33.557+0000][66][info ][gc,heap     ] GC(22) Old regions: 15->15
[2025-08-06T21:28:33.558+0000][66][info ][gc,heap     ] GC(22) Humongous regions: 0->0
[2025-08-06T21:28:33.559+0000][66][info ][gc,metaspace] GC(22) Metaspace: 81860K(83584K)->81860K(83584K) NonClass: 71119K(72064K)->71119K(72064K) Class: 10740K(11520K)->10740K(11520K)
[2025-08-06T21:28:33.560+0000][66][info ][gc          ] GC(22) Pause Young (Normal) (G1 Evacuation Pause) 208M->68M(256M) 43.164ms
[2025-08-06T21:28:33.561+0000][66][info ][gc,cpu      ] GC(22) User=0.03s Sys=0.01s Real=0.05s
[2025-08-06T21:28:33.573+0000][66][info ][safepoint   ] Safepoint "G1CollectForAllocation", Time since last: 158482041 ns, Reaching safepoint: 2750 ns, Cleanup: 35792 ns, At safepoint: 56321833 ns, Total: 56360375 ns
[2025-08-06T21:28:34.206+0000][66][info ][safepoint   ] Safepoint "ICBufferFull", Time since last: 631826292 ns, Reaching safepoint: 86000 ns, Cleanup: 159292 ns, At safepoint: 34792 ns, Total: 280084 ns
[2025-08-06T21:28:34.479+0000][66][info ][safepoint   ] Safepoint "ICBufferFull", Time since last: 273241625 ns, Reaching safepoint: 3583 ns, Cleanup: 93500 ns, At safepoint: 1708 ns, Total: 98791 ns
[2025-08-06T21:28:34.881+0000][66][info ][gc,start    ] GC(23) Pause Young (Concurrent Start) (Metadata GC Threshold)
[2025-08-06T21:28:34.883+0000][66][info ][gc,task     ] GC(23) Using 4 workers of 4 for evacuation
[2025-08-06T21:28:34.885+0000][66][debug][gc,age      ] GC(23) Desired survivor size 10485760 bytes, new threshold 15 (max threshold 15)
[2025-08-06T21:28:34.906+0000][66][info ][gc,phases   ] GC(23)   Pre Evacuate Collection Set: 0.3ms
[2025-08-06T21:28:34.909+0000][66][info ][gc,phases   ] GC(23)   Merge Heap Roots: 0.1ms
[2025-08-06T21:28:34.911+0000][66][info ][gc,phases   ] GC(23)   Evacuate Collection Set: 17.9ms
[2025-08-06T21:28:34.912+0000][66][info ][gc,phases   ] GC(23)   Post Evacuate Collection Set: 2.1ms
[2025-08-06T21:28:34.913+0000][66][info ][gc,phases   ] GC(23)   Other: 2.9ms
[2025-08-06T21:28:34.914+0000][66][trace][gc,age      ] GC(23) Age table with threshold 15 (max threshold 15)
[2025-08-06T21:28:34.915+0000][66][trace][gc,age      ] GC(23) - age   1:    7830544 bytes,    7830544 total
[2025-08-06T21:28:34.916+0000][66][trace][gc,age      ] GC(23) - age   2:    4632408 bytes,   12462952 total
[2025-08-06T21:28:34.917+0000][66][trace][gc,age      ] GC(23) - age   3:         32 bytes,   12462984 total
[2025-08-06T21:28:34.919+0000][66][trace][gc,age      ] GC(23) - age   4:    2689552 bytes,   15152536 total
[2025-08-06T21:28:34.920+0000][66][trace][gc,age      ] GC(23) - age   5:    2780072 bytes,   17932608 total
[2025-08-06T21:28:34.921+0000][66][info ][gc,heap     ] GC(23) Eden regions: 32->0(32)
[2025-08-06T21:28:34.922+0000][66][info ][gc,heap     ] GC(23) Survivor regions: 3->5(5)
[2025-08-06T21:28:34.926+0000][66][info ][gc,heap     ] GC(23) Old regions: 15->15
[2025-08-06T21:28:34.927+0000][66][info ][gc,heap     ] GC(23) Humongous regions: 0->0
[2025-08-06T21:28:34.929+0000][66][info ][gc,metaspace] GC(23) Metaspace: 99259K(102080K)->99259K(102080K) NonClass: 85829K(87296K)->85829K(87296K) Class: 13429K(14784K)->13429K(14784K)
[2025-08-06T21:28:34.931+0000][66][info ][gc          ] GC(23) Pause Young (Concurrent Start) (Metadata GC Threshold) 194M->75M(256M) 49.458ms
[2025-08-06T21:28:34.933+0000][66][info ][gc,cpu      ] GC(23) User=0.05s Sys=0.01s Real=0.05s
[2025-08-06T21:28:34.933+0000][66][info ][gc          ] GC(24) Concurrent Mark Cycle
[2025-08-06T21:28:34.935+0000][66][info ][gc,marking  ] GC(24) Concurrent Scan Root Regions
[2025-08-06T21:28:34.934+0000][66][info ][safepoint   ] Safepoint "CollectForMetadataAllocation", Time since last: 402277501 ns, Reaching safepoint: 3625 ns, Cleanup: 93583 ns, At safepoint: 52765125 ns, Total: 52862333 ns
[2025-08-06T21:28:34.953+0000][66][info ][safepoint   ] Safepoint "CollectForMetadataAllocation", Time since last: 18877000 ns, Reaching safepoint: 4208 ns, Cleanup: 13042 ns, At safepoint: 118083 ns, Total: 135333 ns
[2025-08-06T21:28:34.957+0000][66][info ][gc,marking  ] GC(24) Concurrent Scan Root Regions 21.827ms
[2025-08-06T21:28:34.958+0000][66][info ][gc,marking  ] GC(24) Concurrent Mark
[2025-08-06T21:28:34.959+0000][66][info ][gc,marking  ] GC(24) Concurrent Mark From Roots
[2025-08-06T21:28:34.960+0000][66][info ][gc,task     ] GC(24) Using 1 workers of 1 for marking
[2025-08-06T21:28:34.983+0000][66][info ][safepoint   ] Safepoint "CollectForMetadataAllocation", Time since last: 29449792 ns, Reaching safepoint: 84125 ns, Cleanup: 2917 ns, At safepoint: 111166 ns, Total: 198208 ns
[2025-08-06T21:28:34.998+0000][66][info ][safepoint   ] Safepoint "CollectForMetadataAllocation", Time since last: 15615750 ns, Reaching safepoint: 25750 ns, Cleanup: 2459 ns, At safepoint: 123500 ns, Total: 151709 ns
[2025-08-06T21:28:35.018+0000][66][info ][gc,marking  ] GC(24) Concurrent Mark From Roots 59.419ms
[2025-08-06T21:28:35.020+0000][66][info ][gc,marking  ] GC(24) Concurrent Preclean
[2025-08-06T21:28:35.022+0000][66][info ][gc,marking  ] GC(24) Concurrent Preclean 1.629ms
[2025-08-06T21:28:35.023+0000][66][info ][gc,start    ] GC(24) Pause Remark
[2025-08-06T21:28:35.032+0000][66][info ][gc          ] GC(24) Pause Remark 83M->83M(256M) 8.534ms
[2025-08-06T21:28:35.033+0000][66][info ][gc,cpu      ] GC(24) User=0.01s Sys=0.00s Real=0.01s
[2025-08-06T21:28:35.036+0000][66][info ][safepoint   ] Safepoint "G1PauseRemark", Time since last: 24367458 ns, Reaching safepoint: 256792 ns, Cleanup: 13666 ns, At safepoint: 12870209 ns, Total: 13140667 ns
[2025-08-06T21:28:35.037+0000][66][info ][gc,marking  ] GC(24) Concurrent Mark 79.111ms
[2025-08-06T21:28:35.038+0000][66][info ][gc,marking  ] GC(24) Concurrent Rebuild Remembered Sets and Scrub Regions
[2025-08-06T21:28:35.063+0000][66][info ][gc,marking  ] GC(24) Concurrent Rebuild Remembered Sets and Scrub Regions 24.812ms
[2025-08-06T21:28:35.064+0000][66][info ][gc,start    ] GC(24) Pause Cleanup
[2025-08-06T21:28:35.066+0000][66][info ][gc          ] GC(24) Pause Cleanup 83M->83M(256M) 1.838ms
[2025-08-06T21:28:35.067+0000][66][info ][gc,cpu      ] GC(24) User=0.00s Sys=0.00s Real=0.00s
[2025-08-06T21:28:35.068+0000][66][info ][safepoint   ] Safepoint "G1PauseCleanup", Time since last: 28005541 ns, Reaching safepoint: 4625 ns, Cleanup: 39917 ns, At safepoint: 3676042 ns, Total: 3720584 ns
[2025-08-06T21:28:35.069+0000][66][info ][gc,marking  ] GC(24) Concurrent Clear Claimed Marks
[2025-08-06T21:28:35.070+0000][66][info ][gc,marking  ] GC(24) Concurrent Clear Claimed Marks 1.290ms
[2025-08-06T21:28:35.071+0000][66][info ][gc,marking  ] GC(24) Concurrent Cleanup for Next Mark
[2025-08-06T21:28:35.073+0000][66][info ][gc,marking  ] GC(24) Concurrent Cleanup for Next Mark 2.550ms
[2025-08-06T21:28:35.074+0000][66][info ][gc          ] GC(24) Concurrent Mark Cycle 141.231ms
[2025-08-06T21:28:35.320+0000][66][info ][safepoint   ] Safepoint "ICBufferFull", Time since last: 251990167 ns, Reaching safepoint: 6750 ns, Cleanup: 121916 ns, At safepoint: 4167 ns, Total: 132833 ns
[2025-08-06T21:28:35.374+0000][66][info ][safepoint   ] Safepoint "ICBufferFull", Time since last: 54433167 ns, Reaching safepoint: 4500 ns, Cleanup: 69500 ns, At safepoint: 1833 ns, Total: 75833 ns
[2025-08-06T21:28:35.715+0000][66][info ][safepoint   ] Safepoint "ICBufferFull", Time since last: 340007667 ns, Reaching safepoint: 114958 ns, Cleanup: 137958 ns, At safepoint: 33167 ns, Total: 286083 ns
[2025-08-06T21:28:35.917+0000][66][info ][safepoint   ] Safepoint "ICBufferFull", Time since last: 202156167 ns, Reaching safepoint: 208792 ns, Cleanup: 105250 ns, At safepoint: 33291 ns, Total: 347333 ns
[2025-08-06T21:28:36.195+0000][66][info ][safepoint   ] Safepoint "ICBufferFull", Time since last: 277815250 ns, Reaching safepoint: 113625 ns, Cleanup: 112709 ns, At safepoint: 20958 ns, Total: 247292 ns
[2025-08-06T21:28:36.405+0000][66][info ][safepoint   ] Safepoint "ICBufferFull", Time since last: 210002167 ns, Reaching safepoint: 13791 ns, Cleanup: 138167 ns, At safepoint: 4958 ns, Total: 156916 ns
[2025-08-06T21:28:36.580+0000][66][info ][safepoint   ] Safepoint "ICBufferFull", Time since last: 174243000 ns, Reaching safepoint: 97375 ns, Cleanup: 111167 ns, At safepoint: 21792 ns, Total: 230334 ns
[2025-08-06T21:28:38.579+0000][66][info ][safepoint   ] Safepoint "Cleanup", Time since last: 1999152084 ns, Reaching safepoint: 32875 ns, Cleanup: 99708 ns, At safepoint: 11709 ns, Total: 144292 ns
[2025-08-06T21:28:39.585+0000][66][info ][safepoint   ] Safepoint "Cleanup", Time since last: 1005244959 ns, Reaching safepoint: 492458 ns, Cleanup: 70792 ns, At safepoint: 9375 ns, Total: 572625 ns
[2025-08-06T21:28:41.593+0000][66][info ][safepoint   ] Safepoint "Cleanup", Time since last: 2007903501 ns, Reaching safepoint: 169916 ns, Cleanup: 73834 ns, At safepoint: 21500 ns, Total: 265250 ns
[2025-08-06T21:28:44.597+0000][66][info ][safepoint   ] Safepoint "Cleanup", Time since last: 3003324084 ns, Reaching safepoint: 382042 ns, Cleanup: 13333 ns, At safepoint: 14625 ns, Total: 410000 ns
[2025-08-06T21:28:44.782+0000][66][info ][safepoint   ] Safepoint "ICBufferFull", Time since last: 185427584 ns, Reaching safepoint: 7541 ns, Cleanup: 85834 ns, At safepoint: 1791 ns, Total: 95166 ns
[2025-08-06T21:28:44.940+0000][66][info ][safepoint   ] Safepoint "ICBufferFull", Time since last: 157789459 ns, Reaching safepoint: 8583 ns, Cleanup: 114708 ns, At safepoint: 13667 ns, Total: 136958 ns
[2025-08-06T21:28:45.071+0000][66][info ][gc,start    ] GC(25) Pause Young (Prepare Mixed) (G1 Evacuation Pause)
[2025-08-06T21:28:45.073+0000][66][info ][gc,task     ] GC(25) Using 4 workers of 4 for evacuation
[2025-08-06T21:28:45.074+0000][66][debug][gc,age      ] GC(25) Desired survivor size 10485760 bytes, new threshold 2 (max threshold 15)
[2025-08-06T21:28:45.156+0000][66][info ][gc,phases   ] GC(25)   Pre Evacuate Collection Set: 0.6ms
[2025-08-06T21:28:45.159+0000][66][info ][gc,phases   ] GC(25)   Merge Heap Roots: 0.1ms
[2025-08-06T21:28:45.165+0000][66][info ][gc,phases   ] GC(25)   Evacuate Collection Set: 78.6ms
[2025-08-06T21:28:45.167+0000][66][info ][gc,phases   ] GC(25)   Post Evacuate Collection Set: 1.7ms
[2025-08-06T21:28:45.168+0000][66][info ][gc,phases   ] GC(25)   Other: 2.5ms
[2025-08-06T21:28:45.168+0000][66][trace][gc,age      ] GC(25) Age table with threshold 2 (max threshold 15)
[2025-08-06T21:28:45.169+0000][66][trace][gc,age      ] GC(25) - age   1:    7395448 bytes,    7395448 total
[2025-08-06T21:28:45.170+0000][66][trace][gc,age      ] GC(25) - age   2:    7536720 bytes,   14932168 total
[2025-08-06T21:28:45.172+0000][66][info ][gc,heap     ] GC(25) Eden regions: 32->0(32)
[2025-08-06T21:28:45.173+0000][66][info ][gc,heap     ] GC(25) Survivor regions: 5->4(5)
[2025-08-06T21:28:45.173+0000][66][info ][gc,heap     ] GC(25) Old regions: 15->17
[2025-08-06T21:28:45.174+0000][66][info ][gc,heap     ] GC(25) Humongous regions: 0->0
[2025-08-06T21:28:45.176+0000][66][info ][gc,metaspace] GC(25) Metaspace: 116002K(119104K)->116002K(119104K) NonClass: 99998K(101696K)->99998K(101696K) Class: 16004K(17408K)->16004K(17408K)
[2025-08-06T21:28:45.178+0000][66][info ][gc          ] GC(25) Pause Young (Prepare Mixed) (G1 Evacuation Pause) 203M->83M(256M) 106.619ms
[2025-08-06T21:28:45.178+0000][66][info ][gc,cpu      ] GC(25) User=0.23s Sys=0.00s Real=0.11s
[2025-08-06T21:28:45.183+0000][66][info ][safepoint   ] Safepoint "G1CollectForAllocation", Time since last: 130612709 ns, Reaching safepoint: 6416 ns, Cleanup: 34459 ns, At safepoint: 111565375 ns, Total: 111606250 ns
[2025-08-06T21:28:45.413+0000][66][info ][safepoint   ] Safepoint "ICBufferFull", Time since last: 230580833 ns, Reaching safepoint: 10750 ns, Cleanup: 89125 ns, At safepoint: 4583 ns, Total: 104458 ns
[2025-08-06T21:28:45.555+0000][66][info ][safepoint   ] Safepoint "ICBufferFull", Time since last: 141963792 ns, Reaching safepoint: 6625 ns, Cleanup: 92542 ns, At safepoint: 22250 ns, Total: 121417 ns
[2025-08-06T21:28:46.679+0000][66][info ][safepoint   ] Safepoint "Cleanup", Time since last: 1123935000 ns, Reaching safepoint: 10875 ns, Cleanup: 101334 ns, At safepoint: 4250 ns, Total: 116459 ns
[2025-08-06T21:28:49.681+0000][66][info ][safepoint   ] Safepoint "Cleanup", Time since last: 3001855918 ns, Reaching safepoint: 62375 ns, Cleanup: 19208 ns, At safepoint: 4542 ns, Total: 86125 ns
[2025-08-06T21:28:51.683+0000][66][info ][safepoint   ] Safepoint "Cleanup", Time since last: 2001656334 ns, Reaching safepoint: 11000 ns, Cleanup: 14125 ns, At safepoint: 2417 ns, Total: 27542 ns
[2025-08-06T21:28:52.690+0000][66][info ][safepoint   ] Safepoint "Cleanup", Time since last: 1007211959 ns, Reaching safepoint: 11125 ns, Cleanup: 14166 ns, At safepoint: 2250 ns, Total: 27541 ns
[2025-08-06T21:29:00.697+0000][66][info ][safepoint   ] Safepoint "Cleanup", Time since last: 8005016379 ns, Reaching safepoint: 1660542 ns, Cleanup: 175208 ns, At safepoint: 14292 ns, Total: 1850042 ns
[2025-08-06T21:29:01.702+0000][66][info ][safepoint   ] Safepoint "Cleanup", Time since last: 1005212542 ns, Reaching safepoint: 13625 ns, Cleanup: 14875 ns, At safepoint: 3750 ns, Total: 32250 ns
[2025-08-06T21:29:06.707+0000][66][info ][safepoint   ] Safepoint "Cleanup", Time since last: 5004748043 ns, Reaching safepoint: 65459 ns, Cleanup: 47208 ns, At safepoint: 4375 ns, Total: 117042 ns
[2025-08-06T21:29:12.712+0000][66][info ][safepoint   ] Safepoint "Cleanup", Time since last: 6004812878 ns, Reaching safepoint: 479666 ns, Cleanup: 47625 ns, At safepoint: 13042 ns, Total: 540333 ns
[2025-08-06T21:29:13.714+0000][66][info ][safepoint   ] Safepoint "Cleanup", Time since last: 1002173667 ns, Reaching safepoint: 37375 ns, Cleanup: 13834 ns, At safepoint: 1541 ns, Total: 52750 ns
[2025-08-06T21:29:15.717+0000][66][info ][safepoint   ] Safepoint "Cleanup", Time since last: 2002838335 ns, Reaching safepoint: 34208 ns, Cleanup: 18083 ns, At safepoint: 1959 ns, Total: 54250 ns
[2025-08-06T21:29:19.723+0000][66][info ][safepoint   ] Safepoint "Cleanup", Time since last: 4005740001 ns, Reaching safepoint: 53459 ns, Cleanup: 22166 ns, At safepoint: 7417 ns, Total: 83042 ns
[2025-08-06T21:29:20.725+0000][66][info ][safepoint   ] Safepoint "Cleanup", Time since last: 1002174126 ns, Reaching safepoint: 32833 ns, Cleanup: 14583 ns, At safepoint: 4584 ns, Total: 52000 ns
[2025-08-06T21:29:22.962+0000][66][info ][safepoint   ] Safepoint "Cleanup", Time since last: 2236323417 ns, Reaching safepoint: 145292 ns, Cleanup: 35458 ns, At safepoint: 6250 ns, Total: 187000 ns
[2025-08-06T21:29:26.975+0000][66][info ][safepoint   ] Safepoint "Cleanup", Time since last: 4012902377 ns, Reaching safepoint: 39917 ns, Cleanup: 13542 ns, At safepoint: 2291 ns, Total: 55750 ns
[2025-08-06T21:29:27.977+0000][66][info ][safepoint   ] Safepoint "Cleanup", Time since last: 1002636167 ns, Reaching safepoint: 9959 ns, Cleanup: 13458 ns, At safepoint: 2125 ns, Total: 25542 ns
[2025-08-06T21:29:33.986+0000][66][info ][safepoint   ] Safepoint "Cleanup", Time since last: 6006947669 ns, Reaching safepoint: 99417 ns, Cleanup: 25375 ns, At safepoint: 6833 ns, Total: 131625 ns
[2025-08-06T21:29:34.990+0000][66][info ][safepoint   ] Safepoint "Cleanup", Time since last: 1004151625 ns, Reaching safepoint: 119834 ns, Cleanup: 36375 ns, At safepoint: 11625 ns, Total: 167834 ns
[2025-08-06T21:29:35.993+0000][66][info ][safepoint   ] Safepoint "Cleanup", Time since last: 1002709459 ns, Reaching safepoint: 18916 ns, Cleanup: 33042 ns, At safepoint: 4875 ns, Total: 56833 ns
[2025-08-06T21:29:36.996+0000][66][info ][safepoint   ] Safepoint "Cleanup", Time since last: 1003244584 ns, Reaching safepoint: 13708 ns, Cleanup: 18500 ns, At safepoint: 1958 ns, Total: 34166 ns
[2025-08-06T21:29:43.001+0000][66][info ][safepoint   ] Safepoint "Cleanup", Time since last: 6004202045 ns, Reaching safepoint: 106208 ns, Cleanup: 27959 ns, At safepoint: 8000 ns, Total: 142167 ns
[2025-08-06T21:29:46.004+0000][66][info ][safepoint   ] Safepoint "Cleanup", Time since last: 3003288584 ns, Reaching safepoint: 31250 ns, Cleanup: 200459 ns, At safepoint: 4000 ns, Total: 235709 ns
[2025-08-06T21:29:50.006+0000][66][info ][safepoint   ] Safepoint "Cleanup", Time since last: 4001873710 ns, Reaching safepoint: 121625 ns, Cleanup: 28042 ns, At safepoint: 6291 ns, Total: 155958 ns
[2025-08-06T21:29:51.009+0000][66][info ][safepoint   ] Safepoint "Cleanup", Time since last: 1002149751 ns, Reaching safepoint: 38333 ns, Cleanup: 99083 ns, At safepoint: 10834 ns, Total: 148250 ns
[2025-08-06T21:29:52.010+0000][66][info ][safepoint   ] Safepoint "Cleanup", Time since last: 1001254375 ns, Reaching safepoint: 34500 ns, Cleanup: 39334 ns, At safepoint: 4625 ns, Total: 78459 ns
[2025-08-06T21:29:54.011+0000][66][info ][safepoint   ] Safepoint "Cleanup", Time since last: 2001186459 ns, Reaching safepoint: 10583 ns, Cleanup: 13375 ns, At safepoint: 2417 ns, Total: 26375 ns
[2025-08-06T21:29:56.013+0000][66][info ][safepoint   ] Safepoint "Cleanup", Time since last: 2001429459 ns, Reaching safepoint: 52208 ns, Cleanup: 32334 ns, At safepoint: 8125 ns, Total: 92667 ns
[2025-08-06T21:29:58.015+0000][66][info ][safepoint   ] Safepoint "Cleanup", Time since last: 2002279792 ns, Reaching safepoint: 10917 ns, Cleanup: 15417 ns, At safepoint: 3041 ns, Total: 29375 ns
[2025-08-06T21:29:59.017+0000][66][info ][safepoint   ] Safepoint "Cleanup", Time since last: 1002335084 ns, Reaching safepoint: 11750 ns, Cleanup: 14542 ns, At safepoint: 2083 ns, Total: 28375 ns
[2025-08-06T21:30:04.018+0000][66][info ][safepoint   ] Safepoint "Cleanup", Time since last: 5002692461 ns, Reaching safepoint: 147666 ns, Cleanup: 28375 ns, At safepoint: 7709 ns, Total: 183750 ns
[2025-08-06T21:30:06.021+0000][66][info ][safepoint   ] Safepoint "Cleanup", Time since last: 2002296376 ns, Reaching safepoint: 10875 ns, Cleanup: 85208 ns, At safepoint: 4167 ns, Total: 100250 ns
[2025-08-06T21:30:13.028+0000][66][info ][safepoint   ] Safepoint "Cleanup", Time since last: 7007300961 ns, Reaching safepoint: 151584 ns, Cleanup: 26666 ns, At safepoint: 15167 ns, Total: 193417 ns
[2025-08-06T21:30:15.031+0000][66][info ][safepoint   ] Safepoint "Cleanup", Time since last: 2002514834 ns, Reaching safepoint: 48209 ns, Cleanup: 16833 ns, At safepoint: 3333 ns, Total: 68375 ns
[2025-08-06T21:30:16.036+0000][66][info ][safepoint   ] Safepoint "Cleanup", Time since last: 1004810251 ns, Reaching safepoint: 10875 ns, Cleanup: 14291 ns, At safepoint: 1834 ns, Total: 27000 ns
[2025-08-06T21:30:17.038+0000][66][info ][safepoint   ] Safepoint "Cleanup", Time since last: 1002315792 ns, Reaching safepoint: 10583 ns, Cleanup: 17417 ns, At safepoint: 1666 ns, Total: 29666 ns
[2025-08-06T21:30:19.040+0000][66][info ][safepoint   ] Safepoint "Cleanup", Time since last: 2001461585 ns, Reaching safepoint: 10833 ns, Cleanup: 22750 ns, At safepoint: 3833 ns, Total: 37416 ns
[2025-08-06T21:30:20.792+0000][66][info ][safepoint   ] Safepoint "Cleanup", Time since last: 1752617585 ns, Reaching safepoint: 8500 ns, Cleanup: 70416 ns, At safepoint: 4250 ns, Total: 83166 ns
[2025-08-06T21:30:21.100+0000][66][info ][safepoint   ] Safepoint "ICBufferFull", Time since last: 307644125 ns, Reaching safepoint: 91792 ns, Cleanup: 111667 ns, At safepoint: 16750 ns, Total: 220209 ns
[2025-08-06T21:30:21.465+0000][66][info ][safepoint   ] Safepoint "ICBufferFull", Time since last: 364433083 ns, Reaching safepoint: 181375 ns, Cleanup: 105084 ns, At safepoint: 20791 ns, Total: 307250 ns
[2025-08-06T21:30:23.123+0000][66][info ][safepoint   ] Safepoint "Cleanup", Time since last: 1657553959 ns, Reaching safepoint: 124125 ns, Cleanup: 74709 ns, At safepoint: 7125 ns, Total: 205959 ns
[2025-08-06T21:30:29.128+0000][66][info ][safepoint   ] Safepoint "Cleanup", Time since last: 6005656961 ns, Reaching safepoint: 74917 ns, Cleanup: 19625 ns, At safepoint: 4875 ns, Total: 99417 ns
[2025-08-06T21:30:36.141+0000][66][info ][safepoint   ] Safepoint "Cleanup", Time since last: 7012458544 ns, Reaching safepoint: 203250 ns, Cleanup: 47875 ns, At safepoint: 9959 ns, Total: 261084 ns
[2025-08-06T21:30:41.146+0000][66][info ][safepoint   ] Safepoint "Cleanup", Time since last: 5004293544 ns, Reaching safepoint: 10041 ns, Cleanup: 16084 ns, At safepoint: 2166 ns, Total: 28291 ns
[2025-08-06T21:30:42.149+0000][66][info ][safepoint   ] Safepoint "Cleanup", Time since last: 1003312667 ns, Reaching safepoint: 9875 ns, Cleanup: 17875 ns, At safepoint: 1959 ns, Total: 29709 ns
[2025-08-06T21:30:47.153+0000][66][info ][safepoint   ] Safepoint "Cleanup", Time since last: 5004158627 ns, Reaching safepoint: 83417 ns, Cleanup: 22625 ns, At safepoint: 3917 ns, Total: 109959 ns
[2025-08-06T21:30:50.156+0000][66][info ][safepoint   ] Safepoint "Cleanup", Time since last: 3002913168 ns, Reaching safepoint: 9500 ns, Cleanup: 13500 ns, At safepoint: 2000 ns, Total: 25000 ns
[2025-08-06T21:30:53.159+0000][66][info ][safepoint   ] Safepoint "Cleanup", Time since last: 3003177668 ns, Reaching safepoint: 18333 ns, Cleanup: 16000 ns, At safepoint: 3583 ns, Total: 37916 ns
[2025-08-06T21:31:01.170+0000][66][info ][safepoint   ] Safepoint "Cleanup", Time since last: 8009381046 ns, Reaching safepoint: 912958 ns, Cleanup: 67292 ns, At safepoint: 54292 ns, Total: 1034542 ns
[2025-08-06T21:31:22.235+0000][66][info ][safepoint   ] Safepoint "Cleanup", Time since last: 21063459092 ns, Reaching safepoint: 198667 ns, Cleanup: 32916 ns, At safepoint: 12250 ns, Total: 243833 ns
[2025-08-06T21:31:30.293+0000][66][info ][safepoint   ] Safepoint "Cleanup", Time since last: 8057142379 ns, Reaching safepoint: 171208 ns, Cleanup: 40750 ns, At safepoint: 11750 ns, Total: 223708 ns
[2025-08-06T21:31:35.295+0000][66][info ][safepoint   ] Safepoint "Cleanup", Time since last: 5004812419 ns, Reaching safepoint: 115834 ns, Cleanup: 35750 ns, At safepoint: 9041 ns, Total: 160625 ns
[2025-08-06T21:31:39.300+0000][66][info ][safepoint   ] Safepoint "Cleanup", Time since last: 4004193710 ns, Reaching safepoint: 12125 ns, Cleanup: 16042 ns, At safepoint: 2250 ns, Total: 30417 ns
[2025-08-06T21:31:50.305+0000][66][info ][safepoint   ] Safepoint "Cleanup", Time since last: 11005293380 ns, Reaching safepoint: 342625 ns, Cleanup: 72834 ns, At safepoint: 11083 ns, Total: 426542 ns
[2025-08-06T21:32:06.315+0000][66][info ][safepoint   ] Safepoint "Cleanup", Time since last: 16009709090 ns, Reaching safepoint: 307084 ns, Cleanup: 44250 ns, At safepoint: 21625 ns, Total: 372959 ns
[2025-08-06T21:32:08.534+0000][66][info ][safepoint   ] Safepoint "Cleanup", Time since last: 2218876001 ns, Reaching safepoint: 3083 ns, Cleanup: 17750 ns, At safepoint: 1375 ns, Total: 22208 ns
[2025-08-06T21:32:08.766+0000][66][info ][safepoint   ] Safepoint "ICBufferFull", Time since last: 231846500 ns, Reaching safepoint: 6375 ns, Cleanup: 96167 ns, At safepoint: 3833 ns, Total: 106375 ns
[2025-08-06T21:32:08.974+0000][66][info ][safepoint   ] Safepoint "ICBufferFull", Time since last: 207814000 ns, Reaching safepoint: 121084 ns, Cleanup: 134166 ns, At safepoint: 95750 ns, Total: 351000 ns
[2025-08-06T21:32:10.097+0000][66][info ][safepoint   ] Safepoint "Cleanup", Time since last: 1122126334 ns, Reaching safepoint: 176167 ns, Cleanup: 152875 ns, At safepoint: 8166 ns, Total: 337208 ns
[2025-08-06T21:32:20.177+0000][66][info ][safepoint   ] Safepoint "Cleanup", Time since last: 10079243839 ns, Reaching safepoint: 307625 ns, Cleanup: 108541 ns, At safepoint: 12875 ns, Total: 429041 ns
[2025-08-06T21:32:36.499+0000][66][info ][safepoint   ] Safepoint "Cleanup", Time since last: 16322655633 ns, Reaching safepoint: 224041 ns, Cleanup: 69834 ns, At safepoint: 13541 ns, Total: 307416 ns
[2025-08-06T21:32:39.502+0000][66][info ][safepoint   ] Safepoint "Cleanup", Time since last: 3002620002 ns, Reaching safepoint: 12917 ns, Cleanup: 16958 ns, At safepoint: 2000 ns, Total: 31875 ns
[2025-08-06T21:33:02.535+0000][66][info ][safepoint   ] Safepoint "Cleanup", Time since last: 23031646344 ns, Reaching safepoint: 667417 ns, Cleanup: 29250 ns, At safepoint: 22666 ns, Total: 719333 ns
[2025-08-06T21:33:02.660+0000][66][info ][safepoint   ] Safepoint "ICBufferFull", Time since last: 125577459 ns, Reaching safepoint: 7583 ns, Cleanup: 90083 ns, At safepoint: 2834 ns, Total: 100500 ns
[2025-08-06T21:33:03.662+0000][66][info ][safepoint   ] Safepoint "Cleanup", Time since last: 1001970542 ns, Reaching safepoint: 7875 ns, Cleanup: 21041 ns, At safepoint: 2292 ns, Total: 31208 ns
[2025-08-06T21:33:20.701+0000][66][info ][safepoint   ] Safepoint "Cleanup", Time since last: 17038201925 ns, Reaching safepoint: 373375 ns, Cleanup: 46292 ns, At safepoint: 12541 ns, Total: 432208 ns
[2025-08-06T21:33:38.707+0000][66][info ][safepoint   ] Safepoint "Cleanup", Time since last: 18007314633 ns, Reaching safepoint: 165666 ns, Cleanup: 31625 ns, At safepoint: 31292 ns, Total: 228583 ns
[2025-08-06T21:34:08.737+0000][66][info ][safepoint   ] Safepoint "Cleanup", Time since last: 30028318764 ns, Reaching safepoint: 275042 ns, Cleanup: 46666 ns, At safepoint: 10000 ns, Total: 331708 ns
[2025-08-06T21:34:09.741+0000][66][info ][safepoint   ] Safepoint "Cleanup", Time since last: 1003701709 ns, Reaching safepoint: 10375 ns, Cleanup: 14209 ns, At safepoint: 1791 ns, Total: 26375 ns
[2025-08-06T21:34:20.746+0000][66][info ][safepoint   ] Safepoint "Cleanup", Time since last: 11004867047 ns, Reaching safepoint: 276084 ns, Cleanup: 46958 ns, At safepoint: 11833 ns, Total: 334875 ns
[2025-08-06T21:34:30.382+0000][66][info ][safepoint   ] Safepoint "Cleanup", Time since last: 9635583546 ns, Reaching safepoint: 56584 ns, Cleanup: 43208 ns, At safepoint: 12750 ns, Total: 112542 ns
[2025-08-06T21:34:30.516+0000][66][info ][safepoint   ] Safepoint "ICBufferFull", Time since last: 134510084 ns, Reaching safepoint: 111833 ns, Cleanup: 96250 ns, At safepoint: 13292 ns, Total: 221375 ns
[2025-08-06T21:34:30.832+0000][66][info ][safepoint   ] Safepoint "ICBufferFull", Time since last: 314999458 ns, Reaching safepoint: 119000 ns, Cleanup: 98000 ns, At safepoint: 12375 ns, Total: 229375 ns
[2025-08-06T21:34:30.858+0000][66][info ][gc,start    ] GC(26) Pause Young (Mixed) (G1 Evacuation Pause)
[2025-08-06T21:34:30.860+0000][66][info ][gc,task     ] GC(26) Using 4 workers of 4 for evacuation
[2025-08-06T21:34:30.861+0000][66][debug][gc,age      ] GC(26) Desired survivor size 10485760 bytes, new threshold 2 (max threshold 15)
[2025-08-06T21:34:30.939+0000][66][info ][gc,phases   ] GC(26)   Pre Evacuate Collection Set: 0.6ms
[2025-08-06T21:34:30.940+0000][66][info ][gc,phases   ] GC(26)   Merge Heap Roots: 0.3ms
[2025-08-06T21:34:30.943+0000][66][info ][gc,phases   ] GC(26)   Evacuate Collection Set: 70.2ms
[2025-08-06T21:34:30.944+0000][66][info ][gc,phases   ] GC(26)   Post Evacuate Collection Set: 4.7ms
[2025-08-06T21:34:30.947+0000][66][info ][gc,phases   ] GC(26)   Other: 3.2ms
[2025-08-06T21:34:30.949+0000][66][trace][gc,age      ] GC(26) Age table with threshold 2 (max threshold 15)
[2025-08-06T21:34:30.950+0000][66][trace][gc,age      ] GC(26) - age   1:    2762008 bytes,    2762008 total
[2025-08-06T21:34:30.951+0000][66][trace][gc,age      ] GC(26) - age   2:    6741112 bytes,    9503120 total
[2025-08-06T21:34:30.952+0000][66][info ][gc,heap     ] GC(26) Eden regions: 32->0(32)
[2025-08-06T21:34:30.954+0000][66][info ][gc,heap     ] GC(26) Survivor regions: 4->3(5)
[2025-08-06T21:34:30.955+0000][66][info ][gc,heap     ] GC(26) Old regions: 17->19
[2025-08-06T21:34:30.956+0000][66][info ][gc,heap     ] GC(26) Humongous regions: 0->0
[2025-08-06T21:34:30.957+0000][66][info ][gc,metaspace] GC(26) Metaspace: 120636K(123648K)->120636K(123648K) NonClass: 104136K(105792K)->104136K(105792K) Class: 16499K(17856K)->16499K(17856K)
[2025-08-06T21:34:30.959+0000][66][info ][gc          ] GC(26) Pause Young (Mixed) (G1 Evacuation Pause) 211M->84M(256M) 100.586ms
[2025-08-06T21:34:30.959+0000][66][info ][gc,cpu      ] GC(26) User=0.21s Sys=0.00s Real=0.10s
[2025-08-06T21:34:30.960+0000][66][info ][safepoint   ] Safepoint "G1CollectForAllocation", Time since last: 25630875 ns, Reaching safepoint: 9208 ns, Cleanup: 14000 ns, At safepoint: 103108959 ns, Total: 103132167 ns
[2025-08-06T21:34:32.084+0000][66][info ][safepoint   ] Safepoint "Cleanup", Time since last: 1124041958 ns, Reaching safepoint: 97333 ns, Cleanup: 64167 ns, At safepoint: 3583 ns, Total: 165083 ns
[2025-08-06T21:34:33.086+0000][66][info ][safepoint   ] Safepoint "Cleanup", Time since last: 1001938667 ns, Reaching safepoint: 11042 ns, Cleanup: 19750 ns, At safepoint: 2000 ns, Total: 32792 ns
[2025-08-06T21:34:36.098+0000][66][info ][safepoint   ] Safepoint "Cleanup", Time since last: 3011842751 ns, Reaching safepoint: 16209 ns, Cleanup: 72041 ns, At safepoint: 26875 ns, Total: 115125 ns
[2025-08-06T21:34:44.107+0000][66][info ][safepoint   ] Safepoint "Cleanup", Time since last: 8008682046 ns, Reaching safepoint: 288000 ns, Cleanup: 28750 ns, At safepoint: 10666 ns, Total: 327416 ns
[2025-08-06T21:34:51.112+0000][66][info ][safepoint   ] Safepoint "Cleanup", Time since last: 7005223587 ns, Reaching safepoint: 58333 ns, Cleanup: 42875 ns, At safepoint: 6209 ns, Total: 107417 ns
[2025-08-06T21:34:59.124+0000][66][info ][safepoint   ] Safepoint "Cleanup", Time since last: 8010876337 ns, Reaching safepoint: 300250 ns, Cleanup: 37792 ns, At safepoint: 19208 ns, Total: 357250 ns
[2025-08-06T21:35:01.131+0000][66][info ][safepoint   ] Safepoint "Cleanup", Time since last: 2007216793 ns, Reaching safepoint: 9500 ns, Cleanup: 17583 ns, At safepoint: 1792 ns, Total: 28875 ns
[2025-08-06T21:35:15.140+0000][66][info ][safepoint   ] Safepoint "Cleanup", Time since last: 14009416964 ns, Reaching safepoint: 317250 ns, Cleanup: 22792 ns, At safepoint: 11208 ns, Total: 351250 ns
[2025-08-06T21:35:38.098+0000][66][info ][safepoint   ] Safepoint "Cleanup", Time since last: 22957104052 ns, Reaching safepoint: 343542 ns, Cleanup: 43583 ns, At safepoint: 19584 ns, Total: 406709 ns
[2025-08-06T21:35:46.104+0000][66][info ][safepoint   ] Safepoint "Cleanup", Time since last: 8006186503 ns, Reaching safepoint: 74584 ns, Cleanup: 26833 ns, At safepoint: 3583 ns, Total: 105000 ns
[2025-08-06T21:35:48.110+0000][66][info ][safepoint   ] Safepoint "Cleanup", Time since last: 2005409918 ns, Reaching safepoint: 16792 ns, Cleanup: 21958 ns, At safepoint: 4000 ns, Total: 42750 ns
[2025-08-06T21:35:50.551+0000][66][info ][safepoint   ] Safepoint "Cleanup", Time since last: 2441315626 ns, Reaching safepoint: 208792 ns, Cleanup: 18416 ns, At safepoint: 12292 ns, Total: 239500 ns
[2025-08-06T21:35:51.553+0000][66][info ][safepoint   ] Safepoint "Cleanup", Time since last: 1001595126 ns, Reaching safepoint: 11458 ns, Cleanup: 27875 ns, At safepoint: 1875 ns, Total: 41208 ns
[2025-08-06T21:36:00.564+0000][66][info ][safepoint   ] Safepoint "Cleanup", Time since last: 9011318046 ns, Reaching safepoint: 36958 ns, Cleanup: 7084 ns, At safepoint: 3791 ns, Total: 47833 ns
[2025-08-06T21:36:01.567+0000][66][info ][safepoint   ] Safepoint "Cleanup", Time since last: 1002935959 ns, Reaching safepoint: 15375 ns, Cleanup: 15000 ns, At safepoint: 3625 ns, Total: 34000 ns
[2025-08-06T21:36:06.575+0000][66][info ][safepoint   ] Safepoint "Cleanup", Time since last: 5005754001 ns, Reaching safepoint: 1624167 ns, Cleanup: 89625 ns, At safepoint: 20667 ns, Total: 1734459 ns
[2025-08-06T21:36:31.277+0000][66][info ][safepoint   ] Safepoint "Cleanup", Time since last: 24702354470 ns, Reaching safepoint: 218333 ns, Cleanup: 69459 ns, At safepoint: 30625 ns, Total: 318417 ns
[2025-08-06T21:37:31.352+0000][66][info ][safepoint   ] Safepoint "Cleanup", Time since last: 60074458028 ns, Reaching safepoint: 94750 ns, Cleanup: 46416 ns, At safepoint: 4709 ns, Total: 145875 ns
[2025-08-06T21:37:36.358+0000][66][info ][safepoint   ] Safepoint "Cleanup", Time since last: 5004431960 ns, Reaching safepoint: 193208 ns, Cleanup: 20459 ns, At safepoint: 15458 ns, Total: 229125 ns
[2025-08-06T21:37:51.373+0000][66][info ][safepoint   ] Safepoint "Cleanup", Time since last: 15014463049 ns, Reaching safepoint: 323083 ns, Cleanup: 44459 ns, At safepoint: 9916 ns, Total: 377458 ns
[2025-08-06T21:38:21.398+0000][66][info ][safepoint   ] Safepoint "Cleanup", Time since last: 30027141681 ns, Reaching safepoint: 373625 ns, Cleanup: 50958 ns, At safepoint: 12125 ns, Total: 436708 ns
[2025-08-06T21:38:36.415+0000][66][info ][safepoint   ] Safepoint "Cleanup", Time since last: 15016673257 ns, Reaching safepoint: 99833 ns, Cleanup: 21292 ns, At safepoint: 4541 ns, Total: 125666 ns
[2025-08-06T21:38:59.441+0000][66][info ][safepoint   ] Safepoint "Cleanup", Time since last: 23025948886 ns, Reaching safepoint: 296292 ns, Cleanup: 54708 ns, At safepoint: 10042 ns, Total: 361042 ns
[2025-08-06T21:39:06.446+0000][66][info ][safepoint   ] Safepoint "Cleanup", Time since last: 7004715170 ns, Reaching safepoint: 131625 ns, Cleanup: 24166 ns, At safepoint: 14167 ns, Total: 169958 ns
[2025-08-06T21:39:07.694+0000][66][info ][safepoint   ] Safepoint "Cleanup", Time since last: 1247882001 ns, Reaching safepoint: 4791 ns, Cleanup: 25917 ns, At safepoint: 6417 ns, Total: 37125 ns
[2025-08-06T21:39:08.108+0000][66][info ][safepoint   ] Safepoint "ICBufferFull", Time since last: 413200833 ns, Reaching safepoint: 8500 ns, Cleanup: 126084 ns, At safepoint: 16250 ns, Total: 150834 ns
[2025-08-06T21:39:09.422+0000][66][info ][safepoint   ] Safepoint "Cleanup", Time since last: 1312025625 ns, Reaching safepoint: 26417 ns, Cleanup: 1923041 ns, At safepoint: 7834 ns, Total: 1957292 ns
[2025-08-06T21:39:19.106+0000][66][info ][safepoint   ] Safepoint "Cleanup", Time since last: 9684056296 ns, Reaching safepoint: 45458 ns, Cleanup: 83459 ns, At safepoint: 16583 ns, Total: 145500 ns
[2025-08-06T21:39:20.284+0000][66][info ][safepoint   ] Safepoint "Cleanup", Time since last: 1178471876 ns, Reaching safepoint: 13500 ns, Cleanup: 31166 ns, At safepoint: 4209 ns, Total: 48875 ns
[2025-08-06T21:39:22.286+0000][66][info ][safepoint   ] Safepoint "Cleanup", Time since last: 2001521709 ns, Reaching safepoint: 15667 ns, Cleanup: 24125 ns, At safepoint: 3166 ns, Total: 42958 ns
[2025-08-06T21:39:23.288+0000][66][info ][safepoint   ] Safepoint "Cleanup", Time since last: 1002546292 ns, Reaching safepoint: 21125 ns, Cleanup: 16334 ns, At safepoint: 4166 ns, Total: 41625 ns
[2025-08-06T21:39:36.682+0000][66][info ][safepoint   ] Safepoint "Cleanup", Time since last: 13393221089 ns, Reaching safepoint: 329583 ns, Cleanup: 79542 ns, At safepoint: 18583 ns, Total: 427708 ns
[2025-08-06T21:39:46.688+0000][66][info ][safepoint   ] Safepoint "Cleanup", Time since last: 10006050839 ns, Reaching safepoint: 182000 ns, Cleanup: 38833 ns, At safepoint: 11167 ns, Total: 232000 ns
[2025-08-06T21:39:48.692+0000][66][info ][safepoint   ] Safepoint "Cleanup", Time since last: 2004199917 ns, Reaching safepoint: 88709 ns, Cleanup: 31791 ns, At safepoint: 9417 ns, Total: 129917 ns
[2025-08-06T21:39:51.702+0000][66][info ][safepoint   ] Safepoint "Cleanup", Time since last: 3009434960 ns, Reaching safepoint: 27958 ns, Cleanup: 14417 ns, At safepoint: 3333 ns, Total: 45708 ns
[2025-08-06T21:40:04.708+0000][66][info ][safepoint   ] Safepoint "Cleanup", Time since last: 13005969547 ns, Reaching safepoint: 386458 ns, Cleanup: 33042 ns, At safepoint: 16458 ns, Total: 435958 ns
[2025-08-06T21:40:06.712+0000][66][info ][safepoint   ] Safepoint "Cleanup", Time since last: 2003411668 ns, Reaching safepoint: 13833 ns, Cleanup: 70542 ns, At safepoint: 3750 ns, Total: 88125 ns
[2025-08-06T21:40:25.693+0000][66][info ][safepoint   ] Safepoint "Cleanup", Time since last: 18981359634 ns, Reaching safepoint: 62458 ns, Cleanup: 29584 ns, At safepoint: 6666 ns, Total: 98708 ns
[2025-08-06T21:40:29.698+0000][66][info ][safepoint   ] Safepoint "Cleanup", Time since last: 4004689085 ns, Reaching safepoint: 62542 ns, Cleanup: 129083 ns, At safepoint: 9709 ns, Total: 201334 ns
[2025-08-06T21:40:35.703+0000][66][info ][safepoint   ] Safepoint "Cleanup", Time since last: 6004829669 ns, Reaching safepoint: 45416 ns, Cleanup: 15334 ns, At safepoint: 6833 ns, Total: 67583 ns
[2025-08-06T21:40:36.705+0000][66][info ][safepoint   ] Safepoint "Cleanup", Time since last: 1002510292 ns, Reaching safepoint: 11875 ns, Cleanup: 17584 ns, At safepoint: 3791 ns, Total: 33250 ns
[2025-08-06T21:40:38.709+0000][66][info ][safepoint   ] Safepoint "Cleanup", Time since last: 2002988501 ns, Reaching safepoint: 68125 ns, Cleanup: 37792 ns, At safepoint: 3875 ns, Total: 109792 ns
[2025-08-06T21:40:42.711+0000][66][info ][safepoint   ] Safepoint "Cleanup", Time since last: 4001981960 ns, Reaching safepoint: 577167 ns, Cleanup: 32958 ns, At safepoint: 19000 ns, Total: 629125 ns
[2025-08-06T21:40:43.714+0000][66][info ][safepoint   ] Safepoint "Cleanup", Time since last: 1002957292 ns, Reaching safepoint: 41667 ns, Cleanup: 57792 ns, At safepoint: 11250 ns, Total: 110709 ns
[2025-08-06T21:40:52.723+0000][66][info ][safepoint   ] Safepoint "Cleanup", Time since last: 9007908462 ns, Reaching safepoint: 607167 ns, Cleanup: 99333 ns, At safepoint: 11750 ns, Total: 718250 ns
[2025-08-06T21:41:06.734+0000][66][info ][safepoint   ] Safepoint "Cleanup", Time since last: 14009424339 ns, Reaching safepoint: 729625 ns, Cleanup: 66625 ns, At safepoint: 25500 ns, Total: 821750 ns
[2025-08-06T21:41:08.738+0000][66][info ][safepoint   ] Safepoint "Cleanup", Time since last: 2004473168 ns, Reaching safepoint: 16541 ns, Cleanup: 47500 ns, At safepoint: 3125 ns, Total: 67166 ns
[2025-08-06T21:41:35.917+0000][66][info ][safepoint   ] Safepoint "Cleanup", Time since last: 27179369346 ns, Reaching safepoint: 105125 ns, Cleanup: 48875 ns, At safepoint: 13459 ns, Total: 167459 ns
[2025-08-06T21:41:36.920+0000][66][info ][safepoint   ] Safepoint "Cleanup", Time since last: 1002855250 ns, Reaching safepoint: 136334 ns, Cleanup: 28291 ns, At safepoint: 7375 ns, Total: 172000 ns
[2025-08-06T21:42:05.931+0000][66][info ][safepoint   ] Safepoint "Cleanup", Time since last: 29009894513 ns, Reaching safepoint: 388375 ns, Cleanup: 59000 ns, At safepoint: 17917 ns, Total: 465292 ns
[2025-08-06T21:42:07.933+0000][66][info ][safepoint   ] Safepoint "Cleanup", Time since last: 2002885418 ns, Reaching safepoint: 9625 ns, Cleanup: 14083 ns, At safepoint: 1792 ns, Total: 25500 ns
[2025-08-06T21:42:22.940+0000][66][info ][safepoint   ] Safepoint "Cleanup", Time since last: 15006595340 ns, Reaching safepoint: 296334 ns, Cleanup: 46666 ns, At safepoint: 9209 ns, Total: 352209 ns
[2025-08-06T21:42:35.051+0000][66][info ][safepoint   ] Safepoint "Cleanup", Time since last: 12110677088 ns, Reaching safepoint: 177625 ns, Cleanup: 28833 ns, At safepoint: 10084 ns, Total: 216542 ns
[2025-08-06T21:42:36.055+0000][66][info ][safepoint   ] Safepoint "Cleanup", Time since last: 1003916834 ns, Reaching safepoint: 13208 ns, Cleanup: 14167 ns, At safepoint: 2166 ns, Total: 29541 ns
[2025-08-06T21:42:53.067+0000][66][info ][safepoint   ] Safepoint "Cleanup", Time since last: 17012196342 ns, Reaching safepoint: 291000 ns, Cleanup: 56875 ns, At safepoint: 9250 ns, Total: 357125 ns
[2025-08-06T21:42:54.071+0000][66][info ][safepoint   ] Safepoint "Cleanup", Time since last: 1003838458 ns, Reaching safepoint: 10709 ns, Cleanup: 17458 ns, At safepoint: 1958 ns, Total: 30125 ns
[2025-08-06T21:43:30.223+0000][66][info ][safepoint   ] Safepoint "Cleanup", Time since last: 36151275100 ns, Reaching safepoint: 263417 ns, Cleanup: 34625 ns, At safepoint: 6750 ns, Total: 304792 ns
[2025-08-06T21:43:36.229+0000][66][info ][safepoint   ] Safepoint "Cleanup", Time since last: 6006388211 ns, Reaching safepoint: 11292 ns, Cleanup: 10958 ns, At safepoint: 1792 ns, Total: 24042 ns
[2025-08-06T21:43:37.235+0000][66][info ][safepoint   ] Safepoint "Cleanup", Time since last: 1005110167 ns, Reaching safepoint: 11833 ns, Cleanup: 30792 ns, At safepoint: 4291 ns, Total: 46916 ns
[2025-08-06T21:43:40.237+0000][66][info ][safepoint   ] Safepoint "Cleanup", Time since last: 3002062585 ns, Reaching safepoint: 101125 ns, Cleanup: 70959 ns, At safepoint: 19791 ns, Total: 191875 ns
[2025-08-06T21:43:47.243+0000][66][info ][safepoint   ] Safepoint "Cleanup", Time since last: 7006234587 ns, Reaching safepoint: 322333 ns, Cleanup: 26584 ns, At safepoint: 12041 ns, Total: 360958 ns
[2025-08-06T21:43:50.246+0000][66][info ][safepoint   ] Safepoint "Cleanup", Time since last: 3002532252 ns, Reaching safepoint: 13083 ns, Cleanup: 14000 ns, At safepoint: 3083 ns, Total: 30166 ns
[2025-08-06T21:43:54.253+0000][66][info ][safepoint   ] Safepoint "Cleanup", Time since last: 4006527169 ns, Reaching safepoint: 72042 ns, Cleanup: 41291 ns, At safepoint: 9292 ns, Total: 122625 ns
[2025-08-06T21:44:07.269+0000][66][info ][safepoint   ] Safepoint "Cleanup", Time since last: 13016660922 ns, Reaching safepoint: 427458 ns, Cleanup: 62625 ns, At safepoint: 16583 ns, Total: 506666 ns
[2025-08-06T21:44:09.273+0000][66][info ][safepoint   ] Safepoint "Cleanup", Time since last: 2003755918 ns, Reaching safepoint: 9083 ns, Cleanup: 42417 ns, At safepoint: 4167 ns, Total: 55667 ns
[2025-08-06T21:44:14.279+0000][66][info ][safepoint   ] Safepoint "Cleanup", Time since last: 5002923044 ns, Reaching safepoint: 2907250 ns, Cleanup: 85750 ns, At safepoint: 48125 ns, Total: 3041125 ns
[2025-08-06T21:44:53.285+0000][66][info ][safepoint   ] Safepoint "Cleanup", Time since last: 38996229809 ns, Reaching safepoint: 330875 ns, Cleanup: 39083 ns, At safepoint: 9209 ns, Total: 379167 ns
[2025-08-06T21:45:07.303+0000][66][info ][safepoint   ] Safepoint "Cleanup", Time since last: 14013247839 ns, Reaching safepoint: 166875 ns, Cleanup: 29750 ns, At safepoint: 13041 ns, Total: 209666 ns
[2025-08-06T21:45:23.318+0000][66][info ][safepoint   ] Safepoint "Cleanup", Time since last: 16014932800 ns, Reaching safepoint: 176833 ns, Cleanup: 26417 ns, At safepoint: 18958 ns, Total: 222208 ns
[2025-08-06T21:45:36.433+0000][66][info ][safepoint   ] Safepoint "Cleanup", Time since last: 13112072256 ns, Reaching safepoint: 281167 ns, Cleanup: 42250 ns, At safepoint: 18125 ns, Total: 341542 ns
[2025-08-06T21:45:39.437+0000][66][info ][safepoint   ] Safepoint "Cleanup", Time since last: 3004439376 ns, Reaching safepoint: 44500 ns, Cleanup: 18125 ns, At safepoint: 8250 ns, Total: 70875 ns
[2025-08-06T21:45:44.447+0000][66][info ][safepoint   ] Safepoint "Cleanup", Time since last: 5009551086 ns, Reaching safepoint: 25375 ns, Cleanup: 14416 ns, At safepoint: 3542 ns, Total: 43333 ns
[2025-08-06T21:45:53.458+0000][66][info ][safepoint   ] Safepoint "Cleanup", Time since last: 9010757963 ns, Reaching safepoint: 400125 ns, Cleanup: 43916 ns, At safepoint: 11792 ns, Total: 455833 ns
[2025-08-06T21:46:23.480+0000][66][info ][safepoint   ] Safepoint "Cleanup", Time since last: 30023316763 ns, Reaching safepoint: 333667 ns, Cleanup: 43792 ns, At safepoint: 16416 ns, Total: 393875 ns
[2025-08-06T21:47:23.636+0000][66][info ][safepoint   ] Safepoint "Cleanup", Time since last: 60154708987 ns, Reaching safepoint: 483958 ns, Cleanup: 50500 ns, At safepoint: 14375 ns, Total: 548833 ns
[2025-08-06T21:47:36.776+0000][66][info ][safepoint   ] Safepoint "Cleanup", Time since last: 13137377922 ns, Reaching safepoint: 1931500 ns, Cleanup: 301000 ns, At safepoint: 138292 ns, Total: 2370792 ns
[2025-08-06T21:47:38.780+0000][66][info ][safepoint   ] Safepoint "Cleanup", Time since last: 2004184251 ns, Reaching safepoint: 13125 ns, Cleanup: 13958 ns, At safepoint: 2750 ns, Total: 29833 ns
[2025-08-06T21:47:53.786+0000][66][info ][safepoint   ] Safepoint "Cleanup", Time since last: 15006001924 ns, Reaching safepoint: 321958 ns, Cleanup: 45250 ns, At safepoint: 11417 ns, Total: 378625 ns
[2025-08-06T21:48:23.810+0000][66][info ][safepoint   ] Safepoint "Cleanup", Time since last: 30023249222 ns, Reaching safepoint: 373333 ns, Cleanup: 65000 ns, At safepoint: 11959 ns, Total: 450292 ns
[2025-08-06T21:48:49.981+0000][66][info ][safepoint   ] Safepoint "Cleanup", Time since last: 26171018470 ns, Reaching safepoint: 385500 ns, Cleanup: 42833 ns, At safepoint: 16875 ns, Total: 445208 ns
[2025-08-06T21:48:53.985+0000][66][info ][safepoint   ] Safepoint "Cleanup", Time since last: 4003400960 ns, Reaching safepoint: 71292 ns, Cleanup: 14208 ns, At safepoint: 4250 ns, Total: 89750 ns
[2025-08-06T21:49:06.999+0000][66][info ][safepoint   ] Safepoint "Cleanup", Time since last: 13012565381 ns, Reaching safepoint: 1889125 ns, Cleanup: 40292 ns, At safepoint: 160708 ns, Total: 2090125 ns
[2025-08-06T21:49:08.009+0000][66][info ][safepoint   ] Safepoint "Cleanup", Time since last: 1010023834 ns, Reaching safepoint: 14542 ns, Cleanup: 31666 ns, At safepoint: 4375 ns, Total: 50583 ns
[2025-08-06T21:49:09.011+0000][66][info ][safepoint   ] Safepoint "Cleanup", Time since last: 1001915959 ns, Reaching safepoint: 14917 ns, Cleanup: 14333 ns, At safepoint: 2042 ns, Total: 31292 ns
[2025-08-06T21:49:24.016+0000][66][info ][safepoint   ] Safepoint "Cleanup", Time since last: 15004252382 ns, Reaching safepoint: 327625 ns, Cleanup: 54125 ns, At safepoint: 10583 ns, Total: 392333 ns
[2025-08-06T21:49:54.199+0000][66][info ][safepoint   ] Safepoint "Cleanup", Time since last: 30182879014 ns, Reaching safepoint: 347000 ns, Cleanup: 49667 ns, At safepoint: 10625 ns, Total: 407292 ns
[2025-08-06T21:50:11.219+0000][66][info ][safepoint   ] Safepoint "Cleanup", Time since last: 17018714466 ns, Reaching safepoint: 312834 ns, Cleanup: 46458 ns, At safepoint: 20250 ns, Total: 379542 ns
[2025-08-06T21:50:24.231+0000][66][info ][safepoint   ] Safepoint "Cleanup", Time since last: 13012018673 ns, Reaching safepoint: 446083 ns, Cleanup: 40083 ns, At safepoint: 12625 ns, Total: 498791 ns
[2025-08-06T21:50:38.362+0000][66][info ][safepoint   ] Safepoint "Cleanup", Time since last: 14131137924 ns, Reaching safepoint: 267000 ns, Cleanup: 58041 ns, At safepoint: 15542 ns, Total: 340583 ns
[2025-08-06T21:50:39.365+0000][66][info ][safepoint   ] Safepoint "Cleanup", Time since last: 1002800500 ns, Reaching safepoint: 12750 ns, Cleanup: 13334 ns, At safepoint: 6083 ns, Total: 32167 ns
[2025-08-06T21:51:07.378+0000][66][info ][safepoint   ] Safepoint "Cleanup", Time since last: 28011700262 ns, Reaching safepoint: 333209 ns, Cleanup: 62250 ns, At safepoint: 19208 ns, Total: 414667 ns
[2025-08-06T21:51:08.381+0000][66][info ][safepoint   ] Safepoint "Cleanup", Time since last: 1003840084 ns, Reaching safepoint: 16000 ns, Cleanup: 12583 ns, At safepoint: 1917 ns, Total: 30500 ns
[2025-08-06T21:51:59.431+0000][66][info ][safepoint   ] Safepoint "Cleanup", Time since last: 51049748982 ns, Reaching safepoint: 317500 ns, Cleanup: 47208 ns, At safepoint: 9292 ns, Total: 374000 ns
[2025-08-06T21:52:24.450+0000][66][info ][safepoint   ] Safepoint "Cleanup", Time since last: 25018726303 ns, Reaching safepoint: 339250 ns, Cleanup: 36750 ns, At safepoint: 13792 ns, Total: 389792 ns
[2025-08-06T21:52:36.665+0000][66][info ][safepoint   ] Safepoint "Cleanup", Time since last: 12211546463 ns, Reaching safepoint: 339041 ns, Cleanup: 36625 ns, At safepoint: 10875 ns, Total: 386541 ns
[2025-08-06T21:52:54.674+0000][66][info ][safepoint   ] Safepoint "Cleanup", Time since last: 18008417926 ns, Reaching safepoint: 406750 ns, Cleanup: 93250 ns, At safepoint: 36250 ns, Total: 536250 ns
[2025-08-06T21:53:33.834+0000][66][info ][safepoint   ] Safepoint "Cleanup", Time since last: 39162434017 ns, Reaching safepoint: 279959 ns, Cleanup: 25333 ns, At safepoint: 9625 ns, Total: 314917 ns
[2025-08-06T21:53:34.837+0000][66][info ][safepoint   ] Safepoint "Cleanup", Time since last: 1003008292 ns, Reaching safepoint: 15125 ns, Cleanup: 41542 ns, At safepoint: 7250 ns, Total: 63917 ns
[2025-08-06T21:53:53.847+0000][66][info ][safepoint   ] Safepoint "Cleanup", Time since last: 19009755301 ns, Reaching safepoint: 100791 ns, Cleanup: 22542 ns, At safepoint: 4208 ns, Total: 127541 ns
[2025-08-06T21:53:54.852+0000][66][info ][safepoint   ] Safepoint "Cleanup", Time since last: 1004678542 ns, Reaching safepoint: 25667 ns, Cleanup: 14792 ns, At safepoint: 3750 ns, Total: 44209 ns
[2025-08-06T21:54:24.865+0000][66][info ][safepoint   ] Safepoint "Cleanup", Time since last: 30013010471 ns, Reaching safepoint: 289667 ns, Cleanup: 42125 ns, At safepoint: 8958 ns, Total: 340750 ns
[2025-08-06T21:54:37.004+0000][66][info ][safepoint   ] Safepoint "Cleanup", Time since last: 12138147256 ns, Reaching safepoint: 159250 ns, Cleanup: 33125 ns, At safepoint: 7583 ns, Total: 199958 ns
[2025-08-06T21:55:55.221+0000][66][info ][safepoint   ] Safepoint "Cleanup", Time since last: 78217169744 ns, Reaching safepoint: 403667 ns, Cleanup: 116958 ns, At safepoint: 11417 ns, Total: 532042 ns
[2025-08-06T21:56:08.236+0000][66][info ][safepoint   ] Safepoint "Cleanup", Time since last: 13012499297 ns, Reaching safepoint: 1343583 ns, Cleanup: 142792 ns, At safepoint: 144500 ns, Total: 1630875 ns
[2025-08-06T21:56:33.436+0000][66][info ][safepoint   ] Safepoint "Cleanup", Time since last: 25199828761 ns, Reaching safepoint: 397041 ns, Cleanup: 130625 ns, At safepoint: 12167 ns, Total: 539833 ns
[2025-08-06T21:56:35.438+0000][66][info ][safepoint   ] Safepoint "Cleanup", Time since last: 2002313668 ns, Reaching safepoint: 11958 ns, Cleanup: 23125 ns, At safepoint: 1958 ns, Total: 37041 ns
[2025-08-06T21:56:37.442+0000][66][info ][safepoint   ] Safepoint "Cleanup", Time since last: 2003406418 ns, Reaching safepoint: 69250 ns, Cleanup: 263583 ns, At safepoint: 14584 ns, Total: 347417 ns
[2025-08-06T21:57:09.463+0000][66][info ][safepoint   ] Safepoint "Cleanup", Time since last: 32017998223 ns, Reaching safepoint: 327625 ns, Cleanup: 42833 ns, At safepoint: 19834 ns, Total: 390292 ns
[2025-08-06T21:57:38.797+0000][66][info ][safepoint   ] Safepoint "Cleanup", Time since last: 29336838596 ns, Reaching safepoint: 150709 ns, Cleanup: 72583 ns, At safepoint: 15625 ns, Total: 238917 ns
[2025-08-06T21:57:39.124+0000][66][info ][safepoint   ] Safepoint "ICBufferFull", Time since last: 326655625 ns, Reaching safepoint: 93709 ns, Cleanup: 103291 ns, At safepoint: 22250 ns, Total: 219250 ns
[2025-08-06T21:57:39.246+0000][66][info ][gc,start    ] GC(27) Pause Young (Normal) (G1 Evacuation Pause)
[2025-08-06T21:57:39.248+0000][66][info ][gc,task     ] GC(27) Using 4 workers of 4 for evacuation
[2025-08-06T21:57:39.249+0000][66][debug][gc,age      ] GC(27) Desired survivor size 10485760 bytes, new threshold 15 (max threshold 15)
[2025-08-06T21:57:39.336+0000][66][info ][gc,phases   ] GC(27)   Pre Evacuate Collection Set: 0.6ms
[2025-08-06T21:57:39.337+0000][66][info ][gc,phases   ] GC(27)   Merge Heap Roots: 0.3ms
[2025-08-06T21:57:39.339+0000][66][info ][gc,phases   ] GC(27)   Evacuate Collection Set: 81.0ms
[2025-08-06T21:57:39.340+0000][66][info ][gc,phases   ] GC(27)   Post Evacuate Collection Set: 3.5ms
[2025-08-06T21:57:39.341+0000][66][info ][gc,phases   ] GC(27)   Other: 2.7ms
[2025-08-06T21:57:39.342+0000][66][trace][gc,age      ] GC(27) Age table with threshold 15 (max threshold 15)
[2025-08-06T21:57:39.344+0000][66][trace][gc,age      ] GC(27) - age   1:    2227928 bytes,    2227928 total
[2025-08-06T21:57:39.345+0000][66][trace][gc,age      ] GC(27) - age   2:    1683488 bytes,    3911416 total
[2025-08-06T21:57:39.346+0000][66][trace][gc,age      ] GC(27) - age   3:    6604920 bytes,   10516336 total
[2025-08-06T21:57:39.347+0000][66][info ][gc,heap     ] GC(27) Eden regions: 32->0(32)
[2025-08-06T21:57:39.348+0000][66][info ][gc,heap     ] GC(27) Survivor regions: 3->3(5)
[2025-08-06T21:57:39.349+0000][66][info ][gc,heap     ] GC(27) Old regions: 19->19
[2025-08-06T21:57:39.350+0000][66][info ][gc,heap     ] GC(27) Humongous regions: 0->0
[2025-08-06T21:57:39.352+0000][66][info ][gc,metaspace] GC(27) Metaspace: 125083K(128192K)->125083K(128192K) NonClass: 107958K(109632K)->107958K(109632K) Class: 17125K(18560K)->17125K(18560K)
[2025-08-06T21:57:39.354+0000][66][info ][gc          ] GC(27) Pause Young (Normal) (G1 Evacuation Pause) 212M->85M(256M) 107.971ms
[2025-08-06T21:57:39.355+0000][66][info ][gc,cpu      ] GC(27) User=0.23s Sys=0.00s Real=0.11s
[2025-08-06T21:57:39.356+0000][66][info ][safepoint   ] Safepoint "G1CollectForAllocation", Time since last: 121791875 ns, Reaching safepoint: 12542 ns, Cleanup: 38250 ns, At safepoint: 110303958 ns, Total: 110354750 ns
[2025-08-06T21:57:40.537+0000][66][info ][safepoint   ] Safepoint "Cleanup", Time since last: 1180413959 ns, Reaching safepoint: 61375 ns, Cleanup: 155375 ns, At safepoint: 8084 ns, Total: 224834 ns
[2025-08-06T21:57:54.549+0000][66][info ][safepoint   ] Safepoint "Cleanup", Time since last: 14011266673 ns, Reaching safepoint: 228375 ns, Cleanup: 38458 ns, At safepoint: 12584 ns, Total: 279417 ns
[2025-08-06T21:57:55.551+0000][66][info ][safepoint   ] Safepoint "Cleanup", Time since last: 1002738042 ns, Reaching safepoint: 14583 ns, Cleanup: 18417 ns, At safepoint: 1833 ns, Total: 34833 ns
[2025-08-06T21:58:02.559+0000][66][info ][safepoint   ] Safepoint "Cleanup", Time since last: 7007006377 ns, Reaching safepoint: 384042 ns, Cleanup: 54208 ns, At safepoint: 18250 ns, Total: 456500 ns
[2025-08-06T21:58:07.563+0000][66][info ][safepoint   ] Safepoint "Cleanup", Time since last: 5004413211 ns, Reaching safepoint: 44208 ns, Cleanup: 52250 ns, At safepoint: 8417 ns, Total: 104875 ns
[2025-08-06T21:58:09.568+0000][66][info ][safepoint   ] Safepoint "Cleanup", Time since last: 2004631668 ns, Reaching safepoint: 268333 ns, Cleanup: 61167 ns, At safepoint: 17583 ns, Total: 347083 ns
[2025-08-06T21:58:25.582+0000][66][info ][safepoint   ] Safepoint "Cleanup", Time since last: 16013298716 ns, Reaching safepoint: 123167 ns, Cleanup: 38291 ns, At safepoint: 24042 ns, Total: 185500 ns
[2025-08-06T21:58:26.108+0000][66][info ][safepoint   ] Safepoint "ICBufferFull", Time since last: 525836250 ns, Reaching safepoint: 355500 ns, Cleanup: 210250 ns, At safepoint: 14584 ns, Total: 580334 ns
[2025-08-06T21:58:27.884+0000][66][info ][safepoint   ] Safepoint "Cleanup", Time since last: 1775659375 ns, Reaching safepoint: 13000 ns, Cleanup: 63625 ns, At safepoint: 6167 ns, Total: 82792 ns
[2025-08-06T21:58:29.889+0000][66][info ][safepoint   ] Safepoint "Cleanup", Time since last: 2003426543 ns, Reaching safepoint: 740958 ns, Cleanup: 108583 ns, At safepoint: 8375 ns, Total: 857916 ns
[2025-08-06T21:58:34.931+0000][66][info ][safepoint   ] Safepoint "Cleanup", Time since last: 5041618419 ns, Reaching safepoint: 226417 ns, Cleanup: 47458 ns, At safepoint: 14167 ns, Total: 288042 ns
[2025-08-06T21:58:36.935+0000][66][info ][safepoint   ] Safepoint "Cleanup", Time since last: 2003164584 ns, Reaching safepoint: 95792 ns, Cleanup: 15541 ns, At safepoint: 16375 ns, Total: 127708 ns
[2025-08-06T21:58:55.977+0000][66][info ][safepoint   ] Safepoint "Cleanup", Time since last: 19042098301 ns, Reaching safepoint: 289875 ns, Cleanup: 40209 ns, At safepoint: 10875 ns, Total: 340959 ns
[2025-08-06T21:59:30.086+0000][66][info ][safepoint   ] Safepoint "Cleanup", Time since last: 34106507640 ns, Reaching safepoint: 564292 ns, Cleanup: 52750 ns, At safepoint: 8041 ns, Total: 625083 ns
[2025-08-06T21:59:56.105+0000][66][info ][safepoint   ] Safepoint "Cleanup", Time since last: 26022031804 ns, Reaching safepoint: 278500 ns, Cleanup: 37708 ns, At safepoint: 8917 ns, Total: 325125 ns
[2025-08-06T22:00:07.113+0000][66][info ][safepoint   ] Safepoint "Cleanup", Time since last: 11005019130 ns, Reaching safepoint: 2222458 ns, Cleanup: 328417 ns, At safepoint: 101083 ns, Total: 2651958 ns
[2025-08-06T22:00:26.127+0000][66][info ][safepoint   ] Safepoint "Cleanup", Time since last: 19013466634 ns, Reaching safepoint: 323750 ns, Cleanup: 38959 ns, At safepoint: 17791 ns, Total: 380500 ns
[2025-08-06T22:00:39.259+0000][66][info ][safepoint   ] Safepoint "Cleanup", Time since last: 13131488506 ns, Reaching safepoint: 397041 ns, Cleanup: 52125 ns, At safepoint: 17375 ns, Total: 466541 ns
[2025-08-06T22:01:26.300+0000][66][info ][safepoint   ] Safepoint "Cleanup", Time since last: 47040580689 ns, Reaching safepoint: 364833 ns, Cleanup: 49667 ns, At safepoint: 13666 ns, Total: 428166 ns
[2025-08-06T22:01:37.417+0000][66][info ][safepoint   ] Safepoint "Cleanup", Time since last: 11115468921 ns, Reaching safepoint: 511375 ns, Cleanup: 51875 ns, At safepoint: 25292 ns, Total: 588542 ns
[2025-08-06T22:02:16.453+0000][66][info ][safepoint   ] Safepoint "Cleanup", Time since last: 39036629268 ns, Reaching safepoint: 239125 ns, Cleanup: 49917 ns, At safepoint: 14625 ns, Total: 303667 ns
[2025-08-06T22:02:26.467+0000][66][info ][safepoint   ] Safepoint "Cleanup", Time since last: 10013865296 ns, Reaching safepoint: 72375 ns, Cleanup: 24833 ns, At safepoint: 4292 ns, Total: 101500 ns
[2025-08-06T22:02:28.469+0000][66][info ][safepoint   ] Safepoint "Cleanup", Time since last: 2002186334 ns, Reaching safepoint: 12084 ns, Cleanup: 26958 ns, At safepoint: 2042 ns, Total: 41084 ns
[2025-08-06T22:02:55.485+0000][66][info ][safepoint   ] Safepoint "Cleanup", Time since last: 27010969220 ns, Reaching safepoint: 4559167 ns, Cleanup: 302666 ns, At safepoint: 30209 ns, Total: 4892042 ns
[2025-08-06T22:02:56.493+0000][66][info ][safepoint   ] Safepoint "Cleanup", Time since last: 1007856250 ns, Reaching safepoint: 20083 ns, Cleanup: 29417 ns, At safepoint: 3417 ns, Total: 52917 ns
[2025-08-06T22:03:06.508+0000][66][info ][safepoint   ] Safepoint "Cleanup", Time since last: 10014548838 ns, Reaching safepoint: 310125 ns, Cleanup: 147875 ns, At safepoint: 12708 ns, Total: 470708 ns
[2025-08-06T22:03:11.514+0000][66][info ][safepoint   ] Safepoint "Cleanup", Time since last: 5006451169 ns, Reaching safepoint: 18333 ns, Cleanup: 55792 ns, At safepoint: 4000 ns, Total: 78125 ns
[2025-08-06T22:03:15.521+0000][66][info ][safepoint   ] Safepoint "Cleanup", Time since last: 4007060502 ns, Reaching safepoint: 12958 ns, Cleanup: 36709 ns, At safepoint: 2333 ns, Total: 52000 ns
[2025-08-06T22:03:28.776+0000][66][info ][safepoint   ] Safepoint "Cleanup", Time since last: 13253995298 ns, Reaching safepoint: 36583 ns, Cleanup: 68084 ns, At safepoint: 4541 ns, Total: 109208 ns
[2025-08-06T22:03:29.780+0000][66][info ][safepoint   ] Safepoint "Cleanup", Time since last: 1004161251 ns, Reaching safepoint: 12833 ns, Cleanup: 13792 ns, At safepoint: 2333 ns, Total: 28958 ns
[2025-08-06T22:03:35.786+0000][66][info ][safepoint   ] Safepoint "Cleanup", Time since last: 6006375377 ns, Reaching safepoint: 15375 ns, Cleanup: 12333 ns, At safepoint: 22042 ns, Total: 49750 ns
[2025-08-06T22:03:37.791+0000][66][info ][safepoint   ] Safepoint "Cleanup", Time since last: 2004647209 ns, Reaching safepoint: 106334 ns, Cleanup: 17625 ns, At safepoint: 9708 ns, Total: 133667 ns
[2025-08-06T22:03:56.808+0000][66][info ][safepoint   ] Safepoint "Cleanup", Time since last: 19014083884 ns, Reaching safepoint: 636208 ns, Cleanup: 1442417 ns, At safepoint: 11417 ns, Total: 2090042 ns
[2025-08-06T22:04:18.831+0000][66][info ][safepoint   ] Safepoint "Cleanup", Time since last: 22023404634 ns, Reaching safepoint: 432042 ns, Cleanup: 64125 ns, At safepoint: 21916 ns, Total: 518083 ns
[2025-08-06T22:04:26.840+0000][66][info ][safepoint   ] Safepoint "Cleanup", Time since last: 8008477879 ns, Reaching safepoint: 33375 ns, Cleanup: 15334 ns, At safepoint: 3625 ns, Total: 52334 ns
[2025-08-06T22:04:37.207+0000][66][info ][safepoint   ] Safepoint "Cleanup", Time since last: 10366838546 ns, Reaching safepoint: 211625 ns, Cleanup: 70541 ns, At safepoint: 32334 ns, Total: 314500 ns
[2025-08-06T22:04:53.222+0000][66][info ][safepoint   ] Safepoint "Cleanup", Time since last: 16013231966 ns, Reaching safepoint: 1419458 ns, Cleanup: 70333 ns, At safepoint: 20417 ns, Total: 1510208 ns
[2025-08-06T22:05:12.238+0000][66][info ][safepoint   ] Safepoint "Cleanup", Time since last: 19016059800 ns, Reaching safepoint: 350125 ns, Cleanup: 38875 ns, At safepoint: 17333 ns, Total: 406333 ns
[2025-08-06T22:05:27.249+0000][66][info ][safepoint   ] Safepoint "Cleanup", Time since last: 15008986924 ns, Reaching safepoint: 1431417 ns, Cleanup: 227916 ns, At safepoint: 197167 ns, Total: 1856500 ns
[2025-08-06T22:05:37.237+0000][66][info ][safepoint   ] Safepoint "Cleanup", Time since last: 9987118338 ns, Reaching safepoint: 335750 ns, Cleanup: 79083 ns, At safepoint: 26042 ns, Total: 440875 ns
[2025-08-06T22:07:07.290+0000][66][info ][safepoint   ] Safepoint "Cleanup", Time since last: 90053042666 ns, Reaching safepoint: 481583 ns, Cleanup: 44792 ns, At safepoint: 23083 ns, Total: 549458 ns
[2025-08-06T22:07:27.300+0000][66][info ][safepoint   ] Safepoint "Cleanup", Time since last: 20009393343 ns, Reaching safepoint: 296000 ns, Cleanup: 84083 ns, At safepoint: 10792 ns, Total: 390875 ns
[2025-08-06T22:07:56.534+0000][66][info ][safepoint   ] Safepoint "Cleanup", Time since last: 29233841263 ns, Reaching safepoint: 326125 ns, Cleanup: 37250 ns, At safepoint: 18042 ns, Total: 381417 ns
[2025-08-06T22:07:57.538+0000][66][info ][safepoint   ] Safepoint "Cleanup", Time since last: 1004238417 ns, Reaching safepoint: 12917 ns, Cleanup: 14625 ns, At safepoint: 1958 ns, Total: 29500 ns
[2025-08-06T22:08:57.715+0000][66][info ][safepoint   ] Safepoint "Cleanup", Time since last: 60176333861 ns, Reaching safepoint: 92333 ns, Cleanup: 68625 ns, At safepoint: 7917 ns, Total: 168875 ns
[2025-08-06T22:09:07.721+0000][66][info ][safepoint   ] Safepoint "Cleanup", Time since last: 10005432212 ns, Reaching safepoint: 339916 ns, Cleanup: 31250 ns, At safepoint: 11959 ns, Total: 383125 ns
[2025-08-06T22:09:56.868+0000][66][info ][safepoint   ] Safepoint "Cleanup", Time since last: 49146503106 ns, Reaching safepoint: 392833 ns, Cleanup: 47875 ns, At safepoint: 20833 ns, Total: 461541 ns
[2025-08-06T22:09:57.873+0000][66][info ][safepoint   ] Safepoint "Cleanup", Time since last: 1005230459 ns, Reaching safepoint: 12125 ns, Cleanup: 13875 ns, At safepoint: 1875 ns, Total: 27875 ns
[2025-08-06T22:11:07.945+0000][66][info ][safepoint   ] Safepoint "Cleanup", Time since last: 70069740074 ns, Reaching safepoint: 1378958 ns, Cleanup: 251125 ns, At safepoint: 342750 ns, Total: 1972833 ns
[2025-08-06T22:11:08.950+0000][66][info ][safepoint   ] Safepoint "Cleanup", Time since last: 1005850250 ns, Reaching safepoint: 48667 ns, Cleanup: 9958 ns, At safepoint: 7334 ns, Total: 65959 ns
[2025-08-06T22:11:34.312+0000][66][info ][safepoint   ] Safepoint "Cleanup", Time since last: 25363569220 ns, Reaching safepoint: 209250 ns, Cleanup: 53000 ns, At safepoint: 12167 ns, Total: 274417 ns
[2025-08-06T23:01:31.334+0000][66][info ][safepoint   ] Safepoint "Cleanup", Time since last: 28100550470 ns, Reaching safepoint: 380250 ns, Cleanup: 48500 ns, At safepoint: 14125 ns, Total: 442875 ns
[2025-08-06T23:01:55.458+0000][66][info ][safepoint   ] Safepoint "Cleanup", Time since last: 24123621178 ns, Reaching safepoint: 358000 ns, Cleanup: 44959 ns, At safepoint: 10500 ns, Total: 413459 ns
[2025-08-07T00:12:58.085+0000][66][info ][safepoint   ] Safepoint "Cleanup", Time since last: 30038030138 ns, Reaching safepoint: 354042 ns, Cleanup: 235958 ns, At safepoint: 42083 ns, Total: 632083 ns
[2025-08-07T04:34:03.107+0000][66][info ][safepoint   ] Safepoint "Cleanup", Time since last: 120398409973 ns, Reaching safepoint: 431250 ns, Cleanup: 124208 ns, At safepoint: 29084 ns, Total: 584542 ns
[2025-08-07T07:21:25.519+0000][66][info ][safepoint   ] Safepoint "Cleanup", Time since last: 125756978222 ns, Reaching safepoint: 442084 ns, Cleanup: 43166 ns, At safepoint: 15209 ns, Total: 500459 ns
[2025-08-07T07:21:49.776+0000][66][info ][safepoint   ] Safepoint "Cleanup", Time since last: 24251640928 ns, Reaching safepoint: 5017917 ns, Cleanup: 84500 ns, At safepoint: 31750 ns, Total: 5134167 ns
[2025-08-07T07:21:51.780+0000][66][info ][safepoint   ] Safepoint "Cleanup", Time since last: 2003934584 ns, Reaching safepoint: 16125 ns, Cleanup: 31917 ns, At safepoint: 2166 ns, Total: 50208 ns
[2025-08-07T07:24:30.161+0000][66][info ][safepoint   ] Safepoint "Cleanup", Time since last: 60011372195 ns, Reaching safepoint: 492125 ns, Cleanup: 46791 ns, At safepoint: 11584 ns, Total: 550500 ns
[2025-08-07T07:25:31.081+0000][66][info ][safepoint   ] Safepoint "Cleanup", Time since last: 60921030944 ns, Reaching safepoint: 291417 ns, Cleanup: 39541 ns, At safepoint: 11584 ns, Total: 342542 ns
[2025-08-07T07:26:01.099+0000][66][info ][safepoint   ] Safepoint "Cleanup", Time since last: 30017634555 ns, Reaching safepoint: 400959 ns, Cleanup: 41916 ns, At safepoint: 12334 ns, Total: 455209 ns
[2025-08-07T07:26:31.115+0000][66][info ][safepoint   ] Safepoint "Cleanup", Time since last: 30016540180 ns, Reaching safepoint: 301042 ns, Cleanup: 92417 ns, At safepoint: 60833 ns, Total: 454292 ns
[2025-08-07T07:27:00.147+0000][66][info ][safepoint   ] Safepoint "Cleanup", Time since last: 29030967513 ns, Reaching safepoint: 601167 ns, Cleanup: 67625 ns, At safepoint: 15958 ns, Total: 684750 ns
[2025-08-07T07:28:15.190+0000][66][info ][safepoint   ] Safepoint "Cleanup", Time since last: 75044459617 ns, Reaching safepoint: 382333 ns, Cleanup: 40708 ns, At safepoint: 16584 ns, Total: 439625 ns
[2025-08-07T07:28:28.202+0000][66][info ][safepoint   ] Safepoint "Cleanup", Time since last: 13011096798 ns, Reaching safepoint: 354416 ns, Cleanup: 54292 ns, At safepoint: 17167 ns, Total: 425875 ns
[2025-08-07T07:28:31.204+0000][66][info ][safepoint   ] Safepoint "Cleanup", Time since last: 3002370626 ns, Reaching safepoint: 68083 ns, Cleanup: 33667 ns, At safepoint: 3792 ns, Total: 105542 ns
[2025-08-07T07:28:43.214+0000][66][info ][safepoint   ] Safepoint "Cleanup", Time since last: 12009950088 ns, Reaching safepoint: 328209 ns, Cleanup: 54625 ns, At safepoint: 18291 ns, Total: 401125 ns
[2025-08-07T07:29:01.222+0000][66][info ][safepoint   ] Safepoint "Cleanup", Time since last: 18007483009 ns, Reaching safepoint: 282833 ns, Cleanup: 34542 ns, At safepoint: 11833 ns, Total: 329208 ns
[2025-08-07T07:29:28.240+0000][66][info ][safepoint   ] Safepoint "Cleanup", Time since last: 27017739638 ns, Reaching safepoint: 305000 ns, Cleanup: 37417 ns, At safepoint: 21500 ns, Total: 363917 ns
[2025-08-07T07:29:37.247+0000][66][info ][safepoint   ] Safepoint "Cleanup", Time since last: 9006105045 ns, Reaching safepoint: 23667 ns, Cleanup: 19167 ns, At safepoint: 37875 ns, Total: 80709 ns
[2025-08-07T07:29:43.255+0000][66][info ][safepoint   ] Safepoint "Cleanup", Time since last: 6006561336 ns, Reaching safepoint: 1497625 ns, Cleanup: 261125 ns, At safepoint: 20791 ns, Total: 1779541 ns
[2025-08-07T07:30:31.292+0000][66][info ][safepoint   ] Safepoint "Cleanup", Time since last: 48038405356 ns, Reaching safepoint: 240083 ns, Cleanup: 38709 ns, At safepoint: 10291 ns, Total: 289083 ns
[2025-08-07T07:31:01.322+0000][66][info ][safepoint   ] Safepoint "Cleanup", Time since last: 30029357306 ns, Reaching safepoint: 1207916 ns, Cleanup: 59084 ns, At safepoint: 10958 ns, Total: 1277958 ns
[2025-08-07T07:31:58.345+0000][66][info ][safepoint   ] Safepoint "Cleanup", Time since last: 57023825817 ns, Reaching safepoint: 408500 ns, Cleanup: 80375 ns, At safepoint: 24542 ns, Total: 513417 ns
[2025-08-07T07:32:02.351+0000][66][info ][safepoint   ] Safepoint "Cleanup", Time since last: 4005206627 ns, Reaching safepoint: 26583 ns, Cleanup: 16375 ns, At safepoint: 2792 ns, Total: 45750 ns
[2025-08-07T07:32:13.361+0000][66][info ][safepoint   ] Safepoint "Cleanup", Time since last: 11010379171 ns, Reaching safepoint: 274542 ns, Cleanup: 55417 ns, At safepoint: 19000 ns, Total: 348959 ns
[2025-08-07T07:32:33.375+0000][66][info ][safepoint   ] Safepoint "Cleanup", Time since last: 20013463926 ns, Reaching safepoint: 327166 ns, Cleanup: 57542 ns, At safepoint: 13417 ns, Total: 398125 ns
[2025-08-07T07:33:43.445+0000][66][info ][safepoint   ] Safepoint "Cleanup", Time since last: 70070746573 ns, Reaching safepoint: 295958 ns, Cleanup: 35334 ns, At safepoint: 12000 ns, Total: 343292 ns
[2025-08-07T07:33:47.453+0000][66][info ][safepoint   ] Safepoint "Cleanup", Time since last: 4008241501 ns, Reaching safepoint: 16334 ns, Cleanup: 22166 ns, At safepoint: 3667 ns, Total: 42167 ns
[2025-08-07T07:35:32.505+0000][66][info ][safepoint   ] Safepoint "Cleanup", Time since last: 105052247423 ns, Reaching safepoint: 298709 ns, Cleanup: 33250 ns, At safepoint: 9041 ns, Total: 341000 ns
[2025-08-07T07:35:58.531+0000][66][info ][safepoint   ] Safepoint "Cleanup", Time since last: 26026890346 ns, Reaching safepoint: 335208 ns, Cleanup: 41292 ns, At safepoint: 14041 ns, Total: 390541 ns
[2025-08-07T07:36:02.537+0000][66][info ][safepoint   ] Safepoint "Cleanup", Time since last: 4005504794 ns, Reaching safepoint: 39125 ns, Cleanup: 15458 ns, At safepoint: 2334 ns, Total: 56917 ns
[2025-08-07T07:37:12.769+0000][66][info ][safepoint   ] Safepoint "Cleanup", Time since last: 70232707572 ns, Reaching safepoint: 865625 ns, Cleanup: 268375 ns, At safepoint: 132792 ns, Total: 1266792 ns
[2025-08-07T07:39:02.818+0000][66][info ][safepoint   ] Safepoint "Cleanup", Time since last: 110049927217 ns, Reaching safepoint: 300083 ns, Cleanup: 51125 ns, At safepoint: 9667 ns, Total: 360875 ns
[2025-08-07T07:40:27.910+0000][66][info ][safepoint   ] Safepoint "Cleanup", Time since last: 85092778414 ns, Reaching safepoint: 278875 ns, Cleanup: 48916 ns, At safepoint: 12084 ns, Total: 339875 ns
[2025-08-07T07:40:57.929+0000][66][info ][safepoint   ] Safepoint "Cleanup", Time since last: 30018742639 ns, Reaching safepoint: 319041 ns, Cleanup: 80584 ns, At safepoint: 11916 ns, Total: 411541 ns
[2025-08-07T07:41:27.938+0000][66][info ][safepoint   ] Safepoint "Cleanup", Time since last: 30009329764 ns, Reaching safepoint: 322333 ns, Cleanup: 49584 ns, At safepoint: 16291 ns, Total: 388208 ns
[2025-08-07T07:41:57.949+0000][66][info ][safepoint   ] Safepoint "Cleanup", Time since last: 30011089764 ns, Reaching safepoint: 154666 ns, Cleanup: 20459 ns, At safepoint: 8625 ns, Total: 183750 ns
[2025-08-07T07:42:33.280+0000][66][info ][gc,start    ] GC(28) Pause Young (Concurrent Start) (G1 Evacuation Pause)
[2025-08-07T07:42:33.284+0000][66][info ][gc,task     ] GC(28) Using 4 workers of 4 for evacuation
[2025-08-07T07:42:33.285+0000][66][debug][gc,age      ] GC(28) Desired survivor size 10485760 bytes, new threshold 3 (max threshold 15)
[2025-08-07T07:42:33.519+0000][66][info ][gc,mmu      ] GC(28) MMU target violated: 201.0ms (200.0ms/201.0ms)
[2025-08-07T07:42:33.521+0000][66][info ][gc,phases   ] GC(28)   Pre Evacuate Collection Set: 4.3ms
[2025-08-07T07:42:33.523+0000][66][info ][gc,phases   ] GC(28)   Merge Heap Roots: 0.6ms
[2025-08-07T07:42:33.524+0000][66][info ][gc,phases   ] GC(28)   Evacuate Collection Set: 223.0ms
[2025-08-07T07:42:33.525+0000][66][info ][gc,phases   ] GC(28)   Post Evacuate Collection Set: 4.7ms
[2025-08-07T07:42:33.526+0000][66][info ][gc,phases   ] GC(28)   Other: 5.2ms
[2025-08-07T07:42:33.527+0000][66][trace][gc,age      ] GC(28) Age table with threshold 3 (max threshold 15)
[2025-08-07T07:42:33.528+0000][66][trace][gc,age      ] GC(28) - age   1:    1082152 bytes,    1082152 total
[2025-08-07T07:42:33.529+0000][66][trace][gc,age      ] GC(28) - age   2:    1346496 bytes,    2428648 total
[2025-08-07T07:42:33.530+0000][66][trace][gc,age      ] GC(28) - age   3:    1661968 bytes,    4090616 total
[2025-08-07T07:42:33.531+0000][66][info ][gc,heap     ] GC(28) Eden regions: 32->0(32)
[2025-08-07T07:42:33.532+0000][66][info ][gc,heap     ] GC(28) Survivor regions: 3->2(5)
[2025-08-07T07:42:33.533+0000][66][info ][gc,heap     ] GC(28) Old regions: 19->21
[2025-08-07T07:42:33.534+0000][66][info ][gc,heap     ] GC(28) Humongous regions: 0->0
[2025-08-07T07:42:33.535+0000][66][info ][gc,metaspace] GC(28) Metaspace: 126995K(130112K)->126995K(130112K) NonClass: 109673K(111360K)->109673K(111360K) Class: 17321K(18752K)->17321K(18752K)
[2025-08-07T07:42:33.536+0000][66][info ][gc          ] GC(28) Pause Young (Concurrent Start) (G1 Evacuation Pause) 213M->85M(256M) 255.873ms
[2025-08-07T07:42:33.536+0000][66][info ][gc,cpu      ] GC(28) User=0.69s Sys=0.00s Real=0.26s
[2025-08-07T07:42:33.538+0000][66][info ][safepoint   ] Safepoint "G1CollectForAllocation", Time since last: 35329054433 ns, Reaching safepoint: 1814167 ns, Cleanup: 281750 ns, At safepoint: 258271458 ns, Total: 260367375 ns
[2025-08-07T07:42:33.537+0000][66][info ][gc          ] GC(29) Concurrent Mark Cycle
[2025-08-07T07:42:33.543+0000][66][info ][gc,marking  ] GC(29) Concurrent Scan Root Regions
[2025-08-07T07:42:33.608+0000][66][info ][gc,marking  ] GC(29) Concurrent Scan Root Regions 64.563ms
[2025-08-07T07:42:33.609+0000][66][info ][gc,marking  ] GC(29) Concurrent Mark
[2025-08-07T07:42:33.611+0000][66][info ][gc,marking  ] GC(29) Concurrent Mark From Roots
[2025-08-07T07:42:33.611+0000][66][info ][gc,task     ] GC(29) Using 1 workers of 1 for marking
[2025-08-07T07:42:33.882+0000][66][info ][gc,marking  ] GC(29) Concurrent Mark From Roots 271.268ms
[2025-08-07T07:42:33.883+0000][66][info ][gc,marking  ] GC(29) Concurrent Preclean
[2025-08-07T07:42:33.885+0000][66][info ][gc,marking  ] GC(29) Concurrent Preclean 1.814ms
[2025-08-07T07:42:33.886+0000][66][info ][gc,start    ] GC(29) Pause Remark
[2025-08-07T07:42:34.121+0000][66][info ][gc,mmu      ] GC(29) MMU target violated: 201.0ms (200.0ms/201.0ms)
[2025-08-07T07:42:34.124+0000][66][info ][gc          ] GC(29) Pause Remark 85M->85M(256M) 238.470ms
[2025-08-07T07:42:34.126+0000][66][info ][gc,cpu      ] GC(29) User=0.66s Sys=0.00s Real=0.24s
[2025-08-07T07:42:34.146+0000][66][info ][safepoint   ] Safepoint "G1PauseRemark", Time since last: 348155208 ns, Reaching safepoint: 12833 ns, Cleanup: 4167 ns, At safepoint: 260398333 ns, Total: 260415333 ns
[2025-08-07T07:42:34.147+0000][66][info ][gc,marking  ] GC(29) Concurrent Mark 538.173ms
[2025-08-07T07:42:34.148+0000][66][info ][gc,marking  ] GC(29) Concurrent Rebuild Remembered Sets and Scrub Regions
[2025-08-07T07:42:34.191+0000][66][info ][gc,marking  ] GC(29) Concurrent Rebuild Remembered Sets and Scrub Regions 42.929ms
[2025-08-07T07:42:34.193+0000][66][info ][gc,start    ] GC(29) Pause Cleanup
[2025-08-07T07:42:34.195+0000][66][info ][gc          ] GC(29) Pause Cleanup 86M->86M(256M) 1.071ms
[2025-08-07T07:42:34.196+0000][66][info ][gc,cpu      ] GC(29) User=0.00s Sys=0.00s Real=0.00s
[2025-08-07T07:42:34.197+0000][66][info ][safepoint   ] Safepoint "G1PauseCleanup", Time since last: 47151625 ns, Reaching safepoint: 215083 ns, Cleanup: 18584 ns, At safepoint: 3414166 ns, Total: 3647833 ns
[2025-08-07T07:42:34.198+0000][66][info ][gc,marking  ] GC(29) Concurrent Clear Claimed Marks
[2025-08-07T07:42:34.198+0000][66][info ][gc,marking  ] GC(29) Concurrent Clear Claimed Marks 0.872ms
[2025-08-07T07:42:34.199+0000][66][info ][gc,marking  ] GC(29) Concurrent Cleanup for Next Mark
[2025-08-07T07:42:34.201+0000][66][info ][gc,marking  ] GC(29) Concurrent Cleanup for Next Mark 2.599ms
[2025-08-07T07:42:34.202+0000][66][info ][gc          ] GC(29) Concurrent Mark Cycle 665.620ms
[2025-08-07T07:44:04.285+0000][66][info ][safepoint   ] Safepoint "Cleanup", Time since last: 90086686917 ns, Reaching safepoint: 2099500 ns, Cleanup: 49833 ns, At safepoint: 16083 ns, Total: 2165416 ns
[2025-08-07T07:44:34.305+0000][66][info ][safepoint   ] Safepoint "Cleanup", Time since last: 30021020431 ns, Reaching safepoint: 309375 ns, Cleanup: 37875 ns, At safepoint: 30083 ns, Total: 377333 ns
[2025-08-07T07:45:08.325+0000][66][info ][safepoint   ] Safepoint "Cleanup", Time since last: 34020008099 ns, Reaching safepoint: 287750 ns, Cleanup: 35166 ns, At safepoint: 8875 ns, Total: 331791 ns
[2025-08-07T07:49:43.558+0000][66][info ][safepoint   ] Safepoint "Cleanup", Time since last: 275236197043 ns, Reaching safepoint: 230833 ns, Cleanup: 24125 ns, At safepoint: 10000 ns, Total: 264958 ns
[2025-08-07T07:52:05.674+0000][66][info ][safepoint   ] Safepoint "Cleanup", Time since last: 142117568731 ns, Reaching safepoint: 325833 ns, Cleanup: 32917 ns, At safepoint: 31833 ns, Total: 390583 ns
[2025-08-07T07:54:37.254+0000][66][info ][safepoint   ] Safepoint "Cleanup", Time since last: 151582976152 ns, Reaching safepoint: 213875 ns, Cleanup: 24084 ns, At safepoint: 14333 ns, Total: 252292 ns
[2025-08-07T07:56:06.304+0000][66][info ][safepoint   ] Safepoint "Cleanup", Time since last: 89050121082 ns, Reaching safepoint: 355667 ns, Cleanup: 36500 ns, At safepoint: 10333 ns, Total: 402500 ns
[2025-08-07T07:57:48.857+0000][66][info ][safepoint   ] Safepoint "Cleanup", Time since last: 102554813588 ns, Reaching safepoint: 311542 ns, Cleanup: 27000 ns, At safepoint: 19750 ns, Total: 358292 ns
[2025-08-07T07:59:06.926+0000][66][info ][safepoint   ] Safepoint "Cleanup", Time since last: 78069191411 ns, Reaching safepoint: 399750 ns, Cleanup: 41625 ns, At safepoint: 10500 ns, Total: 451875 ns
[2025-08-07T07:59:43.942+0000][66][info ][safepoint   ] Safepoint "Cleanup", Time since last: 37016354516 ns, Reaching safepoint: 170209 ns, Cleanup: 29166 ns, At safepoint: 8500 ns, Total: 207875 ns
[2025-08-07T08:00:06.962+0000][66][info ][safepoint   ] Safepoint "Cleanup", Time since last: 23020109802 ns, Reaching safepoint: 251542 ns, Cleanup: 18750 ns, At safepoint: 5958 ns, Total: 276250 ns
[2025-08-07T08:00:18.980+0000][66][info ][safepoint   ] Safepoint "Cleanup", Time since last: 12018111589 ns, Reaching safepoint: 99875 ns, Cleanup: 29542 ns, At safepoint: 6333 ns, Total: 135750 ns
[2025-08-07T08:01:07.005+0000][66][info ][safepoint   ] Safepoint "Cleanup", Time since last: 48025209438 ns, Reaching safepoint: 374125 ns, Cleanup: 31167 ns, At safepoint: 11458 ns, Total: 416750 ns
[2025-08-07T08:01:14.008+0000][66][info ][safepoint   ] Safepoint "Cleanup", Time since last: 7003401629 ns, Reaching safepoint: 63583 ns, Cleanup: 15708 ns, At safepoint: 3334 ns, Total: 82625 ns
[2025-08-07T08:01:37.665+0000][66][info ][safepoint   ] Safepoint "Cleanup", Time since last: 23657315635 ns, Reaching safepoint: 54583 ns, Cleanup: 30417 ns, At safepoint: 4125 ns, Total: 89125 ns
[2025-08-07T08:01:43.668+0000][66][info ][safepoint   ] Safepoint "Cleanup", Time since last: 6002760336 ns, Reaching safepoint: 258250 ns, Cleanup: 24709 ns, At safepoint: 11708 ns, Total: 294667 ns
[2025-08-07T08:03:07.739+0000][66][info ][safepoint   ] Safepoint "Cleanup", Time since last: 84071780663 ns, Reaching safepoint: 349208 ns, Cleanup: 30250 ns, At safepoint: 15584 ns, Total: 395042 ns
[2025-08-07T08:03:27.765+0000][66][info ][safepoint   ] Safepoint "Cleanup", Time since last: 20025333509 ns, Reaching safepoint: 497417 ns, Cleanup: 83333 ns, At safepoint: 32750 ns, Total: 613500 ns
[2025-08-07T08:03:37.772+0000][66][info ][safepoint   ] Safepoint "Cleanup", Time since last: 10007721171 ns, Reaching safepoint: 34375 ns, Cleanup: 19000 ns, At safepoint: 3750 ns, Total: 57125 ns
[2025-08-07T08:04:07.819+0000][66][info ][safepoint   ] Safepoint "Cleanup", Time since last: 30047102471 ns, Reaching safepoint: 314792 ns, Cleanup: 32792 ns, At safepoint: 13583 ns, Total: 361167 ns
[2025-08-07T08:06:37.973+0000][66][info ][safepoint   ] Safepoint "Cleanup", Time since last: 150155902819 ns, Reaching safepoint: 275875 ns, Cleanup: 31833 ns, At safepoint: 20125 ns, Total: 327833 ns
[2025-08-07T08:07:27.006+0000][66][info ][safepoint   ] Safepoint "Cleanup", Time since last: 49032815689 ns, Reaching safepoint: 377000 ns, Cleanup: 239375 ns, At safepoint: 22958 ns, Total: 639333 ns
[2025-08-07T08:07:38.012+0000][66][info ][safepoint   ] Safepoint "Cleanup", Time since last: 11003687338 ns, Reaching safepoint: 113459 ns, Cleanup: 28750 ns, At safepoint: 4208 ns, Total: 146417 ns
[2025-08-07T08:10:08.116+0000][66][info ][safepoint   ] Safepoint "Cleanup", Time since last: 150107498068 ns, Reaching safepoint: 374417 ns, Cleanup: 39375 ns, At safepoint: 59125 ns, Total: 472917 ns
[2025-08-07T08:12:39.255+0000][66][info ][safepoint   ] Safepoint "Cleanup", Time since last: 151141208026 ns, Reaching safepoint: 325791 ns, Cleanup: 28834 ns, At safepoint: 7916 ns, Total: 362541 ns
[2025-08-07T08:13:09.276+0000][66][info ][safepoint   ] Safepoint "Cleanup", Time since last: 30020332180 ns, Reaching safepoint: 618250 ns, Cleanup: 32500 ns, At safepoint: 147459 ns, Total: 798209 ns
[2025-08-07T08:18:09.681+0000][66][info ][safepoint   ] Safepoint "Cleanup", Time since last: 300409800178 ns, Reaching safepoint: 307625 ns, Cleanup: 30833 ns, At safepoint: 9584 ns, Total: 348042 ns
[2025-08-07T08:18:40.621+0000][66][info ][safepoint   ] Safepoint "Cleanup", Time since last: 30936953722 ns, Reaching safepoint: 811041 ns, Cleanup: 83209 ns, At safepoint: 5416 ns, Total: 899666 ns
[2025-08-07T08:18:43.635+0000][66][info ][safepoint   ] Safepoint "Cleanup", Time since last: 3014901877 ns, Reaching safepoint: 51042 ns, Cleanup: 18208 ns, At safepoint: 3167 ns, Total: 72417 ns
[2025-08-07T08:20:27.787+0000][66][info ][safepoint   ] Safepoint "Cleanup", Time since last: 104132560756 ns, Reaching safepoint: 336875 ns, Cleanup: 66125 ns, At safepoint: 17250 ns, Total: 420250 ns
[2025-08-07T08:22:13.828+0000][66][info ][safepoint   ] Safepoint "Cleanup", Time since last: 106063585507 ns, Reaching safepoint: 311625 ns, Cleanup: 30542 ns, At safepoint: 9750 ns, Total: 351917 ns
[2025-08-07T08:22:43.852+0000][66][info ][safepoint   ] Safepoint "Cleanup", Time since last: 30025279763 ns, Reaching safepoint: 150500 ns, Cleanup: 31625 ns, At safepoint: 73625 ns, Total: 255750 ns
[2025-08-07T08:27:58.122+0000][66][info ][safepoint   ] Safepoint "Cleanup", Time since last: 314273501143 ns, Reaching safepoint: 304209 ns, Cleanup: 49041 ns, At safepoint: 16000 ns, Total: 369250 ns
[2025-08-07T08:28:12.142+0000][66][info ][safepoint   ] Safepoint "Cleanup", Time since last: 14019546631 ns, Reaching safepoint: 306292 ns, Cleanup: 35708 ns, At safepoint: 8667 ns, Total: 350667 ns
[2025-08-07T08:28:42.163+0000][66][info ][safepoint   ] Safepoint "Cleanup", Time since last: 30021348472 ns, Reaching safepoint: 257958 ns, Cleanup: 32125 ns, At safepoint: 16042 ns, Total: 306125 ns
[2025-08-07T08:29:12.187+0000][66][info ][safepoint   ] Safepoint "Cleanup", Time since last: 30023874347 ns, Reaching safepoint: 310375 ns, Cleanup: 31459 ns, At safepoint: 12750 ns, Total: 354584 ns
[2025-08-07T08:29:42.205+0000][66][info ][safepoint   ] Safepoint "Cleanup", Time since last: 30017538430 ns, Reaching safepoint: 52209 ns, Cleanup: 19500 ns, At safepoint: 10708 ns, Total: 82417 ns
[2025-08-07T08:31:14.250+0000][66][info ][safepoint   ] Safepoint "Cleanup", Time since last: 92046653667 ns, Reaching safepoint: 342083 ns, Cleanup: 30833 ns, At safepoint: 11167 ns, Total: 384083 ns
[2025-08-07T08:33:43.345+0000][66][info ][safepoint   ] Safepoint "Cleanup", Time since last: 149097437193 ns, Reaching safepoint: 394208 ns, Cleanup: 33083 ns, At safepoint: 11042 ns, Total: 438333 ns
[2025-08-07T08:33:44.349+0000][66][info ][safepoint   ] Safepoint "Cleanup", Time since last: 1003544334 ns, Reaching safepoint: 13125 ns, Cleanup: 13291 ns, At safepoint: 1667 ns, Total: 28083 ns
[2025-08-07T08:34:13.374+0000][66][info ][safepoint   ] Safepoint "Cleanup", Time since last: 29025332972 ns, Reaching safepoint: 307583 ns, Cleanup: 30709 ns, At safepoint: 10125 ns, Total: 348417 ns
[2025-08-07T08:34:43.383+0000][66][info ][safepoint   ] Safepoint "Cleanup", Time since last: 30009420097 ns, Reaching safepoint: 101833 ns, Cleanup: 41667 ns, At safepoint: 5208 ns, Total: 148708 ns
[2025-08-07T08:35:13.401+0000][66][info ][safepoint   ] Safepoint "Cleanup", Time since last: 30018148889 ns, Reaching safepoint: 37000 ns, Cleanup: 33458 ns, At safepoint: 3667 ns, Total: 74125 ns
[2025-08-07T08:35:43.422+0000][66][info ][safepoint   ] Safepoint "Cleanup", Time since last: 30021207763 ns, Reaching safepoint: 172792 ns, Cleanup: 29291 ns, At safepoint: 10042 ns, Total: 212125 ns
[2025-08-07T08:36:43.466+0000][66][info ][safepoint   ] Safepoint "Cleanup", Time since last: 60044287694 ns, Reaching safepoint: 276791 ns, Cleanup: 32167 ns, At safepoint: 8000 ns, Total: 316958 ns
[2025-08-07T08:37:43.514+0000][66][info ][safepoint   ] Safepoint "Cleanup", Time since last: 60049174193 ns, Reaching safepoint: 302209 ns, Cleanup: 41166 ns, At safepoint: 83250 ns, Total: 426625 ns
[2025-08-07T08:39:13.598+0000][66][info ][safepoint   ] Safepoint "Cleanup", Time since last: 90085073167 ns, Reaching safepoint: 332666 ns, Cleanup: 32375 ns, At safepoint: 10667 ns, Total: 375708 ns
[2025-08-07T08:39:14.601+0000][66][info ][safepoint   ] Safepoint "Cleanup", Time since last: 1003118167 ns, Reaching safepoint: 12167 ns, Cleanup: 19333 ns, At safepoint: 1500 ns, Total: 33000 ns
[2025-08-07T08:39:43.617+0000][66][info ][safepoint   ] Safepoint "Cleanup", Time since last: 29015694763 ns, Reaching safepoint: 129333 ns, Cleanup: 30500 ns, At safepoint: 36000 ns, Total: 195833 ns
[2025-08-07T08:41:14.704+0000][66][info ][safepoint   ] Safepoint "Cleanup", Time since last: 91085744958 ns, Reaching safepoint: 291750 ns, Cleanup: 25292 ns, At safepoint: 12833 ns, Total: 329875 ns
[2025-08-07T08:41:43.746+0000][66][info ][safepoint   ] Safepoint "Cleanup", Time since last: 29044203514 ns, Reaching safepoint: 325125 ns, Cleanup: 26541 ns, At safepoint: 15959 ns, Total: 367625 ns
[2025-08-07T08:43:44.878+0000][66][info ][safepoint   ] Safepoint "Cleanup", Time since last: 121133817722 ns, Reaching safepoint: 275333 ns, Cleanup: 25209 ns, At safepoint: 8916 ns, Total: 309458 ns
[2025-08-07T08:44:13.919+0000][66][info ][safepoint   ] Safepoint "Cleanup", Time since last: 29040427555 ns, Reaching safepoint: 340875 ns, Cleanup: 41584 ns, At safepoint: 22541 ns, Total: 405000 ns
[2025-08-07T08:44:14.921+0000][66][info ][safepoint   ] Safepoint "Cleanup", Time since last: 1002126501 ns, Reaching safepoint: 13500 ns, Cleanup: 13416 ns, At safepoint: 2750 ns, Total: 29666 ns
[2025-08-07T08:46:57.714+0000][66][info ][gc,start    ] GC(30) Pause Young (Prepare Mixed) (G1 Evacuation Pause)
[2025-08-07T08:46:57.717+0000][66][info ][gc,task     ] GC(30) Using 4 workers of 4 for evacuation
[2025-08-07T08:46:57.717+0000][66][debug][gc,age      ] GC(30) Desired survivor size 10485760 bytes, new threshold 15 (max threshold 15)
[2025-08-07T08:46:57.799+0000][66][info ][gc,phases   ] GC(30)   Pre Evacuate Collection Set: 1.1ms
[2025-08-07T08:46:57.800+0000][66][info ][gc,phases   ] GC(30)   Merge Heap Roots: 0.5ms
[2025-08-07T08:46:57.801+0000][66][info ][gc,phases   ] GC(30)   Evacuate Collection Set: 74.5ms
[2025-08-07T08:46:57.802+0000][66][info ][gc,phases   ] GC(30)   Post Evacuate Collection Set: 4.6ms
[2025-08-07T08:46:57.803+0000][66][info ][gc,phases   ] GC(30)   Other: 2.0ms
[2025-08-07T08:46:57.804+0000][66][trace][gc,age      ] GC(30) Age table with threshold 15 (max threshold 15)
[2025-08-07T08:46:57.805+0000][66][trace][gc,age      ] GC(30) - age   1:      82736 bytes,      82736 total
[2025-08-07T08:46:57.806+0000][66][trace][gc,age      ] GC(30) - age   2:     879288 bytes,     962024 total
[2025-08-07T08:46:57.807+0000][66][trace][gc,age      ] GC(30) - age   3:    1288648 bytes,    2250672 total
[2025-08-07T08:46:57.808+0000][66][trace][gc,age      ] GC(30) - age   4:    1530200 bytes,    3780872 total
[2025-08-07T08:46:57.808+0000][66][info ][gc,heap     ] GC(30) Eden regions: 32->0(34)
[2025-08-07T08:46:57.809+0000][66][info ][gc,heap     ] GC(30) Survivor regions: 2->1(5)
[2025-08-07T08:46:57.810+0000][66][info ][gc,heap     ] GC(30) Old regions: 21->21
[2025-08-07T08:46:57.810+0000][66][info ][gc,heap     ] GC(30) Humongous regions: 0->0
[2025-08-07T08:46:57.811+0000][66][info ][gc,metaspace] GC(30) Metaspace: 125519K(130176K)->125519K(130176K) NonClass: 108640K(111424K)->108640K(111424K) Class: 16878K(18752K)->16878K(18752K)
[2025-08-07T08:46:57.812+0000][66][info ][gc          ] GC(30) Pause Young (Prepare Mixed) (G1 Evacuation Pause) 213M->84M(256M) 97.901ms
[2025-08-07T08:46:57.813+0000][66][info ][gc,cpu      ] GC(30) User=0.21s Sys=0.00s Real=0.10s
[2025-08-07T08:46:57.814+0000][66][info ][safepoint   ] Safepoint "G1CollectForAllocation", Time since last: 162795317950 ns, Reaching safepoint: 246208 ns, Cleanup: 20292 ns, At safepoint: 99813042 ns, Total: 100079542 ns
[2025-08-07T08:47:43.878+0000][66][info ][safepoint   ] Safepoint "Cleanup", Time since last: 46064795354 ns, Reaching safepoint: 346500 ns, Cleanup: 27041 ns, At safepoint: 17542 ns, Total: 391083 ns
[2025-08-07T08:56:14.979+0000][66][info ][safepoint   ] Safepoint "Cleanup", Time since last: 511104463648 ns, Reaching safepoint: 959750 ns, Cleanup: 117209 ns, At safepoint: 141666 ns, Total: 1218625 ns
[2025-08-07T08:57:17.051+0000][66][info ][safepoint   ] Safepoint "Cleanup", Time since last: 62075051195 ns, Reaching safepoint: 388417 ns, Cleanup: 143917 ns, At safepoint: 12750 ns, Total: 545084 ns
[2025-08-07T08:57:45.064+0000][66][info ][safepoint   ] Safepoint "Cleanup", Time since last: 28012812263 ns, Reaching safepoint: 470125 ns, Cleanup: 40125 ns, At safepoint: 34875 ns, Total: 545125 ns
[2025-08-07T08:57:47.068+0000][66][info ][safepoint   ] Safepoint "Cleanup", Time since last: 2003894584 ns, Reaching safepoint: 21625 ns, Cleanup: 31875 ns, At safepoint: 4083 ns, Total: 57583 ns
[2025-08-07T09:15:59.962+0000][66][info ][safepoint   ] Safepoint "Cleanup", Time since last: 180208664832 ns, Reaching safepoint: 344750 ns, Cleanup: 47875 ns, At safepoint: 14000 ns, Total: 406625 ns
[2025-08-07T09:19:40.665+0000][66][info ][safepoint   ] Safepoint "Cleanup", Time since last: 61561767819 ns, Reaching safepoint: 302708 ns, Cleanup: 51334 ns, At safepoint: 39708 ns, Total: 393750 ns
[2025-08-07T09:20:10.687+0000][66][info ][safepoint   ] Safepoint "Cleanup", Time since last: 30022213638 ns, Reaching safepoint: 272959 ns, Cleanup: 27916 ns, At safepoint: 28667 ns, Total: 329542 ns
[2025-08-07T09:21:10.739+0000][66][info ][safepoint   ] Safepoint "Cleanup", Time since last: 60050831527 ns, Reaching safepoint: 260542 ns, Cleanup: 34708 ns, At safepoint: 9542 ns, Total: 304792 ns
[2025-08-07T09:21:46.800+0000][66][info ][safepoint   ] Safepoint "Cleanup", Time since last: 36035541308 ns, Reaching safepoint: 474959 ns, Cleanup: 24583 ns, At safepoint: 9333 ns, Total: 508875 ns
[2025-08-07T09:24:10.952+0000][66][info ][safepoint   ] Safepoint "Cleanup", Time since last: 144175966900 ns, Reaching safepoint: 300667 ns, Cleanup: 36666 ns, At safepoint: 13209 ns, Total: 350542 ns
[2025-08-07T09:25:37.008+0000][66][info ][safepoint   ] Safepoint "Cleanup", Time since last: 86054768080 ns, Reaching safepoint: 287500 ns, Cleanup: 37917 ns, At safepoint: 18167 ns, Total: 343584 ns
[2025-08-07T09:26:12.075+0000][66][info ][safepoint   ] Safepoint "Cleanup", Time since last: 35066241932 ns, Reaching safepoint: 333334 ns, Cleanup: 149541 ns, At safepoint: 10667 ns, Total: 493542 ns
[2025-08-07T09:26:42.090+0000][66][info ][safepoint   ] Safepoint "Cleanup", Time since last: 30014045931 ns, Reaching safepoint: 273458 ns, Cleanup: 28875 ns, At safepoint: 38250 ns, Total: 340583 ns
[2025-08-07T09:29:07.237+0000][66][info ][safepoint   ] Safepoint "Cleanup", Time since last: 145146086983 ns, Reaching safepoint: 214333 ns, Cleanup: 30458 ns, At safepoint: 10542 ns, Total: 255333 ns
[2025-08-07T09:30:42.330+0000][66][info ][safepoint   ] Safepoint "Cleanup", Time since last: 95089576501 ns, Reaching safepoint: 2810167 ns, Cleanup: 50125 ns, At safepoint: 11625 ns, Total: 2871917 ns
[2025-08-07T09:34:42.584+0000][66][info ][safepoint   ] Safepoint "Cleanup", Time since last: 240251640358 ns, Reaching safepoint: 283625 ns, Cleanup: 30292 ns, At safepoint: 10333 ns, Total: 324250 ns
[2025-08-07T09:36:06.682+0000][66][info ][safepoint   ] Safepoint "Cleanup", Time since last: 84096464580 ns, Reaching safepoint: 336625 ns, Cleanup: 34709 ns, At safepoint: 16125 ns, Total: 387459 ns
[2025-08-07T09:36:42.714+0000][66][info ][safepoint   ] Safepoint "Cleanup", Time since last: 36032010224 ns, Reaching safepoint: 45750 ns, Cleanup: 16167 ns, At safepoint: 4917 ns, Total: 66834 ns
[2025-08-07T09:37:06.733+0000][66][info ][safepoint   ] Safepoint "Cleanup", Time since last: 24018950719 ns, Reaching safepoint: 317625 ns, Cleanup: 58417 ns, At safepoint: 56916 ns, Total: 432958 ns
[2025-08-07T09:38:28.813+0000][66][info ][safepoint   ] Safepoint "Cleanup", Time since last: 82079108912 ns, Reaching safepoint: 274000 ns, Cleanup: 40042 ns, At safepoint: 56583 ns, Total: 370625 ns
[2025-08-07T09:40:13.948+0000][66][info ][safepoint   ] Safepoint "Cleanup", Time since last: 105133846340 ns, Reaching safepoint: 334500 ns, Cleanup: 32000 ns, At safepoint: 14625 ns, Total: 381125 ns
[2025-08-07T09:43:07.107+0000][66][info ][safepoint   ] Safepoint "Cleanup", Time since last: 173156735536 ns, Reaching safepoint: 277208 ns, Cleanup: 27083 ns, At safepoint: 10292 ns, Total: 314583 ns
[2025-08-07T09:43:37.135+0000][66][info ][safepoint   ] Safepoint "Cleanup", Time since last: 30026790388 ns, Reaching safepoint: 249209 ns, Cleanup: 49000 ns, At safepoint: 11833 ns, Total: 310042 ns
[2025-08-07T09:44:07.158+0000][66][info ][safepoint   ] Safepoint "Cleanup", Time since last: 30023069680 ns, Reaching safepoint: 324417 ns, Cleanup: 26583 ns, At safepoint: 22709 ns, Total: 373709 ns
[2025-08-07T09:45:20.213+0000][66][info ][safepoint   ] Safepoint "Cleanup", Time since last: 73054531658 ns, Reaching safepoint: 426625 ns, Cleanup: 40500 ns, At safepoint: 35000 ns, Total: 502125 ns
[2025-08-07T09:46:37.308+0000][66][info ][safepoint   ] Safepoint "Cleanup", Time since last: 77093990868 ns, Reaching safepoint: 331125 ns, Cleanup: 29917 ns, At safepoint: 18833 ns, Total: 379875 ns
[2025-08-07T09:47:44.368+0000][66][info ][safepoint   ] Safepoint "Cleanup", Time since last: 67059361740 ns, Reaching safepoint: 19125 ns, Cleanup: 28375 ns, At safepoint: 4583 ns, Total: 52083 ns
[2025-08-07T09:48:14.389+0000][66][info ][safepoint   ] Safepoint "Cleanup", Time since last: 30020482889 ns, Reaching safepoint: 138750 ns, Cleanup: 26166 ns, At safepoint: 10542 ns, Total: 175458 ns
[2025-08-07T09:48:36.401+0000][66][info ][safepoint   ] Safepoint "Cleanup", Time since last: 22012033635 ns, Reaching safepoint: 55750 ns, Cleanup: 23833 ns, At safepoint: 3667 ns, Total: 83250 ns
[2025-08-07T09:49:36.464+0000][66][info ][safepoint   ] Safepoint "Cleanup", Time since last: 60062559360 ns, Reaching safepoint: 175041 ns, Cleanup: 52625 ns, At safepoint: 12000 ns, Total: 239666 ns
[2025-08-07T09:52:19.628+0000][66][info ][safepoint   ] Safepoint "Cleanup", Time since last: 163162840407 ns, Reaching safepoint: 384292 ns, Cleanup: 30708 ns, At safepoint: 76625 ns, Total: 491625 ns
[2025-08-07T09:55:45.789+0000][66][info ][safepoint   ] Safepoint "Cleanup", Time since last: 206187794678 ns, Reaching safepoint: 395666 ns, Cleanup: 33334 ns, At safepoint: 11125 ns, Total: 440125 ns
[2025-08-07T09:57:15.859+0000][66][info ][safepoint   ] Safepoint "Cleanup", Time since last: 90070834915 ns, Reaching safepoint: 397292 ns, Cleanup: 37875 ns, At safepoint: 9833 ns, Total: 445000 ns
[2025-08-07T09:57:59.751+0000][66][info ][safepoint   ] Safepoint "Cleanup", Time since last: 43891638353 ns, Reaching safepoint: 447666 ns, Cleanup: 73167 ns, At safepoint: 17250 ns, Total: 538083 ns
[2025-08-07T09:58:15.760+0000][66][info ][safepoint   ] Safepoint "Cleanup", Time since last: 16008573258 ns, Reaching safepoint: 326416 ns, Cleanup: 37750 ns, At safepoint: 9959 ns, Total: 374125 ns
[2025-08-07T09:58:22.764+0000][66][info ][safepoint   ] Safepoint "Cleanup", Time since last: 7004196003 ns, Reaching safepoint: 12417 ns, Cleanup: 19916 ns, At safepoint: 2375 ns, Total: 34708 ns
[2025-08-07T10:01:47.127+0000][66][info ][safepoint   ] Safepoint "Cleanup", Time since last: 204363297968 ns, Reaching safepoint: 349500 ns, Cleanup: 65208 ns, At safepoint: 42250 ns, Total: 456958 ns
[2025-08-07T10:02:47.170+0000][66][info ][safepoint   ] Safepoint "Cleanup", Time since last: 60043039569 ns, Reaching safepoint: 563792 ns, Cleanup: 42583 ns, At safepoint: 11084 ns, Total: 617459 ns
[2025-08-07T10:03:07.182+0000][66][info ][safepoint   ] Safepoint "Cleanup", Time since last: 20011871842 ns, Reaching safepoint: 345250 ns, Cleanup: 26875 ns, At safepoint: 16375 ns, Total: 388500 ns
[2025-08-07T10:03:36.195+0000][66][info ][safepoint   ] Safepoint "Cleanup", Time since last: 29011778430 ns, Reaching safepoint: 265416 ns, Cleanup: 37084 ns, At safepoint: 13750 ns, Total: 316250 ns
[2025-08-07T10:04:36.234+0000][66][info ][safepoint   ] Safepoint "Cleanup", Time since last: 60039615069 ns, Reaching safepoint: 340958 ns, Cleanup: 33709 ns, At safepoint: 21750 ns, Total: 396417 ns
[2025-08-07T10:05:07.264+0000][66][info ][safepoint   ] Safepoint "Cleanup", Time since last: 31029496347 ns, Reaching safepoint: 445791 ns, Cleanup: 70709 ns, At safepoint: 34958 ns, Total: 551458 ns
[2025-08-07T10:08:50.433+0000][66][info ][safepoint   ] Safepoint "Cleanup", Time since last: 223168816686 ns, Reaching safepoint: 563333 ns, Cleanup: 69625 ns, At safepoint: 32167 ns, Total: 665125 ns
[2025-08-07T10:09:48.472+0000][66][info ][safepoint   ] Safepoint "Cleanup", Time since last: 58039160526 ns, Reaching safepoint: 363500 ns, Cleanup: 53667 ns, At safepoint: 15917 ns, Total: 433084 ns
[2025-08-07T10:12:07.042+0000][66][info ][safepoint   ] Safepoint "Cleanup", Time since last: 138567251979 ns, Reaching safepoint: 425958 ns, Cleanup: 56083 ns, At safepoint: 24917 ns, Total: 506958 ns
[2025-08-07T10:12:20.055+0000][66][info ][safepoint   ] Safepoint "Cleanup", Time since last: 13012953173 ns, Reaching safepoint: 427375 ns, Cleanup: 110750 ns, At safepoint: 36166 ns, Total: 574291 ns
[2025-08-07T10:13:40.040+0000][66][info ][gc,start    ] GC(31) Pause Young (Mixed) (G1 Evacuation Pause)
[2025-08-07T10:13:40.043+0000][66][info ][gc,task     ] GC(31) Using 4 workers of 4 for evacuation
[2025-08-07T10:13:40.044+0000][66][debug][gc,age      ] GC(31) Desired survivor size 10485760 bytes, new threshold 15 (max threshold 15)
[2025-08-07T10:13:40.196+0000][66][info ][gc,phases   ] GC(31)   Pre Evacuate Collection Set: 1.5ms
[2025-08-07T10:13:40.198+0000][66][info ][gc,phases   ] GC(31)   Merge Heap Roots: 0.9ms
[2025-08-07T10:13:40.199+0000][66][info ][gc,phases   ] GC(31)   Evacuate Collection Set: 143.0ms
[2025-08-07T10:13:40.200+0000][66][info ][gc,phases   ] GC(31)   Post Evacuate Collection Set: 5.4ms
[2025-08-07T10:13:40.201+0000][66][info ][gc,phases   ] GC(31)   Other: 2.5ms
[2025-08-07T10:13:40.202+0000][66][trace][gc,age      ] GC(31) Age table with threshold 15 (max threshold 15)
[2025-08-07T10:13:40.203+0000][66][trace][gc,age      ] GC(31) - age   1:      71384 bytes,      71384 total
[2025-08-07T10:13:40.204+0000][66][trace][gc,age      ] GC(31) - age   2:      70144 bytes,     141528 total
[2025-08-07T10:13:40.205+0000][66][trace][gc,age      ] GC(31) - age   3:     879288 bytes,    1020816 total
[2025-08-07T10:13:40.206+0000][66][trace][gc,age      ] GC(31) - age   4:    1288648 bytes,    2309464 total
[2025-08-07T10:13:40.206+0000][66][trace][gc,age      ] GC(31) - age   5:    1530200 bytes,    3839664 total
[2025-08-07T10:13:40.207+0000][66][info ][gc,heap     ] GC(31) Eden regions: 34->0(33)
[2025-08-07T10:13:40.209+0000][66][info ][gc,heap     ] GC(31) Survivor regions: 1->2(5)
[2025-08-07T10:13:40.210+0000][66][info ][gc,heap     ] GC(31) Old regions: 21->20
[2025-08-07T10:13:40.211+0000][66][info ][gc,heap     ] GC(31) Humongous regions: 0->0
[2025-08-07T10:13:40.212+0000][66][info ][gc,metaspace] GC(31) Metaspace: 125751K(130176K)->125751K(130176K) NonClass: 108871K(111424K)->108871K(111424K) Class: 16879K(18752K)->16879K(18752K)
[2025-08-07T10:13:40.213+0000][66][info ][gc          ] GC(31) Pause Young (Mixed) (G1 Evacuation Pause) 220M->84M(256M) 172.443ms
[2025-08-07T10:13:40.213+0000][66][info ][gc,cpu      ] GC(31) User=0.40s Sys=0.00s Real=0.17s
[2025-08-07T10:13:40.214+0000][66][info ][safepoint   ] Safepoint "G1CollectForAllocation", Time since last: 79987169453 ns, Reaching safepoint: 244459 ns, Cleanup: 34916 ns, At safepoint: 174227000 ns, Total: 174506375 ns
[2025-08-07T10:22:51.006+0000][66][info ][safepoint   ] Safepoint "Cleanup", Time since last: 550793093878 ns, Reaching safepoint: 414792 ns, Cleanup: 42541 ns, At safepoint: 13834 ns, Total: 471167 ns
[2025-08-07T10:23:51.026+0000][66][info ][safepoint   ] Safepoint "Cleanup", Time since last: 60019894527 ns, Reaching safepoint: 346167 ns, Cleanup: 53958 ns, At safepoint: 8584 ns, Total: 408709 ns
[2025-08-07T10:23:53.030+0000][66][info ][safepoint   ] Safepoint "Cleanup", Time since last: 2003778584 ns, Reaching safepoint: 15042 ns, Cleanup: 26333 ns, At safepoint: 2000 ns, Total: 43375 ns
[2025-08-07T10:24:21.047+0000][66][info ][safepoint   ] Safepoint "Cleanup", Time since last: 28016619012 ns, Reaching safepoint: 357375 ns, Cleanup: 45750 ns, At safepoint: 14667 ns, Total: 417792 ns
[2025-08-07T10:25:21.092+0000][66][info ][safepoint   ] Safepoint "Cleanup", Time since last: 60044410403 ns, Reaching safepoint: 439708 ns, Cleanup: 81792 ns, At safepoint: 22083 ns, Total: 543583 ns
[2025-08-07T10:27:29.194+0000][66][info ][safepoint   ] Safepoint "Cleanup", Time since last: 128123629642 ns, Reaching safepoint: 291416 ns, Cleanup: 56084 ns, At safepoint: 54625 ns, Total: 402125 ns
[2025-08-07T10:30:20.313+0000][66][info ][safepoint   ] Safepoint "Cleanup", Time since last: 171120230078 ns, Reaching safepoint: 391625 ns, Cleanup: 36792 ns, At safepoint: 16083 ns, Total: 444500 ns
[2025-08-07T10:32:10.408+0000][66][info ][safepoint   ] Safepoint "Cleanup", Time since last: 110094460509 ns, Reaching safepoint: 2152750 ns, Cleanup: 191917 ns, At safepoint: 275625 ns, Total: 2620292 ns
[2025-08-07T10:32:22.420+0000][66][info ][safepoint   ] Safepoint "Cleanup", Time since last: 12011898339 ns, Reaching safepoint: 330416 ns, Cleanup: 48334 ns, At safepoint: 15125 ns, Total: 393875 ns
[2025-08-07T10:32:38.448+0000][66][info ][safepoint   ] Safepoint "Cleanup", Time since last: 16027646840 ns, Reaching safepoint: 377417 ns, Cleanup: 70250 ns, At safepoint: 21208 ns, Total: 468875 ns
[2025-08-07T10:34:20.509+0000][66][info ][safepoint   ] Safepoint "Cleanup", Time since last: 102061491755 ns, Reaching safepoint: 369709 ns, Cleanup: 42000 ns, At safepoint: 22208 ns, Total: 433917 ns
[2025-08-07T10:34:46.520+0000][66][info ][safepoint   ] Safepoint "Cleanup", Time since last: 26010995595 ns, Reaching safepoint: 347750 ns, Cleanup: 48917 ns, At safepoint: 83375 ns, Total: 480042 ns
[2025-08-07T10:34:53.525+0000][66][info ][safepoint   ] Safepoint "Cleanup", Time since last: 7004869420 ns, Reaching safepoint: 46375 ns, Cleanup: 143958 ns, At safepoint: 10250 ns, Total: 200583 ns
[2025-08-07T10:35:23.544+0000][66][info ][safepoint   ] Safepoint "Cleanup", Time since last: 30018058514 ns, Reaching safepoint: 379041 ns, Cleanup: 68209 ns, At safepoint: 12625 ns, Total: 459875 ns
[2025-08-07T10:39:23.671+0000][66][info ][safepoint   ] Safepoint "Cleanup", Time since last: 240130110441 ns, Reaching safepoint: 423209 ns, Cleanup: 47625 ns, At safepoint: 10916 ns, Total: 481750 ns
[2025-08-07T10:39:53.694+0000][66][info ][safepoint   ] Safepoint "Cleanup", Time since last: 30023794847 ns, Reaching safepoint: 335042 ns, Cleanup: 70500 ns, At safepoint: 38583 ns, Total: 444125 ns
[2025-08-07T10:40:38.725+0000][66][info ][safepoint   ] Safepoint "Cleanup", Time since last: 45030949062 ns, Reaching safepoint: 350875 ns, Cleanup: 46042 ns, At safepoint: 13917 ns, Total: 410834 ns
[2025-08-07T10:44:20.890+0000][66][info ][safepoint   ] Safepoint "Cleanup", Time since last: 222165776559 ns, Reaching safepoint: 338750 ns, Cleanup: 343167 ns, At safepoint: 17667 ns, Total: 699584 ns
[2025-08-07T10:44:38.894+0000][66][info ][safepoint   ] Safepoint "Cleanup", Time since last: 18005304591 ns, Reaching safepoint: 39708 ns, Cleanup: 19375 ns, At safepoint: 7958 ns, Total: 67041 ns
[2025-08-07T10:44:54.912+0000][66][info ][safepoint   ] Safepoint "Cleanup", Time since last: 16017991175 ns, Reaching safepoint: 108500 ns, Cleanup: 24375 ns, At safepoint: 7041 ns, Total: 139916 ns
[2025-08-07T11:05:57.700+0000][66][info ][safepoint   ] Safepoint "Cleanup", Time since last: 420748474940 ns, Reaching safepoint: 840042 ns, Cleanup: 232250 ns, At safepoint: 65875 ns, Total: 1138167 ns
[2025-08-07T11:07:55.817+0000][66][info ][safepoint   ] Safepoint "Cleanup", Time since last: 118118730137 ns, Reaching safepoint: 251625 ns, Cleanup: 32584 ns, At safepoint: 25625 ns, Total: 309834 ns
[2025-08-07T11:08:58.881+0000][66][info ][safepoint   ] Safepoint "Cleanup", Time since last: 63064690528 ns, Reaching safepoint: 357292 ns, Cleanup: 64042 ns, At safepoint: 112791 ns, Total: 534125 ns
[2025-08-07T11:14:41.180+0000][66][info ][safepoint   ] Safepoint "Cleanup", Time since last: 342303998656 ns, Reaching safepoint: 516458 ns, Cleanup: 45750 ns, At safepoint: 17542 ns, Total: 579750 ns
[2025-08-07T11:16:29.856+0000][66][info ][safepoint   ] Safepoint "Cleanup", Time since last: 108677487757 ns, Reaching safepoint: 411792 ns, Cleanup: 55333 ns, At safepoint: 17458 ns, Total: 484583 ns
[2025-08-07T11:20:01.005+0000][66][info ][safepoint   ] Safepoint "Cleanup", Time since last: 211152238680 ns, Reaching safepoint: 422208 ns, Cleanup: 187000 ns, At safepoint: 66750 ns, Total: 675958 ns
[2025-08-07T11:21:11.048+0000][66][info ][safepoint   ] Safepoint "Cleanup", Time since last: 70043277240 ns, Reaching safepoint: 343625 ns, Cleanup: 51625 ns, At safepoint: 14625 ns, Total: 409875 ns
[2025-08-07T11:22:41.098+0000][66][info ][safepoint   ] Safepoint "Cleanup", Time since last: 90051101416 ns, Reaching safepoint: 318292 ns, Cleanup: 72917 ns, At safepoint: 14000 ns, Total: 405209 ns
[2025-08-07T11:30:32.415+0000][66][info ][gc,start    ] GC(32) Pause Young (Concurrent Start) (G1 Evacuation Pause)
[2025-08-07T11:30:32.419+0000][66][info ][gc,task     ] GC(32) Using 4 workers of 4 for evacuation
[2025-08-07T11:30:32.422+0000][66][debug][gc,age      ] GC(32) Desired survivor size 10485760 bytes, new threshold 15 (max threshold 15)
[2025-08-07T11:30:32.581+0000][66][info ][gc,phases   ] GC(32)   Pre Evacuate Collection Set: 3.3ms
[2025-08-07T11:30:32.582+0000][66][info ][gc,phases   ] GC(32)   Merge Heap Roots: 0.8ms
[2025-08-07T11:30:32.584+0000][66][info ][gc,phases   ] GC(32)   Evacuate Collection Set: 138.9ms
[2025-08-07T11:30:32.585+0000][66][info ][gc,phases   ] GC(32)   Post Evacuate Collection Set: 10.9ms
[2025-08-07T11:30:32.587+0000][66][info ][gc,phases   ] GC(32)   Other: 8.8ms
[2025-08-07T11:30:32.588+0000][66][trace][gc,age      ] GC(32) Age table with threshold 15 (max threshold 15)
[2025-08-07T11:30:32.589+0000][66][trace][gc,age      ] GC(32) - age   1:     102360 bytes,     102360 total
[2025-08-07T11:30:32.590+0000][66][trace][gc,age      ] GC(32) - age   2:      60952 bytes,     163312 total
[2025-08-07T11:30:32.591+0000][66][trace][gc,age      ] GC(32) - age   3:      70144 bytes,     233456 total
[2025-08-07T11:30:32.592+0000][66][trace][gc,age      ] GC(32) - age   4:     867312 bytes,    1100768 total
[2025-08-07T11:30:32.593+0000][66][trace][gc,age      ] GC(32) - age   5:    1288544 bytes,    2389312 total
[2025-08-07T11:30:32.594+0000][66][trace][gc,age      ] GC(32) - age   6:    1530160 bytes,    3919472 total
[2025-08-07T11:30:32.595+0000][66][info ][gc,heap     ] GC(32) Eden regions: 33->0(33)
[2025-08-07T11:30:32.596+0000][66][info ][gc,heap     ] GC(32) Survivor regions: 2->2(5)
[2025-08-07T11:30:32.597+0000][66][info ][gc,heap     ] GC(32) Old regions: 20->20
[2025-08-07T11:30:32.598+0000][66][info ][gc,heap     ] GC(32) Humongous regions: 0->0
[2025-08-07T11:30:32.599+0000][66][info ][gc,metaspace] GC(32) Metaspace: 126014K(130176K)->126014K(130176K) NonClass: 109125K(111424K)->109125K(111424K) Class: 16888K(18752K)->16888K(18752K)
[2025-08-07T11:30:32.601+0000][66][info ][gc          ] GC(32) Pause Young (Concurrent Start) (G1 Evacuation Pause) 216M->84M(256M) 185.651ms
[2025-08-07T11:30:32.602+0000][66][info ][gc,cpu      ] GC(32) User=0.42s Sys=0.00s Real=0.19s
[2025-08-07T11:30:32.603+0000][66][info ][gc          ] GC(33) Concurrent Mark Cycle
[2025-08-07T11:30:32.606+0000][66][info ][gc,marking  ] GC(33) Concurrent Scan Root Regions
[2025-08-07T11:30:32.605+0000][66][info ][safepoint   ] Safepoint "G1CollectForAllocation", Time since last: 471270863379 ns, Reaching safepoint: 318917 ns, Cleanup: 27208 ns, At safepoint: 189770000 ns, Total: 190116125 ns
[2025-08-07T11:30:32.687+0000][66][info ][gc,marking  ] GC(33) Concurrent Scan Root Regions 80.378ms
[2025-08-07T11:30:32.688+0000][66][info ][gc,marking  ] GC(33) Concurrent Mark
[2025-08-07T11:30:32.690+0000][66][info ][gc,marking  ] GC(33) Concurrent Mark From Roots
[2025-08-07T11:30:32.691+0000][66][info ][gc,task     ] GC(33) Using 1 workers of 1 for marking
[2025-08-07T11:30:33.064+0000][66][info ][gc,marking  ] GC(33) Concurrent Mark From Roots 374.592ms
[2025-08-07T11:30:33.066+0000][66][info ][gc,marking  ] GC(33) Concurrent Preclean
[2025-08-07T11:30:33.068+0000][66][info ][gc,marking  ] GC(33) Concurrent Preclean 2.031ms
[2025-08-07T11:30:33.069+0000][66][info ][gc,start    ] GC(33) Pause Remark
[2025-08-07T11:30:33.466+0000][66][info ][gc,mmu      ] GC(33) MMU target violated: 201.0ms (200.0ms/201.0ms)
[2025-08-07T11:30:33.469+0000][66][info ][gc          ] GC(33) Pause Remark 85M->85M(256M) 399.664ms
[2025-08-07T11:30:33.471+0000][66][info ][gc,cpu      ] GC(33) User=1.08s Sys=0.00s Real=0.40s
[2025-08-07T11:30:33.482+0000][66][info ][safepoint   ] Safepoint "G1PauseRemark", Time since last: 464722042 ns, Reaching safepoint: 37167 ns, Cleanup: 4250 ns, At safepoint: 412146500 ns, Total: 412187917 ns
[2025-08-07T11:30:33.491+0000][66][info ][gc,marking  ] GC(33) Concurrent Mark 803.176ms
[2025-08-07T11:30:33.493+0000][66][info ][gc,marking  ] GC(33) Concurrent Rebuild Remembered Sets and Scrub Regions
[2025-08-07T11:30:33.551+0000][66][info ][gc,marking  ] GC(33) Concurrent Rebuild Remembered Sets and Scrub Regions 58.852ms
[2025-08-07T11:30:33.553+0000][66][info ][gc,start    ] GC(33) Pause Cleanup
[2025-08-07T11:30:33.554+0000][66][info ][gc          ] GC(33) Pause Cleanup 85M->85M(256M) 1.219ms
[2025-08-07T11:30:33.556+0000][66][info ][gc,cpu      ] GC(33) User=0.00s Sys=0.00s Real=0.01s
[2025-08-07T11:30:33.557+0000][66][info ][safepoint   ] Safepoint "G1PauseCleanup", Time since last: 71334708 ns, Reaching safepoint: 8709 ns, Cleanup: 43625 ns, At safepoint: 3944458 ns, Total: 3996792 ns
[2025-08-07T11:30:33.558+0000][66][info ][gc,marking  ] GC(33) Concurrent Clear Claimed Marks
[2025-08-07T11:30:33.559+0000][66][info ][gc,marking  ] GC(33) Concurrent Clear Claimed Marks 1.306ms
[2025-08-07T11:30:33.560+0000][66][info ][gc,marking  ] GC(33) Concurrent Cleanup for Next Mark
[2025-08-07T11:30:33.563+0000][66][info ][gc,marking  ] GC(33) Concurrent Cleanup for Next Mark 2.328ms
[2025-08-07T11:30:33.564+0000][66][info ][gc          ] GC(33) Concurrent Mark Cycle 960.760ms
[2025-08-07T11:31:03.574+0000][66][info ][safepoint   ] Safepoint "Cleanup", Time since last: 30016683722 ns, Reaching safepoint: 319584 ns, Cleanup: 36166 ns, At safepoint: 16334 ns, Total: 372084 ns
[2025-08-07T11:39:35.538+0000][66][info ][safepoint   ] Safepoint "Cleanup", Time since last: 511963186859 ns, Reaching safepoint: 458208 ns, Cleanup: 49417 ns, At safepoint: 19875 ns, Total: 527500 ns
[2025-08-07T11:42:06.145+0000][66][info ][safepoint   ] Safepoint "Cleanup", Time since last: 150606153360 ns, Reaching safepoint: 418291 ns, Cleanup: 179250 ns, At safepoint: 100834 ns, Total: 698375 ns
[2025-08-07T11:42:36.235+0000][66][info ][safepoint   ] Safepoint "Cleanup", Time since last: 30089011889 ns, Reaching safepoint: 300041 ns, Cleanup: 30834 ns, At safepoint: 14625 ns, Total: 345500 ns
[2025-08-07T11:46:37.087+0000][66][info ][safepoint   ] Safepoint "Cleanup", Time since last: 240851650359 ns, Reaching safepoint: 277500 ns, Cleanup: 53083 ns, At safepoint: 16084 ns, Total: 346667 ns
[2025-08-07T11:55:52.264+0000][66][info ][safepoint   ] Safepoint "Cleanup", Time since last: 555176537462 ns, Reaching safepoint: 350084 ns, Cleanup: 43666 ns, At safepoint: 15334 ns, Total: 409084 ns
[2025-08-07T11:56:53.300+0000][66][info ][safepoint   ] Safepoint "Cleanup", Time since last: 61034948777 ns, Reaching safepoint: 417209 ns, Cleanup: 62708 ns, At safepoint: 34292 ns, Total: 514209 ns
[2025-08-07T11:58:09.783+0000][66][info ][safepoint   ] Safepoint "Cleanup", Time since last: 76482809910 ns, Reaching safepoint: 445541 ns, Cleanup: 28917 ns, At safepoint: 10375 ns, Total: 484833 ns
[2025-08-07T11:59:09.825+0000][66][info ][safepoint   ] Safepoint "Cleanup", Time since last: 60041823736 ns, Reaching safepoint: 437709 ns, Cleanup: 31125 ns, At safepoint: 16333 ns, Total: 485167 ns
[2025-08-07T11:59:40.849+0000][66][info ][safepoint   ] Safepoint "Cleanup", Time since last: 31022728473 ns, Reaching safepoint: 326958 ns, Cleanup: 39667 ns, At safepoint: 46292 ns, Total: 412917 ns
[2025-08-07T12:00:40.317+0000][66][info ][safepoint   ] Safepoint "Cleanup", Time since last: 59468425818 ns, Reaching safepoint: 426167 ns, Cleanup: 45458 ns, At safepoint: 16709 ns, Total: 488334 ns
[2025-08-07T12:05:41.563+0000][66][info ][safepoint   ] Safepoint "Cleanup", Time since last: 301214935720 ns, Reaching safepoint: 323500 ns, Cleanup: 37708 ns, At safepoint: 9750 ns, Total: 370958 ns
[2025-08-07T12:05:46.569+0000][66][info ][safepoint   ] Safepoint "Cleanup", Time since last: 5005727294 ns, Reaching safepoint: 33042 ns, Cleanup: 20208 ns, At safepoint: 3334 ns, Total: 56584 ns
[2025-08-07T12:06:11.588+0000][66][info ][safepoint   ] Safepoint "Cleanup", Time since last: 25017723136 ns, Reaching safepoint: 418125 ns, Cleanup: 37958 ns, At safepoint: 14500 ns, Total: 470583 ns
[2025-08-07T12:11:11.800+0000][66][info ][safepoint   ] Safepoint "Cleanup", Time since last: 300208377095 ns, Reaching safepoint: 331125 ns, Cleanup: 38167 ns, At safepoint: 18750 ns, Total: 388042 ns
[2025-08-07T12:11:41.819+0000][66][info ][safepoint   ] Safepoint "Cleanup", Time since last: 30018896263 ns, Reaching safepoint: 285500 ns, Cleanup: 30709 ns, At safepoint: 14750 ns, Total: 330959 ns
[2025-08-07T12:19:45.262+0000][66][info ][safepoint   ] Safepoint "Cleanup", Time since last: 483437463387 ns, Reaching safepoint: 321959 ns, Cleanup: 37875 ns, At safepoint: 13500 ns, Total: 373334 ns
[2025-08-07T12:20:15.285+0000][66][info ][safepoint   ] Safepoint "Cleanup", Time since last: 30021876513 ns, Reaching safepoint: 314292 ns, Cleanup: 28500 ns, At safepoint: 9666 ns, Total: 352458 ns
[2025-08-07T12:20:45.318+0000][66][info ][safepoint   ] Safepoint "Cleanup", Time since last: 30033004056 ns, Reaching safepoint: 357292 ns, Cleanup: 54166 ns, At safepoint: 18875 ns, Total: 430333 ns
[2025-08-07T12:21:14.780+0000][66][info ][safepoint   ] Safepoint "Cleanup", Time since last: 29461120347 ns, Reaching safepoint: 91000 ns, Cleanup: 98250 ns, At safepoint: 12375 ns, Total: 201625 ns
[2025-08-07T12:22:45.868+0000][66][info ][safepoint   ] Safepoint "Cleanup", Time since last: 91086426624 ns, Reaching safepoint: 306709 ns, Cleanup: 41166 ns, At safepoint: 16084 ns, Total: 363959 ns
[2025-08-07T12:24:15.930+0000][66][info ][safepoint   ] Safepoint "Cleanup", Time since last: 90060152999 ns, Reaching safepoint: 389000 ns, Cleanup: 47417 ns, At safepoint: 19708 ns, Total: 456125 ns
[2025-08-07T12:26:42.630+0000][66][info ][safepoint   ] Safepoint "Cleanup", Time since last: 146699070985 ns, Reaching safepoint: 406291 ns, Cleanup: 56375 ns, At safepoint: 10750 ns, Total: 473416 ns
[2025-08-07T12:26:52.641+0000][66][info ][safepoint   ] Safepoint "Cleanup", Time since last: 10010010297 ns, Reaching safepoint: 135666 ns, Cleanup: 28917 ns, At safepoint: 18292 ns, Total: 182875 ns
[2025-08-07T12:32:17.349+0000][66][info ][gc,start    ] GC(34) Pause Young (Prepare Mixed) (G1 Evacuation Pause)
[2025-08-07T12:32:17.351+0000][66][info ][gc,task     ] GC(34) Using 4 workers of 4 for evacuation
[2025-08-07T12:32:17.354+0000][66][debug][gc,age      ] GC(34) Desired survivor size 10485760 bytes, new threshold 15 (max threshold 15)
[2025-08-07T12:32:17.476+0000][66][info ][gc,phases   ] GC(34)   Pre Evacuate Collection Set: 2.8ms
[2025-08-07T12:32:17.477+0000][66][info ][gc,phases   ] GC(34)   Merge Heap Roots: 1.5ms
[2025-08-07T12:32:17.479+0000][66][info ][gc,phases   ] GC(34)   Evacuate Collection Set: 109.7ms
[2025-08-07T12:32:17.481+0000][66][info ][gc,phases   ] GC(34)   Post Evacuate Collection Set: 5.8ms
[2025-08-07T12:32:17.482+0000][66][info ][gc,phases   ] GC(34)   Other: 4.5ms
[2025-08-07T12:32:17.484+0000][66][trace][gc,age      ] GC(34) Age table with threshold 15 (max threshold 15)
[2025-08-07T12:32:17.485+0000][66][trace][gc,age      ] GC(34) - age   1:      75576 bytes,      75576 total
[2025-08-07T12:32:17.486+0000][66][trace][gc,age      ] GC(34) - age   2:      85880 bytes,     161456 total
[2025-08-07T12:32:17.487+0000][66][trace][gc,age      ] GC(34) - age   3:      60952 bytes,     222408 total
[2025-08-07T12:32:17.489+0000][66][trace][gc,age      ] GC(34) - age   4:      70144 bytes,     292552 total
[2025-08-07T12:32:17.489+0000][66][trace][gc,age      ] GC(34) - age   5:     858928 bytes,    1151480 total
[2025-08-07T12:32:17.490+0000][66][trace][gc,age      ] GC(34) - age   6:    1280528 bytes,    2432008 total
[2025-08-07T12:32:17.492+0000][66][trace][gc,age      ] GC(34) - age   7:    1520920 bytes,    3952928 total
[2025-08-07T12:32:17.493+0000][66][info ][gc,heap     ] GC(34) Eden regions: 33->0(35)
[2025-08-07T12:32:17.494+0000][66][info ][gc,heap     ] GC(34) Survivor regions: 2->1(5)
[2025-08-07T12:32:17.495+0000][66][info ][gc,heap     ] GC(34) Old regions: 20->20
[2025-08-07T12:32:17.496+0000][66][info ][gc,heap     ] GC(34) Humongous regions: 0->0
[2025-08-07T12:32:17.497+0000][66][info ][gc,metaspace] GC(34) Metaspace: 125871K(130176K)->125871K(130176K) NonClass: 109025K(111424K)->109025K(111424K) Class: 16846K(18752K)->16846K(18752K)
[2025-08-07T12:32:17.498+0000][66][info ][gc          ] GC(34) Pause Young (Prepare Mixed) (G1 Evacuation Pause) 216M->84M(256M) 149.357ms
[2025-08-07T12:32:17.499+0000][66][info ][gc,cpu      ] GC(34) User=0.23s Sys=0.00s Real=0.15s
[2025-08-07T12:32:17.500+0000][66][info ][safepoint   ] Safepoint "G1CollectForAllocation", Time since last: 324705025231 ns, Reaching safepoint: 414583 ns, Cleanup: 28709 ns, At safepoint: 151789750 ns, Total: 152233042 ns
[2025-08-07T12:35:42.648+0000][66][info ][safepoint   ] Safepoint "Cleanup", Time since last: 205144218675 ns, Reaching safepoint: 373292 ns, Cleanup: 43500 ns, At safepoint: 21458 ns, Total: 438250 ns
[2025-08-07T12:36:48.695+0000][66][info ][safepoint   ] Safepoint "Cleanup", Time since last: 66045680031 ns, Reaching safepoint: 386500 ns, Cleanup: 42791 ns, At safepoint: 22792 ns, Total: 452083 ns
[2025-08-07T12:40:58.059+0000][66][info ][safepoint   ] Safepoint "Cleanup", Time since last: 249357916029 ns, Reaching safepoint: 2001167 ns, Cleanup: 691708 ns, At safepoint: 74209 ns, Total: 2767084 ns
[2025-08-07T12:42:32.134+0000][66][info ][safepoint   ] Safepoint "Cleanup", Time since last: 94073580376 ns, Reaching safepoint: 309916 ns, Cleanup: 53375 ns, At safepoint: 49542 ns, Total: 412833 ns
[2025-08-07T12:46:21.012+0000][66][info ][safepoint   ] Safepoint "Cleanup", Time since last: 228874613438 ns, Reaching safepoint: 281166 ns, Cleanup: 42584 ns, At safepoint: 13708 ns, Total: 337458 ns
[2025-08-07T12:46:51.020+0000][66][info ][safepoint   ] Safepoint "Cleanup", Time since last: 30007762347 ns, Reaching safepoint: 394750 ns, Cleanup: 63833 ns, At safepoint: 34459 ns, Total: 493042 ns
[2025-08-07T12:57:55.002+0000][66][info ][safepoint   ] Safepoint "Cleanup", Time since last: 664018254426 ns, Reaching safepoint: 458542 ns, Cleanup: 289167 ns, At safepoint: 42458 ns, Total: 790167 ns
[2025-08-07T12:59:55.430+0000][66][info ][safepoint   ] Safepoint "Cleanup", Time since last: 120423412513 ns, Reaching safepoint: 3150625 ns, Cleanup: 659042 ns, At safepoint: 300416 ns, Total: 4110083 ns
[2025-08-07T13:07:26.861+0000][66][info ][safepoint   ] Safepoint "Cleanup", Time since last: 451430606413 ns, Reaching safepoint: 511250 ns, Cleanup: 42292 ns, At safepoint: 18333 ns, Total: 571875 ns
[2025-08-07T13:10:58.014+0000][66][info ][safepoint   ] Safepoint "Cleanup", Time since last: 211154751555 ns, Reaching safepoint: 367500 ns, Cleanup: 57125 ns, At safepoint: 20125 ns, Total: 444750 ns
[2025-08-07T13:24:32.039+0000][66][info ][safepoint   ] Safepoint "Cleanup", Time since last: 814026190826 ns, Reaching safepoint: 455750 ns, Cleanup: 35167 ns, At safepoint: 16250 ns, Total: 507167 ns
[2025-08-07T13:25:02.054+0000][66][info ][safepoint   ] Safepoint "Cleanup", Time since last: 30013606763 ns, Reaching safepoint: 377834 ns, Cleanup: 55041 ns, At safepoint: 10167 ns, Total: 443042 ns
[2025-08-07T13:28:23.884+0000][66][info ][safepoint   ] Safepoint "Cleanup", Time since last: 201830374635 ns, Reaching safepoint: 350625 ns, Cleanup: 48792 ns, At safepoint: 48500 ns, Total: 447917 ns
[2025-08-07T13:28:32.892+0000][66][info ][safepoint   ] Safepoint "Cleanup", Time since last: 9007979128 ns, Reaching safepoint: 109667 ns, Cleanup: 26917 ns, At safepoint: 8583 ns, Total: 145167 ns
[2025-08-07T13:30:43.982+0000][66][info ][safepoint   ] Safepoint "Cleanup", Time since last: 131090190852 ns, Reaching safepoint: 347708 ns, Cleanup: 76750 ns, At safepoint: 17583 ns, Total: 442041 ns
[2025-08-07T13:38:51.360+0000][66][info ][gc,start    ] GC(35) Pause Young (Mixed) (G1 Evacuation Pause)
[2025-08-07T13:38:51.364+0000][66][info ][gc,task     ] GC(35) Using 4 workers of 4 for evacuation
[2025-08-07T13:38:51.365+0000][66][debug][gc,age      ] GC(35) Desired survivor size 10485760 bytes, new threshold 15 (max threshold 15)
[2025-08-07T13:38:51.597+0000][66][info ][gc,mmu      ] GC(35) MMU target violated: 201.0ms (200.0ms/201.0ms)
[2025-08-07T13:38:51.599+0000][66][info ][gc,phases   ] GC(35)   Pre Evacuate Collection Set: 4.3ms
[2025-08-07T13:38:51.601+0000][66][info ][gc,phases   ] GC(35)   Merge Heap Roots: 0.8ms
[2025-08-07T13:38:51.602+0000][66][info ][gc,phases   ] GC(35)   Evacuate Collection Set: 210.1ms
[2025-08-07T13:38:51.604+0000][66][info ][gc,phases   ] GC(35)   Post Evacuate Collection Set: 15.2ms
[2025-08-07T13:38:51.605+0000][66][info ][gc,phases   ] GC(35)   Other: 6.1ms
[2025-08-07T13:38:51.619+0000][66][trace][gc,age      ] GC(35) Age table with threshold 15 (max threshold 15)
[2025-08-07T13:38:51.621+0000][66][trace][gc,age      ] GC(35) - age   1:      55192 bytes,      55192 total
[2025-08-07T13:38:51.622+0000][66][trace][gc,age      ] GC(35) - age   2:      60888 bytes,     116080 total
[2025-08-07T13:38:51.623+0000][66][trace][gc,age      ] GC(35) - age   3:      85880 bytes,     201960 total
[2025-08-07T13:38:51.624+0000][66][trace][gc,age      ] GC(35) - age   4:      60952 bytes,     262912 total
[2025-08-07T13:38:51.626+0000][66][trace][gc,age      ] GC(35) - age   5:      70144 bytes,     333056 total
[2025-08-07T13:38:51.627+0000][66][trace][gc,age      ] GC(35) - age   6:     858928 bytes,    1191984 total
[2025-08-07T13:38:51.628+0000][66][trace][gc,age      ] GC(35) - age   7:    1280528 bytes,    2472512 total
[2025-08-07T13:38:51.630+0000][66][trace][gc,age      ] GC(35) - age   8:    1520920 bytes,    3993432 total
[2025-08-07T13:38:51.631+0000][66][info ][gc,heap     ] GC(35) Eden regions: 35->0(35)
[2025-08-07T13:38:51.632+0000][66][info ][gc,heap     ] GC(35) Survivor regions: 1->1(5)
[2025-08-07T13:38:51.633+0000][66][info ][gc,heap     ] GC(35) Old regions: 20->20
[2025-08-07T13:38:51.634+0000][66][info ][gc,heap     ] GC(35) Humongous regions: 0->0
[2025-08-07T13:38:51.636+0000][66][info ][gc,metaspace] GC(35) Metaspace: 125884K(130176K)->125884K(130176K) NonClass: 109037K(111424K)->109037K(111424K) Class: 16846K(18752K)->16846K(18752K)
[2025-08-07T13:38:51.637+0000][66][info ][gc          ] GC(35) Pause Young (Mixed) (G1 Evacuation Pause) 224M->83M(256M) 278.360ms
[2025-08-07T13:38:51.638+0000][66][info ][gc,cpu      ] GC(35) User=0.66s Sys=0.00s Real=0.28s
[2025-08-07T13:38:51.640+0000][66][info ][safepoint   ] Safepoint "G1CollectForAllocation", Time since last: 465281615964 ns, Reaching safepoint: 573458 ns, Cleanup: 32333 ns, At safepoint: 281080042 ns, Total: 281685833 ns
[2025-08-07T13:50:44.993+0000][66][info ][safepoint   ] Safepoint "Cleanup", Time since last: 713346244742 ns, Reaching safepoint: 326083 ns, Cleanup: 127750 ns, At safepoint: 9917 ns, Total: 463750 ns
[2025-08-07T13:51:15.005+0000][66][info ][safepoint   ] Safepoint "Cleanup", Time since last: 30011520138 ns, Reaching safepoint: 553708 ns, Cleanup: 86000 ns, At safepoint: 30667 ns, Total: 670375 ns
[2025-08-07T13:56:46.314+0000][66][info ][safepoint   ] Safepoint "Cleanup", Time since last: 331308471276 ns, Reaching safepoint: 362542 ns, Cleanup: 53041 ns, At safepoint: 46250 ns, Total: 461833 ns
[2025-08-07T13:59:18.434+0000][66][info ][safepoint   ] Safepoint "Cleanup", Time since last: 152117070194 ns, Reaching safepoint: 368750 ns, Cleanup: 39000 ns, At safepoint: 14209 ns, Total: 421959 ns
[2025-08-07T14:01:53.526+0000][66][info ][safepoint   ] Safepoint "Cleanup", Time since last: 155093421446 ns, Reaching safepoint: 255625 ns, Cleanup: 26375 ns, At safepoint: 17750 ns, Total: 299750 ns
[2025-08-07T14:02:42.564+0000][66][info ][safepoint   ] Safepoint "Cleanup", Time since last: 49037209271 ns, Reaching safepoint: 337584 ns, Cleanup: 120791 ns, At safepoint: 31625 ns, Total: 490000 ns
[2025-08-07T14:03:11.593+0000][66][info ][safepoint   ] Safepoint "Cleanup", Time since last: 29027279430 ns, Reaching safepoint: 1140333 ns, Cleanup: 196500 ns, At safepoint: 391959 ns, Total: 1728792 ns
[2025-08-07T14:03:16.604+0000][66][info ][safepoint   ] Safepoint "Cleanup", Time since last: 5010119669 ns, Reaching safepoint: 45500 ns, Cleanup: 14375 ns, At safepoint: 5666 ns, Total: 65541 ns
[2025-08-07T14:07:17.677+0000][66][info ][safepoint   ] Safepoint "Cleanup", Time since last: 241072447234 ns, Reaching safepoint: 83792 ns, Cleanup: 74167 ns, At safepoint: 4250 ns, Total: 162209 ns
[2025-08-07T14:07:18.354+0000][66][info ][safepoint   ] Safepoint "ICBufferFull", Time since last: 676931375 ns, Reaching safepoint: 8625 ns, Cleanup: 257750 ns, At safepoint: 4292 ns, Total: 270667 ns
[2025-08-07T14:07:19.617+0000][66][info ][safepoint   ] Safepoint "Cleanup", Time since last: 1262601584 ns, Reaching safepoint: 23208 ns, Cleanup: 154333 ns, At safepoint: 11375 ns, Total: 188916 ns
[2025-08-07T14:07:48.212+0000][66][info ][safepoint   ] Safepoint "Cleanup", Time since last: 28594224055 ns, Reaching safepoint: 66541 ns, Cleanup: 37875 ns, At safepoint: 3667 ns, Total: 108083 ns
[2025-08-07T14:12:22.814+0000][66][info ][safepoint   ] Safepoint "Cleanup", Time since last: 274603859334 ns, Reaching safepoint: 205917 ns, Cleanup: 39417 ns, At safepoint: 8208 ns, Total: 253542 ns
[2025-08-07T14:15:19.129+0000][66][info ][safepoint   ] Safepoint "Cleanup", Time since last: 176312245288 ns, Reaching safepoint: 714959 ns, Cleanup: 52166 ns, At safepoint: 49625 ns, Total: 816750 ns
[2025-08-07T14:16:42.387+0000][66][info ][safepoint   ] Safepoint "Cleanup", Time since last: 83257713414 ns, Reaching safepoint: 626833 ns, Cleanup: 207667 ns, At safepoint: 156666 ns, Total: 991166 ns
[2025-08-07T14:16:47.393+0000][66][info ][safepoint   ] Safepoint "Cleanup", Time since last: 5006463836 ns, Reaching safepoint: 16667 ns, Cleanup: 21041 ns, At safepoint: 2834 ns, Total: 40542 ns
[2025-08-07T14:18:33.694+0000][66][info ][safepoint   ] Safepoint "Cleanup", Time since last: 106300126966 ns, Reaching safepoint: 346583 ns, Cleanup: 54583 ns, At safepoint: 12167 ns, Total: 413333 ns
[2025-08-07T14:18:46.707+0000][66][info ][safepoint   ] Safepoint "Cleanup", Time since last: 13012881839 ns, Reaching safepoint: 83083 ns, Cleanup: 34084 ns, At safepoint: 3583 ns, Total: 120750 ns
[2025-08-07T14:20:20.013+0000][66][info ][safepoint   ] Safepoint "Cleanup", Time since last: 93302387043 ns, Reaching safepoint: 1180791 ns, Cleanup: 120125 ns, At safepoint: 9250 ns, Total: 1310166 ns
[2025-08-07T14:20:50.041+0000][66][info ][safepoint   ] Safepoint "Cleanup", Time since last: 30028472265 ns, Reaching safepoint: 294041 ns, Cleanup: 40000 ns, At safepoint: 39542 ns, Total: 373583 ns
[2025-08-07T14:21:01.054+0000][66][info ][safepoint   ] Safepoint "Cleanup", Time since last: 11013200213 ns, Reaching safepoint: 327834 ns, Cleanup: 79375 ns, At safepoint: 18416 ns, Total: 425625 ns
[2025-08-07T14:21:02.058+0000][66][info ][safepoint   ] Safepoint "Cleanup", Time since last: 1003482043 ns, Reaching safepoint: 12458 ns, Cleanup: 30708 ns, At safepoint: 2125 ns, Total: 45291 ns
[2025-08-07T14:21:07.064+0000][66][info ][safepoint   ] Safepoint "Cleanup", Time since last: 5006064169 ns, Reaching safepoint: 15584 ns, Cleanup: 18791 ns, At safepoint: 3750 ns, Total: 38125 ns
[2025-08-07T14:21:25.074+0000][66][info ][safepoint   ] Safepoint "Cleanup", Time since last: 18009977883 ns, Reaching safepoint: 343834 ns, Cleanup: 57333 ns, At safepoint: 10917 ns, Total: 412084 ns
[2025-08-07T14:21:43.087+0000][66][info ][safepoint   ] Safepoint "Cleanup", Time since last: 18012594591 ns, Reaching safepoint: 403208 ns, Cleanup: 52834 ns, At safepoint: 23791 ns, Total: 479833 ns
[2025-08-07T14:24:12.536+0000][66][info ][safepoint   ] Safepoint "Cleanup", Time since last: 149447517402 ns, Reaching safepoint: 411417 ns, Cleanup: 34125 ns, At safepoint: 15958 ns, Total: 461500 ns
[2025-08-07T14:26:51.046+0000][66][info ][safepoint   ] Safepoint "Cleanup", Time since last: 158507349323 ns, Reaching safepoint: 1498458 ns, Cleanup: 225167 ns, At safepoint: 95166 ns, Total: 1818791 ns
[2025-08-07T14:27:19.063+0000][66][info ][safepoint   ] Safepoint "Cleanup", Time since last: 28016688555 ns, Reaching safepoint: 360458 ns, Cleanup: 79292 ns, At safepoint: 78875 ns, Total: 518625 ns
[2025-08-07T14:27:37.081+0000][66][info ][safepoint   ] Safepoint "Cleanup", Time since last: 18017380175 ns, Reaching safepoint: 466750 ns, Cleanup: 50709 ns, At safepoint: 26416 ns, Total: 543875 ns
[2025-08-07T14:27:44.085+0000][66][info ][safepoint   ] Safepoint "Cleanup", Time since last: 7003358878 ns, Reaching safepoint: 314916 ns, Cleanup: 44875 ns, At safepoint: 16709 ns, Total: 376500 ns
[2025-08-07T14:27:44.446+0000][66][info ][gc,start    ] GC(36) Pause Young (Concurrent Start) (G1 Evacuation Pause)
[2025-08-07T14:27:44.449+0000][66][info ][gc,task     ] GC(36) Using 4 workers of 4 for evacuation
[2025-08-07T14:27:44.450+0000][66][debug][gc,age      ] GC(36) Desired survivor size 10485760 bytes, new threshold 15 (max threshold 15)
[2025-08-07T14:27:44.530+0000][66][info ][gc,phases   ] GC(36)   Pre Evacuate Collection Set: 1.3ms
[2025-08-07T14:27:44.531+0000][66][info ][gc,phases   ] GC(36)   Merge Heap Roots: 0.5ms
[2025-08-07T14:27:44.532+0000][66][info ][gc,phases   ] GC(36)   Evacuate Collection Set: 71.1ms
[2025-08-07T14:27:44.534+0000][66][info ][gc,phases   ] GC(36)   Post Evacuate Collection Set: 5.8ms
[2025-08-07T14:27:44.535+0000][66][info ][gc,phases   ] GC(36)   Other: 2.9ms
[2025-08-07T14:27:44.536+0000][66][trace][gc,age      ] GC(36) Age table with threshold 15 (max threshold 15)
[2025-08-07T14:27:44.537+0000][66][trace][gc,age      ] GC(36) - age   1:    1222296 bytes,    1222296 total
[2025-08-07T14:27:44.538+0000][66][trace][gc,age      ] GC(36) - age   2:      44712 bytes,    1267008 total
[2025-08-07T14:27:44.539+0000][66][trace][gc,age      ] GC(36) - age   3:      60888 bytes,    1327896 total
[2025-08-07T14:27:44.540+0000][66][trace][gc,age      ] GC(36) - age   4:      84384 bytes,    1412280 total
[2025-08-07T14:27:44.541+0000][66][trace][gc,age      ] GC(36) - age   5:      60952 bytes,    1473232 total
[2025-08-07T14:27:44.542+0000][66][trace][gc,age      ] GC(36) - age   6:      70144 bytes,    1543376 total
[2025-08-07T14:27:44.543+0000][66][trace][gc,age      ] GC(36) - age   7:     379336 bytes,    1922712 total
[2025-08-07T14:27:44.544+0000][66][trace][gc,age      ] GC(36) - age   8:    1013592 bytes,    2936304 total
[2025-08-07T14:27:44.545+0000][66][trace][gc,age      ] GC(36) - age   9:    1391360 bytes,    4327664 total
[2025-08-07T14:27:44.546+0000][66][info ][gc,heap     ] GC(36) Eden regions: 35->0(33)
[2025-08-07T14:27:44.547+0000][66][info ][gc,heap     ] GC(36) Survivor regions: 1->2(5)
[2025-08-07T14:27:44.548+0000][66][info ][gc,heap     ] GC(36) Old regions: 20->20
[2025-08-07T14:27:44.549+0000][66][info ][gc,heap     ] GC(36) Humongous regions: 0->0
[2025-08-07T14:27:44.550+0000][66][info ][gc,metaspace] GC(36) Metaspace: 126278K(130304K)->126278K(130304K) NonClass: 109431K(111552K)->109431K(111552K) Class: 16846K(18752K)->16846K(18752K)
[2025-08-07T14:27:44.550+0000][66][info ][gc          ] GC(36) Pause Young (Concurrent Start) (G1 Evacuation Pause) 223M->83M(256M) 104.510ms
[2025-08-07T14:27:44.552+0000][66][info ][gc,cpu      ] GC(36) User=0.19s Sys=0.00s Real=0.11s
[2025-08-07T14:27:44.552+0000][66][info ][safepoint   ] Safepoint "G1CollectForAllocation", Time since last: 361056916 ns, Reaching safepoint: 8459 ns, Cleanup: 60000 ns, At safepoint: 106551167 ns, Total: 106619626 ns
[2025-08-07T14:27:44.552+0000][66][info ][gc          ] GC(37) Concurrent Mark Cycle
[2025-08-07T14:27:44.565+0000][66][info ][gc,marking  ] GC(37) Concurrent Scan Root Regions
[2025-08-07T14:27:44.623+0000][66][info ][gc,marking  ] GC(37) Concurrent Scan Root Regions 58.492ms
[2025-08-07T14:27:44.624+0000][66][info ][gc,marking  ] GC(37) Concurrent Mark
[2025-08-07T14:27:44.626+0000][66][info ][gc,marking  ] GC(37) Concurrent Mark From Roots
[2025-08-07T14:27:44.627+0000][66][info ][gc,task     ] GC(37) Using 1 workers of 1 for marking
[2025-08-07T14:27:44.988+0000][66][info ][gc,marking  ] GC(37) Concurrent Mark From Roots 361.777ms
[2025-08-07T14:27:44.989+0000][66][info ][gc,marking  ] GC(37) Concurrent Preclean
[2025-08-07T14:27:44.991+0000][66][info ][gc,marking  ] GC(37) Concurrent Preclean 1.583ms
[2025-08-07T14:27:44.992+0000][66][info ][gc,start    ] GC(37) Pause Remark
[2025-08-07T14:27:45.090+0000][66][info ][gc          ] GC(37) Pause Remark 101M->101M(256M) 98.288ms
[2025-08-07T14:27:45.093+0000][66][info ][gc,cpu      ] GC(37) User=0.25s Sys=0.00s Real=0.10s
[2025-08-07T14:27:45.097+0000][66][info ][safepoint   ] Safepoint "G1PauseRemark", Time since last: 439207041 ns, Reaching safepoint: 12250 ns, Cleanup: 227875 ns, At safepoint: 104948000 ns, Total: 105188125 ns
[2025-08-07T14:27:45.099+0000][66][info ][gc,marking  ] GC(37) Concurrent Mark 474.781ms
[2025-08-07T14:27:45.100+0000][66][info ][gc,marking  ] GC(37) Concurrent Rebuild Remembered Sets and Scrub Regions
[2025-08-07T14:27:45.161+0000][66][info ][gc,marking  ] GC(37) Concurrent Rebuild Remembered Sets and Scrub Regions 61.173ms
[2025-08-07T14:27:45.163+0000][66][info ][gc,start    ] GC(37) Pause Cleanup
[2025-08-07T14:27:45.164+0000][66][info ][gc          ] GC(37) Pause Cleanup 101M->101M(256M) 1.248ms
[2025-08-07T14:27:45.166+0000][66][info ][gc,cpu      ] GC(37) User=0.00s Sys=0.00s Real=0.00s
[2025-08-07T14:27:45.167+0000][66][info ][safepoint   ] Safepoint "G1PauseCleanup", Time since last: 66155375 ns, Reaching safepoint: 11959 ns, Cleanup: 9000 ns, At safepoint: 3589541 ns, Total: 3610500 ns
[2025-08-07T14:27:45.168+0000][66][info ][gc,marking  ] GC(37) Concurrent Clear Claimed Marks
[2025-08-07T14:27:45.169+0000][66][info ][gc,marking  ] GC(37) Concurrent Clear Claimed Marks 1.701ms
[2025-08-07T14:27:45.170+0000][66][info ][gc,marking  ] GC(37) Concurrent Cleanup for Next Mark
[2025-08-07T14:27:45.174+0000][66][info ][gc,marking  ] GC(37) Concurrent Cleanup for Next Mark 3.859ms
[2025-08-07T14:27:45.176+0000][66][info ][gc          ] GC(37) Concurrent Mark Cycle 623.931ms
[2025-08-07T14:28:14.417+0000][66][info ][safepoint   ] Safepoint "Cleanup", Time since last: 29249189847 ns, Reaching safepoint: 341250 ns, Cleanup: 32959 ns, At safepoint: 11916 ns, Total: 386125 ns
[2025-08-07T14:28:19.420+0000][66][info ][safepoint   ] Safepoint "Cleanup", Time since last: 5002444878 ns, Reaching safepoint: 75292 ns, Cleanup: 62000 ns, At safepoint: 9958 ns, Total: 147250 ns
[2025-08-07T14:30:21.724+0000][66][info ][safepoint   ] Safepoint "Cleanup", Time since last: 122303892889 ns, Reaching safepoint: 326875 ns, Cleanup: 41000 ns, At safepoint: 14042 ns, Total: 381917 ns
[2025-08-07T14:32:47.792+0000][66][info ][safepoint   ] Safepoint "Cleanup", Time since last: 146067392483 ns, Reaching safepoint: 208042 ns, Cleanup: 26250 ns, At safepoint: 8208 ns, Total: 242500 ns
[2025-08-07T14:34:45.166+0000][66][info ][safepoint   ] Safepoint "Cleanup", Time since last: 117372705763 ns, Reaching safepoint: 314833 ns, Cleanup: 27958 ns, At safepoint: 9792 ns, Total: 352583 ns
[2025-08-07T14:35:13.389+0000][66][info ][safepoint   ] Safepoint "Cleanup", Time since last: 28222747388 ns, Reaching safepoint: 427834 ns, Cleanup: 41500 ns, At safepoint: 21083 ns, Total: 490417 ns
[2025-08-07T14:35:52.544+0000][66][info ][safepoint   ] Safepoint "Cleanup", Time since last: 39154209185 ns, Reaching safepoint: 94791 ns, Cleanup: 105417 ns, At safepoint: 3875 ns, Total: 204083 ns
[2025-08-07T14:36:13.557+0000][66][info ][safepoint   ] Safepoint "Cleanup", Time since last: 21012961926 ns, Reaching safepoint: 372292 ns, Cleanup: 56625 ns, At safepoint: 21791 ns, Total: 450708 ns
[2025-08-07T14:37:22.701+0000][66][info ][safepoint   ] Safepoint "Cleanup", Time since last: 69143169491 ns, Reaching safepoint: 423958 ns, Cleanup: 28542 ns, At safepoint: 14458 ns, Total: 466958 ns
[2025-08-07T14:38:44.860+0000][66][info ][safepoint   ] Safepoint "Cleanup", Time since last: 82160677162 ns, Reaching safepoint: 334708 ns, Cleanup: 29250 ns, At safepoint: 13959 ns, Total: 377917 ns
[2025-08-07T14:40:23.239+0000][66][info ][safepoint   ] Safepoint "Cleanup", Time since last: 98372598377 ns, Reaching safepoint: 2455250 ns, Cleanup: 85458 ns, At safepoint: 50000 ns, Total: 2590708 ns
[2025-08-07T14:44:54.066+0000][66][info ][safepoint   ] Safepoint "Cleanup", Time since last: 270831734499 ns, Reaching safepoint: 119542 ns, Cleanup: 32000 ns, At safepoint: 3125 ns, Total: 154667 ns
[2025-08-07T14:46:24.242+0000][66][info ][safepoint   ] Safepoint "Cleanup", Time since last: 90175510791 ns, Reaching safepoint: 441416 ns, Cleanup: 36917 ns, At safepoint: 24875 ns, Total: 503208 ns
[2025-08-07T14:48:44.604+0000][66][info ][safepoint   ] Safepoint "Cleanup", Time since last: 140360772565 ns, Reaching safepoint: 324750 ns, Cleanup: 41750 ns, At safepoint: 42416 ns, Total: 408916 ns
[2025-08-07T14:49:00.736+0000][66][info ][safepoint   ] Safepoint "Cleanup", Time since last: 16132136800 ns, Reaching safepoint: 58250 ns, Cleanup: 16750 ns, At safepoint: 2417 ns, Total: 77417 ns
[2025-08-07T14:51:43.150+0000][66][info ][safepoint   ] Safepoint "Cleanup", Time since last: 162413776157 ns, Reaching safepoint: 343708 ns, Cleanup: 30708 ns, At safepoint: 14667 ns, Total: 389083 ns
[2025-08-07T14:56:54.123+0000][66][info ][safepoint   ] Safepoint "Cleanup", Time since last: 310971370683 ns, Reaching safepoint: 271042 ns, Cleanup: 28041 ns, At safepoint: 53417 ns, Total: 352500 ns
[2025-08-07T14:57:56.439+0000][66][info ][safepoint   ] Safepoint "Cleanup", Time since last: 62315924362 ns, Reaching safepoint: 100959 ns, Cleanup: 28750 ns, At safepoint: 3125 ns, Total: 132834 ns
[2025-08-07T14:58:13.449+0000][66][info ][safepoint   ] Safepoint "Cleanup", Time since last: 17009737924 ns, Reaching safepoint: 339750 ns, Cleanup: 39125 ns, At safepoint: 24583 ns, Total: 403458 ns
[2025-08-07T14:58:56.572+0000][66][info ][safepoint   ] Safepoint "Cleanup", Time since last: 43122892186 ns, Reaching safepoint: 60542 ns, Cleanup: 39458 ns, At safepoint: 3458 ns, Total: 103458 ns
[2025-08-07T15:01:53.890+0000][66][info ][safepoint   ] Safepoint "Cleanup", Time since last: 177316725372 ns, Reaching safepoint: 317208 ns, Cleanup: 49084 ns, At safepoint: 85500 ns, Total: 451792 ns
[2025-08-07T15:07:28.809+0000][66][info ][safepoint   ] Safepoint "Cleanup", Time since last: 334917055444 ns, Reaching safepoint: 409042 ns, Cleanup: 30958 ns, At safepoint: 14417 ns, Total: 454417 ns
[2025-08-07T15:10:15.509+0000][66][info ][safepoint   ] Safepoint "Cleanup", Time since last: 166700170867 ns, Reaching safepoint: 305125 ns, Cleanup: 30208 ns, At safepoint: 14125 ns, Total: 349458 ns
[2025-08-07T15:10:43.544+0000][66][info ][safepoint   ] Safepoint "Cleanup", Time since last: 28025154805 ns, Reaching safepoint: 5642667 ns, Cleanup: 211000 ns, At safepoint: 177916 ns, Total: 6031583 ns
[2025-08-07T15:21:01.233+0000][66][info ][safepoint   ] Safepoint "Cleanup", Time since last: 617698300617 ns, Reaching safepoint: 83667 ns, Cleanup: 33333 ns, At safepoint: 4000 ns, Total: 121000 ns
[2025-08-07T15:21:31.248+0000][66][info ][safepoint   ] Safepoint "Cleanup", Time since last: 30013806722 ns, Reaching safepoint: 496084 ns, Cleanup: 54541 ns, At safepoint: 16000 ns, Total: 566625 ns
[2025-08-07T15:40:25.573+0000][66][info ][gc,start    ] GC(38) Pause Young (Prepare Mixed) (G1 Evacuation Pause)
[2025-08-07T15:40:25.578+0000][66][info ][gc,task     ] GC(38) Using 4 workers of 4 for evacuation
[2025-08-07T15:40:25.579+0000][66][debug][gc,age      ] GC(38) Desired survivor size 10485760 bytes, new threshold 15 (max threshold 15)
[2025-08-07T15:40:25.720+0000][66][info ][gc,phases   ] GC(38)   Pre Evacuate Collection Set: 3.7ms
[2025-08-07T15:40:25.722+0000][66][info ][gc,phases   ] GC(38)   Merge Heap Roots: 0.9ms
[2025-08-07T15:40:25.724+0000][66][info ][gc,phases   ] GC(38)   Evacuate Collection Set: 124.8ms
[2025-08-07T15:40:25.725+0000][66][info ][gc,phases   ] GC(38)   Post Evacuate Collection Set: 10.3ms
[2025-08-07T15:40:25.728+0000][66][info ][gc,phases   ] GC(38)   Other: 3.2ms
[2025-08-07T15:40:25.729+0000][66][trace][gc,age      ] GC(38) Age table with threshold 15 (max threshold 15)
[2025-08-07T15:40:25.730+0000][66][trace][gc,age      ] GC(38) - age   1:     482208 bytes,     482208 total
[2025-08-07T15:40:25.732+0000][66][trace][gc,age      ] GC(38) - age   2:     665872 bytes,    1148080 total
[2025-08-07T15:40:25.733+0000][66][trace][gc,age      ] GC(38) - age   3:      44712 bytes,    1192792 total
[2025-08-07T15:40:25.735+0000][66][trace][gc,age      ] GC(38) - age   4:      60856 bytes,    1253648 total
[2025-08-07T15:40:25.736+0000][66][trace][gc,age      ] GC(38) - age   5:      84064 bytes,    1337712 total
[2025-08-07T15:40:25.742+0000][66][trace][gc,age      ] GC(38) - age   6:      60952 bytes,    1398664 total
[2025-08-07T15:40:25.743+0000][66][trace][gc,age      ] GC(38) - age   7:      70144 bytes,    1468808 total
[2025-08-07T15:40:25.746+0000][66][trace][gc,age      ] GC(38) - age   8:     378992 bytes,    1847800 total
[2025-08-07T15:40:25.748+0000][66][trace][gc,age      ] GC(38) - age   9:    1013592 bytes,    2861392 total
[2025-08-07T15:40:25.749+0000][66][trace][gc,age      ] GC(38) - age  10:    1391320 bytes,    4252712 total
[2025-08-07T15:40:25.751+0000][66][info ][gc,heap     ] GC(38) Eden regions: 33->0(33)
[2025-08-07T15:40:25.753+0000][66][info ][gc,heap     ] GC(38) Survivor regions: 2->2(5)
[2025-08-07T15:40:25.754+0000][66][info ][gc,heap     ] GC(38) Old regions: 20->20
[2025-08-07T15:40:25.757+0000][66][info ][gc,heap     ] GC(38) Humongous regions: 0->0
[2025-08-07T15:40:25.758+0000][66][info ][gc,metaspace] GC(38) Metaspace: 126431K(130368K)->126431K(130368K) NonClass: 109585K(111616K)->109585K(111616K) Class: 16846K(18752K)->16846K(18752K)
[2025-08-07T15:40:25.759+0000][66][info ][gc          ] GC(38) Pause Young (Prepare Mixed) (G1 Evacuation Pause) 215M->83M(256M) 185.913ms
[2025-08-07T15:40:25.760+0000][66][info ][gc,cpu      ] GC(38) User=0.38s Sys=0.00s Real=0.19s
[2025-08-07T15:40:25.768+0000][66][info ][safepoint   ] Safepoint "G1CollectForAllocation", Time since last: 237436667859 ns, Reaching safepoint: 512833 ns, Cleanup: 43542 ns, At safepoint: 195228333 ns, Total: 195784708 ns
[2025-08-07T17:28:22.452+0000][66][info ][safepoint   ] Safepoint "Cleanup", Time since last: 465101297546 ns, Reaching safepoint: 507167 ns, Cleanup: 51083 ns, At safepoint: 20208 ns, Total: 578458 ns
[2025-08-07T17:30:52.708+0000][66][info ][safepoint   ] Safepoint "Cleanup", Time since last: 150257496901 ns, Reaching safepoint: 413542 ns, Cleanup: 49500 ns, At safepoint: 45667 ns, Total: 508709 ns
[2025-08-07T17:32:42.808+0000][66][info ][safepoint   ] Safepoint "Cleanup", Time since last: 110100076008 ns, Reaching safepoint: 283292 ns, Cleanup: 35208 ns, At safepoint: 17292 ns, Total: 335792 ns
[2025-08-07T17:34:42.911+0000][66][info ][safepoint   ] Safepoint "Cleanup", Time since last: 120103786429 ns, Reaching safepoint: 355542 ns, Cleanup: 39166 ns, At safepoint: 14917 ns, Total: 409625 ns
[2025-08-07T17:42:23.295+0000][66][info ][safepoint   ] Safepoint "Cleanup", Time since last: 460388846917 ns, Reaching safepoint: 399625 ns, Cleanup: 27542 ns, At safepoint: 17250 ns, Total: 444417 ns
[2025-08-07T17:48:14.609+0000][66][info ][safepoint   ] Safepoint "Cleanup", Time since last: 351317943911 ns, Reaching safepoint: 72291 ns, Cleanup: 36959 ns, At safepoint: 4666 ns, Total: 113916 ns
[2025-08-07T17:53:15.309+0000][66][info ][safepoint   ] Safepoint "Cleanup", Time since last: 300702712804 ns, Reaching safepoint: 121917 ns, Cleanup: 44125 ns, At safepoint: 4083 ns, Total: 170125 ns
[2025-08-07T17:53:52.372+0000][66][info ][safepoint   ] Safepoint "Cleanup", Time since last: 37062790808 ns, Reaching safepoint: 449667 ns, Cleanup: 51333 ns, At safepoint: 35458 ns, Total: 536458 ns
[2025-08-07T17:59:51.982+0000][66][info ][safepoint   ] Safepoint "Cleanup", Time since last: 359613388622 ns, Reaching safepoint: 443375 ns, Cleanup: 42958 ns, At safepoint: 30625 ns, Total: 516958 ns
[2025-08-07T18:00:03.002+0000][66][info ][safepoint   ] Safepoint "Cleanup", Time since last: 11019752381 ns, Reaching safepoint: 13750 ns, Cleanup: 15500 ns, At safepoint: 2291 ns, Total: 31541 ns
[2025-08-07T18:00:23.126+0000][66][info ][safepoint   ] Safepoint "Cleanup", Time since last: 20125230759 ns, Reaching safepoint: 60042 ns, Cleanup: 20708 ns, At safepoint: 8292 ns, Total: 89042 ns
[2025-08-07T21:11:02.024+0000][66][info ][safepoint   ] Safepoint "Cleanup", Time since last: 480445382803 ns, Reaching safepoint: 108875 ns, Cleanup: 43000 ns, At safepoint: 8083 ns, Total: 159958 ns
[2025-08-08T06:20:06.427+0000][66][info ][safepoint   ] Safepoint "Cleanup", Time since last: 269537348539 ns, Reaching safepoint: 1041917 ns, Cleanup: 111375 ns, At safepoint: 78875 ns, Total: 1232167 ns
[2025-08-08T07:09:07.821+0000][66][info ][safepoint   ] Safepoint "Cleanup", Time since last: 150353726235 ns, Reaching safepoint: 284917 ns, Cleanup: 29833 ns, At safepoint: 11250 ns, Total: 326000 ns
[2025-08-08T07:09:33.838+0000][66][info ][safepoint   ] Safepoint "Cleanup", Time since last: 26016262554 ns, Reaching safepoint: 507583 ns, Cleanup: 63375 ns, At safepoint: 20750 ns, Total: 591708 ns
[2025-08-08T07:15:07.731+0000][66][info ][safepoint   ] Safepoint "Cleanup", Time since last: 333887836443 ns, Reaching safepoint: 64917 ns, Cleanup: 39583 ns, At safepoint: 26792 ns, Total: 131292 ns
[2025-08-08T07:16:38.012+0000][66][info ][safepoint   ] Safepoint "Cleanup", Time since last: 90279138083 ns, Reaching safepoint: 310250 ns, Cleanup: 45000 ns, At safepoint: 33000 ns, Total: 388250 ns
[2025-08-08T07:18:05.216+0000][66][info ][safepoint   ] Safepoint "Cleanup", Time since last: 87203827124 ns, Reaching safepoint: 106917 ns, Cleanup: 39916 ns, At safepoint: 4625 ns, Total: 151458 ns
[2025-08-08T07:20:04.610+0000][66][info ][gc,start    ] GC(39) Pause Young (Mixed) (G1 Evacuation Pause)
[2025-08-08T07:20:04.618+0000][66][info ][gc,task     ] GC(39) Using 4 workers of 4 for evacuation
[2025-08-08T07:20:04.619+0000][66][debug][gc,age      ] GC(39) Desired survivor size 10485760 bytes, new threshold 15 (max threshold 15)
[2025-08-08T07:20:04.855+0000][66][info ][gc,mmu      ] GC(39) MMU target violated: 201.0ms (200.0ms/201.0ms)
[2025-08-08T07:20:04.857+0000][66][info ][gc,phases   ] GC(39)   Pre Evacuate Collection Set: 1.4ms
[2025-08-08T07:20:04.858+0000][66][info ][gc,phases   ] GC(39)   Merge Heap Roots: 0.6ms
[2025-08-08T07:20:04.861+0000][66][info ][gc,phases   ] GC(39)   Evacuate Collection Set: 226.8ms
[2025-08-08T07:20:04.862+0000][66][info ][gc,phases   ] GC(39)   Post Evacuate Collection Set: 6.3ms
[2025-08-08T07:20:04.863+0000][66][info ][gc,phases   ] GC(39)   Other: 4.3ms
[2025-08-08T07:20:04.864+0000][66][trace][gc,age      ] GC(39) Age table with threshold 15 (max threshold 15)
[2025-08-08T07:20:04.865+0000][66][trace][gc,age      ] GC(39) - age   1:      70120 bytes,      70120 total
[2025-08-08T07:20:04.866+0000][66][trace][gc,age      ] GC(39) - age   2:     413896 bytes,     484016 total
[2025-08-08T07:20:04.868+0000][66][trace][gc,age      ] GC(39) - age   3:     438552 bytes,     922568 total
[2025-08-08T07:20:04.869+0000][66][trace][gc,age      ] GC(39) - age   4:      44712 bytes,     967280 total
[2025-08-08T07:20:04.870+0000][66][trace][gc,age      ] GC(39) - age   5:      60856 bytes,    1028136 total
[2025-08-08T07:20:04.871+0000][66][trace][gc,age      ] GC(39) - age   6:      84064 bytes,    1112200 total
[2025-08-08T07:20:04.872+0000][66][trace][gc,age      ] GC(39) - age   7:      60952 bytes,    1173152 total
[2025-08-08T07:20:04.873+0000][66][trace][gc,age      ] GC(39) - age   8:      70144 bytes,    1243296 total
[2025-08-08T07:20:04.874+0000][66][trace][gc,age      ] GC(39) - age   9:     378904 bytes,    1622200 total
[2025-08-08T07:20:04.876+0000][66][trace][gc,age      ] GC(39) - age  10:    1013592 bytes,    2635792 total
[2025-08-08T07:20:04.876+0000][66][trace][gc,age      ] GC(39) - age  11:    1391320 bytes,    4027112 total
[2025-08-08T07:20:04.878+0000][66][info ][gc,heap     ] GC(39) Eden regions: 33->0(33)
[2025-08-08T07:20:04.880+0000][66][info ][gc,heap     ] GC(39) Survivor regions: 2->2(5)
[2025-08-08T07:20:04.881+0000][66][info ][gc,heap     ] GC(39) Old regions: 20->20
[2025-08-08T07:20:04.882+0000][66][info ][gc,heap     ] GC(39) Humongous regions: 0->0
[2025-08-08T07:20:04.883+0000][66][info ][gc,metaspace] GC(39) Metaspace: 126442K(130368K)->126442K(130368K) NonClass: 109595K(111616K)->109595K(111616K) Class: 16846K(18752K)->16846K(18752K)
[2025-08-08T07:20:04.884+0000][66][info ][gc          ] GC(39) Pause Young (Mixed) (G1 Evacuation Pause) 215M->83M(256M) 274.438ms
[2025-08-08T07:20:04.886+0000][66][info ][gc,cpu      ] GC(39) User=0.46s Sys=0.00s Real=0.28s
[2025-08-08T07:20:04.890+0000][66][info ][safepoint   ] Safepoint "G1CollectForAllocation", Time since last: 119391725680 ns, Reaching safepoint: 58375 ns, Cleanup: 24625 ns, At safepoint: 280497542 ns, Total: 280580542 ns
[2025-08-08T07:25:06.240+0000][66][info ][safepoint   ] Safepoint "Cleanup", Time since last: 301344039513 ns, Reaching safepoint: 1089125 ns, Cleanup: 234292 ns, At safepoint: 4916 ns, Total: 1328333 ns
[2025-08-08T07:31:37.034+0000][66][info ][safepoint   ] Safepoint "Cleanup", Time since last: 390787943637 ns, Reaching safepoint: 385042 ns, Cleanup: 111292 ns, At safepoint: 42833 ns, Total: 539167 ns
[2025-08-08T07:44:09.964+0000][66][info ][safepoint   ] Safepoint "Cleanup", Time since last: 752920215845 ns, Reaching safepoint: 118000 ns, Cleanup: 34334 ns, At safepoint: 9125 ns, Total: 161459 ns
[2025-08-08T07:45:09.978+0000][66][info ][safepoint   ] Safepoint "Cleanup", Time since last: 60012363236 ns, Reaching safepoint: 74833 ns, Cleanup: 43417 ns, At safepoint: 75416 ns, Total: 193666 ns
[2025-08-08T07:52:38.121+0000][66][info ][safepoint   ] Safepoint "Cleanup", Time since last: 448137586785 ns, Reaching safepoint: 431167 ns, Cleanup: 45167 ns, At safepoint: 23416 ns, Total: 499750 ns
[2025-08-08T09:00:19.206+0000][66][info ][safepoint   ] Safepoint "Cleanup", Time since last: 1398922530762 ns, Reaching safepoint: 249583 ns, Cleanup: 42708 ns, At safepoint: 16792 ns, Total: 309083 ns
[2025-08-08T09:00:37.240+0000][66][info ][safepoint   ] Safepoint "Cleanup", Time since last: 18034304675 ns, Reaching safepoint: 299000 ns, Cleanup: 35917 ns, At safepoint: 13208 ns, Total: 348125 ns
[2025-08-08T09:04:07.915+0000][66][info ][safepoint   ] Safepoint "Cleanup", Time since last: 210673557012 ns, Reaching safepoint: 335584 ns, Cleanup: 37333 ns, At safepoint: 15583 ns, Total: 388500 ns
[2025-08-08T09:06:07.539+0000][66][info ][gc,start    ] GC(40) Pause Young (Concurrent Start) (G1 Evacuation Pause)
[2025-08-08T09:06:07.541+0000][66][info ][gc,task     ] GC(40) Using 4 workers of 4 for evacuation
[2025-08-08T09:06:07.542+0000][66][debug][gc,age      ] GC(40) Desired survivor size 10485760 bytes, new threshold 15 (max threshold 15)
[2025-08-08T09:06:07.693+0000][66][info ][gc,phases   ] GC(40)   Pre Evacuate Collection Set: 5.0ms
[2025-08-08T09:06:07.695+0000][66][info ][gc,phases   ] GC(40)   Merge Heap Roots: 1.0ms
[2025-08-08T09:06:07.696+0000][66][info ][gc,phases   ] GC(40)   Evacuate Collection Set: 133.7ms
[2025-08-08T09:06:07.697+0000][66][info ][gc,phases   ] GC(40)   Post Evacuate Collection Set: 8.8ms
[2025-08-08T09:06:07.698+0000][66][info ][gc,phases   ] GC(40)   Other: 2.9ms
[2025-08-08T09:06:07.699+0000][66][trace][gc,age      ] GC(40) Age table with threshold 15 (max threshold 15)
[2025-08-08T09:06:07.700+0000][66][trace][gc,age      ] GC(40) - age   1:      54080 bytes,      54080 total
[2025-08-08T09:06:07.701+0000][66][trace][gc,age      ] GC(40) - age   2:      49448 bytes,     103528 total
[2025-08-08T09:06:07.702+0000][66][trace][gc,age      ] GC(40) - age   3:     413600 bytes,     517128 total
[2025-08-08T09:06:07.703+0000][66][trace][gc,age      ] GC(40) - age   4:     438256 bytes,     955384 total
[2025-08-08T09:06:07.704+0000][66][trace][gc,age      ] GC(40) - age   5:      44712 bytes,    1000096 total
[2025-08-08T09:06:07.705+0000][66][trace][gc,age      ] GC(40) - age   6:      60856 bytes,    1060952 total
[2025-08-08T09:06:07.707+0000][66][trace][gc,age      ] GC(40) - age   7:      84064 bytes,    1145016 total
[2025-08-08T09:06:07.708+0000][66][trace][gc,age      ] GC(40) - age   8:      60952 bytes,    1205968 total
[2025-08-08T09:06:07.710+0000][66][trace][gc,age      ] GC(40) - age   9:      70144 bytes,    1276112 total
[2025-08-08T09:06:07.711+0000][66][trace][gc,age      ] GC(40) - age  10:     378904 bytes,    1655016 total
[2025-08-08T09:06:07.712+0000][66][trace][gc,age      ] GC(40) - age  11:    1013592 bytes,    2668608 total
[2025-08-08T09:06:07.713+0000][66][trace][gc,age      ] GC(40) - age  12:    1391320 bytes,    4059928 total
[2025-08-08T09:06:07.713+0000][66][info ][gc,heap     ] GC(40) Eden regions: 33->0(33)
[2025-08-08T09:06:07.715+0000][66][info ][gc,heap     ] GC(40) Survivor regions: 2->2(5)
[2025-08-08T09:06:07.715+0000][66][info ][gc,heap     ] GC(40) Old regions: 20->20
[2025-08-08T09:06:07.716+0000][66][info ][gc,heap     ] GC(40) Humongous regions: 0->0
[2025-08-08T09:06:07.717+0000][66][info ][gc,metaspace] GC(40) Metaspace: 126442K(130368K)->126442K(130368K) NonClass: 109596K(111616K)->109596K(111616K) Class: 16846K(18752K)->16846K(18752K)
[2025-08-08T09:06:07.717+0000][66][info ][gc          ] GC(40) Pause Young (Concurrent Start) (G1 Evacuation Pause) 215M->83M(256M) 178.721ms
[2025-08-08T09:06:07.719+0000][66][info ][gc,cpu      ] GC(40) User=0.40s Sys=0.00s Real=0.18s
[2025-08-08T09:06:07.719+0000][66][info ][gc          ] GC(41) Concurrent Mark Cycle
[2025-08-08T09:06:07.726+0000][66][info ][gc,marking  ] GC(41) Concurrent Scan Root Regions
[2025-08-08T09:06:07.726+0000][66][info ][safepoint   ] Safepoint "G1CollectForAllocation", Time since last: 119623854346 ns, Reaching safepoint: 291750 ns, Cleanup: 34667 ns, At safepoint: 181863167 ns, Total: 182189584 ns
[2025-08-08T09:06:07.808+0000][66][info ][gc,marking  ] GC(41) Concurrent Scan Root Regions 82.698ms
[2025-08-08T09:06:07.810+0000][66][info ][gc,marking  ] GC(41) Concurrent Mark
[2025-08-08T09:06:07.811+0000][66][info ][gc,marking  ] GC(41) Concurrent Mark From Roots
[2025-08-08T09:06:07.812+0000][66][info ][gc,task     ] GC(41) Using 1 workers of 1 for marking
[2025-08-08T09:06:08.128+0000][66][info ][gc,marking  ] GC(41) Concurrent Mark From Roots 316.742ms
[2025-08-08T09:06:08.129+0000][66][info ][gc,marking  ] GC(41) Concurrent Preclean
[2025-08-08T09:06:08.131+0000][66][info ][gc,marking  ] GC(41) Concurrent Preclean 1.625ms
[2025-08-08T09:06:08.132+0000][66][info ][gc,start    ] GC(41) Pause Remark
[2025-08-08T09:06:08.250+0000][66][info ][gc          ] GC(41) Pause Remark 84M->84M(256M) 118.279ms
[2025-08-08T09:06:08.253+0000][66][info ][gc,cpu      ] GC(41) User=0.30s Sys=0.00s Real=0.12s
[2025-08-08T09:06:08.254+0000][66][info ][safepoint   ] Safepoint "G1PauseRemark", Time since last: 411300750 ns, Reaching safepoint: 321583 ns, Cleanup: 12334 ns, At safepoint: 122052833 ns, Total: 122386750 ns
[2025-08-08T09:06:08.255+0000][66][info ][gc,marking  ] GC(41) Concurrent Mark 444.741ms
[2025-08-08T09:06:08.256+0000][66][info ][gc,marking  ] GC(41) Concurrent Rebuild Remembered Sets and Scrub Regions
[2025-08-08T09:06:08.298+0000][66][info ][gc,marking  ] GC(41) Concurrent Rebuild Remembered Sets and Scrub Regions 42.149ms
[2025-08-08T09:06:08.300+0000][66][info ][gc,start    ] GC(41) Pause Cleanup
[2025-08-08T09:06:08.302+0000][66][info ][gc          ] GC(41) Pause Cleanup 84M->84M(256M) 1.472ms
[2025-08-08T09:06:08.303+0000][66][info ][gc,cpu      ] GC(41) User=0.00s Sys=0.00s Real=0.00s
[2025-08-08T09:06:08.304+0000][66][info ][safepoint   ] Safepoint "G1PauseCleanup", Time since last: 46036292 ns, Reaching safepoint: 13833 ns, Cleanup: 54833 ns, At safepoint: 3808709 ns, Total: 3877375 ns
[2025-08-08T09:06:08.305+0000][66][info ][gc,marking  ] GC(41) Concurrent Clear Claimed Marks
[2025-08-08T09:06:08.306+0000][66][info ][gc,marking  ] GC(41) Concurrent Clear Claimed Marks 1.058ms
[2025-08-08T09:06:08.307+0000][66][info ][gc,marking  ] GC(41) Concurrent Cleanup for Next Mark
[2025-08-08T09:06:08.312+0000][66][info ][gc,marking  ] GC(41) Concurrent Cleanup for Next Mark 4.549ms
[2025-08-08T09:06:08.313+0000][66][info ][gc          ] GC(41) Concurrent Mark Cycle 593.623ms
[2025-08-08T09:07:28.135+0000][66][info ][gc,start    ] GC(42) Pause Young (Prepare Mixed) (G1 Evacuation Pause)
[2025-08-08T09:07:28.138+0000][66][info ][gc,task     ] GC(42) Using 4 workers of 4 for evacuation
[2025-08-08T09:07:28.139+0000][66][debug][gc,age      ] GC(42) Desired survivor size 2097152 bytes, new threshold 11 (max threshold 15)
[2025-08-08T09:07:28.209+0000][66][info ][gc,phases   ] GC(42)   Pre Evacuate Collection Set: 0.8ms
[2025-08-08T09:07:28.211+0000][66][info ][gc,phases   ] GC(42)   Merge Heap Roots: 0.4ms
[2025-08-08T09:07:28.212+0000][66][info ][gc,phases   ] GC(42)   Evacuate Collection Set: 63.8ms
[2025-08-08T09:07:28.213+0000][66][info ][gc,phases   ] GC(42)   Post Evacuate Collection Set: 3.5ms
[2025-08-08T09:07:28.214+0000][66][info ][gc,phases   ] GC(42)   Other: 2.7ms
[2025-08-08T09:07:28.215+0000][66][trace][gc,age      ] GC(42) Age table with threshold 11 (max threshold 15)
[2025-08-08T09:07:28.216+0000][66][trace][gc,age      ] GC(42) - age   1:       9144 bytes,       9144 total
[2025-08-08T09:07:28.217+0000][66][trace][gc,age      ] GC(42) - age   2:      44504 bytes,      53648 total
[2025-08-08T09:07:28.220+0000][66][trace][gc,age      ] GC(42) - age   3:      49448 bytes,     103096 total
[2025-08-08T09:07:28.221+0000][66][trace][gc,age      ] GC(42) - age   4:     413600 bytes,     516696 total
[2025-08-08T09:07:28.222+0000][66][trace][gc,age      ] GC(42) - age   5:     438256 bytes,     954952 total
[2025-08-08T09:07:28.224+0000][66][trace][gc,age      ] GC(42) - age   6:      44712 bytes,     999664 total
[2025-08-08T09:07:28.225+0000][66][trace][gc,age      ] GC(42) - age   7:      60856 bytes,    1060520 total
[2025-08-08T09:07:28.226+0000][66][trace][gc,age      ] GC(42) - age   8:      84064 bytes,    1144584 total
[2025-08-08T09:07:28.227+0000][66][trace][gc,age      ] GC(42) - age   9:      60952 bytes,    1205536 total
[2025-08-08T09:07:28.230+0000][66][trace][gc,age      ] GC(42) - age  10:      70144 bytes,    1275680 total
[2025-08-08T09:07:28.232+0000][66][trace][gc,age      ] GC(42) - age  11:     378904 bytes,    1654584 total
[2025-08-08T09:07:28.233+0000][66][info ][gc,heap     ] GC(42) Eden regions: 1->0(2)
[2025-08-08T09:07:28.235+0000][66][info ][gc,heap     ] GC(42) Survivor regions: 2->1(1)
[2025-08-08T09:07:28.236+0000][66][info ][gc,heap     ] GC(42) Old regions: 20->21
[2025-08-08T09:07:28.237+0000][66][info ][gc,heap     ] GC(42) Humongous regions: 0->0
[2025-08-08T09:07:28.238+0000][66][info ][gc,metaspace] GC(42) Metaspace: 126443K(130368K)->126443K(130368K) NonClass: 109597K(111616K)->109597K(111616K) Class: 16846K(18752K)->16846K(18752K)
[2025-08-08T09:07:28.240+0000][66][info ][gc          ] GC(42) Pause Young (Prepare Mixed) (G1 Evacuation Pause) 87M->83M(256M) 104.292ms
[2025-08-08T09:07:28.241+0000][66][info ][gc,cpu      ] GC(42) User=0.19s Sys=0.00s Real=0.11s
[2025-08-08T09:07:28.242+0000][66][info ][safepoint   ] Safepoint "G1CollectForAllocation", Time since last: 79830682536 ns, Reaching safepoint: 534792 ns, Cleanup: 50542 ns, At safepoint: 106433333 ns, Total: 107018667 ns
[2025-08-08T09:09:08.321+0000][66][info ][safepoint   ] Safepoint "Cleanup", Time since last: 100078908502 ns, Reaching safepoint: 510500 ns, Cleanup: 35250 ns, At safepoint: 10667 ns, Total: 556417 ns
[2025-08-08T09:09:31.340+0000][66][info ][safepoint   ] Safepoint "Cleanup", Time since last: 23019092552 ns, Reaching safepoint: 332500 ns, Cleanup: 53667 ns, At safepoint: 17625 ns, Total: 403792 ns
[2025-08-08T09:11:08.400+0000][66][info ][safepoint   ] Safepoint "Cleanup", Time since last: 97059622961 ns, Reaching safepoint: 279042 ns, Cleanup: 39042 ns, At safepoint: 32333 ns, Total: 350417 ns
[2025-08-08T09:15:39.862+0000][66][info ][safepoint   ] Safepoint "Cleanup", Time since last: 271460601333 ns, Reaching safepoint: 361958 ns, Cleanup: 57084 ns, At safepoint: 69125 ns, Total: 488167 ns
[2025-08-08T09:17:30.943+0000][66][info ][safepoint   ] Safepoint "Cleanup", Time since last: 111081624966 ns, Reaching safepoint: 391500 ns, Cleanup: 87584 ns, At safepoint: 17958 ns, Total: 497042 ns
[2025-08-08T09:24:01.306+0000][66][info ][safepoint   ] Safepoint "Cleanup", Time since last: 390378181511 ns, Reaching safepoint: 388041 ns, Cleanup: 60375 ns, At safepoint: 30084 ns, Total: 478500 ns
[2025-08-08T09:26:12.465+0000][66][info ][safepoint   ] Safepoint "Cleanup", Time since last: 131163469893 ns, Reaching safepoint: 221583 ns, Cleanup: 26542 ns, At safepoint: 44083 ns, Total: 292208 ns
[2025-08-08T09:33:01.803+0000][66][info ][safepoint   ] Safepoint "Cleanup", Time since last: 409339585937 ns, Reaching safepoint: 440666 ns, Cleanup: 33084 ns, At safepoint: 14791 ns, Total: 488541 ns
[2025-08-08T09:36:13.932+0000][66][info ][safepoint   ] Safepoint "Cleanup", Time since last: 192139137046 ns, Reaching safepoint: 360167 ns, Cleanup: 33291 ns, At safepoint: 18000 ns, Total: 411458 ns
[2025-08-08T09:37:43.999+0000][66][info ][safepoint   ] Safepoint "Cleanup", Time since last: 90054569458 ns, Reaching safepoint: 3650709 ns, Cleanup: 43166 ns, At safepoint: 28459 ns, Total: 3722334 ns
[2025-08-08T09:39:45.031+0000][66][info ][safepoint   ] Safepoint "Cleanup", Time since last: 121029729513 ns, Reaching safepoint: 722583 ns, Cleanup: 104417 ns, At safepoint: 1506458 ns, Total: 2333458 ns
[2025-08-08T10:09:32.043+0000][66][info ][gc,start    ] GC(43) Pause Young (Mixed) (G1 Evacuation Pause)
[2025-08-08T10:09:32.046+0000][66][info ][gc,task     ] GC(43) Using 4 workers of 4 for evacuation
[2025-08-08T10:09:32.047+0000][66][debug][gc,age      ] GC(43) Desired survivor size 10485760 bytes, new threshold 15 (max threshold 15)
[2025-08-08T10:09:32.304+0000][66][info ][gc,mmu      ] GC(43) MMU target violated: 201.0ms (200.0ms/201.0ms)
[2025-08-08T10:09:32.305+0000][66][info ][gc,phases   ] GC(43)   Pre Evacuate Collection Set: 2.3ms
[2025-08-08T10:09:32.307+0000][66][info ][gc,phases   ] GC(43)   Merge Heap Roots: 1.2ms
[2025-08-08T10:09:32.308+0000][66][info ][gc,phases   ] GC(43)   Evacuate Collection Set: 242.5ms
[2025-08-08T10:09:32.309+0000][66][info ][gc,phases   ] GC(43)   Post Evacuate Collection Set: 9.5ms
[2025-08-08T10:09:32.311+0000][66][info ][gc,phases   ] GC(43)   Other: 4.0ms
[2025-08-08T10:09:32.311+0000][66][trace][gc,age      ] GC(43) Age table with threshold 15 (max threshold 15)
[2025-08-08T10:09:32.312+0000][66][trace][gc,age      ] GC(43) - age   1:      59152 bytes,      59152 total
[2025-08-08T10:09:32.313+0000][66][trace][gc,age      ] GC(43) - age   2:       1160 bytes,      60312 total
[2025-08-08T10:09:32.314+0000][66][trace][gc,age      ] GC(43) - age   3:      41952 bytes,     102264 total
[2025-08-08T10:09:32.315+0000][66][trace][gc,age      ] GC(43) - age   4:      48248 bytes,     150512 total
[2025-08-08T10:09:32.315+0000][66][trace][gc,age      ] GC(43) - age   5:     413560 bytes,     564072 total
[2025-08-08T10:09:32.316+0000][66][trace][gc,age      ] GC(43) - age   6:     438256 bytes,    1002328 total
[2025-08-08T10:09:32.317+0000][66][trace][gc,age      ] GC(43) - age   7:      44712 bytes,    1047040 total
[2025-08-08T10:09:32.318+0000][66][trace][gc,age      ] GC(43) - age   8:      60856 bytes,    1107896 total
[2025-08-08T10:09:32.318+0000][66][trace][gc,age      ] GC(43) - age   9:      83744 bytes,    1191640 total
[2025-08-08T10:09:32.319+0000][66][trace][gc,age      ] GC(43) - age  10:      60952 bytes,    1252592 total
[2025-08-08T10:09:32.320+0000][66][trace][gc,age      ] GC(43) - age  11:      70144 bytes,    1322736 total
[2025-08-08T10:09:32.321+0000][66][trace][gc,age      ] GC(43) - age  12:     378904 bytes,    1701640 total
[2025-08-08T10:09:32.322+0000][66][info ][gc,heap     ] GC(43) Eden regions: 34->0(34)
[2025-08-08T10:09:32.323+0000][66][info ][gc,heap     ] GC(43) Survivor regions: 1->1(5)
[2025-08-08T10:09:32.323+0000][66][info ][gc,heap     ] GC(43) Old regions: 21->21
[2025-08-08T10:09:32.324+0000][66][info ][gc,heap     ] GC(43) Humongous regions: 0->0
[2025-08-08T10:09:32.325+0000][66][info ][gc,metaspace] GC(43) Metaspace: 126446K(130368K)->126446K(130368K) NonClass: 109599K(111616K)->109599K(111616K) Class: 16846K(18752K)->16846K(18752K)
[2025-08-08T10:09:32.326+0000][66][info ][gc          ] GC(43) Pause Young (Mixed) (G1 Evacuation Pause) 219M->82M(256M) 283.681ms
[2025-08-08T10:09:32.327+0000][66][info ][gc,cpu      ] GC(43) User=0.67s Sys=0.00s Real=0.28s
[2025-08-08T10:09:32.328+0000][66][info ][safepoint   ] Safepoint "G1CollectForAllocation", Time since last: 1787003171979 ns, Reaching safepoint: 319292 ns, Cleanup: 42250 ns, At safepoint: 285433042 ns, Total: 285794584 ns
[2025-08-08T10:34:08.371+0000][66][info ][safepoint   ] Safepoint "Cleanup", Time since last: 1476071732675 ns, Reaching safepoint: 2247833 ns, Cleanup: 43292 ns, At safepoint: 17416 ns, Total: 2308541 ns
[2025-08-08T10:34:33.383+0000][66][info ][safepoint   ] Safepoint "Cleanup", Time since last: 25014978636 ns, Reaching safepoint: 421625 ns, Cleanup: 73917 ns, At safepoint: 17792 ns, Total: 513334 ns
[2025-08-08T10:48:37.103+0000][66][info ][safepoint   ] Safepoint "Cleanup", Time since last: 843681008136 ns, Reaching safepoint: 2323416 ns, Cleanup: 476375 ns, At safepoint: 418792 ns, Total: 3218583 ns
[2025-08-08T11:11:05.050+0000][66][info ][safepoint   ] Safepoint "Cleanup", Time since last: 1347944585239 ns, Reaching safepoint: 418583 ns, Cleanup: 433000 ns, At safepoint: 24875 ns, Total: 876458 ns
[2025-08-08T11:13:34.858+0000][66][info ][gc,start    ] GC(44) Pause Young (Concurrent Start) (G1 Evacuation Pause)
[2025-08-08T11:13:34.862+0000][66][info ][gc,task     ] GC(44) Using 4 workers of 4 for evacuation
[2025-08-08T11:13:34.863+0000][66][debug][gc,age      ] GC(44) Desired survivor size 10485760 bytes, new threshold 15 (max threshold 15)
[2025-08-08T11:13:35.073+0000][66][info ][gc,mmu      ] GC(44) MMU target violated: 201.0ms (200.0ms/201.0ms)
[2025-08-08T11:13:35.075+0000][66][info ][gc,phases   ] GC(44)   Pre Evacuate Collection Set: 4.7ms
[2025-08-08T11:13:35.076+0000][66][info ][gc,phases   ] GC(44)   Merge Heap Roots: 1.0ms
[2025-08-08T11:13:35.077+0000][66][info ][gc,phases   ] GC(44)   Evacuate Collection Set: 182.6ms
[2025-08-08T11:13:35.077+0000][66][info ][gc,phases   ] GC(44)   Post Evacuate Collection Set: 20.3ms
[2025-08-08T11:13:35.079+0000][66][info ][gc,phases   ] GC(44)   Other: 5.4ms
[2025-08-08T11:13:35.080+0000][66][trace][gc,age      ] GC(44) Age table with threshold 15 (max threshold 15)
[2025-08-08T11:13:35.081+0000][66][trace][gc,age      ] GC(44) - age   1:      67752 bytes,      67752 total
[2025-08-08T11:13:35.082+0000][66][trace][gc,age      ] GC(44) - age   2:      44656 bytes,     112408 total
[2025-08-08T11:13:35.086+0000][66][trace][gc,age      ] GC(44) - age   3:       1160 bytes,     113568 total
[2025-08-08T11:13:35.087+0000][66][trace][gc,age      ] GC(44) - age   4:      41952 bytes,     155520 total
[2025-08-08T11:13:35.088+0000][66][trace][gc,age      ] GC(44) - age   5:      48248 bytes,     203768 total
[2025-08-08T11:13:35.089+0000][66][trace][gc,age      ] GC(44) - age   6:     413560 bytes,     617328 total
[2025-08-08T11:13:35.090+0000][66][trace][gc,age      ] GC(44) - age   7:     438256 bytes,    1055584 total
[2025-08-08T11:13:35.091+0000][66][trace][gc,age      ] GC(44) - age   8:      44712 bytes,    1100296 total
[2025-08-08T11:13:35.092+0000][66][trace][gc,age      ] GC(44) - age   9:      60856 bytes,    1161152 total
[2025-08-08T11:13:35.092+0000][66][trace][gc,age      ] GC(44) - age  10:      83744 bytes,    1244896 total
[2025-08-08T11:13:35.093+0000][66][trace][gc,age      ] GC(44) - age  11:      60952 bytes,    1305848 total
[2025-08-08T11:13:35.094+0000][66][trace][gc,age      ] GC(44) - age  12:      70144 bytes,    1375992 total
[2025-08-08T11:13:35.094+0000][66][trace][gc,age      ] GC(44) - age  13:     378904 bytes,    1754896 total
[2025-08-08T11:13:35.095+0000][66][info ][gc,heap     ] GC(44) Eden regions: 34->0(34)
[2025-08-08T11:13:35.096+0000][66][info ][gc,heap     ] GC(44) Survivor regions: 1->1(5)
[2025-08-08T11:13:35.098+0000][66][info ][gc,heap     ] GC(44) Old regions: 21->21
[2025-08-08T11:13:35.099+0000][66][info ][gc,heap     ] GC(44) Humongous regions: 0->0
[2025-08-08T11:13:35.100+0000][66][info ][gc,metaspace] GC(44) Metaspace: 126447K(130368K)->126447K(130368K) NonClass: 109601K(111616K)->109601K(111616K) Class: 16846K(18752K)->16846K(18752K)
[2025-08-08T11:13:35.102+0000][66][info ][gc          ] GC(44) Pause Young (Concurrent Start) (G1 Evacuation Pause) 218M->82M(256M) 244.899ms
[2025-08-08T11:13:35.104+0000][66][info ][gc,cpu      ] GC(44) User=0.53s Sys=0.00s Real=0.25s
[2025-08-08T11:13:35.104+0000][66][info ][gc          ] GC(45) Concurrent Mark Cycle
[2025-08-08T11:13:35.105+0000][66][info ][gc,marking  ] GC(45) Concurrent Scan Root Regions
[2025-08-08T11:13:35.112+0000][66][info ][safepoint   ] Safepoint "G1CollectForAllocation", Time since last: 149806443151 ns, Reaching safepoint: 411833 ns, Cleanup: 73292 ns, At safepoint: 255503084 ns, Total: 255988209 ns
[2025-08-08T11:13:35.362+0000][66][info ][gc,marking  ] GC(45) Concurrent Scan Root Regions 256.835ms
[2025-08-08T11:13:35.366+0000][66][info ][gc,marking  ] GC(45) Concurrent Mark
[2025-08-08T11:13:35.368+0000][66][info ][gc,marking  ] GC(45) Concurrent Mark From Roots
[2025-08-08T11:13:35.369+0000][66][info ][gc,task     ] GC(45) Using 1 workers of 1 for marking
[2025-08-08T11:13:35.859+0000][66][info ][gc,marking  ] GC(45) Concurrent Mark From Roots 491.227ms
[2025-08-08T11:13:35.860+0000][66][info ][gc,marking  ] GC(45) Concurrent Preclean
[2025-08-08T11:13:35.862+0000][66][info ][gc,marking  ] GC(45) Concurrent Preclean 1.653ms
[2025-08-08T11:13:35.863+0000][66][info ][gc,start    ] GC(45) Pause Remark
[2025-08-08T11:13:36.567+0000][66][info ][gc,mmu      ] GC(45) MMU target violated: 201.0ms (200.0ms/201.0ms)
[2025-08-08T11:13:36.569+0000][66][info ][gc          ] GC(45) Pause Remark 84M->84M(256M) 706.020ms
[2025-08-08T11:13:36.570+0000][66][info ][gc,cpu      ] GC(45) User=1.93s Sys=0.00s Real=0.71s
[2025-08-08T11:13:36.572+0000][66][info ][safepoint   ] Safepoint "G1PauseRemark", Time since last: 750408958 ns, Reaching safepoint: 37209 ns, Cleanup: 6166 ns, At safepoint: 708714792 ns, Total: 708758167 ns
[2025-08-08T11:13:36.573+0000][66][info ][gc,marking  ] GC(45) Concurrent Mark 1206.850ms
[2025-08-08T11:13:36.574+0000][66][info ][gc,marking  ] GC(45) Concurrent Rebuild Remembered Sets and Scrub Regions
[2025-08-08T11:13:36.629+0000][66][info ][gc,marking  ] GC(45) Concurrent Rebuild Remembered Sets and Scrub Regions 55.383ms
[2025-08-08T11:13:36.636+0000][66][info ][gc,start    ] GC(45) Pause Cleanup
[2025-08-08T11:13:36.637+0000][66][info ][gc          ] GC(45) Pause Cleanup 84M->84M(256M) 1.288ms
[2025-08-08T11:13:36.638+0000][66][info ][gc,cpu      ] GC(45) User=0.00s Sys=0.00s Real=0.00s
[2025-08-08T11:13:36.639+0000][66][info ][safepoint   ] Safepoint "G1PauseCleanup", Time since last: 61834917 ns, Reaching safepoint: 2113708 ns, Cleanup: 14875 ns, At safepoint: 3152459 ns, Total: 5281042 ns
[2025-08-08T11:13:36.640+0000][66][info ][gc,marking  ] GC(45) Concurrent Clear Claimed Marks
[2025-08-08T11:13:36.641+0000][66][info ][gc,marking  ] GC(45) Concurrent Clear Claimed Marks 1.266ms
[2025-08-08T11:13:36.642+0000][66][info ][gc,marking  ] GC(45) Concurrent Cleanup for Next Mark
[2025-08-08T11:13:36.644+0000][66][info ][gc,marking  ] GC(45) Concurrent Cleanup for Next Mark 2.006ms
[2025-08-08T11:13:36.644+0000][66][info ][gc          ] GC(45) Concurrent Mark Cycle 1540.244ms
[2025-08-08T11:21:17.164+0000][66][info ][safepoint   ] Safepoint "Cleanup", Time since last: 460532792667 ns, Reaching safepoint: 1429208 ns, Cleanup: 575083 ns, At safepoint: 65750 ns, Total: 2070041 ns
[2025-08-08T11:22:17.243+0000][66][info ][safepoint   ] Safepoint "Cleanup", Time since last: 60077406278 ns, Reaching safepoint: 534875 ns, Cleanup: 56333 ns, At safepoint: 33042 ns, Total: 624250 ns
[2025-08-08T11:27:18.521+0000][66][info ][safepoint   ] Safepoint "Cleanup", Time since last: 301278633014 ns, Reaching safepoint: 475834 ns, Cleanup: 54375 ns, At safepoint: 19625 ns, Total: 549834 ns
[2025-08-08T11:34:49.939+0000][66][info ][safepoint   ] Safepoint "Cleanup", Time since last: 451417912828 ns, Reaching safepoint: 426750 ns, Cleanup: 65709 ns, At safepoint: 17500 ns, Total: 509959 ns
[2025-08-08T11:36:36.787+0000][66][info ][safepoint   ] Safepoint "Cleanup", Time since last: 106847074506 ns, Reaching safepoint: 621250 ns, Cleanup: 71125 ns, At safepoint: 32375 ns, Total: 724750 ns
[2025-08-08T11:41:06.448+0000][66][info ][safepoint   ] Safepoint "Cleanup", Time since last: 269658780664 ns, Reaching safepoint: 1170667 ns, Cleanup: 84083 ns, At safepoint: 150375 ns, Total: 1405125 ns
[2025-08-08T11:45:09.190+0000][66][info ][safepoint   ] Safepoint "Cleanup", Time since last: 242760571193 ns, Reaching safepoint: 235292 ns, Cleanup: 325417 ns, At safepoint: 10458 ns, Total: 571167 ns
[2025-08-08T11:56:58.041+0000][66][info ][safepoint   ] Safepoint "Cleanup", Time since last: 708859085325 ns, Reaching safepoint: 888125 ns, Cleanup: 244542 ns, At safepoint: 12083 ns, Total: 1144750 ns
[2025-08-08T12:00:32.223+0000][66][info ][safepoint   ] Safepoint "Cleanup", Time since last: 214183688846 ns, Reaching safepoint: 415416 ns, Cleanup: 38417 ns, At safepoint: 13542 ns, Total: 467375 ns
[2025-08-08T12:03:36.973+0000][66][info ][safepoint   ] Safepoint "Cleanup", Time since last: 184749725500 ns, Reaching safepoint: 829083 ns, Cleanup: 471000 ns, At safepoint: 31792 ns, Total: 1331875 ns
[2025-08-08T12:10:07.129+0000][66][info ][safepoint   ] Safepoint "Cleanup", Time since last: 390158054179 ns, Reaching safepoint: 366750 ns, Cleanup: 38750 ns, At safepoint: 8833 ns, Total: 414333 ns
[2025-08-08T12:17:38.968+0000][66][info ][gc,start    ] GC(46) Pause Young (Normal) (G1 Evacuation Pause)
[2025-08-08T12:17:38.972+0000][66][info ][gc,task     ] GC(46) Using 4 workers of 4 for evacuation
[2025-08-08T12:17:38.974+0000][66][debug][gc,age      ] GC(46) Desired survivor size 10485760 bytes, new threshold 15 (max threshold 15)
[2025-08-08T12:17:39.223+0000][66][info ][gc,mmu      ] GC(46) MMU target violated: 201.0ms (200.0ms/201.0ms)
[2025-08-08T12:17:39.225+0000][66][info ][gc,phases   ] GC(46)   Pre Evacuate Collection Set: 3.7ms
[2025-08-08T12:17:39.228+0000][66][info ][gc,phases   ] GC(46)   Merge Heap Roots: 1.4ms
[2025-08-08T12:17:39.229+0000][66][info ][gc,phases   ] GC(46)   Evacuate Collection Set: 216.8ms
[2025-08-08T12:17:39.231+0000][66][info ][gc,phases   ] GC(46)   Post Evacuate Collection Set: 19.6ms
[2025-08-08T12:17:39.232+0000][66][info ][gc,phases   ] GC(46)   Other: 12.4ms
[2025-08-08T12:17:39.234+0000][66][trace][gc,age      ] GC(46) Age table with threshold 15 (max threshold 15)
[2025-08-08T12:17:39.235+0000][66][trace][gc,age      ] GC(46) - age   1:     106928 bytes,     106928 total
[2025-08-08T12:17:39.236+0000][66][trace][gc,age      ] GC(46) - age   2:      45864 bytes,     152792 total
[2025-08-08T12:17:39.237+0000][66][trace][gc,age      ] GC(46) - age   3:      44656 bytes,     197448 total
[2025-08-08T12:17:39.238+0000][66][trace][gc,age      ] GC(46) - age   4:       1160 bytes,     198608 total
[2025-08-08T12:17:39.239+0000][66][trace][gc,age      ] GC(46) - age   5:      41952 bytes,     240560 total
[2025-08-08T12:17:39.240+0000][66][trace][gc,age      ] GC(46) - age   6:      48248 bytes,     288808 total
[2025-08-08T12:17:39.241+0000][66][trace][gc,age      ] GC(46) - age   7:     413560 bytes,     702368 total
[2025-08-08T12:17:39.242+0000][66][trace][gc,age      ] GC(46) - age   8:     438256 bytes,    1140624 total
[2025-08-08T12:17:39.243+0000][66][trace][gc,age      ] GC(46) - age   9:      44712 bytes,    1185336 total
[2025-08-08T12:17:39.244+0000][66][trace][gc,age      ] GC(46) - age  10:      60856 bytes,    1246192 total
[2025-08-08T12:17:39.245+0000][66][trace][gc,age      ] GC(46) - age  11:      83744 bytes,    1329936 total
[2025-08-08T12:17:39.246+0000][66][trace][gc,age      ] GC(46) - age  12:      60952 bytes,    1390888 total
[2025-08-08T12:17:39.247+0000][66][trace][gc,age      ] GC(46) - age  13:      70144 bytes,    1461032 total
[2025-08-08T12:17:39.250+0000][66][trace][gc,age      ] GC(46) - age  14:     378904 bytes,    1839936 total
[2025-08-08T12:17:39.251+0000][66][info ][gc,heap     ] GC(46) Eden regions: 34->0(34)
[2025-08-08T12:17:39.252+0000][66][info ][gc,heap     ] GC(46) Survivor regions: 1->1(5)
[2025-08-08T12:17:39.253+0000][66][info ][gc,heap     ] GC(46) Old regions: 21->21
[2025-08-08T12:17:39.254+0000][66][info ][gc,heap     ] GC(46) Humongous regions: 0->0
[2025-08-08T12:17:39.255+0000][66][info ][gc,metaspace] GC(46) Metaspace: 126441K(130368K)->126441K(130368K) NonClass: 109599K(111616K)->109599K(111616K) Class: 16842K(18752K)->16842K(18752K)
[2025-08-08T12:17:39.258+0000][66][info ][gc          ] GC(46) Pause Young (Normal) (G1 Evacuation Pause) 218M->82M(256M) 289.946ms
[2025-08-08T12:17:39.260+0000][66][info ][gc,cpu      ] GC(46) User=0.53s Sys=0.00s Real=0.29s
[2025-08-08T12:17:39.262+0000][66][info ][safepoint   ] Safepoint "G1CollectForAllocation", Time since last: 451832707955 ns, Reaching safepoint: 376000 ns, Cleanup: 51959 ns, At safepoint: 294235083 ns, Total: 294663042 ns
[2025-08-08T12:20:54.332+0000][66][info ][safepoint   ] Safepoint "Cleanup", Time since last: 195071497257 ns, Reaching safepoint: 377791 ns, Cleanup: 58209 ns, At safepoint: 14833 ns, Total: 450833 ns
[2025-08-08T12:20:55.333+0000][66][info ][safepoint   ] Safepoint "Cleanup", Time since last: 1000051917 ns, Reaching safepoint: 6542 ns, Cleanup: 78708 ns, At safepoint: 8917 ns, Total: 94167 ns
[2025-08-08T12:20:56.360+0000][66][info ][safepoint   ] Safepoint "Cleanup", Time since last: 1027827084 ns, Reaching safepoint: 63583 ns, Cleanup: 23083 ns, At safepoint: 6125 ns, Total: 92791 ns
[2025-08-08T12:21:24.763+0000][66][info ][safepoint   ] Safepoint "Cleanup", Time since last: 28401498096 ns, Reaching safepoint: 990209 ns, Cleanup: 63291 ns, At safepoint: 58459 ns, Total: 1111959 ns
[2025-08-08T12:23:36.988+0000][66][info ][safepoint   ] Safepoint "Cleanup", Time since last: 132225076226 ns, Reaching safepoint: 1020042 ns, Cleanup: 70500 ns, At safepoint: 19916 ns, Total: 1110458 ns
[2025-08-08T12:25:59.279+0000][66][info ][safepoint   ] Safepoint "Cleanup", Time since last: 142290635358 ns, Reaching safepoint: 234667 ns, Cleanup: 38250 ns, At safepoint: 36958 ns, Total: 309875 ns
[2025-08-08T12:27:37.456+0000][66][info ][safepoint   ] Safepoint "Cleanup", Time since last: 98177094336 ns, Reaching safepoint: 481167 ns, Cleanup: 40708 ns, At safepoint: 12583 ns, Total: 534458 ns
[2025-08-08T12:28:03.478+0000][66][info ][safepoint   ] Safepoint "Cleanup", Time since last: 26021954553 ns, Reaching safepoint: 381917 ns, Cleanup: 99458 ns, At safepoint: 51500 ns, Total: 532875 ns
[2025-08-08T12:28:36.801+0000][66][info ][safepoint   ] Safepoint "Cleanup", Time since last: 33322170682 ns, Reaching safepoint: 453667 ns, Cleanup: 60291 ns, At safepoint: 10000 ns, Total: 523958 ns
[2025-08-08T12:30:59.196+0000][66][info ][safepoint   ] Safepoint "Cleanup", Time since last: 142394333816 ns, Reaching safepoint: 1025333 ns, Cleanup: 626959 ns, At safepoint: 216625 ns, Total: 1868917 ns
[2025-08-08T12:33:36.795+0000][66][info ][safepoint   ] Safepoint "Cleanup", Time since last: 157579736113 ns, Reaching safepoint: 6057208 ns, Cleanup: 1694042 ns, At safepoint: 105458 ns, Total: 7856708 ns
[2025-08-08T12:36:25.181+0000][66][info ][safepoint   ] Safepoint "Cleanup", Time since last: 168397608577 ns, Reaching safepoint: 264625 ns, Cleanup: 263042 ns, At safepoint: 9375 ns, Total: 537042 ns
[2025-08-08T12:37:31.288+0000][66][info ][safepoint   ] Safepoint "Cleanup", Time since last: 66106980697 ns, Reaching safepoint: 407583 ns, Cleanup: 46708 ns, At safepoint: 26834 ns, Total: 481125 ns
[2025-08-08T12:37:32.484+0000][66][info ][safepoint   ] Safepoint "Cleanup", Time since last: 1195511792 ns, Reaching safepoint: 110375 ns, Cleanup: 64875 ns, At safepoint: 14958 ns, Total: 190208 ns
[2025-08-08T12:37:33.720+0000][66][info ][safepoint   ] Safepoint "Cleanup", Time since last: 1235408250 ns, Reaching safepoint: 536209 ns, Cleanup: 468666 ns, At safepoint: 23167 ns, Total: 1028042 ns
[2025-08-08T12:37:36.725+0000][66][info ][safepoint   ] Safepoint "Cleanup", Time since last: 3004432377 ns, Reaching safepoint: 521166 ns, Cleanup: 42500 ns, At safepoint: 11459 ns, Total: 575125 ns
[2025-08-08T12:40:08.940+0000][66][info ][safepoint   ] Safepoint "Cleanup", Time since last: 152215035943 ns, Reaching safepoint: 224375 ns, Cleanup: 40041 ns, At safepoint: 40292 ns, Total: 304708 ns
[2025-08-08T12:42:35.328+0000][66][info ][safepoint   ] Safepoint "Cleanup", Time since last: 146383640442 ns, Reaching safepoint: 1855708 ns, Cleanup: 102833 ns, At safepoint: 15667 ns, Total: 1974208 ns
[2025-08-08T12:46:32.530+0000][66][info ][safepoint   ] Safepoint "Cleanup", Time since last: 237202116692 ns, Reaching safepoint: 975000 ns, Cleanup: 391083 ns, At safepoint: 206834 ns, Total: 1572917 ns
[2025-08-08T12:54:33.399+0000][66][info ][safepoint   ] Safepoint "Cleanup", Time since last: 480869837553 ns, Reaching safepoint: 403291 ns, Cleanup: 1019167 ns, At safepoint: 25667 ns, Total: 1448125 ns
[2025-08-08T12:55:08.248+0000][66][info ][gc,start    ] GC(47) Pause Young (Concurrent Start) (G1 Evacuation Pause)
[2025-08-08T12:55:08.252+0000][66][info ][gc,task     ] GC(47) Using 4 workers of 4 for evacuation
[2025-08-08T12:55:08.255+0000][66][debug][gc,age      ] GC(47) Desired survivor size 10485760 bytes, new threshold 15 (max threshold 15)
[2025-08-08T12:55:08.446+0000][66][info ][gc,phases   ] GC(47)   Pre Evacuate Collection Set: 4.0ms
[2025-08-08T12:55:08.448+0000][66][info ][gc,phases   ] GC(47)   Merge Heap Roots: 2.5ms
[2025-08-08T12:55:08.449+0000][66][info ][gc,phases   ] GC(47)   Evacuate Collection Set: 169.2ms
[2025-08-08T12:55:08.451+0000][66][info ][gc,phases   ] GC(47)   Post Evacuate Collection Set: 12.3ms
[2025-08-08T12:55:08.453+0000][66][info ][gc,phases   ] GC(47)   Other: 6.5ms
[2025-08-08T12:55:08.454+0000][66][trace][gc,age      ] GC(47) Age table with threshold 15 (max threshold 15)
[2025-08-08T12:55:08.455+0000][66][trace][gc,age      ] GC(47) - age   1:    1066976 bytes,    1066976 total
[2025-08-08T12:55:08.456+0000][66][trace][gc,age      ] GC(47) - age   2:      96432 bytes,    1163408 total
[2025-08-08T12:55:08.461+0000][66][trace][gc,age      ] GC(47) - age   3:      45864 bytes,    1209272 total
[2025-08-08T12:55:08.462+0000][66][trace][gc,age      ] GC(47) - age   4:      43096 bytes,    1252368 total
[2025-08-08T12:55:08.464+0000][66][trace][gc,age      ] GC(47) - age   5:       1160 bytes,    1253528 total
[2025-08-08T12:55:08.466+0000][66][trace][gc,age      ] GC(47) - age   6:      41952 bytes,    1295480 total
[2025-08-08T12:55:08.468+0000][66][trace][gc,age      ] GC(47) - age   7:      47968 bytes,    1343448 total
[2025-08-08T12:55:08.472+0000][66][trace][gc,age      ] GC(47) - age   8:      48208 bytes,    1391656 total
[2025-08-08T12:55:08.478+0000][66][trace][gc,age      ] GC(47) - age   9:      55640 bytes,    1447296 total
[2025-08-08T12:55:08.479+0000][66][trace][gc,age      ] GC(47) - age  10:      44712 bytes,    1492008 total
[2025-08-08T12:55:08.502+0000][66][trace][gc,age      ] GC(47) - age  11:      60856 bytes,    1552864 total
[2025-08-08T12:55:08.510+0000][66][trace][gc,age      ] GC(47) - age  12:      83744 bytes,    1636608 total
[2025-08-08T12:55:08.513+0000][66][trace][gc,age      ] GC(47) - age  13:      60952 bytes,    1697560 total
[2025-08-08T12:55:08.517+0000][66][trace][gc,age      ] GC(47) - age  14:      70144 bytes,    1767704 total
[2025-08-08T12:55:08.521+0000][66][trace][gc,age      ] GC(47) - age  15:     378776 bytes,    2146480 total
[2025-08-08T12:55:08.523+0000][66][info ][gc,heap     ] GC(47) Eden regions: 34->0(34)
[2025-08-08T12:55:08.526+0000][66][info ][gc,heap     ] GC(47) Survivor regions: 1->1(5)
[2025-08-08T12:55:08.530+0000][66][info ][gc,heap     ] GC(47) Old regions: 21->21
[2025-08-08T12:55:08.532+0000][66][info ][gc,heap     ] GC(47) Humongous regions: 0->0
[2025-08-08T12:55:08.539+0000][66][info ][gc,metaspace] GC(47) Metaspace: 126777K(130560K)->126777K(130560K) NonClass: 109935K(111808K)->109935K(111808K) Class: 16842K(18752K)->16842K(18752K)
[2025-08-08T12:55:08.552+0000][66][info ][gc          ] GC(47) Pause Young (Concurrent Start) (G1 Evacuation Pause) 218M->83M(256M) 304.590ms
[2025-08-08T12:55:08.554+0000][66][info ][gc,cpu      ] GC(47) User=0.47s Sys=0.00s Real=0.30s
[2025-08-08T12:55:08.555+0000][66][info ][gc          ] GC(48) Concurrent Mark Cycle
[2025-08-08T12:55:08.558+0000][66][info ][gc,marking  ] GC(48) Concurrent Scan Root Regions
[2025-08-08T12:55:08.556+0000][66][info ][safepoint   ] Safepoint "G1CollectForAllocation", Time since last: 34848158724 ns, Reaching safepoint: 631916 ns, Cleanup: 37917 ns, At safepoint: 309169708 ns, Total: 309839541 ns
[2025-08-08T12:55:08.671+0000][66][info ][gc,marking  ] GC(48) Concurrent Scan Root Regions 113.530ms
[2025-08-08T12:55:08.684+0000][66][info ][gc,marking  ] GC(48) Concurrent Mark
[2025-08-08T12:55:08.686+0000][66][info ][gc,marking  ] GC(48) Concurrent Mark From Roots
[2025-08-08T12:55:08.688+0000][66][info ][gc,task     ] GC(48) Using 1 workers of 1 for marking
[2025-08-08T12:55:09.121+0000][66][info ][gc,marking  ] GC(48) Concurrent Mark From Roots 435.217ms
[2025-08-08T12:55:09.123+0000][66][info ][gc,marking  ] GC(48) Concurrent Preclean
[2025-08-08T12:55:09.125+0000][66][info ][gc,marking  ] GC(48) Concurrent Preclean 1.706ms
[2025-08-08T12:55:09.126+0000][66][info ][gc,start    ] GC(48) Pause Remark
[2025-08-08T12:55:09.219+0000][66][info ][gc          ] GC(48) Pause Remark 84M->84M(256M) 92.616ms
[2025-08-08T12:55:09.220+0000][66][info ][gc,cpu      ] GC(48) User=0.26s Sys=0.00s Real=0.10s
[2025-08-08T12:55:09.232+0000][66][info ][safepoint   ] Safepoint "G1PauseRemark", Time since last: 570048584 ns, Reaching safepoint: 60375 ns, Cleanup: 40000 ns, At safepoint: 105584625 ns, Total: 105685000 ns
[2025-08-08T12:55:09.234+0000][66][info ][gc,marking  ] GC(48) Concurrent Mark 549.898ms
[2025-08-08T12:55:09.235+0000][66][info ][gc,marking  ] GC(48) Concurrent Rebuild Remembered Sets and Scrub Regions
[2025-08-08T12:55:09.271+0000][66][info ][gc,marking  ] GC(48) Concurrent Rebuild Remembered Sets and Scrub Regions 35.994ms
[2025-08-08T12:55:09.274+0000][66][info ][gc,start    ] GC(48) Pause Cleanup
[2025-08-08T12:55:09.277+0000][66][info ][gc          ] GC(48) Pause Cleanup 85M->85M(256M) 3.311ms
[2025-08-08T12:55:09.278+0000][66][info ][gc,cpu      ] GC(48) User=0.01s Sys=0.00s Real=0.01s
[2025-08-08T12:55:09.279+0000][66][info ][safepoint   ] Safepoint "G1PauseCleanup", Time since last: 41693125 ns, Reaching safepoint: 113167 ns, Cleanup: 7333 ns, At safepoint: 5669500 ns, Total: 5790000 ns
[2025-08-08T12:55:09.281+0000][66][info ][gc,marking  ] GC(48) Concurrent Clear Claimed Marks
[2025-08-08T12:55:09.282+0000][66][info ][gc,marking  ] GC(48) Concurrent Clear Claimed Marks 1.592ms
[2025-08-08T12:55:09.283+0000][66][info ][gc,marking  ] GC(48) Concurrent Cleanup for Next Mark
[2025-08-08T12:55:09.286+0000][66][info ][gc,marking  ] GC(48) Concurrent Cleanup for Next Mark 3.330ms
[2025-08-08T12:55:09.288+0000][66][info ][gc          ] GC(48) Concurrent Mark Cycle 732.875ms
[2025-08-08T13:13:13.677+0000][66][info ][safepoint   ] Safepoint "Cleanup", Time since last: 1084353574495 ns, Reaching safepoint: 593792 ns, Cleanup: 563208 ns, At safepoint: 40709 ns, Total: 1197709 ns
[2025-08-08T13:14:16.854+0000][66][info ][safepoint   ] Safepoint "Cleanup", Time since last: 63113984153 ns, Reaching safepoint: 63113625 ns, Cleanup: 232625 ns, At safepoint: 34500 ns, Total: 63380750 ns
[2025-08-08T13:14:17.995+0000][66][info ][safepoint   ] Safepoint "Cleanup", Time since last: 1140066251 ns, Reaching safepoint: 92958 ns, Cleanup: 83125 ns, At safepoint: 29417 ns, Total: 205500 ns
[2025-08-08T13:14:19.059+0000][66][info ][safepoint   ] Safepoint "Cleanup", Time since last: 1064115583 ns, Reaching safepoint: 59375 ns, Cleanup: 35125 ns, At safepoint: 4625 ns, Total: 99125 ns
[2025-08-08T13:17:20.605+0000][66][info ][safepoint   ] Safepoint "Cleanup", Time since last: 181543552458 ns, Reaching safepoint: 618708 ns, Cleanup: 214834 ns, At safepoint: 88458 ns, Total: 922000 ns
[2025-08-08T13:19:21.728+0000][66][info ][safepoint   ] Safepoint "Cleanup", Time since last: 121121572179 ns, Reaching safepoint: 330458 ns, Cleanup: 74125 ns, At safepoint: 11542 ns, Total: 416125 ns
[2025-08-08T13:21:21.935+0000][66][info ][safepoint   ] Safepoint "Cleanup", Time since last: 120205741138 ns, Reaching safepoint: 538000 ns, Cleanup: 59708 ns, At safepoint: 21833 ns, Total: 619541 ns
[2025-08-08T13:23:11.003+0000][66][info ][safepoint   ] Safepoint "Cleanup", Time since last: 109064509717 ns, Reaching safepoint: 1879333 ns, Cleanup: 48334 ns, At safepoint: 221375 ns, Total: 2149042 ns
[2025-08-08T13:23:24.162+0000][66][info ][safepoint   ] Safepoint "Cleanup", Time since last: 13157910964 ns, Reaching safepoint: 839917 ns, Cleanup: 57833 ns, At safepoint: 17084 ns, Total: 914834 ns
[2025-08-08T13:23:54.181+0000][66][info ][safepoint   ] Safepoint "Cleanup", Time since last: 30018653888 ns, Reaching safepoint: 381917 ns, Cleanup: 50458 ns, At safepoint: 51458 ns, Total: 483833 ns
[2025-08-08T13:25:09.327+0000][66][info ][safepoint   ] Safepoint "Cleanup", Time since last: 75143687493 ns, Reaching safepoint: 275042 ns, Cleanup: 71083 ns, At safepoint: 50709 ns, Total: 396834 ns
[2025-08-08T13:26:56.266+0000][66][info ][safepoint   ] Safepoint "Cleanup", Time since last: 106938481465 ns, Reaching safepoint: 91709 ns, Cleanup: 42083 ns, At safepoint: 16750 ns, Total: 150542 ns
[2025-08-08T13:26:57.358+0000][66][info ][safepoint   ] Safepoint "Cleanup", Time since last: 1091472334 ns, Reaching safepoint: 288916 ns, Cleanup: 66500 ns, At safepoint: 22750 ns, Total: 378166 ns
[2025-08-08T13:26:58.441+0000][66][info ][safepoint   ] Safepoint "Cleanup", Time since last: 1082921834 ns, Reaching safepoint: 51209 ns, Cleanup: 87208 ns, At safepoint: 6417 ns, Total: 144834 ns
[2025-08-08T13:27:11.448+0000][66][info ][safepoint   ] Safepoint "Cleanup", Time since last: 13006087921 ns, Reaching safepoint: 351375 ns, Cleanup: 51584 ns, At safepoint: 27041 ns, Total: 430000 ns
[2025-08-08T13:27:25.577+0000][66][info ][safepoint   ] Safepoint "Cleanup", Time since last: 14129000257 ns, Reaching safepoint: 518167 ns, Cleanup: 72417 ns, At safepoint: 37916 ns, Total: 628500 ns
[2025-08-08T13:27:27.582+0000][66][info ][safepoint   ] Safepoint "Cleanup", Time since last: 2004527501 ns, Reaching safepoint: 17458 ns, Cleanup: 29709 ns, At safepoint: 2958 ns, Total: 50125 ns
[2025-08-08T13:28:55.998+0000][66][info ][safepoint   ] Safepoint "Cleanup", Time since last: 88414613665 ns, Reaching safepoint: 373459 ns, Cleanup: 40708 ns, At safepoint: 140250 ns, Total: 554417 ns
[2025-08-08T13:29:27.356+0000][66][info ][safepoint   ] Safepoint "Cleanup", Time since last: 31356453306 ns, Reaching safepoint: 45875 ns, Cleanup: 26042 ns, At safepoint: 2875 ns, Total: 74792 ns
[2025-08-08T13:29:27.587+0000][66][info ][gc,start    ] GC(49) Pause Young (Normal) (G1 Evacuation Pause)
[2025-08-08T13:29:27.589+0000][66][info ][gc,task     ] GC(49) Using 4 workers of 4 for evacuation
[2025-08-08T13:29:27.591+0000][66][debug][gc,age      ] GC(49) Desired survivor size 10485760 bytes, new threshold 15 (max threshold 15)
[2025-08-08T13:29:27.692+0000][66][info ][gc,phases   ] GC(49)   Pre Evacuate Collection Set: 1.8ms
[2025-08-08T13:29:27.693+0000][66][info ][gc,phases   ] GC(49)   Merge Heap Roots: 1.0ms
[2025-08-08T13:29:27.695+0000][66][info ][gc,phases   ] GC(49)   Evacuate Collection Set: 86.1ms
[2025-08-08T13:29:27.696+0000][66][info ][gc,phases   ] GC(49)   Post Evacuate Collection Set: 10.5ms
[2025-08-08T13:29:27.697+0000][66][info ][gc,phases   ] GC(49)   Other: 2.4ms
[2025-08-08T13:29:27.699+0000][66][trace][gc,age      ] GC(49) Age table with threshold 15 (max threshold 15)
[2025-08-08T13:29:27.747+0000][66][trace][gc,age      ] GC(49) - age   1:     596784 bytes,     596784 total
[2025-08-08T13:29:27.748+0000][66][trace][gc,age      ] GC(49) - age   2:     261680 bytes,     858464 total
[2025-08-08T13:29:27.748+0000][66][trace][gc,age      ] GC(49) - age   3:      96432 bytes,     954896 total
[2025-08-08T13:29:27.750+0000][66][trace][gc,age      ] GC(49) - age   4:      45864 bytes,    1000760 total
[2025-08-08T13:29:27.751+0000][66][trace][gc,age      ] GC(49) - age   5:      43096 bytes,    1043856 total
[2025-08-08T13:29:27.752+0000][66][trace][gc,age      ] GC(49) - age   6:       1160 bytes,    1045016 total
[2025-08-08T13:29:27.753+0000][66][trace][gc,age      ] GC(49) - age   7:      41952 bytes,    1086968 total
[2025-08-08T13:29:27.754+0000][66][trace][gc,age      ] GC(49) - age   8:      47688 bytes,    1134656 total
[2025-08-08T13:29:27.755+0000][66][trace][gc,age      ] GC(49) - age   9:      47664 bytes,    1182320 total
[2025-08-08T13:29:27.756+0000][66][trace][gc,age      ] GC(49) - age  10:      55440 bytes,    1237760 total
[2025-08-08T13:29:27.756+0000][66][trace][gc,age      ] GC(49) - age  11:      44712 bytes,    1282472 total
[2025-08-08T13:29:27.757+0000][66][trace][gc,age      ] GC(49) - age  12:      60856 bytes,    1343328 total
[2025-08-08T13:29:27.758+0000][66][trace][gc,age      ] GC(49) - age  13:      83744 bytes,    1427072 total
[2025-08-08T13:29:27.759+0000][66][trace][gc,age      ] GC(49) - age  14:      60952 bytes,    1488024 total
[2025-08-08T13:29:27.760+0000][66][trace][gc,age      ] GC(49) - age  15:      70144 bytes,    1558168 total
[2025-08-08T13:29:27.760+0000][66][info ][gc,heap     ] GC(49) Eden regions: 34->0(34)
[2025-08-08T13:29:27.761+0000][66][info ][gc,heap     ] GC(49) Survivor regions: 1->1(5)
[2025-08-08T13:29:27.763+0000][66][info ][gc,heap     ] GC(49) Old regions: 21->21
[2025-08-08T13:29:27.764+0000][66][info ][gc,heap     ] GC(49) Humongous regions: 0->0
[2025-08-08T13:29:27.766+0000][66][info ][gc,metaspace] GC(49) Metaspace: 127095K(130752K)->127095K(130752K) NonClass: 110253K(112000K)->110253K(112000K) Class: 16842K(18752K)->16842K(18752K)
[2025-08-08T13:29:27.766+0000][66][info ][gc          ] GC(49) Pause Young (Normal) (G1 Evacuation Pause) 219M->82M(256M) 179.833ms
[2025-08-08T13:29:27.767+0000][66][info ][gc,cpu      ] GC(49) User=0.26s Sys=0.00s Real=0.18s
[2025-08-08T13:29:27.768+0000][66][info ][safepoint   ] Safepoint "G1CollectForAllocation", Time since last: 230551375 ns, Reaching safepoint: 9958 ns, Cleanup: 62625 ns, At safepoint: 182086542 ns, Total: 182159125 ns
[2025-08-08T13:29:29.398+0000][66][info ][safepoint   ] Safepoint "Cleanup", Time since last: 1629026542 ns, Reaching safepoint: 118959 ns, Cleanup: 406083 ns, At safepoint: 4167 ns, Total: 529209 ns
[2025-08-08T13:34:30.660+0000][66][info ][safepoint   ] Safepoint "Cleanup", Time since last: 301257534928 ns, Reaching safepoint: 2421459 ns, Cleanup: 210166 ns, At safepoint: 98750 ns, Total: 2730375 ns
[2025-08-08T13:34:31.730+0000][66][info ][safepoint   ] Safepoint "ICBufferFull", Time since last: 1069518209 ns, Reaching safepoint: 181083 ns, Cleanup: 191125 ns, At safepoint: 23625 ns, Total: 395833 ns
[2025-08-08T13:34:32.781+0000][66][info ][safepoint   ] Safepoint "Cleanup", Time since last: 1050971208 ns, Reaching safepoint: 55042 ns, Cleanup: 262000 ns, At safepoint: 4083 ns, Total: 321125 ns
[2025-08-08T13:36:41.193+0000][66][info ][safepoint   ] Safepoint "Cleanup", Time since last: 128410096643 ns, Reaching safepoint: 347708 ns, Cleanup: 38625 ns, At safepoint: 14375 ns, Total: 400708 ns
[2025-08-08T13:37:58.317+0000][66][info ][safepoint   ] Safepoint "Cleanup", Time since last: 77121095494 ns, Reaching safepoint: 539500 ns, Cleanup: 62375 ns, At safepoint: 25500 ns, Total: 627375 ns
[2025-08-08T13:38:11.310+0000][66][info ][safepoint   ] Safepoint "Cleanup", Time since last: 13008064547 ns, Reaching safepoint: 814584 ns, Cleanup: 70750 ns, At safepoint: 37958 ns, Total: 923292 ns
[2025-08-08T13:39:31.509+0000][66][info ][safepoint   ] Safepoint "Cleanup", Time since last: 80200804871 ns, Reaching safepoint: 303500 ns, Cleanup: 59666 ns, At safepoint: 8959 ns, Total: 372125 ns
[2025-08-08T13:40:05.264+0000][66][info ][safepoint   ] Safepoint "Cleanup", Time since last: 33754520389 ns, Reaching safepoint: 68875 ns, Cleanup: 34000 ns, At safepoint: 11625 ns, Total: 114500 ns
[2025-08-08T13:40:07.184+0000][66][info ][safepoint   ] Safepoint "Cleanup", Time since last: 1919966543 ns, Reaching safepoint: 27833 ns, Cleanup: 130084 ns, At safepoint: 3458 ns, Total: 161375 ns
[2025-08-08T13:40:35.719+0000][66][info ][safepoint   ] Safepoint "Cleanup", Time since last: 28534098888 ns, Reaching safepoint: 1124958 ns, Cleanup: 56292 ns, At safepoint: 41208 ns, Total: 1222458 ns
[2025-08-08T13:42:21.273+0000][66][info ][safepoint   ] Safepoint "Cleanup", Time since last: 105553214257 ns, Reaching safepoint: 191167 ns, Cleanup: 176167 ns, At safepoint: 13791 ns, Total: 381125 ns
[2025-08-08T13:42:21.789+0000][66][info ][safepoint   ] Safepoint "ICBufferFull", Time since last: 515442334 ns, Reaching safepoint: 313708 ns, Cleanup: 177542 ns, At safepoint: 20708 ns, Total: 511958 ns
[2025-08-08T13:42:23.043+0000][66][info ][safepoint   ] Safepoint "Cleanup", Time since last: 1254440168 ns, Reaching safepoint: 52833 ns, Cleanup: 125958 ns, At safepoint: 10417 ns, Total: 189208 ns
[2025-08-08T13:44:41.266+0000][66][info ][gc,start    ] GC(50) Pause Young (Concurrent Start) (G1 Evacuation Pause)
[2025-08-08T13:44:41.275+0000][66][info ][gc,task     ] GC(50) Using 4 workers of 4 for evacuation
[2025-08-08T13:44:41.277+0000][66][debug][gc,age      ] GC(50) Desired survivor size 10485760 bytes, new threshold 15 (max threshold 15)
[2025-08-08T13:44:41.474+0000][66][info ][gc,phases   ] GC(50)   Pre Evacuate Collection Set: 4.4ms
[2025-08-08T13:44:41.477+0000][66][info ][gc,phases   ] GC(50)   Merge Heap Roots: 0.7ms
[2025-08-08T13:44:41.480+0000][66][info ][gc,phases   ] GC(50)   Evacuate Collection Set: 171.4ms
[2025-08-08T13:44:41.482+0000][66][info ][gc,phases   ] GC(50)   Post Evacuate Collection Set: 14.5ms
[2025-08-08T13:44:41.487+0000][66][info ][gc,phases   ] GC(50)   Other: 8.5ms
[2025-08-08T13:44:41.497+0000][66][trace][gc,age      ] GC(50) Age table with threshold 15 (max threshold 15)
[2025-08-08T13:44:41.499+0000][66][trace][gc,age      ] GC(50) - age   1:     975384 bytes,     975384 total
[2025-08-08T13:44:41.541+0000][66][trace][gc,age      ] GC(50) - age   2:     215040 bytes,    1190424 total
[2025-08-08T13:44:41.569+0000][66][trace][gc,age      ] GC(50) - age   3:     243808 bytes,    1434232 total
[2025-08-08T13:44:41.572+0000][66][trace][gc,age      ] GC(50) - age   4:      96432 bytes,    1530664 total
[2025-08-08T13:44:41.636+0000][66][trace][gc,age      ] GC(50) - age   5:      45864 bytes,    1576528 total
[2025-08-08T13:44:41.747+0000][66][trace][gc,age      ] GC(50) - age   6:      43096 bytes,    1619624 total
[2025-08-08T13:44:41.749+0000][66][trace][gc,age      ] GC(50) - age   7:       1160 bytes,    1620784 total
[2025-08-08T13:44:41.751+0000][66][trace][gc,age      ] GC(50) - age   8:      41952 bytes,    1662736 total
[2025-08-08T13:44:41.752+0000][66][trace][gc,age      ] GC(50) - age   9:      47688 bytes,    1710424 total
[2025-08-08T13:44:41.754+0000][66][trace][gc,age      ] GC(50) - age  10:      47664 bytes,    1758088 total
[2025-08-08T13:44:41.754+0000][66][trace][gc,age      ] GC(50) - age  11:      55440 bytes,    1813528 total
[2025-08-08T13:44:41.758+0000][66][trace][gc,age      ] GC(50) - age  12:      44712 bytes,    1858240 total
[2025-08-08T13:44:41.759+0000][66][trace][gc,age      ] GC(50) - age  13:      60856 bytes,    1919096 total
[2025-08-08T13:44:41.760+0000][66][trace][gc,age      ] GC(50) - age  14:      83744 bytes,    2002840 total
[2025-08-08T13:44:41.762+0000][66][trace][gc,age      ] GC(50) - age  15:      60952 bytes,    2063792 total
[2025-08-08T13:44:41.764+0000][66][info ][gc,heap     ] GC(50) Eden regions: 34->0(34)
[2025-08-08T13:44:41.765+0000][66][info ][gc,heap     ] GC(50) Survivor regions: 1->1(5)
[2025-08-08T13:44:41.768+0000][66][info ][gc,heap     ] GC(50) Old regions: 21->21
[2025-08-08T13:44:41.769+0000][66][info ][gc,heap     ] GC(50) Humongous regions: 0->0
[2025-08-08T13:44:41.794+0000][66][info ][gc,metaspace] GC(50) Metaspace: 127651K(131200K)->127651K(131200K) NonClass: 110809K(112448K)->110809K(112448K) Class: 16842K(18752K)->16842K(18752K)
[2025-08-08T13:44:41.806+0000][66][info ][gc          ] GC(50) Pause Young (Concurrent Start) (G1 Evacuation Pause) 218M->83M(256M) 540.928ms
[2025-08-08T13:44:41.810+0000][66][info ][gc,cpu      ] GC(50) User=0.48s Sys=0.01s Real=0.55s
[2025-08-08T13:44:41.811+0000][66][info ][gc          ] GC(51) Concurrent Mark Cycle
[2025-08-08T13:44:41.815+0000][66][info ][gc,marking  ] GC(51) Concurrent Scan Root Regions
[2025-08-08T13:44:41.812+0000][66][info ][safepoint   ] Safepoint "G1CollectForAllocation", Time since last: 138219705812 ns, Reaching safepoint: 1410334 ns, Cleanup: 97208 ns, At safepoint: 547161625 ns, Total: 548669167 ns
[2025-08-08T13:44:41.896+0000][66][info ][gc,marking  ] GC(51) Concurrent Scan Root Regions 80.665ms
[2025-08-08T13:44:41.898+0000][66][info ][gc,marking  ] GC(51) Concurrent Mark
[2025-08-08T13:44:41.900+0000][66][info ][gc,marking  ] GC(51) Concurrent Mark From Roots
[2025-08-08T13:44:41.901+0000][66][info ][gc,task     ] GC(51) Using 1 workers of 1 for marking
[2025-08-08T13:44:42.426+0000][66][info ][gc,marking  ] GC(51) Concurrent Mark From Roots 526.127ms
[2025-08-08T13:44:42.427+0000][66][info ][gc,marking  ] GC(51) Concurrent Preclean
[2025-08-08T13:44:42.429+0000][66][info ][gc,marking  ] GC(51) Concurrent Preclean 2.092ms
[2025-08-08T13:44:42.430+0000][66][info ][gc,start    ] GC(51) Pause Remark
[2025-08-08T13:44:42.849+0000][66][info ][gc,mmu      ] GC(51) MMU target violated: 201.0ms (200.0ms/201.0ms)
[2025-08-08T13:44:42.850+0000][66][info ][gc          ] GC(51) Pause Remark 84M->84M(256M) 420.023ms
[2025-08-08T13:44:42.852+0000][66][info ][gc,cpu      ] GC(51) User=1.10s Sys=0.00s Real=0.42s
[2025-08-08T13:44:42.853+0000][66][info ][safepoint   ] Safepoint "G1PauseRemark", Time since last: 617996542 ns, Reaching safepoint: 16792 ns, Cleanup: 3916 ns, At safepoint: 423070917 ns, Total: 423091625 ns
[2025-08-08T13:44:42.855+0000][66][info ][gc,marking  ] GC(51) Concurrent Mark 956.909ms
[2025-08-08T13:44:42.856+0000][66][info ][gc,marking  ] GC(51) Concurrent Rebuild Remembered Sets and Scrub Regions
[2025-08-08T13:44:42.897+0000][66][info ][gc,marking  ] GC(51) Concurrent Rebuild Remembered Sets and Scrub Regions 40.745ms
[2025-08-08T13:44:42.899+0000][66][info ][gc,start    ] GC(51) Pause Cleanup
[2025-08-08T13:44:42.900+0000][66][info ][gc          ] GC(51) Pause Cleanup 84M->84M(256M) 0.874ms
[2025-08-08T13:44:42.901+0000][66][info ][gc,cpu      ] GC(51) User=0.00s Sys=0.00s Real=0.00s
[2025-08-08T13:44:42.902+0000][66][info ][safepoint   ] Safepoint "G1PauseCleanup", Time since last: 45449209 ns, Reaching safepoint: 213875 ns, Cleanup: 30791 ns, At safepoint: 2890709 ns, Total: 3135375 ns
[2025-08-08T13:44:42.903+0000][66][info ][gc,marking  ] GC(51) Concurrent Clear Claimed Marks
[2025-08-08T13:44:42.904+0000][66][info ][gc,marking  ] GC(51) Concurrent Clear Claimed Marks 1.242ms
[2025-08-08T13:44:42.905+0000][66][info ][gc,marking  ] GC(51) Concurrent Cleanup for Next Mark
[2025-08-08T13:44:42.908+0000][66][info ][gc,marking  ] GC(51) Concurrent Cleanup for Next Mark 2.634ms
[2025-08-08T13:44:42.913+0000][66][info ][gc          ] GC(51) Concurrent Mark Cycle 1102.124ms
[2025-08-08T13:45:08.918+0000][66][info ][safepoint   ] Safepoint "Cleanup", Time since last: 26012687678 ns, Reaching safepoint: 1602709 ns, Cleanup: 320458 ns, At safepoint: 25583 ns, Total: 1948750 ns
[2025-08-08T13:47:27.691+0000][66][info ][safepoint   ] Safepoint "Cleanup", Time since last: 138772866774 ns, Reaching safepoint: 957125 ns, Cleanup: 60541 ns, At safepoint: 20000 ns, Total: 1037666 ns
[2025-08-08T13:57:34.440+0000][66][info ][safepoint   ] Safepoint "Cleanup", Time since last: 606744732443 ns, Reaching safepoint: 211458 ns, Cleanup: 775709 ns, At safepoint: 16083 ns, Total: 1003250 ns
[2025-08-08T13:57:35.472+0000][66][info ][safepoint   ] Safepoint "Cleanup", Time since last: 1031894875 ns, Reaching safepoint: 149584 ns, Cleanup: 57333 ns, At safepoint: 16708 ns, Total: 223625 ns
[2025-08-08T13:57:36.525+0000][66][info ][safepoint   ] Safepoint "Cleanup", Time since last: 1052840376 ns, Reaching safepoint: 347417 ns, Cleanup: 225500 ns, At safepoint: 19750 ns, Total: 592667 ns
[2025-08-08T13:58:03.553+0000][66][info ][safepoint   ] Safepoint "Cleanup", Time since last: 27027902512 ns, Reaching safepoint: 486709 ns, Cleanup: 61250 ns, At safepoint: 17916 ns, Total: 565875 ns
[2025-08-08T13:58:11.560+0000][66][info ][safepoint   ] Safepoint "Cleanup", Time since last: 8006130171 ns, Reaching safepoint: 161875 ns, Cleanup: 46666 ns, At safepoint: 18917 ns, Total: 227458 ns
[2025-08-08T13:58:12.561+0000][66][info ][safepoint   ] Safepoint "Cleanup", Time since last: 1001735417 ns, Reaching safepoint: 12292 ns, Cleanup: 22375 ns, At safepoint: 1916 ns, Total: 36583 ns
[2025-08-08T13:59:21.679+0000][66][info ][safepoint   ] Safepoint "Cleanup", Time since last: 69117248908 ns, Reaching safepoint: 185958 ns, Cleanup: 89250 ns, At safepoint: 5333 ns, Total: 280541 ns
[2025-08-08T13:59:25.689+0000][66][info ][safepoint   ] Safepoint "Cleanup", Time since last: 4009614044 ns, Reaching safepoint: 278167 ns, Cleanup: 40750 ns, At safepoint: 11166 ns, Total: 330083 ns
[2025-08-08T13:59:26.691+0000][66][info ][safepoint   ] Safepoint "Cleanup", Time since last: 1001984334 ns, Reaching safepoint: 148042 ns, Cleanup: 19875 ns, At safepoint: 3333 ns, Total: 171250 ns
[2025-08-08T13:59:29.696+0000][66][info ][safepoint   ] Safepoint "Cleanup", Time since last: 3004189585 ns, Reaching safepoint: 18417 ns, Cleanup: 20875 ns, At safepoint: 6458 ns, Total: 45750 ns
[2025-08-08T13:59:34.839+0000][66][info ][safepoint   ] Safepoint "Cleanup", Time since last: 5143570168 ns, Reaching safepoint: 115375 ns, Cleanup: 55084 ns, At safepoint: 45666 ns, Total: 216125 ns
[2025-08-08T13:59:35.246+0000][66][info ][safepoint   ] Safepoint "ICBufferFull", Time since last: 406397417 ns, Reaching safepoint: 216584 ns, Cleanup: 98000 ns, At safepoint: 12375 ns, Total: 326959 ns
[2025-08-08T13:59:36.798+0000][66][info ][safepoint   ] Safepoint "Cleanup", Time since last: 1552164417 ns, Reaching safepoint: 94250 ns, Cleanup: 101000 ns, At safepoint: 3583 ns, Total: 198833 ns
[2025-08-08T13:59:40.804+0000][66][info ][safepoint   ] Safepoint "Cleanup", Time since last: 4005150002 ns, Reaching safepoint: 227042 ns, Cleanup: 32333 ns, At safepoint: 14792 ns, Total: 274167 ns
[2025-08-08T13:59:41.806+0000][66][info ][safepoint   ] Safepoint "Cleanup", Time since last: 1002287959 ns, Reaching safepoint: 13333 ns, Cleanup: 12917 ns, At safepoint: 24875 ns, Total: 51125 ns
[2025-08-08T14:00:01.819+0000][66][info ][safepoint   ] Safepoint "Cleanup", Time since last: 20012500468 ns, Reaching safepoint: 632791 ns, Cleanup: 35625 ns, At safepoint: 15750 ns, Total: 684166 ns
[2025-08-08T14:02:02.652+0000][66][info ][safepoint   ] Safepoint "Cleanup", Time since last: 120831405764 ns, Reaching safepoint: 62417 ns, Cleanup: 39750 ns, At safepoint: 3291 ns, Total: 105458 ns
[2025-08-08T14:02:04.465+0000][66][info ][safepoint   ] Safepoint "Cleanup", Time since last: 1813019792 ns, Reaching safepoint: 77958 ns, Cleanup: 90917 ns, At safepoint: 5458 ns, Total: 174333 ns
[2025-08-08T14:05:09.823+0000][66][info ][safepoint   ] Safepoint "Cleanup", Time since last: 185356781876 ns, Reaching safepoint: 577708 ns, Cleanup: 310042 ns, At safepoint: 20917 ns, Total: 908667 ns
[2025-08-08T14:07:07.890+0000][66][info ][safepoint   ] Safepoint "Cleanup", Time since last: 118076543053 ns, Reaching safepoint: 257458 ns, Cleanup: 38000 ns, At safepoint: 8875 ns, Total: 304333 ns
[2025-08-08T14:07:29.799+0000][66][info ][gc,start    ] GC(52) Pause Young (Normal) (G1 Evacuation Pause)
[2025-08-08T14:07:29.804+0000][66][info ][gc,task     ] GC(52) Using 4 workers of 4 for evacuation
[2025-08-08T14:07:29.807+0000][66][debug][gc,age      ] GC(52) Desired survivor size 10485760 bytes, new threshold 15 (max threshold 15)
[2025-08-08T14:07:29.949+0000][66][info ][gc,phases   ] GC(52)   Pre Evacuate Collection Set: 5.6ms
[2025-08-08T14:07:29.952+0000][66][info ][gc,phases   ] GC(52)   Merge Heap Roots: 4.1ms
[2025-08-08T14:07:29.959+0000][66][info ][gc,phases   ] GC(52)   Evacuate Collection Set: 115.2ms
[2025-08-08T14:07:29.960+0000][66][info ][gc,phases   ] GC(52)   Post Evacuate Collection Set: 14.9ms
[2025-08-08T14:07:29.962+0000][66][info ][gc,phases   ] GC(52)   Other: 6.2ms
[2025-08-08T14:07:29.963+0000][66][trace][gc,age      ] GC(52) Age table with threshold 15 (max threshold 15)
[2025-08-08T14:07:29.964+0000][66][trace][gc,age      ] GC(52) - age   1:     703288 bytes,     703288 total
[2025-08-08T14:07:29.965+0000][66][trace][gc,age      ] GC(52) - age   2:      84624 bytes,     787912 total
[2025-08-08T14:07:29.966+0000][66][trace][gc,age      ] GC(52) - age   3:      85400 bytes,     873312 total
[2025-08-08T14:07:29.968+0000][66][trace][gc,age      ] GC(52) - age   4:     243320 bytes,    1116632 total
[2025-08-08T14:07:29.970+0000][66][trace][gc,age      ] GC(52) - age   5:      96432 bytes,    1213064 total
[2025-08-08T14:07:29.971+0000][66][trace][gc,age      ] GC(52) - age   6:      45864 bytes,    1258928 total
[2025-08-08T14:07:29.975+0000][66][trace][gc,age      ] GC(52) - age   7:      43096 bytes,    1302024 total
[2025-08-08T14:07:29.977+0000][66][trace][gc,age      ] GC(52) - age   8:       1160 bytes,    1303184 total
[2025-08-08T14:07:29.978+0000][66][trace][gc,age      ] GC(52) - age   9:      41952 bytes,    1345136 total
[2025-08-08T14:07:29.981+0000][66][trace][gc,age      ] GC(52) - age  10:      47688 bytes,    1392824 total
[2025-08-08T14:07:29.982+0000][66][trace][gc,age      ] GC(52) - age  11:      47664 bytes,    1440488 total
[2025-08-08T14:07:29.983+0000][66][trace][gc,age      ] GC(52) - age  12:      55400 bytes,    1495888 total
[2025-08-08T14:07:29.985+0000][66][trace][gc,age      ] GC(52) - age  13:      44712 bytes,    1540600 total
[2025-08-08T14:07:29.987+0000][66][trace][gc,age      ] GC(52) - age  14:      60856 bytes,    1601456 total
[2025-08-08T14:07:29.989+0000][66][trace][gc,age      ] GC(52) - age  15:      83704 bytes,    1685160 total
[2025-08-08T14:07:29.991+0000][66][info ][gc,heap     ] GC(52) Eden regions: 34->0(34)
[2025-08-08T14:07:29.992+0000][66][info ][gc,heap     ] GC(52) Survivor regions: 1->1(5)
[2025-08-08T14:07:29.994+0000][66][info ][gc,heap     ] GC(52) Old regions: 21->21
[2025-08-08T14:07:29.995+0000][66][info ][gc,heap     ] GC(52) Humongous regions: 0->0
[2025-08-08T14:07:29.996+0000][66][info ][gc,metaspace] GC(52) Metaspace: 127799K(131328K)->127799K(131328K) NonClass: 110959K(112576K)->110959K(112576K) Class: 16839K(18752K)->16839K(18752K)
[2025-08-08T14:07:30.000+0000][66][info ][gc          ] GC(52) Pause Young (Normal) (G1 Evacuation Pause) 219M->83M(256M) 201.233ms
[2025-08-08T14:07:30.004+0000][66][info ][gc,cpu      ] GC(52) User=0.38s Sys=0.00s Real=0.21s
[2025-08-08T14:07:30.008+0000][66][info ][safepoint   ] Safepoint "G1CollectForAllocation", Time since last: 21908353719 ns, Reaching safepoint: 513125 ns, Cleanup: 57125 ns, At safepoint: 209489583 ns, Total: 210059833 ns
[2025-08-08T14:07:31.013+0000][66][info ][safepoint   ] Safepoint "Cleanup", Time since last: 1004923543 ns, Reaching safepoint: 31541 ns, Cleanup: 21375 ns, At safepoint: 14792 ns, Total: 67708 ns
[2025-08-08T14:08:48.742+0000][66][info ][safepoint   ] Safepoint "Cleanup", Time since last: 77740833578 ns, Reaching safepoint: 834208 ns, Cleanup: 156000 ns, At safepoint: 21083 ns, Total: 1011291 ns
[2025-08-08T14:08:49.745+0000][66][info ][safepoint   ] Safepoint "Cleanup", Time since last: 1002563792 ns, Reaching safepoint: 89334 ns, Cleanup: 114833 ns, At safepoint: 22625 ns, Total: 226792 ns
[2025-08-08T14:08:50.791+0000][66][info ][safepoint   ] Safepoint "Cleanup", Time since last: 1044232959 ns, Reaching safepoint: 625792 ns, Cleanup: 901083 ns, At safepoint: 14125 ns, Total: 1541000 ns
[2025-08-08T14:09:12.822+0000][66][info ][safepoint   ] Safepoint "Cleanup", Time since last: 22030879094 ns, Reaching safepoint: 449416 ns, Cleanup: 52167 ns, At safepoint: 12792 ns, Total: 514375 ns
[2025-08-08T14:09:19.828+0000][66][info ][safepoint   ] Safepoint "Cleanup", Time since last: 7005699795 ns, Reaching safepoint: 240208 ns, Cleanup: 29500 ns, At safepoint: 20708 ns, Total: 290416 ns
[2025-08-08T14:10:02.541+0000][66][info ][safepoint   ] Safepoint "Cleanup", Time since last: 42714388103 ns, Reaching safepoint: 282167 ns, Cleanup: 103958 ns, At safepoint: 11917 ns, Total: 398042 ns
[2025-08-08T14:10:11.551+0000][66][info ][safepoint   ] Safepoint "Cleanup", Time since last: 9007939170 ns, Reaching safepoint: 112709 ns, Cleanup: 29666 ns, At safepoint: 9625 ns, Total: 152000 ns
[2025-08-08T14:12:14.876+0000][66][info ][safepoint   ] Safepoint "Cleanup", Time since last: 123322582473 ns, Reaching safepoint: 296542 ns, Cleanup: 134291 ns, At safepoint: 15250 ns, Total: 446083 ns
[2025-08-08T14:12:18.882+0000][66][info ][safepoint   ] Safepoint "Cleanup", Time since last: 4006482169 ns, Reaching safepoint: 39583 ns, Cleanup: 83209 ns, At safepoint: 2916 ns, Total: 125708 ns
[2025-08-08T14:13:40.748+0000][66][info ][safepoint   ] Safepoint "Cleanup", Time since last: 81868624662 ns, Reaching safepoint: 65459 ns, Cleanup: 44583 ns, At safepoint: 14875 ns, Total: 124917 ns
[2025-08-08T14:13:41.811+0000][66][info ][safepoint   ] Safepoint "Cleanup", Time since last: 1062744792 ns, Reaching safepoint: 3667 ns, Cleanup: 44833 ns, At safepoint: 17542 ns, Total: 66042 ns
[2025-08-08T14:13:42.837+0000][66][info ][safepoint   ] Safepoint "Cleanup", Time since last: 1025492958 ns, Reaching safepoint: 136709 ns, Cleanup: 156291 ns, At safepoint: 14625 ns, Total: 307625 ns
[2025-08-08T14:14:11.867+0000][66][info ][safepoint   ] Safepoint "Cleanup", Time since last: 29028662306 ns, Reaching safepoint: 302583 ns, Cleanup: 49667 ns, At safepoint: 30875 ns, Total: 383125 ns
[2025-08-08T14:18:43.795+0000][66][info ][safepoint   ] Safepoint "Cleanup", Time since last: 271929550624 ns, Reaching safepoint: 271209 ns, Cleanup: 46041 ns, At safepoint: 52584 ns, Total: 369834 ns
[2025-08-08T14:21:37.935+0000][66][info ][safepoint   ] Safepoint "Cleanup", Time since last: 174140924744 ns, Reaching safepoint: 73875 ns, Cleanup: 40667 ns, At safepoint: 8250 ns, Total: 122792 ns
[2025-08-08T14:21:39.838+0000][66][info ][safepoint   ] Safepoint "Cleanup", Time since last: 1903170543 ns, Reaching safepoint: 24750 ns, Cleanup: 136666 ns, At safepoint: 3500 ns, Total: 164916 ns
[2025-08-08T14:21:40.840+0000][66][info ][safepoint   ] Safepoint "Cleanup", Time since last: 1001635376 ns, Reaching safepoint: 56708 ns, Cleanup: 45667 ns, At safepoint: 6250 ns, Total: 108625 ns
[2025-08-08T14:26:43.918+0000][66][info ][safepoint   ] Safepoint "Cleanup", Time since last: 303078121763 ns, Reaching safepoint: 470167 ns, Cleanup: 210333 ns, At safepoint: 10875 ns, Total: 691375 ns
[2025-08-08T14:31:25.812+0000][66][info ][safepoint   ] Safepoint "Cleanup", Time since last: 281894360254 ns, Reaching safepoint: 193042 ns, Cleanup: 252250 ns, At safepoint: 14875 ns, Total: 460167 ns
[2025-08-08T14:31:38.832+0000][66][info ][safepoint   ] Safepoint "Cleanup", Time since last: 13018152047 ns, Reaching safepoint: 455708 ns, Cleanup: 45458 ns, At safepoint: 17250 ns, Total: 518416 ns
[2025-08-08T14:31:46.595+0000][66][info ][gc,start    ] GC(53) Pause Young (Concurrent Start) (G1 Evacuation Pause)
[2025-08-08T14:31:46.598+0000][66][info ][gc,task     ] GC(53) Using 4 workers of 4 for evacuation
[2025-08-08T14:31:46.599+0000][66][debug][gc,age      ] GC(53) Desired survivor size 10485760 bytes, new threshold 15 (max threshold 15)
[2025-08-08T14:31:46.753+0000][66][info ][gc,phases   ] GC(53)   Pre Evacuate Collection Set: 5.1ms
[2025-08-08T14:31:46.756+0000][66][info ][gc,phases   ] GC(53)   Merge Heap Roots: 0.7ms
[2025-08-08T14:31:46.757+0000][66][info ][gc,phases   ] GC(53)   Evacuate Collection Set: 126.6ms
[2025-08-08T14:31:46.757+0000][66][info ][gc,phases   ] GC(53)   Post Evacuate Collection Set: 18.2ms
[2025-08-08T14:31:46.758+0000][66][info ][gc,phases   ] GC(53)   Other: 3.8ms
[2025-08-08T14:31:46.759+0000][66][trace][gc,age      ] GC(53) Age table with threshold 15 (max threshold 15)
[2025-08-08T14:31:46.760+0000][66][trace][gc,age      ] GC(53) - age   1:     991600 bytes,     991600 total
[2025-08-08T14:31:46.762+0000][66][trace][gc,age      ] GC(53) - age   2:      69936 bytes,    1061536 total
[2025-08-08T14:31:46.763+0000][66][trace][gc,age      ] GC(53) - age   3:      51248 bytes,    1112784 total
[2025-08-08T14:31:46.764+0000][66][trace][gc,age      ] GC(53) - age   4:      68552 bytes,    1181336 total
[2025-08-08T14:31:46.765+0000][66][trace][gc,age      ] GC(53) - age   5:     237968 bytes,    1419304 total
[2025-08-08T14:31:46.766+0000][66][trace][gc,age      ] GC(53) - age   6:      96432 bytes,    1515736 total
[2025-08-08T14:31:46.767+0000][66][trace][gc,age      ] GC(53) - age   7:      45864 bytes,    1561600 total
[2025-08-08T14:31:46.768+0000][66][trace][gc,age      ] GC(53) - age   8:      43096 bytes,    1604696 total
[2025-08-08T14:31:46.769+0000][66][trace][gc,age      ] GC(53) - age   9:       1160 bytes,    1605856 total
[2025-08-08T14:31:46.769+0000][66][trace][gc,age      ] GC(53) - age  10:      41952 bytes,    1647808 total
[2025-08-08T14:31:46.770+0000][66][trace][gc,age      ] GC(53) - age  11:      47688 bytes,    1695496 total
[2025-08-08T14:31:46.771+0000][66][trace][gc,age      ] GC(53) - age  12:      47568 bytes,    1743064 total
[2025-08-08T14:31:46.772+0000][66][trace][gc,age      ] GC(53) - age  13:      54984 bytes,    1798048 total
[2025-08-08T14:31:46.773+0000][66][trace][gc,age      ] GC(53) - age  14:      44712 bytes,    1842760 total
[2025-08-08T14:31:46.774+0000][66][trace][gc,age      ] GC(53) - age  15:      60856 bytes,    1903616 total
[2025-08-08T14:31:46.774+0000][66][info ][gc,heap     ] GC(53) Eden regions: 34->0(34)
[2025-08-08T14:31:46.776+0000][66][info ][gc,heap     ] GC(53) Survivor regions: 1->1(5)
[2025-08-08T14:31:46.776+0000][66][info ][gc,heap     ] GC(53) Old regions: 21->21
[2025-08-08T14:31:46.777+0000][66][info ][gc,heap     ] GC(53) Humongous regions: 0->0
[2025-08-08T14:31:46.778+0000][66][info ][gc,metaspace] GC(53) Metaspace: 128201K(131584K)->128201K(131584K) NonClass: 111360K(112832K)->111360K(112832K) Class: 16840K(18752K)->16840K(18752K)
[2025-08-08T14:31:46.779+0000][66][info ][gc          ] GC(53) Pause Young (Concurrent Start) (G1 Evacuation Pause) 219M->83M(256M) 184.470ms
[2025-08-08T14:31:46.780+0000][66][info ][gc          ] GC(54) Concurrent Mark Cycle
[2025-08-08T14:31:46.781+0000][66][info ][gc,marking  ] GC(54) Concurrent Scan Root Regions
[2025-08-08T14:31:46.780+0000][66][info ][gc,cpu      ] GC(53) User=0.37s Sys=0.00s Real=0.18s
[2025-08-08T14:31:46.783+0000][66][info ][safepoint   ] Safepoint "G1CollectForAllocation", Time since last: 7762988046 ns, Reaching safepoint: 188958 ns, Cleanup: 23333 ns, At safepoint: 188062626 ns, Total: 188274917 ns
[2025-08-08T14:31:46.859+0000][66][info ][gc,marking  ] GC(54) Concurrent Scan Root Regions 77.750ms
[2025-08-08T14:31:46.860+0000][66][info ][gc,marking  ] GC(54) Concurrent Mark
[2025-08-08T14:31:46.861+0000][66][info ][gc,marking  ] GC(54) Concurrent Mark From Roots
[2025-08-08T14:31:46.862+0000][66][info ][gc,task     ] GC(54) Using 1 workers of 1 for marking
[2025-08-08T14:31:47.332+0000][66][info ][gc,marking  ] GC(54) Concurrent Mark From Roots 471.243ms
[2025-08-08T14:31:47.333+0000][66][info ][gc,marking  ] GC(54) Concurrent Preclean
[2025-08-08T14:31:47.335+0000][66][info ][gc,marking  ] GC(54) Concurrent Preclean 1.421ms
[2025-08-08T14:31:47.336+0000][66][info ][gc,start    ] GC(54) Pause Remark
[2025-08-08T14:31:47.385+0000][66][info ][gc          ] GC(54) Pause Remark 84M->84M(256M) 49.001ms
[2025-08-08T14:31:47.386+0000][66][info ][gc,cpu      ] GC(54) User=0.13s Sys=0.00s Real=0.05s
[2025-08-08T14:31:47.387+0000][66][info ][safepoint   ] Safepoint "G1PauseRemark", Time since last: 553038875 ns, Reaching safepoint: 15833 ns, Cleanup: 4375 ns, At safepoint: 51065958 ns, Total: 51086166 ns
[2025-08-08T14:31:47.388+0000][66][info ][gc,marking  ] GC(54) Concurrent Mark 527.939ms
[2025-08-08T14:31:47.389+0000][66][info ][gc,marking  ] GC(54) Concurrent Rebuild Remembered Sets and Scrub Regions
[2025-08-08T14:31:47.423+0000][66][info ][gc,marking  ] GC(54) Concurrent Rebuild Remembered Sets and Scrub Regions 33.969ms
[2025-08-08T14:31:47.426+0000][66][info ][gc,start    ] GC(54) Pause Cleanup
[2025-08-08T14:31:47.427+0000][66][info ][gc          ] GC(54) Pause Cleanup 84M->84M(256M) 1.193ms
[2025-08-08T14:31:47.428+0000][66][info ][gc,cpu      ] GC(54) User=0.00s Sys=0.00s Real=0.00s
[2025-08-08T14:31:47.429+0000][66][info ][safepoint   ] Safepoint "G1PauseCleanup", Time since last: 38961292 ns, Reaching safepoint: 9000 ns, Cleanup: 13917 ns, At safepoint: 3406583 ns, Total: 3429500 ns
[2025-08-08T14:31:47.431+0000][66][info ][gc,marking  ] GC(54) Concurrent Clear Claimed Marks
[2025-08-08T14:31:47.432+0000][66][info ][gc,marking  ] GC(54) Concurrent Clear Claimed Marks 1.450ms
[2025-08-08T14:31:47.433+0000][66][info ][gc,marking  ] GC(54) Concurrent Cleanup for Next Mark
[2025-08-08T14:31:47.436+0000][66][info ][gc,marking  ] GC(54) Concurrent Cleanup for Next Mark 2.919ms
[2025-08-08T14:31:47.437+0000][66][info ][gc          ] GC(54) Concurrent Mark Cycle 656.509ms
[2025-08-08T14:42:15.843+0000][66][info ][safepoint   ] Safepoint "Cleanup", Time since last: 628400995620 ns, Reaching safepoint: 766250 ns, Cleanup: 195959 ns, At safepoint: 29166 ns, Total: 991375 ns
[2025-08-08T14:42:16.474+0000][66][info ][safepoint   ] Safepoint "ICBufferFull", Time since last: 630450542 ns, Reaching safepoint: 10084 ns, Cleanup: 78166 ns, At safepoint: 3709 ns, Total: 91959 ns
[2025-08-08T14:42:17.663+0000][66][info ][safepoint   ] Safepoint "Cleanup", Time since last: 1188713959 ns, Reaching safepoint: 310458 ns, Cleanup: 110292 ns, At safepoint: 7291 ns, Total: 428041 ns
[2025-08-08T14:42:18.676+0000][66][info ][safepoint   ] Safepoint "Cleanup", Time since last: 1013377834 ns, Reaching safepoint: 80292 ns, Cleanup: 43750 ns, At safepoint: 6041 ns, Total: 130083 ns
[2025-08-08T14:47:19.207+0000][66][info ][safepoint   ] Safepoint "Cleanup", Time since last: 300529402470 ns, Reaching safepoint: 222667 ns, Cleanup: 31667 ns, At safepoint: 10416 ns, Total: 264750 ns
[2025-08-08T14:51:08.487+0000][66][info ][safepoint   ] Safepoint "Cleanup", Time since last: 229280991147 ns, Reaching safepoint: 156250 ns, Cleanup: 41875 ns, At safepoint: 11875 ns, Total: 210000 ns
[2025-08-08T14:51:10.411+0000][66][info ][safepoint   ] Safepoint "Cleanup", Time since last: 1922360959 ns, Reaching safepoint: 270292 ns, Cleanup: 579000 ns, At safepoint: 18666 ns, Total: 867958 ns
[2025-08-08T14:52:51.006+0000][66][info ][safepoint   ] Safepoint "Cleanup", Time since last: 100590972004 ns, Reaching safepoint: 424042 ns, Cleanup: 44042 ns, At safepoint: 18333 ns, Total: 486417 ns
[2025-08-08T14:58:04.265+0000][66][info ][safepoint   ] Safepoint "Cleanup", Time since last: 313259696142 ns, Reaching safepoint: 375375 ns, Cleanup: 261125 ns, At safepoint: 22333 ns, Total: 658833 ns
[2025-08-08T14:58:05.219+0000][66][info ][gc,start    ] GC(55) Pause Young (Normal) (G1 Evacuation Pause)
[2025-08-08T14:58:05.224+0000][66][info ][gc,task     ] GC(55) Using 4 workers of 4 for evacuation
[2025-08-08T14:58:05.226+0000][66][debug][gc,age      ] GC(55) Desired survivor size 10485760 bytes, new threshold 15 (max threshold 15)
[2025-08-08T14:58:05.281+0000][66][info ][gc,phases   ] GC(55)   Pre Evacuate Collection Set: 1.3ms
[2025-08-08T14:58:05.283+0000][66][info ][gc,phases   ] GC(55)   Merge Heap Roots: 0.3ms
[2025-08-08T14:58:05.284+0000][66][info ][gc,phases   ] GC(55)   Evacuate Collection Set: 45.7ms
[2025-08-08T14:58:05.285+0000][66][info ][gc,phases   ] GC(55)   Post Evacuate Collection Set: 6.9ms
[2025-08-08T14:58:05.287+0000][66][info ][gc,phases   ] GC(55)   Other: 3.6ms
[2025-08-08T14:58:05.288+0000][66][trace][gc,age      ] GC(55) Age table with threshold 15 (max threshold 15)
[2025-08-08T14:58:05.289+0000][66][trace][gc,age      ] GC(55) - age   1:    1206416 bytes,    1206416 total
[2025-08-08T14:58:05.290+0000][66][trace][gc,age      ] GC(55) - age   2:      36176 bytes,    1242592 total
[2025-08-08T14:58:05.291+0000][66][trace][gc,age      ] GC(55) - age   3:      61696 bytes,    1304288 total
[2025-08-08T14:58:05.293+0000][66][trace][gc,age      ] GC(55) - age   4:      50272 bytes,    1354560 total
[2025-08-08T14:58:05.293+0000][66][trace][gc,age      ] GC(55) - age   5:      68096 bytes,    1422656 total
[2025-08-08T14:58:05.294+0000][66][trace][gc,age      ] GC(55) - age   6:     221816 bytes,    1644472 total
[2025-08-08T14:58:05.295+0000][66][trace][gc,age      ] GC(55) - age   7:      96432 bytes,    1740904 total
[2025-08-08T14:58:05.295+0000][66][trace][gc,age      ] GC(55) - age   8:      45864 bytes,    1786768 total
[2025-08-08T14:58:05.296+0000][66][trace][gc,age      ] GC(55) - age   9:      43096 bytes,    1829864 total
[2025-08-08T14:58:05.297+0000][66][trace][gc,age      ] GC(55) - age  10:       1160 bytes,    1831024 total
[2025-08-08T14:58:05.298+0000][66][trace][gc,age      ] GC(55) - age  11:      41952 bytes,    1872976 total
[2025-08-08T14:58:05.299+0000][66][trace][gc,age      ] GC(55) - age  12:      47688 bytes,    1920664 total
[2025-08-08T14:58:05.300+0000][66][trace][gc,age      ] GC(55) - age  13:      47568 bytes,    1968232 total
[2025-08-08T14:58:05.301+0000][66][trace][gc,age      ] GC(55) - age  14:      54984 bytes,    2023216 total
[2025-08-08T14:58:05.304+0000][66][trace][gc,age      ] GC(55) - age  15:      44712 bytes,    2067928 total
[2025-08-08T14:58:05.306+0000][66][info ][gc,heap     ] GC(55) Eden regions: 34->0(34)
[2025-08-08T14:58:05.307+0000][66][info ][gc,heap     ] GC(55) Survivor regions: 1->1(5)
[2025-08-08T14:58:05.309+0000][66][info ][gc,heap     ] GC(55) Old regions: 21->21
[2025-08-08T14:58:05.310+0000][66][info ][gc,heap     ] GC(55) Humongous regions: 0->0
[2025-08-08T14:58:05.311+0000][66][info ][gc,metaspace] GC(55) Metaspace: 128408K(131712K)->128408K(131712K) NonClass: 111567K(112960K)->111567K(112960K) Class: 16840K(18752K)->16840K(18752K)
[2025-08-08T14:58:05.313+0000][66][info ][gc          ] GC(55) Pause Young (Normal) (G1 Evacuation Pause) 219M->83M(256M) 93.810ms
[2025-08-08T14:58:05.314+0000][66][info ][gc,cpu      ] GC(55) User=0.15s Sys=0.00s Real=0.09s
[2025-08-08T14:58:05.316+0000][66][info ][safepoint   ] Safepoint "G1CollectForAllocation", Time since last: 952926667 ns, Reaching safepoint: 10667 ns, Cleanup: 99583 ns, At safepoint: 97853125 ns, Total: 97963375 ns
[2025-08-08T14:58:06.341+0000][66][info ][safepoint   ] Safepoint "Cleanup", Time since last: 1024875042 ns, Reaching safepoint: 18209 ns, Cleanup: 39416 ns, At safepoint: 2709 ns, Total: 60334 ns
[2025-08-08T14:58:15.349+0000][66][info ][safepoint   ] Safepoint "Cleanup", Time since last: 9005799462 ns, Reaching safepoint: 1932709 ns, Cleanup: 94291 ns, At safepoint: 59875 ns, Total: 2086875 ns
[2025-08-08T14:58:47.380+0000][66][info ][safepoint   ] Safepoint "Cleanup", Time since last: 32033111682 ns, Reaching safepoint: 82583 ns, Cleanup: 28083 ns, At safepoint: 3167 ns, Total: 113833 ns
[2025-08-08T14:58:49.098+0000][66][info ][safepoint   ] Safepoint "Cleanup", Time since last: 1717663667 ns, Reaching safepoint: 21209 ns, Cleanup: 87791 ns, At safepoint: 3584 ns, Total: 112584 ns
[2025-08-08T15:00:07.232+0000][66][info ][safepoint   ] Safepoint "Cleanup", Time since last: 78134012534 ns, Reaching safepoint: 147792 ns, Cleanup: 36208 ns, At safepoint: 19375 ns, Total: 203375 ns
[2025-08-08T15:00:08.868+0000][66][info ][safepoint   ] Safepoint "Cleanup", Time since last: 1635908501 ns, Reaching safepoint: 31250 ns, Cleanup: 48292 ns, At safepoint: 3917 ns, Total: 83459 ns
[2025-08-08T15:00:49.008+0000][66][info ][safepoint   ] Safepoint "Cleanup", Time since last: 40139895643 ns, Reaching safepoint: 67083 ns, Cleanup: 36250 ns, At safepoint: 12167 ns, Total: 115500 ns
[2025-08-08T15:00:50.647+0000][66][info ][safepoint   ] Safepoint "Cleanup", Time since last: 1638374793 ns, Reaching safepoint: 52291 ns, Cleanup: 103584 ns, At safepoint: 4583 ns, Total: 160458 ns
[2025-08-08T15:05:05.914+0000][66][info ][safepoint   ] Safepoint "Cleanup", Time since last: 255263132740 ns, Reaching safepoint: 999375 ns, Cleanup: 345750 ns, At safepoint: 116291 ns, Total: 1461416 ns
[2025-08-08T15:05:07.550+0000][66][info ][safepoint   ] Safepoint "Cleanup", Time since last: 1636353460 ns, Reaching safepoint: 328375 ns, Cleanup: 42958 ns, At safepoint: 18667 ns, Total: 390000 ns
[2025-08-08T15:05:09.197+0000][66][info ][safepoint   ] Safepoint "Cleanup", Time since last: 1646628125 ns, Reaching safepoint: 16834 ns, Cleanup: 19875 ns, At safepoint: 3291 ns, Total: 40000 ns
[2025-08-08T15:05:10.289+0000][66][info ][safepoint   ] Safepoint "Cleanup", Time since last: 1087068542 ns, Reaching safepoint: 4906625 ns, Cleanup: 33125 ns, At safepoint: 51125 ns, Total: 4990875 ns
[2025-08-08T15:05:11.300+0000][66][info ][safepoint   ] Safepoint "Cleanup", Time since last: 1011345293 ns, Reaching safepoint: 88333 ns, Cleanup: 44500 ns, At safepoint: 7833 ns, Total: 140666 ns
[2025-08-08T15:07:01.462+0000][66][info ][safepoint   ] Safepoint "Cleanup", Time since last: 110162964842 ns, Reaching safepoint: 99917 ns, Cleanup: 50000 ns, At safepoint: 10041 ns, Total: 159958 ns
[2025-08-08T15:07:01.568+0000][66][info ][gc,start    ] GC(56) Pause Young (Concurrent Start) (G1 Evacuation Pause)
[2025-08-08T15:07:01.572+0000][66][info ][gc,task     ] GC(56) Using 4 workers of 4 for evacuation
[2025-08-08T15:07:01.573+0000][66][debug][gc,age      ] GC(56) Desired survivor size 10485760 bytes, new threshold 15 (max threshold 15)
[2025-08-08T15:07:01.700+0000][66][info ][gc,phases   ] GC(56)   Pre Evacuate Collection Set: 2.6ms
[2025-08-08T15:07:01.701+0000][66][info ][gc,phases   ] GC(56)   Merge Heap Roots: 1.3ms
[2025-08-08T15:07:01.702+0000][66][info ][gc,phases   ] GC(56)   Evacuate Collection Set: 114.4ms
[2025-08-08T15:07:01.704+0000][66][info ][gc,phases   ] GC(56)   Post Evacuate Collection Set: 6.9ms
[2025-08-08T15:07:01.707+0000][66][info ][gc,phases   ] GC(56)   Other: 3.1ms
[2025-08-08T15:07:01.708+0000][66][trace][gc,age      ] GC(56) Age table with threshold 15 (max threshold 15)
[2025-08-08T15:07:01.709+0000][66][trace][gc,age      ] GC(56) - age   1:     525336 bytes,     525336 total
[2025-08-08T15:07:01.710+0000][66][trace][gc,age      ] GC(56) - age   2:      64464 bytes,     589800 total
[2025-08-08T15:07:01.713+0000][66][trace][gc,age      ] GC(56) - age   3:      35416 bytes,     625216 total
[2025-08-08T15:07:01.714+0000][66][trace][gc,age      ] GC(56) - age   4:      61504 bytes,     686720 total
[2025-08-08T15:07:01.715+0000][66][trace][gc,age      ] GC(56) - age   5:      50232 bytes,     736952 total
[2025-08-08T15:07:01.716+0000][66][trace][gc,age      ] GC(56) - age   6:      67912 bytes,     804864 total
[2025-08-08T15:07:01.717+0000][66][trace][gc,age      ] GC(56) - age   7:     221776 bytes,    1026640 total
[2025-08-08T15:07:01.719+0000][66][trace][gc,age      ] GC(56) - age   8:      96432 bytes,    1123072 total
[2025-08-08T15:07:01.722+0000][66][trace][gc,age      ] GC(56) - age   9:      45864 bytes,    1168936 total
[2025-08-08T15:07:01.723+0000][66][trace][gc,age      ] GC(56) - age  10:      43096 bytes,    1212032 total
[2025-08-08T15:07:01.724+0000][66][trace][gc,age      ] GC(56) - age  11:       1160 bytes,    1213192 total
[2025-08-08T15:07:01.725+0000][66][trace][gc,age      ] GC(56) - age  12:      41952 bytes,    1255144 total
[2025-08-08T15:07:01.726+0000][66][trace][gc,age      ] GC(56) - age  13:      47688 bytes,    1302832 total
[2025-08-08T15:07:01.727+0000][66][trace][gc,age      ] GC(56) - age  14:      47568 bytes,    1350400 total
[2025-08-08T15:07:01.728+0000][66][trace][gc,age      ] GC(56) - age  15:      54984 bytes,    1405384 total
[2025-08-08T15:07:01.728+0000][66][info ][gc,heap     ] GC(56) Eden regions: 34->0(34)
[2025-08-08T15:07:01.729+0000][66][info ][gc,heap     ] GC(56) Survivor regions: 1->1(5)
[2025-08-08T15:07:01.730+0000][66][info ][gc,heap     ] GC(56) Old regions: 21->21
[2025-08-08T15:07:01.731+0000][66][info ][gc,heap     ] GC(56) Humongous regions: 0->0
[2025-08-08T15:07:01.732+0000][66][info ][gc,metaspace] GC(56) Metaspace: 128609K(131840K)->128609K(131840K) NonClass: 111768K(113088K)->111768K(113088K) Class: 16840K(18752K)->16840K(18752K)
[2025-08-08T15:07:01.734+0000][66][info ][gc          ] GC(56) Pause Young (Concurrent Start) (G1 Evacuation Pause) 219M->83M(256M) 166.240ms
[2025-08-08T15:07:01.735+0000][66][info ][gc,cpu      ] GC(56) User=0.28s Sys=0.00s Real=0.16s
[2025-08-08T15:07:01.736+0000][66][info ][safepoint   ] Safepoint "G1CollectForAllocation", Time since last: 106160042 ns, Reaching safepoint: 10917 ns, Cleanup: 2916 ns, At safepoint: 168482709 ns, Total: 168496542 ns
[2025-08-08T15:07:01.736+0000][66][info ][gc          ] GC(57) Concurrent Mark Cycle
[2025-08-08T15:07:01.741+0000][66][info ][gc,marking  ] GC(57) Concurrent Scan Root Regions
[2025-08-08T15:07:01.824+0000][66][info ][gc,marking  ] GC(57) Concurrent Scan Root Regions 82.188ms
[2025-08-08T15:07:01.825+0000][66][info ][gc,marking  ] GC(57) Concurrent Mark
[2025-08-08T15:07:01.826+0000][66][info ][gc,marking  ] GC(57) Concurrent Mark From Roots
[2025-08-08T15:07:01.827+0000][66][info ][gc,task     ] GC(57) Using 1 workers of 1 for marking
[2025-08-08T15:07:02.448+0000][66][info ][gc,marking  ] GC(57) Concurrent Mark From Roots 622.858ms
[2025-08-08T15:07:02.450+0000][66][info ][gc,marking  ] GC(57) Concurrent Preclean
[2025-08-08T15:07:02.451+0000][66][info ][gc,marking  ] GC(57) Concurrent Preclean 1.727ms
[2025-08-08T15:07:02.453+0000][66][info ][gc,start    ] GC(57) Pause Remark
[2025-08-08T15:07:02.911+0000][66][info ][gc,mmu      ] GC(57) MMU target violated: 201.0ms (200.0ms/201.0ms)
[2025-08-08T15:07:02.913+0000][66][info ][gc          ] GC(57) Pause Remark 103M->103M(256M) 460.414ms
[2025-08-08T15:07:02.915+0000][66][info ][gc,cpu      ] GC(57) User=1.26s Sys=0.00s Real=0.46s
[2025-08-08T15:07:02.916+0000][66][info ][safepoint   ] Safepoint "G1PauseRemark", Time since last: 715967042 ns, Reaching safepoint: 23125 ns, Cleanup: 179166 ns, At safepoint: 463652209 ns, Total: 463854500 ns
[2025-08-08T15:07:02.918+0000][66][info ][gc,marking  ] GC(57) Concurrent Mark 1093.520ms
[2025-08-08T15:07:02.920+0000][66][info ][gc,marking  ] GC(57) Concurrent Rebuild Remembered Sets and Scrub Regions
[2025-08-08T15:07:02.970+0000][66][info ][gc,marking  ] GC(57) Concurrent Rebuild Remembered Sets and Scrub Regions 50.267ms
[2025-08-08T15:07:02.974+0000][66][info ][gc,start    ] GC(57) Pause Cleanup
[2025-08-08T15:07:02.975+0000][66][info ][gc          ] GC(57) Pause Cleanup 107M->107M(256M) 1.015ms
[2025-08-08T15:07:02.976+0000][66][info ][gc,cpu      ] GC(57) User=0.01s Sys=0.00s Real=0.00s
[2025-08-08T15:07:02.977+0000][66][info ][safepoint   ] Safepoint "G1PauseCleanup", Time since last: 57289958 ns, Reaching safepoint: 400000 ns, Cleanup: 22584 ns, At safepoint: 3182375 ns, Total: 3604959 ns
[2025-08-08T15:07:02.978+0000][66][info ][gc,marking  ] GC(57) Concurrent Clear Claimed Marks
[2025-08-08T15:07:02.980+0000][66][info ][gc,marking  ] GC(57) Concurrent Clear Claimed Marks 1.605ms
[2025-08-08T15:07:02.982+0000][66][info ][gc,marking  ] GC(57) Concurrent Cleanup for Next Mark
[2025-08-08T15:07:02.984+0000][66][info ][gc,marking  ] GC(57) Concurrent Cleanup for Next Mark 2.460ms
[2025-08-08T15:07:02.987+0000][66][info ][gc          ] GC(57) Concurrent Mark Cycle 1250.737ms
[2025-08-08T15:10:08.606+0000][66][info ][safepoint   ] Safepoint "Cleanup", Time since last: 185628789291 ns, Reaching safepoint: 1019709 ns, Cleanup: 141500 ns, At safepoint: 217291 ns, Total: 1378500 ns
[2025-08-08T15:12:04.816+0000][66][info ][safepoint   ] Safepoint "Cleanup", Time since last: 116208883386 ns, Reaching safepoint: 362625 ns, Cleanup: 37792 ns, At safepoint: 12208 ns, Total: 412625 ns
[2025-08-08T15:14:55.917+0000][66][info ][safepoint   ] Safepoint "Cleanup", Time since last: 171100627747 ns, Reaching safepoint: 68416 ns, Cleanup: 32459 ns, At safepoint: 3083 ns, Total: 103958 ns
[2025-08-08T15:14:57.697+0000][66][info ][safepoint   ] Safepoint "Cleanup", Time since last: 1779044834 ns, Reaching safepoint: 276375 ns, Cleanup: 454125 ns, At safepoint: 14083 ns, Total: 744583 ns
[2025-08-08T15:19:01.923+0000][66][info ][safepoint   ] Safepoint "Cleanup", Time since last: 244225344154 ns, Reaching safepoint: 872083 ns, Cleanup: 74375 ns, At safepoint: 19292 ns, Total: 965750 ns
[2025-08-08T15:19:05.266+0000][66][info ][safepoint   ] Safepoint "Cleanup", Time since last: 3342750251 ns, Reaching safepoint: 174125 ns, Cleanup: 75541 ns, At safepoint: 17459 ns, Total: 267125 ns
[2025-08-08T15:19:06.630+0000][66][info ][safepoint   ] Safepoint "Cleanup", Time since last: 1362987375 ns, Reaching safepoint: 906709 ns, Cleanup: 70083 ns, At safepoint: 12250 ns, Total: 989042 ns
[2025-08-08T15:19:07.707+0000][66][info ][safepoint   ] Safepoint "Cleanup", Time since last: 1076327334 ns, Reaching safepoint: 17458 ns, Cleanup: 97167 ns, At safepoint: 141875 ns, Total: 256500 ns
[2025-08-08T15:19:09.122+0000][66][info ][safepoint   ] Safepoint "Cleanup", Time since last: 1414642959 ns, Reaching safepoint: 347500 ns, Cleanup: 235708 ns, At safepoint: 16167 ns, Total: 599375 ns
[2025-08-08T15:19:29.144+0000][66][info ][safepoint   ] Safepoint "Cleanup", Time since last: 20020936759 ns, Reaching safepoint: 507084 ns, Cleanup: 41416 ns, At safepoint: 14834 ns, Total: 563334 ns
[2025-08-08T15:19:47.897+0000][66][info ][safepoint   ] Safepoint "Cleanup", Time since last: 18752230633 ns, Reaching safepoint: 447250 ns, Cleanup: 32459 ns, At safepoint: 15375 ns, Total: 495084 ns
[2025-08-08T15:19:48.899+0000][66][info ][safepoint   ] Safepoint "Cleanup", Time since last: 1002277500 ns, Reaching safepoint: 23208 ns, Cleanup: 27084 ns, At safepoint: 4375 ns, Total: 54667 ns
[2025-08-08T15:19:59.912+0000][66][info ][safepoint   ] Safepoint "Cleanup", Time since last: 11012482755 ns, Reaching safepoint: 388917 ns, Cleanup: 86333 ns, At safepoint: 15083 ns, Total: 490333 ns
[2025-08-08T15:20:05.920+0000][66][info ][safepoint   ] Safepoint "Cleanup", Time since last: 6007649211 ns, Reaching safepoint: 321375 ns, Cleanup: 48417 ns, At safepoint: 73625 ns, Total: 443417 ns
[2025-08-08T15:20:08.923+0000][66][info ][safepoint   ] Safepoint "Cleanup", Time since last: 3002912959 ns, Reaching safepoint: 364084 ns, Cleanup: 15791 ns, At safepoint: 25667 ns, Total: 405542 ns
[2025-08-08T15:20:23.993+0000][66][info ][safepoint   ] Safepoint "Cleanup", Time since last: 15069734174 ns, Reaching safepoint: 499667 ns, Cleanup: 44541 ns, At safepoint: 16792 ns, Total: 561000 ns
[2025-08-08T15:20:37.067+0000][66][info ][safepoint   ] Safepoint "Cleanup", Time since last: 13007999339 ns, Reaching safepoint: 1147166 ns, Cleanup: 159792 ns, At safepoint: 134375 ns, Total: 1441333 ns
[2025-08-08T20:24:48.326+0000][66][info ][safepoint   ] Safepoint "Cleanup", Time since last: 214597331640 ns, Reaching safepoint: 1029958 ns, Cleanup: 100667 ns, At safepoint: 16291 ns, Total: 1146916 ns
[2025-08-09T04:33:26.422+0000][66][info ][safepoint   ] Safepoint "Cleanup", Time since last: 293235995009 ns, Reaching safepoint: 411916 ns, Cleanup: 86542 ns, At safepoint: 45625 ns, Total: 544083 ns
[2025-08-09T07:18:32.199+0000][66][info ][gc,start    ] GC(58) Pause Young (Normal) (G1 Evacuation Pause)
[2025-08-09T07:18:32.203+0000][66][info ][gc,task     ] GC(58) Using 4 workers of 4 for evacuation
[2025-08-09T07:18:32.204+0000][66][debug][gc,age      ] GC(58) Desired survivor size 10485760 bytes, new threshold 15 (max threshold 15)
[2025-08-09T07:18:32.355+0000][66][info ][gc,phases   ] GC(58)   Pre Evacuate Collection Set: 4.4ms
[2025-08-09T07:18:32.356+0000][66][info ][gc,phases   ] GC(58)   Merge Heap Roots: 0.7ms
[2025-08-09T07:18:32.357+0000][66][info ][gc,phases   ] GC(58)   Evacuate Collection Set: 132.1ms
[2025-08-09T07:18:32.359+0000][66][info ][gc,phases   ] GC(58)   Post Evacuate Collection Set: 12.0ms
[2025-08-09T07:18:32.360+0000][66][info ][gc,phases   ] GC(58)   Other: 3.0ms
[2025-08-09T07:18:32.361+0000][66][trace][gc,age      ] GC(58) Age table with threshold 15 (max threshold 15)
[2025-08-09T07:18:32.362+0000][66][trace][gc,age      ] GC(58) - age   1:     989488 bytes,     989488 total
[2025-08-09T07:18:32.363+0000][66][trace][gc,age      ] GC(58) - age   2:      44632 bytes,    1034120 total
[2025-08-09T07:18:32.364+0000][66][trace][gc,age      ] GC(58) - age   3:      62912 bytes,    1097032 total
[2025-08-09T07:18:32.366+0000][66][trace][gc,age      ] GC(58) - age   4:      35080 bytes,    1132112 total
[2025-08-09T07:18:32.367+0000][66][trace][gc,age      ] GC(58) - age   5:      61360 bytes,    1193472 total
[2025-08-09T07:18:32.368+0000][66][trace][gc,age      ] GC(58) - age   6:      50232 bytes,    1243704 total
[2025-08-09T07:18:32.369+0000][66][trace][gc,age      ] GC(58) - age   7:      67912 bytes,    1311616 total
[2025-08-09T07:18:32.371+0000][66][trace][gc,age      ] GC(58) - age   8:     204816 bytes,    1516432 total
[2025-08-09T07:18:32.372+0000][66][trace][gc,age      ] GC(58) - age   9:      96432 bytes,    1612864 total
[2025-08-09T07:18:32.373+0000][66][trace][gc,age      ] GC(58) - age  10:      45864 bytes,    1658728 total
[2025-08-09T07:18:32.374+0000][66][trace][gc,age      ] GC(58) - age  11:      43096 bytes,    1701824 total
[2025-08-09T07:18:32.376+0000][66][trace][gc,age      ] GC(58) - age  12:       1160 bytes,    1702984 total
[2025-08-09T07:18:32.377+0000][66][trace][gc,age      ] GC(58) - age  13:      41952 bytes,    1744936 total
[2025-08-09T07:18:32.378+0000][66][trace][gc,age      ] GC(58) - age  14:      47528 bytes,    1792464 total
[2025-08-09T07:18:32.379+0000][66][trace][gc,age      ] GC(58) - age  15:      47568 bytes,    1840032 total
[2025-08-09T07:18:32.380+0000][66][info ][gc,heap     ] GC(58) Eden regions: 34->0(34)
[2025-08-09T07:18:32.381+0000][66][info ][gc,heap     ] GC(58) Survivor regions: 1->1(5)
[2025-08-09T07:18:32.382+0000][66][info ][gc,heap     ] GC(58) Old regions: 21->21
[2025-08-09T07:18:32.383+0000][66][info ][gc,heap     ] GC(58) Humongous regions: 0->0
[2025-08-09T07:18:32.384+0000][66][info ][gc,metaspace] GC(58) Metaspace: 128985K(132224K)->128985K(132224K) NonClass: 112146K(113472K)->112146K(113472K) Class: 16838K(18752K)->16838K(18752K)
[2025-08-09T07:18:32.386+0000][66][info ][gc          ] GC(58) Pause Young (Normal) (G1 Evacuation Pause) 219M->83M(256M) 187.389ms
[2025-08-09T07:18:32.387+0000][66][info ][gc,cpu      ] GC(58) User=0.42s Sys=0.00s Real=0.19s
[2025-08-09T07:18:32.388+0000][66][info ][safepoint   ] Safepoint "G1CollectForAllocation", Time since last: 200941062467 ns, Reaching safepoint: 375625 ns, Cleanup: 22333 ns, At safepoint: 190037292 ns, Total: 190435250 ns
[2025-08-09T07:19:37.474+0000][66][info ][safepoint   ] Safepoint "Cleanup", Time since last: 65084967821 ns, Reaching safepoint: 495333 ns, Cleanup: 32583 ns, At safepoint: 15417 ns, Total: 543333 ns
[2025-08-09T07:19:39.256+0000][66][info ][safepoint   ] Safepoint "Cleanup", Time since last: 1781054918 ns, Reaching safepoint: 16666 ns, Cleanup: 13375 ns, At safepoint: 2375 ns, Total: 32416 ns
[2025-08-09T07:20:59.962+0000][66][info ][safepoint   ] Safepoint "Cleanup", Time since last: 80705016704 ns, Reaching safepoint: 304916 ns, Cleanup: 38834 ns, At safepoint: 16458 ns, Total: 360208 ns
[2025-08-09T07:21:01.839+0000][66][info ][safepoint   ] Safepoint "Cleanup", Time since last: 1877408001 ns, Reaching safepoint: 69667 ns, Cleanup: 58583 ns, At safepoint: 4125 ns, Total: 132375 ns
[2025-08-09T07:24:12.976+0000][66][info ][safepoint   ] Safepoint "Cleanup", Time since last: 191135869253 ns, Reaching safepoint: 516125 ns, Cleanup: 31292 ns, At safepoint: 30958 ns, Total: 578375 ns
[2025-08-09T07:26:03.009+0000][66][info ][safepoint   ] Safepoint "Cleanup", Time since last: 110032071343 ns, Reaching safepoint: 561083 ns, Cleanup: 42000 ns, At safepoint: 14000 ns, Total: 617083 ns
[2025-08-09T07:26:04.012+0000][66][info ][safepoint   ] Safepoint "Cleanup", Time since last: 1003452875 ns, Reaching safepoint: 31000 ns, Cleanup: 20959 ns, At safepoint: 4458 ns, Total: 56417 ns
[2025-08-09T07:27:23.386+0000][66][info ][safepoint   ] Safepoint "Cleanup", Time since last: 79373441911 ns, Reaching safepoint: 258750 ns, Cleanup: 53833 ns, At safepoint: 35625 ns, Total: 348208 ns
[2025-08-09T07:29:15.610+0000][66][info ][safepoint   ] Safepoint "Cleanup", Time since last: 112222941175 ns, Reaching safepoint: 444250 ns, Cleanup: 48834 ns, At safepoint: 73750 ns, Total: 566834 ns
[2025-08-09T07:32:01.146+0000][66][info ][safepoint   ] Safepoint "Cleanup", Time since last: 165427846284 ns, Reaching safepoint: 103705166 ns, Cleanup: 235667 ns, At safepoint: 158000 ns, Total: 104098833 ns
[2025-08-09T08:00:32.900+0000][66][info ][safepoint   ] Safepoint "Cleanup", Time since last: 1499621397600 ns, Reaching safepoint: 396000 ns, Cleanup: 361042 ns, At safepoint: 23458 ns, Total: 780500 ns
[2025-08-09T08:04:32.655+0000][66][info ][safepoint   ] Safepoint "Cleanup", Time since last: 239758433319 ns, Reaching safepoint: 2354958 ns, Cleanup: 311333 ns, At safepoint: 25167 ns, Total: 2691458 ns
[2025-08-09T08:13:25.477+0000][66][info ][gc,start    ] GC(59) Pause Young (Concurrent Start) (G1 Evacuation Pause)
[2025-08-09T08:13:25.494+0000][66][info ][gc,task     ] GC(59) Using 4 workers of 4 for evacuation
[2025-08-09T08:13:25.499+0000][66][debug][gc,age      ] GC(59) Desired survivor size 10485760 bytes, new threshold 15 (max threshold 15)
[2025-08-09T08:13:25.927+0000][66][info ][gc,mmu      ] GC(59) MMU target violated: 201.0ms (200.0ms/201.0ms)
[2025-08-09T08:13:25.930+0000][66][info ][gc,phases   ] GC(59)   Pre Evacuate Collection Set: 12.6ms
[2025-08-09T08:13:25.934+0000][66][info ][gc,phases   ] GC(59)   Merge Heap Roots: 1.5ms
[2025-08-09T08:13:25.936+0000][66][info ][gc,phases   ] GC(59)   Evacuate Collection Set: 391.2ms
[2025-08-09T08:13:25.937+0000][66][info ][gc,phases   ] GC(59)   Post Evacuate Collection Set: 19.4ms
[2025-08-09T08:13:25.939+0000][66][info ][gc,phases   ] GC(59)   Other: 12.6ms
[2025-08-09T08:13:25.940+0000][66][trace][gc,age      ] GC(59) Age table with threshold 15 (max threshold 15)
[2025-08-09T08:13:25.941+0000][66][trace][gc,age      ] GC(59) - age   1:     681472 bytes,     681472 total
[2025-08-09T08:13:25.942+0000][66][trace][gc,age      ] GC(59) - age   2:      48408 bytes,     729880 total
[2025-08-09T08:13:25.943+0000][66][trace][gc,age      ] GC(59) - age   3:      43984 bytes,     773864 total
[2025-08-09T08:13:25.944+0000][66][trace][gc,age      ] GC(59) - age   4:      62608 bytes,     836472 total
[2025-08-09T08:13:25.945+0000][66][trace][gc,age      ] GC(59) - age   5:      35080 bytes,     871552 total
[2025-08-09T08:13:25.946+0000][66][trace][gc,age      ] GC(59) - age   6:      37192 bytes,     908744 total
[2025-08-09T08:13:25.947+0000][66][trace][gc,age      ] GC(59) - age   7:      49936 bytes,     958680 total
[2025-08-09T08:13:25.948+0000][66][trace][gc,age      ] GC(59) - age   8:      51168 bytes,    1009848 total
[2025-08-09T08:13:25.949+0000][66][trace][gc,age      ] GC(59) - age   9:     188128 bytes,    1197976 total
[2025-08-09T08:13:25.950+0000][66][trace][gc,age      ] GC(59) - age  10:      96432 bytes,    1294408 total
[2025-08-09T08:13:25.952+0000][66][trace][gc,age      ] GC(59) - age  11:      45864 bytes,    1340272 total
[2025-08-09T08:13:25.953+0000][66][trace][gc,age      ] GC(59) - age  12:      43096 bytes,    1383368 total
[2025-08-09T08:13:25.954+0000][66][trace][gc,age      ] GC(59) - age  13:       1160 bytes,    1384528 total
[2025-08-09T08:13:25.955+0000][66][trace][gc,age      ] GC(59) - age  14:      41952 bytes,    1426480 total
[2025-08-09T08:13:25.956+0000][66][trace][gc,age      ] GC(59) - age  15:      47528 bytes,    1474008 total
[2025-08-09T08:13:25.958+0000][66][info ][gc,heap     ] GC(59) Eden regions: 34->0(34)
[2025-08-09T08:13:25.960+0000][66][info ][gc,heap     ] GC(59) Survivor regions: 1->1(5)
[2025-08-09T08:13:25.961+0000][66][info ][gc,heap     ] GC(59) Old regions: 21->21
[2025-08-09T08:13:25.962+0000][66][info ][gc,heap     ] GC(59) Humongous regions: 0->0
[2025-08-09T08:13:25.963+0000][66][info ][gc,metaspace] GC(59) Metaspace: 129086K(132352K)->129086K(132352K) NonClass: 112245K(113600K)->112245K(113600K) Class: 16840K(18752K)->16840K(18752K)
[2025-08-09T08:13:25.964+0000][66][info ][gc          ] GC(59) Pause Young (Concurrent Start) (G1 Evacuation Pause) 219M->83M(256M) 487.627ms
[2025-08-09T08:13:25.965+0000][66][info ][gc,cpu      ] GC(59) User=1.10s Sys=0.00s Real=0.48s
[2025-08-09T08:13:25.966+0000][66][info ][gc          ] GC(60) Concurrent Mark Cycle
[2025-08-09T08:13:25.972+0000][66][info ][gc,marking  ] GC(60) Concurrent Scan Root Regions
[2025-08-09T08:13:25.975+0000][66][info ][safepoint   ] Safepoint "G1CollectForAllocation", Time since last: 532822305825 ns, Reaching safepoint: 1439875 ns, Cleanup: 286916 ns, At safepoint: 499192376 ns, Total: 500919167 ns
[2025-08-09T08:13:26.094+0000][66][info ][gc,marking  ] GC(60) Concurrent Scan Root Regions 121.278ms
[2025-08-09T08:13:26.096+0000][66][info ][gc,marking  ] GC(60) Concurrent Mark
[2025-08-09T08:13:26.097+0000][66][info ][gc,marking  ] GC(60) Concurrent Mark From Roots
[2025-08-09T08:13:26.098+0000][66][info ][gc,task     ] GC(60) Using 1 workers of 1 for marking
[2025-08-09T08:13:26.920+0000][66][info ][gc,marking  ] GC(60) Concurrent Mark From Roots 822.720ms
[2025-08-09T08:13:26.922+0000][66][info ][gc,marking  ] GC(60) Concurrent Preclean
[2025-08-09T08:13:26.925+0000][66][info ][gc,marking  ] GC(60) Concurrent Preclean 2.456ms
[2025-08-09T08:13:26.926+0000][66][info ][gc,start    ] GC(60) Pause Remark
[2025-08-09T08:13:27.042+0000][66][info ][gc          ] GC(60) Pause Remark 84M->84M(256M) 116.441ms
[2025-08-09T08:13:27.044+0000][66][info ][gc,cpu      ] GC(60) User=0.26s Sys=0.00s Real=0.11s
[2025-08-09T08:13:27.045+0000][66][info ][safepoint   ] Safepoint "G1PauseRemark", Time since last: 950630167 ns, Reaching safepoint: 12750 ns, Cleanup: 4041 ns, At safepoint: 119617584 ns, Total: 119634375 ns
[2025-08-09T08:13:27.047+0000][66][info ][gc,marking  ] GC(60) Concurrent Mark 951.410ms
[2025-08-09T08:13:27.048+0000][66][info ][gc,marking  ] GC(60) Concurrent Rebuild Remembered Sets and Scrub Regions
[2025-08-09T08:13:27.094+0000][66][info ][gc,marking  ] GC(60) Concurrent Rebuild Remembered Sets and Scrub Regions 45.863ms
[2025-08-09T08:13:27.098+0000][66][info ][gc,start    ] GC(60) Pause Cleanup
[2025-08-09T08:13:27.101+0000][66][info ][gc          ] GC(60) Pause Cleanup 84M->84M(256M) 3.419ms
[2025-08-09T08:13:27.105+0000][66][info ][gc,cpu      ] GC(60) User=0.00s Sys=0.00s Real=0.00s
[2025-08-09T08:13:27.106+0000][66][info ][safepoint   ] Safepoint "G1PauseCleanup", Time since last: 52259541 ns, Reaching safepoint: 13709 ns, Cleanup: 26833 ns, At safepoint: 8686625 ns, Total: 8727167 ns
[2025-08-09T08:13:27.108+0000][66][info ][gc,marking  ] GC(60) Concurrent Clear Claimed Marks
[2025-08-09T08:13:27.110+0000][66][info ][gc,marking  ] GC(60) Concurrent Clear Claimed Marks 1.729ms
[2025-08-09T08:13:27.111+0000][66][info ][gc,marking  ] GC(60) Concurrent Cleanup for Next Mark
[2025-08-09T08:13:27.115+0000][66][info ][gc,marking  ] GC(60) Concurrent Cleanup for Next Mark 4.097ms
[2025-08-09T08:13:27.118+0000][66][info ][gc          ] GC(60) Concurrent Mark Cycle 1151.745ms
[2025-08-09T08:20:48.498+0000][66][info ][safepoint   ] Safepoint "Cleanup", Time since last: 441396329659 ns, Reaching safepoint: 3798625 ns, Cleanup: 439250 ns, At safepoint: 137750 ns, Total: 4375625 ns
[2025-08-09T08:22:34.773+0000][66][info ][safepoint   ] Safepoint "Cleanup", Time since last: 106276143258 ns, Reaching safepoint: 96791 ns, Cleanup: 37709 ns, At safepoint: 17041 ns, Total: 151541 ns
[2025-08-09T08:22:36.608+0000][66][info ][safepoint   ] Safepoint "Cleanup", Time since last: 1833905668 ns, Reaching safepoint: 157625 ns, Cleanup: 319208 ns, At safepoint: 7334 ns, Total: 484167 ns
[2025-08-09T08:22:56.634+0000][66][info ][safepoint   ] Safepoint "Cleanup", Time since last: 20023743509 ns, Reaching safepoint: 536583 ns, Cleanup: 51500 ns, At safepoint: 30000 ns, Total: 618083 ns
[2025-08-09T08:23:22.207+0000][66][info ][safepoint   ] Safepoint "Cleanup", Time since last: 25573336136 ns, Reaching safepoint: 423875 ns, Cleanup: 45792 ns, At safepoint: 23875 ns, Total: 493542 ns
[2025-08-09T08:25:48.419+0000][66][info ][safepoint   ] Safepoint "Cleanup", Time since last: 146214735275 ns, Reaching safepoint: 282584 ns, Cleanup: 43541 ns, At safepoint: 45917 ns, Total: 372042 ns
[2025-08-09T08:27:36.605+0000][66][info ][safepoint   ] Safepoint "Cleanup", Time since last: 108186256841 ns, Reaching safepoint: 353334 ns, Cleanup: 39416 ns, At safepoint: 16542 ns, Total: 409292 ns
[2025-08-09T08:32:35.471+0000][66][info ][safepoint   ] Safepoint "Cleanup", Time since last: 298867495637 ns, Reaching safepoint: 788625 ns, Cleanup: 87500 ns, At safepoint: 41083 ns, Total: 917208 ns
[2025-08-09T08:35:22.854+0000][66][info ][safepoint   ] Safepoint "Cleanup", Time since last: 167386263160 ns, Reaching safepoint: 417000 ns, Cleanup: 159167 ns, At safepoint: 43958 ns, Total: 620125 ns
[2025-08-09T08:35:23.954+0000][66][info ][safepoint   ] Safepoint "Cleanup", Time since last: 1099988834 ns, Reaching safepoint: 353666 ns, Cleanup: 39000 ns, At safepoint: 33000 ns, Total: 425666 ns
[2025-08-09T08:37:18.127+0000][66][info ][safepoint   ] Safepoint "Cleanup", Time since last: 114170866428 ns, Reaching safepoint: 3575792 ns, Cleanup: 80625 ns, At safepoint: 45541 ns, Total: 3701958 ns
[2025-08-09T08:40:39.698+0000][66][info ][safepoint   ] Safepoint "Cleanup", Time since last: 201572790884 ns, Reaching safepoint: 96500 ns, Cleanup: 28584 ns, At safepoint: 7875 ns, Total: 132959 ns
[2025-08-09T08:50:27.355+0000][66][info ][gc,start    ] GC(61) Pause Young (Normal) (G1 Evacuation Pause)
[2025-08-09T08:50:27.360+0000][66][info ][gc,task     ] GC(61) Using 4 workers of 4 for evacuation
[2025-08-09T08:50:27.362+0000][66][debug][gc,age      ] GC(61) Desired survivor size 10485760 bytes, new threshold 15 (max threshold 15)
[2025-08-09T08:50:27.542+0000][66][info ][gc,phases   ] GC(61)   Pre Evacuate Collection Set: 4.4ms
[2025-08-09T08:50:27.544+0000][66][info ][gc,phases   ] GC(61)   Merge Heap Roots: 2.7ms
[2025-08-09T08:50:27.545+0000][66][info ][gc,phases   ] GC(61)   Evacuate Collection Set: 143.0ms
[2025-08-09T08:50:27.546+0000][66][info ][gc,phases   ] GC(61)   Post Evacuate Collection Set: 26.7ms
[2025-08-09T08:50:27.548+0000][66][info ][gc,phases   ] GC(61)   Other: 5.0ms
[2025-08-09T08:50:27.549+0000][66][trace][gc,age      ] GC(61) Age table with threshold 15 (max threshold 15)
[2025-08-09T08:50:27.550+0000][66][trace][gc,age      ] GC(61) - age   1:     888632 bytes,     888632 total
[2025-08-09T08:50:27.551+0000][66][trace][gc,age      ] GC(61) - age   2:      37544 bytes,     926176 total
[2025-08-09T08:50:27.552+0000][66][trace][gc,age      ] GC(61) - age   3:      46248 bytes,     972424 total
[2025-08-09T08:50:27.553+0000][66][trace][gc,age      ] GC(61) - age   4:      43648 bytes,    1016072 total
[2025-08-09T08:50:27.554+0000][66][trace][gc,age      ] GC(61) - age   5:      62480 bytes,    1078552 total
[2025-08-09T08:50:27.555+0000][66][trace][gc,age      ] GC(61) - age   6:      27000 bytes,    1105552 total
[2025-08-09T08:50:27.556+0000][66][trace][gc,age      ] GC(61) - age   7:      31816 bytes,    1137368 total
[2025-08-09T08:50:27.557+0000][66][trace][gc,age      ] GC(61) - age   8:      33328 bytes,    1170696 total
[2025-08-09T08:50:27.558+0000][66][trace][gc,age      ] GC(61) - age   9:      51048 bytes,    1221744 total
[2025-08-09T08:50:27.559+0000][66][trace][gc,age      ] GC(61) - age  10:     188088 bytes,    1409832 total
[2025-08-09T08:50:27.559+0000][66][trace][gc,age      ] GC(61) - age  11:      96432 bytes,    1506264 total
[2025-08-09T08:50:27.560+0000][66][trace][gc,age      ] GC(61) - age  12:      45864 bytes,    1552128 total
[2025-08-09T08:50:27.561+0000][66][trace][gc,age      ] GC(61) - age  13:      43096 bytes,    1595224 total
[2025-08-09T08:50:27.562+0000][66][trace][gc,age      ] GC(61) - age  14:       1160 bytes,    1596384 total
[2025-08-09T08:50:27.563+0000][66][trace][gc,age      ] GC(61) - age  15:      41952 bytes,    1638336 total
[2025-08-09T08:50:27.564+0000][66][info ][gc,heap     ] GC(61) Eden regions: 34->0(34)
[2025-08-09T08:50:27.564+0000][66][info ][gc,heap     ] GC(61) Survivor regions: 1->1(5)
[2025-08-09T08:50:27.565+0000][66][info ][gc,heap     ] GC(61) Old regions: 21->21
[2025-08-09T08:50:27.566+0000][66][info ][gc,heap     ] GC(61) Humongous regions: 0->0
[2025-08-09T08:50:27.568+0000][66][info ][gc,metaspace] GC(61) Metaspace: 129151K(132416K)->129151K(132416K) NonClass: 112310K(113664K)->112310K(113664K) Class: 16840K(18752K)->16840K(18752K)
[2025-08-09T08:50:27.570+0000][66][info ][gc          ] GC(61) Pause Young (Normal) (G1 Evacuation Pause) 219M->83M(256M) 214.993ms
[2025-08-09T08:50:27.571+0000][66][info ][gc,cpu      ] GC(61) User=0.48s Sys=0.00s Real=0.22s
[2025-08-09T08:50:27.575+0000][66][info ][safepoint   ] Safepoint "G1CollectForAllocation", Time since last: 587576440808 ns, Reaching safepoint: 197083 ns, Cleanup: 55750 ns, At safepoint: 222142667 ns, Total: 222395500 ns
[2025-08-09T08:54:16.465+0000][66][info ][safepoint   ] Safepoint "Cleanup", Time since last: 228887847397 ns, Reaching safepoint: 548500 ns, Cleanup: 50167 ns, At safepoint: 19167 ns, Total: 617834 ns
[2025-08-09T08:57:30.674+0000][66][info ][safepoint   ] Safepoint "Cleanup", Time since last: 194205962589 ns, Reaching safepoint: 80958 ns, Cleanup: 24167 ns, At safepoint: 9250 ns, Total: 114375 ns
[2025-08-09T08:57:32.400+0000][66][info ][safepoint   ] Safepoint "Cleanup", Time since last: 1725365334 ns, Reaching safepoint: 15083 ns, Cleanup: 39292 ns, At safepoint: 4458 ns, Total: 58833 ns
[2025-08-09T08:57:52.900+0000][66][info ][safepoint   ] Safepoint "Cleanup", Time since last: 20500494467 ns, Reaching safepoint: 71625 ns, Cleanup: 59500 ns, At safepoint: 13625 ns, Total: 144750 ns
[2025-08-09T08:57:53.904+0000][66][info ][safepoint   ] Safepoint "Cleanup", Time since last: 1004333001 ns, Reaching safepoint: 32125 ns, Cleanup: 40250 ns, At safepoint: 6542 ns, Total: 78917 ns
[2025-08-09T09:14:07.967+0000][66][info ][safepoint   ] Safepoint "Cleanup", Time since last: 974054140691 ns, Reaching safepoint: 86459 ns, Cleanup: 40625 ns, At safepoint: 13000 ns, Total: 140084 ns
[2025-08-09T09:14:09.623+0000][66][info ][safepoint   ] Safepoint "Cleanup", Time since last: 1656045209 ns, Reaching safepoint: 85791 ns, Cleanup: 39042 ns, At safepoint: 4708 ns, Total: 129541 ns
[2025-08-09T09:14:23.632+0000][66][info ][safepoint   ] Safepoint "Cleanup", Time since last: 14007683882 ns, Reaching safepoint: 336375 ns, Cleanup: 77500 ns, At safepoint: 22375 ns, Total: 436250 ns
