[2025-08-06T21:04:13.982+0000][30][info][gc,init] CardTable entry size: 512
[2025-08-06T21:04:13.983+0000][30][info][gc     ] Using G1
[2025-08-06T21:04:13.986+0000][30][info][gc,init] Version: 21.0.1+12-29 (release)
[2025-08-06T21:04:13.987+0000][30][info][gc,init] CPUs: 4 total, 4 available
[2025-08-06T21:04:13.988+0000][30][info][gc,init] Memory: 7851M
[2025-08-06T21:04:13.989+0000][30][info][gc,init] Large Page Support: Disabled
[2025-08-06T21:04:13.990+0000][30][info][gc,init] NUMA Support: Disabled
[2025-08-06T21:04:13.991+0000][30][info][gc,init] Compressed Oops: Enabled (32-bit)
[2025-08-06T21:04:13.992+0000][30][info][gc,init] Heap Region Size: 1M
[2025-08-06T21:04:13.993+0000][30][info][gc,init] Heap Min Capacity: 256M
[2025-08-06T21:04:13.993+0000][30][info][gc,init] Heap Initial Capacity: 256M
[2025-08-06T21:04:13.995+0000][30][info][gc,init] Heap Max Capacity: 256M
[2025-08-06T21:04:13.996+0000][30][info][gc,init] Pre-touch: Disabled
[2025-08-06T21:04:13.997+0000][30][info][gc,init] Parallel Workers: 4
[2025-08-06T21:04:13.998+0000][30][info][gc,init] Concurrent Workers: 1
[2025-08-06T21:04:13.999+0000][30][info][gc,init] Concurrent Refinement Workers: 4
[2025-08-06T21:04:14.000+0000][30][info][gc,init] Periodic GC: Disabled
[2025-08-06T21:04:14.011+0000][30][info][gc,metaspace] CDS archive(s) mapped at: [0x0000009000000000-0x0000009000cb0000-0x0000009000cb0000), size 13303808, SharedBaseAddress: 0x0000009000000000, ArchiveRelocationMode: 1.
[2025-08-06T21:04:14.013+0000][30][info][gc,metaspace] Compressed class space mapped at: 0x0000009001000000-0x0000009041000000, reserved size: 1073741824
[2025-08-06T21:04:14.014+0000][30][info][gc,metaspace] Narrow klass base: 0x0000009000000000, Narrow klass shift: 0, Narrow klass range: 0x100000000
[2025-08-06T21:04:14.066+0000][30][info][gc,heap,exit] Heap
[2025-08-06T21:04:14.068+0000][30][info][gc,heap,exit]  garbage-first heap   total 262144K, used 2878K [0x00000000f0000000, 0x0000000100000000)
[2025-08-06T21:04:14.070+0000][30][info][gc,heap,exit]   region size 1024K, 2 young (2048K), 0 survivors (0K)
[2025-08-06T21:04:14.071+0000][30][info][gc,heap,exit]  Metaspace       used 211K, committed 448K, reserved 1114112K
[2025-08-06T21:04:14.072+0000][30][info][gc,heap,exit]   class space    used 5K, committed 128K, reserved 1048576K
