[2025-08-06T21:04:36.508+0000][66][info][gc,init] CardTable entry size: 512
[2025-08-06T21:04:36.510+0000][66][info][gc     ] Using G1
[2025-08-06T21:04:36.590+0000][66][info][gc,init] Version: 21.0.1+12-29 (release)
[2025-08-06T21:04:36.591+0000][66][info][gc,init] CPUs: 4 total, 4 available
[2025-08-06T21:04:36.592+0000][66][info][gc,init] Memory: 7851M
[2025-08-06T21:04:36.594+0000][66][info][gc,init] Large Page Support: Disabled
[2025-08-06T21:04:36.595+0000][66][info][gc,init] NUMA Support: Disabled
[2025-08-06T21:04:36.596+0000][66][info][gc,init] Compressed Oops: Enabled (32-bit)
[2025-08-06T21:04:36.597+0000][66][info][gc,init] Heap Region Size: 4M
[2025-08-06T21:04:36.597+0000][66][info][gc,init] Heap Min Capacity: 256M
[2025-08-06T21:04:36.599+0000][66][info][gc,init] Heap Initial Capacity: 256M
[2025-08-06T21:04:36.601+0000][66][info][gc,init] Heap Max Capacity: 256M
[2025-08-06T21:04:36.602+0000][66][info][gc,init] Pre-touch: Enabled
[2025-08-06T21:04:36.603+0000][66][info][gc,init] Parallel Workers: 4
[2025-08-06T21:04:36.605+0000][66][info][gc,init] Concurrent Workers: 1
[2025-08-06T21:04:36.605+0000][66][info][gc,init] Concurrent Refinement Workers: 4
[2025-08-06T21:04:36.606+0000][66][info][gc,init] Periodic GC: Disabled
[2025-08-06T21:04:36.621+0000][66][info][gc,metaspace] CDS archive(s) mapped at: [0x0000002800000000-0x0000002800cb0000-0x0000002800cb0000), size 13303808, SharedBaseAddress: 0x0000002800000000, ArchiveRelocationMode: 1.
[2025-08-06T21:04:36.624+0000][66][info][gc,metaspace] Compressed class space mapped at: 0x0000002801000000-0x0000002841000000, reserved size: 1073741824
[2025-08-06T21:04:36.626+0000][66][info][gc,metaspace] Narrow klass base: 0x0000002800000000, Narrow klass shift: 0, Narrow klass range: 0x100000000
[2025-08-06T21:04:36.705+0000][66][info][safepoint   ] Safepoint "ICBufferFull", Time since last: 72623041 ns, Reaching safepoint: 2292 ns, Cleanup: 119750 ns, At safepoint: 2792 ns, Total: 124834 ns
[2025-08-06T21:04:36.736+0000][66][info][gc,start    ] GC(0) Pause Young (Normal) (G1 Evacuation Pause)
[2025-08-06T21:04:36.738+0000][66][info][gc,task     ] GC(0) Using 4 workers of 4 for evacuation
[2025-08-06T21:04:36.739+0000][66][debug][gc,age      ] GC(0) Desired survivor size 2097152 bytes, new threshold 15 (max threshold 15)
[2025-08-06T21:04:36.742+0000][66][info ][gc,phases   ] GC(0)   Pre Evacuate Collection Set: 0.3ms
[2025-08-06T21:04:36.743+0000][66][info ][gc,phases   ] GC(0)   Merge Heap Roots: 0.0ms
[2025-08-06T21:04:36.744+0000][66][info ][gc,phases   ] GC(0)   Evacuate Collection Set: 0.9ms
[2025-08-06T21:04:36.745+0000][66][info ][gc,phases   ] GC(0)   Post Evacuate Collection Set: 0.4ms
[2025-08-06T21:04:36.746+0000][66][info ][gc,phases   ] GC(0)   Other: 2.5ms
[2025-08-06T21:04:36.747+0000][66][trace][gc,age      ] GC(0) Age table with threshold 15 (max threshold 15)
[2025-08-06T21:04:36.748+0000][66][trace][gc,age      ] GC(0) - age   1:     419568 bytes,     419568 total
[2025-08-06T21:04:36.749+0000][66][info ][gc,heap     ] GC(0) Eden regions: 3->0(10)
[2025-08-06T21:04:36.750+0000][66][info ][gc,heap     ] GC(0) Survivor regions: 0->1(1)
[2025-08-06T21:04:36.751+0000][66][info ][gc,heap     ] GC(0) Old regions: 1->1
[2025-08-06T21:04:36.752+0000][66][info ][gc,heap     ] GC(0) Humongous regions: 0->0
[2025-08-06T21:04:36.753+0000][66][info ][gc,metaspace] GC(0) Metaspace: 725K(896K)->725K(896K) NonClass: 679K(768K)->679K(768K) Class: 46K(128K)->46K(128K)
[2025-08-06T21:04:36.754+0000][66][info ][gc          ] GC(0) Pause Young (Normal) (G1 Evacuation Pause) 13M->1M(256M) 18.549ms
[2025-08-06T21:04:36.755+0000][66][info ][gc,cpu      ] GC(0) User=0.01s Sys=0.00s Real=0.02s
[2025-08-06T21:04:36.756+0000][66][info ][safepoint   ] Safepoint "G1CollectForAllocation", Time since last: 30533250 ns, Reaching safepoint: 129750 ns, Cleanup: 25500 ns, At safepoint: 20617500 ns, Total: 20772750 ns
[2025-08-06T21:04:36.919+0000][66][info ][safepoint   ] Safepoint "ICBufferFull", Time since last: 162737375 ns, Reaching safepoint: 2250 ns, Cleanup: 62166 ns, At safepoint: 20375 ns, Total: 84791 ns
[2025-08-06T21:04:37.066+0000][66][info ][safepoint   ] Safepoint "ICBufferFull", Time since last: 146502334 ns, Reaching safepoint: 2500 ns, Cleanup: 77625 ns, At safepoint: 13625 ns, Total: 93750 ns
[2025-08-06T21:04:37.158+0000][66][info ][safepoint   ] Safepoint "ICBufferFull", Time since last: 91900083 ns, Reaching safepoint: 2417 ns, Cleanup: 92833 ns, At safepoint: 14959 ns, Total: 110209 ns
[2025-08-06T21:04:37.204+0000][66][info ][gc,start    ] GC(1) Pause Young (Normal) (G1 Evacuation Pause)
[2025-08-06T21:04:37.206+0000][66][info ][gc,task     ] GC(1) Using 4 workers of 4 for evacuation
[2025-08-06T21:04:37.208+0000][66][debug][gc,age      ] GC(1) Desired survivor size 4194304 bytes, new threshold 15 (max threshold 15)
[2025-08-06T21:04:37.212+0000][66][info ][gc,phases   ] GC(1)   Pre Evacuate Collection Set: 0.1ms
[2025-08-06T21:04:37.214+0000][66][info ][gc,phases   ] GC(1)   Merge Heap Roots: 0.0ms
[2025-08-06T21:04:37.215+0000][66][info ][gc,phases   ] GC(1)   Evacuate Collection Set: 3.2ms
[2025-08-06T21:04:37.216+0000][66][info ][gc,phases   ] GC(1)   Post Evacuate Collection Set: 0.3ms
[2025-08-06T21:04:37.217+0000][66][info ][gc,phases   ] GC(1)   Other: 2.3ms
[2025-08-06T21:04:37.218+0000][66][trace][gc,age      ] GC(1) Age table with threshold 15 (max threshold 15)
[2025-08-06T21:04:37.219+0000][66][trace][gc,age      ] GC(1) - age   1:    4391848 bytes,    4391848 total
[2025-08-06T21:04:37.221+0000][66][trace][gc,age      ] GC(1) - age   2:     400416 bytes,    4792264 total
[2025-08-06T21:04:37.222+0000][66][info ][gc,heap     ] GC(1) Eden regions: 10->0(36)
[2025-08-06T21:04:37.223+0000][66][info ][gc,heap     ] GC(1) Survivor regions: 1->2(2)
[2025-08-06T21:04:37.224+0000][66][info ][gc,heap     ] GC(1) Old regions: 1->1
[2025-08-06T21:04:37.225+0000][66][info ][gc,heap     ] GC(1) Humongous regions: 0->0
[2025-08-06T21:04:37.226+0000][66][info ][gc,metaspace] GC(1) Metaspace: 8524K(8768K)->8524K(8768K) NonClass: 7479K(7616K)->7479K(7616K) Class: 1045K(1152K)->1045K(1152K)
[2025-08-06T21:04:37.227+0000][66][info ][gc          ] GC(1) Pause Young (Normal) (G1 Evacuation Pause) 41M->5M(256M) 22.981ms
[2025-08-06T21:04:37.228+0000][66][info ][gc,cpu      ] GC(1) User=0.00s Sys=0.00s Real=0.02s
[2025-08-06T21:04:37.229+0000][66][info ][safepoint   ] Safepoint "G1CollectForAllocation", Time since last: 46162375 ns, Reaching safepoint: 71583 ns, Cleanup: 33208 ns, At safepoint: 25332334 ns, Total: 25437125 ns
[2025-08-06T21:04:37.296+0000][66][info ][safepoint   ] Safepoint "ICBufferFull", Time since last: 66775458 ns, Reaching safepoint: 91125 ns, Cleanup: 72417 ns, At safepoint: 15208 ns, Total: 178750 ns
[2025-08-06T21:04:37.524+0000][66][info ][safepoint   ] Safepoint "ICBufferFull", Time since last: 227434417 ns, Reaching safepoint: 3500 ns, Cleanup: 88791 ns, At safepoint: 1959 ns, Total: 94250 ns
[2025-08-06T21:04:37.625+0000][66][info ][safepoint   ] Safepoint "ICBufferFull", Time since last: 100931916 ns, Reaching safepoint: 115334 ns, Cleanup: 145041 ns, At safepoint: 6417 ns, Total: 266792 ns
[2025-08-06T21:04:37.804+0000][66][info ][safepoint   ] Safepoint "ICBufferFull", Time since last: 178954209 ns, Reaching safepoint: 143666 ns, Cleanup: 130000 ns, At safepoint: 38042 ns, Total: 311708 ns
[2025-08-06T21:04:38.072+0000][66][info ][safepoint   ] Safepoint "ICBufferFull", Time since last: 267858750 ns, Reaching safepoint: 3083 ns, Cleanup: 83500 ns, At safepoint: 2917 ns, Total: 89500 ns
[2025-08-06T21:04:38.225+0000][66][info ][safepoint   ] Safepoint "ICBufferFull", Time since last: 152847750 ns, Reaching safepoint: 3292 ns, Cleanup: 103958 ns, At safepoint: 5917 ns, Total: 113167 ns
[2025-08-06T21:04:38.358+0000][66][info ][safepoint   ] Safepoint "ICBufferFull", Time since last: 133296750 ns, Reaching safepoint: 2666 ns, Cleanup: 73667 ns, At safepoint: 1792 ns, Total: 78125 ns
[2025-08-06T21:04:38.435+0000][66][info ][gc,start    ] GC(2) Pause Young (Normal) (G1 Evacuation Pause)
[2025-08-06T21:04:38.436+0000][66][info ][gc,task     ] GC(2) Using 4 workers of 4 for evacuation
[2025-08-06T21:04:38.439+0000][66][debug][gc,age      ] GC(2) Desired survivor size 10485760 bytes, new threshold 15 (max threshold 15)
[2025-08-06T21:04:38.450+0000][66][info ][gc,phases   ] GC(2)   Pre Evacuate Collection Set: 0.1ms
[2025-08-06T21:04:38.452+0000][66][info ][gc,phases   ] GC(2)   Merge Heap Roots: 0.0ms
[2025-08-06T21:04:38.453+0000][66][info ][gc,phases   ] GC(2)   Evacuate Collection Set: 9.0ms
[2025-08-06T21:04:38.454+0000][66][info ][gc,phases   ] GC(2)   Post Evacuate Collection Set: 1.2ms
[2025-08-06T21:04:38.455+0000][66][info ][gc,phases   ] GC(2)   Other: 3.7ms
[2025-08-06T21:04:38.456+0000][66][trace][gc,age      ] GC(2) Age table with threshold 15 (max threshold 15)
[2025-08-06T21:04:38.457+0000][66][trace][gc,age      ] GC(2) - age   1:    5436848 bytes,    5436848 total
[2025-08-06T21:04:38.458+0000][66][trace][gc,age      ] GC(2) - age   2:    4252296 bytes,    9689144 total
[2025-08-06T21:04:38.459+0000][66][trace][gc,age      ] GC(2) - age   3:     398528 bytes,   10087672 total
[2025-08-06T21:04:38.460+0000][66][info ][gc,heap     ] GC(2) Eden regions: 36->0(34)
[2025-08-06T21:04:38.461+0000][66][info ][gc,heap     ] GC(2) Survivor regions: 2->3(5)
[2025-08-06T21:04:38.462+0000][66][info ][gc,heap     ] GC(2) Old regions: 1->1
[2025-08-06T21:04:38.463+0000][66][info ][gc,heap     ] GC(2) Humongous regions: 0->0
[2025-08-06T21:04:38.464+0000][66][info ][gc,metaspace] GC(2) Metaspace: 19567K(20096K)->19567K(20096K) NonClass: 17415K(17728K)->17415K(17728K) Class: 2151K(2368K)->2151K(2368K)
[2025-08-06T21:04:38.465+0000][66][info ][gc          ] GC(2) Pause Young (Normal) (G1 Evacuation Pause) 149M->11M(256M) 30.512ms
[2025-08-06T21:04:38.466+0000][66][info ][gc,cpu      ] GC(2) User=0.03s Sys=0.00s Real=0.03s
[2025-08-06T21:04:38.467+0000][66][info ][safepoint   ] Safepoint "G1CollectForAllocation", Time since last: 76327625 ns, Reaching safepoint: 2875 ns, Cleanup: 73416 ns, At safepoint: 32553209 ns, Total: 32629500 ns
[2025-08-06T21:04:38.581+0000][66][info ][safepoint   ] Safepoint "ICBufferFull", Time since last: 113850042 ns, Reaching safepoint: 3083 ns, Cleanup: 106375 ns, At safepoint: 2208 ns, Total: 111666 ns
[2025-08-06T21:04:38.659+0000][66][info ][gc,start    ] GC(3) Pause Young (Concurrent Start) (Metadata GC Threshold)
[2025-08-06T21:04:38.661+0000][66][info ][gc,task     ] GC(3) Using 4 workers of 4 for evacuation
[2025-08-06T21:04:38.662+0000][66][debug][gc,age      ] GC(3) Desired survivor size 10485760 bytes, new threshold 15 (max threshold 15)
[2025-08-06T21:04:38.670+0000][66][info ][gc,phases   ] GC(3)   Pre Evacuate Collection Set: 0.1ms
[2025-08-06T21:04:38.671+0000][66][info ][gc,phases   ] GC(3)   Merge Heap Roots: 0.2ms
[2025-08-06T21:04:38.672+0000][66][info ][gc,phases   ] GC(3)   Evacuate Collection Set: 5.8ms
[2025-08-06T21:04:38.673+0000][66][info ][gc,phases   ] GC(3)   Post Evacuate Collection Set: 0.8ms
[2025-08-06T21:04:38.674+0000][66][info ][gc,phases   ] GC(3)   Other: 2.3ms
[2025-08-06T21:04:38.675+0000][66][trace][gc,age      ] GC(3) Age table with threshold 15 (max threshold 15)
[2025-08-06T21:04:38.675+0000][66][trace][gc,age      ] GC(3) - age   1:    1996064 bytes,    1996064 total
[2025-08-06T21:04:38.676+0000][66][trace][gc,age      ] GC(3) - age   2:    4550288 bytes,    6546352 total
[2025-08-06T21:04:38.677+0000][66][trace][gc,age      ] GC(3) - age   3:    4251656 bytes,   10798008 total
[2025-08-06T21:04:38.678+0000][66][trace][gc,age      ] GC(3) - age   4:     398528 bytes,   11196536 total
[2025-08-06T21:04:38.679+0000][66][info ][gc,heap     ] GC(3) Eden regions: 21->0(35)
[2025-08-06T21:04:38.680+0000][66][info ][gc,heap     ] GC(3) Survivor regions: 3->3(5)
[2025-08-06T21:04:38.680+0000][66][info ][gc,heap     ] GC(3) Old regions: 1->1
[2025-08-06T21:04:38.681+0000][66][info ][gc,heap     ] GC(3) Humongous regions: 0->0
[2025-08-06T21:04:38.682+0000][66][info ][gc,metaspace] GC(3) Metaspace: 21022K(21504K)->21022K(21504K) NonClass: 18753K(19008K)->18753K(19008K) Class: 2268K(2496K)->2268K(2496K)
[2025-08-06T21:04:38.683+0000][66][info ][gc          ] GC(3) Pause Young (Concurrent Start) (Metadata GC Threshold) 95M->12M(256M) 23.775ms
[2025-08-06T21:04:38.685+0000][66][info ][gc,cpu      ] GC(3) User=0.02s Sys=0.01s Real=0.03s
[2025-08-06T21:04:38.685+0000][66][info ][gc          ] GC(4) Concurrent Mark Cycle
[2025-08-06T21:04:38.686+0000][66][info ][gc,marking  ] GC(4) Concurrent Scan Root Regions
[2025-08-06T21:04:38.686+0000][66][info ][safepoint   ] Safepoint "CollectForMetadataAllocation", Time since last: 77802375 ns, Reaching safepoint: 3125 ns, Cleanup: 17584 ns, At safepoint: 26474875 ns, Total: 26495584 ns
[2025-08-06T21:04:38.692+0000][66][info ][gc,marking  ] GC(4) Concurrent Scan Root Regions 5.484ms
[2025-08-06T21:04:38.693+0000][66][info ][gc,marking  ] GC(4) Concurrent Mark
[2025-08-06T21:04:38.694+0000][66][info ][gc,marking  ] GC(4) Concurrent Mark From Roots
[2025-08-06T21:04:38.695+0000][66][info ][gc,task     ] GC(4) Using 1 workers of 1 for marking
[2025-08-06T21:04:38.697+0000][66][info ][gc,marking  ] GC(4) Concurrent Mark From Roots 2.814ms
[2025-08-06T21:04:38.697+0000][66][info ][gc,marking  ] GC(4) Concurrent Preclean
[2025-08-06T21:04:38.698+0000][66][info ][gc,marking  ] GC(4) Concurrent Preclean 0.888ms
[2025-08-06T21:04:38.699+0000][66][info ][gc,start    ] GC(4) Pause Remark
[2025-08-06T21:04:38.704+0000][66][info ][gc          ] GC(4) Pause Remark 15M->15M(256M) 4.441ms
[2025-08-06T21:04:38.704+0000][66][info ][gc,cpu      ] GC(4) User=0.02s Sys=0.00s Real=0.01s
[2025-08-06T21:04:38.706+0000][66][info ][safepoint   ] Safepoint "G1PauseRemark", Time since last: 13330750 ns, Reaching safepoint: 113125 ns, Cleanup: 3791 ns, At safepoint: 6619292 ns, Total: 6736208 ns
[2025-08-06T21:04:38.707+0000][66][info ][gc,marking  ] GC(4) Concurrent Mark 13.803ms
[2025-08-06T21:04:38.709+0000][66][info ][gc,marking  ] GC(4) Concurrent Rebuild Remembered Sets and Scrub Regions
[2025-08-06T21:04:38.711+0000][66][info ][gc,marking  ] GC(4) Concurrent Rebuild Remembered Sets and Scrub Regions 1.585ms
[2025-08-06T21:04:38.712+0000][66][info ][gc,start    ] GC(4) Pause Cleanup
[2025-08-06T21:04:38.713+0000][66][info ][gc          ] GC(4) Pause Cleanup 15M->15M(256M) 0.923ms
[2025-08-06T21:04:38.714+0000][66][info ][gc,cpu      ] GC(4) User=0.00s Sys=0.00s Real=0.01s
[2025-08-06T21:04:38.715+0000][66][info ][safepoint   ] Safepoint "G1PauseCleanup", Time since last: 6227583 ns, Reaching safepoint: 96375 ns, Cleanup: 2917 ns, At safepoint: 2484000 ns, Total: 2583292 ns
[2025-08-06T21:04:38.715+0000][66][info ][gc,marking  ] GC(4) Concurrent Clear Claimed Marks
[2025-08-06T21:04:38.716+0000][66][info ][gc,marking  ] GC(4) Concurrent Clear Claimed Marks 0.861ms
[2025-08-06T21:04:38.717+0000][66][info ][gc,marking  ] GC(4) Concurrent Cleanup for Next Mark
[2025-08-06T21:04:38.718+0000][66][info ][gc,marking  ] GC(4) Concurrent Cleanup for Next Mark 0.836ms
[2025-08-06T21:04:38.719+0000][66][info ][gc          ] GC(4) Concurrent Mark Cycle 34.416ms
[2025-08-06T21:04:38.910+0000][66][info ][safepoint   ] Safepoint "ICBufferFull", Time since last: 195090917 ns, Reaching safepoint: 82500 ns, Cleanup: 173125 ns, At safepoint: 4375 ns, Total: 260000 ns
[2025-08-06T21:04:39.029+0000][66][info ][safepoint   ] Safepoint "ICBufferFull", Time since last: 119325458 ns, Reaching safepoint: 2917 ns, Cleanup: 102375 ns, At safepoint: 3000 ns, Total: 108292 ns
[2025-08-06T21:04:39.174+0000][66][info ][safepoint   ] Safepoint "ICBufferFull", Time since last: 144250833 ns, Reaching safepoint: 3208 ns, Cleanup: 100125 ns, At safepoint: 23792 ns, Total: 127125 ns
[2025-08-06T21:04:39.178+0000][66][info ][gc,start    ] GC(5) Pause Young (Prepare Mixed) (G1 Evacuation Pause)
[2025-08-06T21:04:39.179+0000][66][info ][gc,task     ] GC(5) Using 4 workers of 4 for evacuation
[2025-08-06T21:04:39.180+0000][66][debug][gc,age      ] GC(5) Desired survivor size 10485760 bytes, new threshold 3 (max threshold 15)
[2025-08-06T21:04:39.194+0000][66][info ][gc,phases   ] GC(5)   Pre Evacuate Collection Set: 0.1ms
[2025-08-06T21:04:39.195+0000][66][info ][gc,phases   ] GC(5)   Merge Heap Roots: 0.0ms
[2025-08-06T21:04:39.198+0000][66][info ][gc,phases   ] GC(5)   Evacuate Collection Set: 11.3ms
[2025-08-06T21:04:39.199+0000][66][info ][gc,phases   ] GC(5)   Post Evacuate Collection Set: 1.2ms
[2025-08-06T21:04:39.200+0000][66][info ][gc,phases   ] GC(5)   Other: 1.9ms
[2025-08-06T21:04:39.201+0000][66][trace][gc,age      ] GC(5) Age table with threshold 3 (max threshold 15)
[2025-08-06T21:04:39.202+0000][66][trace][gc,age      ] GC(5) - age   1:    5219504 bytes,    5219504 total
[2025-08-06T21:04:39.203+0000][66][trace][gc,age      ] GC(5) - age   2:    1941976 bytes,    7161480 total
[2025-08-06T21:04:39.204+0000][66][trace][gc,age      ] GC(5) - age   3:    4540800 bytes,   11702280 total
[2025-08-06T21:04:39.205+0000][66][info ][gc,heap     ] GC(5) Eden regions: 35->0(35)
[2025-08-06T21:04:39.206+0000][66][info ][gc,heap     ] GC(5) Survivor regions: 3->3(5)
[2025-08-06T21:04:39.207+0000][66][info ][gc,heap     ] GC(5) Old regions: 1->3
[2025-08-06T21:04:39.209+0000][66][info ][gc,heap     ] GC(5) Humongous regions: 0->0
[2025-08-06T21:04:39.210+0000][66][info ][gc,metaspace] GC(5) Metaspace: 27351K(27968K)->27351K(27968K) NonClass: 24288K(24640K)->24288K(24640K) Class: 3062K(3328K)->3062K(3328K)
[2025-08-06T21:04:39.212+0000][66][info ][gc          ] GC(5) Pause Young (Prepare Mixed) (G1 Evacuation Pause) 152M->17M(256M) 33.662ms
[2025-08-06T21:04:39.214+0000][66][info ][gc,cpu      ] GC(5) User=0.03s Sys=0.00s Real=0.04s
[2025-08-06T21:04:39.215+0000][66][info ][safepoint   ] Safepoint "G1CollectForAllocation", Time since last: 4527458 ns, Reaching safepoint: 113125 ns, Cleanup: 5959 ns, At safepoint: 37034542 ns, Total: 37153626 ns
[2025-08-06T21:04:39.314+0000][66][info ][safepoint   ] Safepoint "ICBufferFull", Time since last: 98049916 ns, Reaching safepoint: 3084 ns, Cleanup: 108708 ns, At safepoint: 1708 ns, Total: 113500 ns
[2025-08-06T21:04:39.436+0000][66][info ][gc,start    ] GC(6) Pause Young (Mixed) (G1 Evacuation Pause)
[2025-08-06T21:04:39.438+0000][66][info ][gc,task     ] GC(6) Using 4 workers of 4 for evacuation
[2025-08-06T21:04:39.439+0000][66][debug][gc,age      ] GC(6) Desired survivor size 10485760 bytes, new threshold 3 (max threshold 15)
[2025-08-06T21:04:39.454+0000][66][info ][gc,phases   ] GC(6)   Pre Evacuate Collection Set: 0.5ms
[2025-08-06T21:04:39.455+0000][66][info ][gc,phases   ] GC(6)   Merge Heap Roots: 0.0ms
[2025-08-06T21:04:39.456+0000][66][info ][gc,phases   ] GC(6)   Evacuate Collection Set: 12.0ms
[2025-08-06T21:04:39.457+0000][66][info ][gc,phases   ] GC(6)   Post Evacuate Collection Set: 0.8ms
[2025-08-06T21:04:39.458+0000][66][info ][gc,phases   ] GC(6)   Other: 2.7ms
[2025-08-06T21:04:39.459+0000][66][trace][gc,age      ] GC(6) Age table with threshold 3 (max threshold 15)
[2025-08-06T21:04:39.460+0000][66][trace][gc,age      ] GC(6) - age   1:    3148360 bytes,    3148360 total
[2025-08-06T21:04:39.461+0000][66][trace][gc,age      ] GC(6) - age   2:    5044656 bytes,    8193016 total
[2025-08-06T21:04:39.462+0000][66][trace][gc,age      ] GC(6) - age   3:    1941608 bytes,   10134624 total
[2025-08-06T21:04:39.464+0000][66][info ][gc,heap     ] GC(6) Eden regions: 35->0(35)
[2025-08-06T21:04:39.465+0000][66][info ][gc,heap     ] GC(6) Survivor regions: 3->3(5)
[2025-08-06T21:04:39.466+0000][66][info ][gc,heap     ] GC(6) Old regions: 3->3
[2025-08-06T21:04:39.472+0000][66][info ][gc,heap     ] GC(6) Humongous regions: 0->0
[2025-08-06T21:04:39.473+0000][66][info ][gc,metaspace] GC(6) Metaspace: 28391K(29056K)->28391K(29056K) NonClass: 25188K(25600K)->25188K(25600K) Class: 3203K(3456K)->3203K(3456K)
[2025-08-06T21:04:39.474+0000][66][info ][gc          ] GC(6) Pause Young (Mixed) (G1 Evacuation Pause) 157M->21M(256M) 38.143ms
[2025-08-06T21:04:39.476+0000][66][info ][gc,cpu      ] GC(6) User=0.02s Sys=0.00s Real=0.04s
[2025-08-06T21:04:39.478+0000][66][info ][safepoint   ] Safepoint "G1CollectForAllocation", Time since last: 122151917 ns, Reaching safepoint: 3375 ns, Cleanup: 117708 ns, At safepoint: 42491667 ns, Total: 42612750 ns
[2025-08-06T21:04:39.640+0000][66][info ][gc,start    ] GC(7) Pause Young (Normal) (G1 Evacuation Pause)
[2025-08-06T21:04:39.642+0000][66][info ][gc,task     ] GC(7) Using 4 workers of 4 for evacuation
[2025-08-06T21:04:39.643+0000][66][debug][gc,age      ] GC(7) Desired survivor size 10485760 bytes, new threshold 15 (max threshold 15)
[2025-08-06T21:04:39.650+0000][66][info ][gc,phases   ] GC(7)   Pre Evacuate Collection Set: 0.2ms
[2025-08-06T21:04:39.652+0000][66][info ][gc,phases   ] GC(7)   Merge Heap Roots: 0.0ms
[2025-08-06T21:04:39.652+0000][66][info ][gc,phases   ] GC(7)   Evacuate Collection Set: 5.5ms
[2025-08-06T21:04:39.653+0000][66][info ][gc,phases   ] GC(7)   Post Evacuate Collection Set: 0.7ms
[2025-08-06T21:04:39.654+0000][66][info ][gc,phases   ] GC(7)   Other: 2.2ms
[2025-08-06T21:04:39.655+0000][66][trace][gc,age      ] GC(7) Age table with threshold 15 (max threshold 15)
[2025-08-06T21:04:39.656+0000][66][trace][gc,age      ] GC(7) - age   1:    3439176 bytes,    3439176 total
[2025-08-06T21:04:39.657+0000][66][trace][gc,age      ] GC(7) - age   2:    2638280 bytes,    6077456 total
[2025-08-06T21:04:39.658+0000][66][trace][gc,age      ] GC(7) - age   3:    5044192 bytes,   11121648 total
[2025-08-06T21:04:39.659+0000][66][trace][gc,age      ] GC(7) - age   4:    1941320 bytes,   13062968 total
[2025-08-06T21:04:39.660+0000][66][info ][gc,heap     ] GC(7) Eden regions: 35->0(34)
[2025-08-06T21:04:39.661+0000][66][info ][gc,heap     ] GC(7) Survivor regions: 3->4(5)
[2025-08-06T21:04:39.661+0000][66][info ][gc,heap     ] GC(7) Old regions: 3->3
[2025-08-06T21:04:39.662+0000][66][info ][gc,heap     ] GC(7) Humongous regions: 0->0
[2025-08-06T21:04:39.663+0000][66][info ][gc,metaspace] GC(7) Metaspace: 28703K(29376K)->28703K(29376K) NonClass: 25459K(25792K)->25459K(25792K) Class: 3243K(3584K)->3243K(3584K)
[2025-08-06T21:04:39.664+0000][66][info ][gc          ] GC(7) Pause Young (Normal) (G1 Evacuation Pause) 161M->23M(256M) 23.467ms
[2025-08-06T21:04:39.665+0000][66][info ][gc,cpu      ] GC(7) User=0.02s Sys=0.00s Real=0.03s
[2025-08-06T21:04:39.666+0000][66][info ][safepoint   ] Safepoint "G1CollectForAllocation", Time since last: 162032792 ns, Reaching safepoint: 3458 ns, Cleanup: 82292 ns, At safepoint: 25329791 ns, Total: 25415541 ns
[2025-08-06T21:04:39.878+0000][66][info ][safepoint   ] Safepoint "ICBufferFull", Time since last: 212557709 ns, Reaching safepoint: 3166 ns, Cleanup: 117959 ns, At safepoint: 1416 ns, Total: 122541 ns
[2025-08-06T21:04:39.893+0000][66][info ][gc,start    ] GC(8) Pause Young (Normal) (G1 Evacuation Pause)
[2025-08-06T21:04:39.895+0000][66][info ][gc,task     ] GC(8) Using 4 workers of 4 for evacuation
[2025-08-06T21:04:39.896+0000][66][debug][gc,age      ] GC(8) Desired survivor size 10485760 bytes, new threshold 3 (max threshold 15)
[2025-08-06T21:04:39.902+0000][66][info ][gc,phases   ] GC(8)   Pre Evacuate Collection Set: 0.1ms
[2025-08-06T21:04:39.903+0000][66][info ][gc,phases   ] GC(8)   Merge Heap Roots: 0.0ms
[2025-08-06T21:04:39.904+0000][66][info ][gc,phases   ] GC(8)   Evacuate Collection Set: 4.4ms
[2025-08-06T21:04:39.905+0000][66][info ][gc,phases   ] GC(8)   Post Evacuate Collection Set: 0.7ms
[2025-08-06T21:04:39.906+0000][66][info ][gc,phases   ] GC(8)   Other: 2.0ms
[2025-08-06T21:04:39.907+0000][66][trace][gc,age      ] GC(8) Age table with threshold 3 (max threshold 15)
[2025-08-06T21:04:39.908+0000][66][trace][gc,age      ] GC(8) - age   1:    2489056 bytes,    2489056 total
[2025-08-06T21:04:39.909+0000][66][trace][gc,age      ] GC(8) - age   2:    1698592 bytes,    4187648 total
[2025-08-06T21:04:39.910+0000][66][trace][gc,age      ] GC(8) - age   3:    2637832 bytes,    6825480 total
[2025-08-06T21:04:39.911+0000][66][info ][gc,heap     ] GC(8) Eden regions: 34->0(36)
[2025-08-06T21:04:39.912+0000][66][info ][gc,heap     ] GC(8) Survivor regions: 4->2(5)
[2025-08-06T21:04:39.913+0000][66][info ][gc,heap     ] GC(8) Old regions: 3->5
[2025-08-06T21:04:39.913+0000][66][info ][gc,heap     ] GC(8) Humongous regions: 0->0
[2025-08-06T21:04:39.914+0000][66][info ][gc,metaspace] GC(8) Metaspace: 30116K(30912K)->30116K(30912K) NonClass: 26726K(27200K)->26726K(27200K) Class: 3389K(3712K)->3389K(3712K)
[2025-08-06T21:04:39.916+0000][66][info ][gc          ] GC(8) Pause Young (Normal) (G1 Evacuation Pause) 159M->25M(256M) 22.852ms
[2025-08-06T21:04:39.917+0000][66][info ][gc,cpu      ] GC(8) User=0.01s Sys=0.00s Real=0.02s
[2025-08-06T21:04:39.918+0000][66][info ][safepoint   ] Safepoint "G1CollectForAllocation", Time since last: 14695959 ns, Reaching safepoint: 2792 ns, Cleanup: 8000 ns, At safepoint: 24452750 ns, Total: 24463542 ns
[2025-08-06T21:04:40.183+0000][66][info ][gc,start    ] GC(9) Pause Young (Normal) (G1 Evacuation Pause)
[2025-08-06T21:04:40.185+0000][66][info ][gc,task     ] GC(9) Using 4 workers of 4 for evacuation
[2025-08-06T21:04:40.186+0000][66][debug][gc,age      ] GC(9) Desired survivor size 10485760 bytes, new threshold 15 (max threshold 15)
[2025-08-06T21:04:40.196+0000][66][info ][gc,phases   ] GC(9)   Pre Evacuate Collection Set: 0.5ms
[2025-08-06T21:04:40.197+0000][66][info ][gc,phases   ] GC(9)   Merge Heap Roots: 0.4ms
[2025-08-06T21:04:40.198+0000][66][info ][gc,phases   ] GC(9)   Evacuate Collection Set: 5.8ms
[2025-08-06T21:04:40.199+0000][66][info ][gc,phases   ] GC(9)   Post Evacuate Collection Set: 0.6ms
[2025-08-06T21:04:40.200+0000][66][info ][gc,phases   ] GC(9)   Other: 3.9ms
[2025-08-06T21:04:40.201+0000][66][trace][gc,age      ] GC(9) Age table with threshold 15 (max threshold 15)
[2025-08-06T21:04:40.202+0000][66][trace][gc,age      ] GC(9) - age   1:    3135112 bytes,    3135112 total
[2025-08-06T21:04:40.203+0000][66][trace][gc,age      ] GC(9) - age   2:    2416544 bytes,    5551656 total
[2025-08-06T21:04:40.204+0000][66][trace][gc,age      ] GC(9) - age   3:    1698560 bytes,    7250216 total
[2025-08-06T21:04:40.205+0000][66][trace][gc,age      ] GC(9) - age   4:    2637832 bytes,    9888048 total
[2025-08-06T21:04:40.205+0000][66][info ][gc,heap     ] GC(9) Eden regions: 36->0(35)
[2025-08-06T21:04:40.206+0000][66][info ][gc,heap     ] GC(9) Survivor regions: 2->3(5)
[2025-08-06T21:04:40.207+0000][66][info ][gc,heap     ] GC(9) Old regions: 5->5
[2025-08-06T21:04:40.208+0000][66][info ][gc,heap     ] GC(9) Humongous regions: 0->0
[2025-08-06T21:04:40.209+0000][66][info ][gc,metaspace] GC(9) Metaspace: 34416K(35264K)->34416K(35264K) NonClass: 30532K(31040K)->30532K(31040K) Class: 3883K(4224K)->3883K(4224K)
[2025-08-06T21:04:40.210+0000][66][info ][gc          ] GC(9) Pause Young (Normal) (G1 Evacuation Pause) 169M->27M(256M) 26.369ms
[2025-08-06T21:04:40.211+0000][66][info ][gc,cpu      ] GC(9) User=0.01s Sys=0.00s Real=0.02s
[2025-08-06T21:04:40.212+0000][66][info ][safepoint   ] Safepoint "G1CollectForAllocation", Time since last: 265699666 ns, Reaching safepoint: 3125 ns, Cleanup: 82167 ns, At safepoint: 28348708 ns, Total: 28434000 ns
[2025-08-06T21:04:40.403+0000][66][info ][gc,start    ] GC(10) Pause Young (Concurrent Start) (Metadata GC Threshold)
[2025-08-06T21:04:40.404+0000][66][info ][gc,task     ] GC(10) Using 4 workers of 4 for evacuation
[2025-08-06T21:04:40.405+0000][66][debug][gc,age      ] GC(10) Desired survivor size 10485760 bytes, new threshold 15 (max threshold 15)
[2025-08-06T21:04:40.411+0000][66][info ][gc,phases   ] GC(10)   Pre Evacuate Collection Set: 0.3ms
[2025-08-06T21:04:40.412+0000][66][info ][gc,phases   ] GC(10)   Merge Heap Roots: 0.1ms
[2025-08-06T21:04:40.414+0000][66][info ][gc,phases   ] GC(10)   Evacuate Collection Set: 3.3ms
[2025-08-06T21:04:40.415+0000][66][info ][gc,phases   ] GC(10)   Post Evacuate Collection Set: 0.5ms
[2025-08-06T21:04:40.416+0000][66][info ][gc,phases   ] GC(10)   Other: 3.1ms
[2025-08-06T21:04:40.418+0000][66][trace][gc,age      ] GC(10) Age table with threshold 15 (max threshold 15)
[2025-08-06T21:04:40.418+0000][66][trace][gc,age      ] GC(10) - age   1:    2905088 bytes,    2905088 total
[2025-08-06T21:04:40.419+0000][66][trace][gc,age      ] GC(10) - age   2:    3118728 bytes,    6023816 total
[2025-08-06T21:04:40.421+0000][66][trace][gc,age      ] GC(10) - age   3:    2416448 bytes,    8440264 total
[2025-08-06T21:04:40.423+0000][66][trace][gc,age      ] GC(10) - age   4:    1697288 bytes,   10137552 total
[2025-08-06T21:04:40.424+0000][66][trace][gc,age      ] GC(10) - age   5:    2636120 bytes,   12773672 total
[2025-08-06T21:04:40.425+0000][66][info ][gc,heap     ] GC(10) Eden regions: 27->0(34)
[2025-08-06T21:04:40.426+0000][66][info ][gc,heap     ] GC(10) Survivor regions: 3->4(5)
[2025-08-06T21:04:40.427+0000][66][info ][gc,heap     ] GC(10) Old regions: 5->5
[2025-08-06T21:04:40.428+0000][66][info ][gc,heap     ] GC(10) Humongous regions: 0->0
[2025-08-06T21:04:40.430+0000][66][info ][gc,metaspace] GC(10) Metaspace: 35250K(36096K)->35250K(36096K) NonClass: 31262K(31744K)->31262K(31744K) Class: 3988K(4352K)->3988K(4352K)
[2025-08-06T21:04:40.432+0000][66][info ][gc          ] GC(10) Pause Young (Concurrent Start) (Metadata GC Threshold) 133M->30M(256M) 29.186ms
[2025-08-06T21:04:40.433+0000][66][info ][gc,cpu      ] GC(10) User=0.02s Sys=0.00s Real=0.04s
[2025-08-06T21:04:40.433+0000][66][info ][gc          ] GC(11) Concurrent Mark Cycle
[2025-08-06T21:04:40.436+0000][66][info ][gc,marking  ] GC(11) Concurrent Scan Root Regions
[2025-08-06T21:04:40.441+0000][66][info ][gc,marking  ] GC(11) Concurrent Scan Root Regions 4.578ms
[2025-08-06T21:04:40.442+0000][66][info ][gc,marking  ] GC(11) Concurrent Mark
[2025-08-06T21:04:40.443+0000][66][info ][gc,marking  ] GC(11) Concurrent Mark From Roots
[2025-08-06T21:04:40.444+0000][66][info ][gc,task     ] GC(11) Using 1 workers of 1 for marking
[2025-08-06T21:04:40.434+0000][66][info ][safepoint   ] Safepoint "CollectForMetadataAllocation", Time since last: 190725625 ns, Reaching safepoint: 2625 ns, Cleanup: 66792 ns, At safepoint: 31836292 ns, Total: 31905709 ns
[2025-08-06T21:04:40.467+0000][66][info ][gc,marking  ] GC(11) Concurrent Mark From Roots 23.660ms
[2025-08-06T21:04:40.468+0000][66][info ][gc,marking  ] GC(11) Concurrent Preclean
[2025-08-06T21:04:40.469+0000][66][info ][gc,marking  ] GC(11) Concurrent Preclean 1.003ms
[2025-08-06T21:04:40.470+0000][66][info ][gc,start    ] GC(11) Pause Remark
[2025-08-06T21:04:40.483+0000][66][info ][gc          ] GC(11) Pause Remark 32M->32M(256M) 12.966ms
[2025-08-06T21:04:40.484+0000][66][info ][gc,cpu      ] GC(11) User=0.03s Sys=0.00s Real=0.02s
[2025-08-06T21:04:40.485+0000][66][info ][safepoint   ] Safepoint "G1PauseRemark", Time since last: 35832541 ns, Reaching safepoint: 70959 ns, Cleanup: 2750 ns, At safepoint: 14981208 ns, Total: 15054917 ns
[2025-08-06T21:04:40.487+0000][66][info ][gc,marking  ] GC(11) Concurrent Mark 44.758ms
[2025-08-06T21:04:40.488+0000][66][info ][gc,marking  ] GC(11) Concurrent Rebuild Remembered Sets and Scrub Regions
[2025-08-06T21:04:40.508+0000][66][info ][gc,marking  ] GC(11) Concurrent Rebuild Remembered Sets and Scrub Regions 20.646ms
[2025-08-06T21:04:40.510+0000][66][info ][gc,start    ] GC(11) Pause Cleanup
[2025-08-06T21:04:40.511+0000][66][info ][gc          ] GC(11) Pause Cleanup 34M->34M(256M) 0.824ms
[2025-08-06T21:04:40.512+0000][66][info ][gc,cpu      ] GC(11) User=0.00s Sys=0.00s Real=0.00s
[2025-08-06T21:04:40.513+0000][66][info ][safepoint   ] Safepoint "G1PauseCleanup", Time since last: 24205458 ns, Reaching safepoint: 401750 ns, Cleanup: 27917 ns, At safepoint: 3536667 ns, Total: 3966334 ns
[2025-08-06T21:04:40.514+0000][66][info ][gc,marking  ] GC(11) Concurrent Clear Claimed Marks
[2025-08-06T21:04:40.515+0000][66][info ][gc,marking  ] GC(11) Concurrent Clear Claimed Marks 0.768ms
[2025-08-06T21:04:40.516+0000][66][info ][gc,marking  ] GC(11) Concurrent Cleanup for Next Mark
[2025-08-06T21:04:40.517+0000][66][info ][gc,marking  ] GC(11) Concurrent Cleanup for Next Mark 1.142ms
[2025-08-06T21:04:40.518+0000][66][info ][gc          ] GC(11) Concurrent Mark Cycle 84.628ms
[2025-08-06T21:04:40.672+0000][66][info ][gc,start    ] GC(12) Pause Young (Prepare Mixed) (G1 Evacuation Pause)
[2025-08-06T21:04:40.674+0000][66][info ][gc,task     ] GC(12) Using 4 workers of 4 for evacuation
[2025-08-06T21:04:40.675+0000][66][debug][gc,age      ] GC(12) Desired survivor size 10485760 bytes, new threshold 5 (max threshold 15)
[2025-08-06T21:04:40.684+0000][66][info ][gc,phases   ] GC(12)   Pre Evacuate Collection Set: 0.2ms
[2025-08-06T21:04:40.685+0000][66][info ][gc,phases   ] GC(12)   Merge Heap Roots: 0.3ms
[2025-08-06T21:04:40.686+0000][66][info ][gc,phases   ] GC(12)   Evacuate Collection Set: 6.2ms
[2025-08-06T21:04:40.687+0000][66][info ][gc,phases   ] GC(12)   Post Evacuate Collection Set: 0.5ms
[2025-08-06T21:04:40.688+0000][66][info ][gc,phases   ] GC(12)   Other: 3.0ms
[2025-08-06T21:04:40.689+0000][66][trace][gc,age      ] GC(12) Age table with threshold 5 (max threshold 15)
[2025-08-06T21:04:40.690+0000][66][trace][gc,age      ] GC(12) - age   1:    1776352 bytes,    1776352 total
[2025-08-06T21:04:40.690+0000][66][trace][gc,age      ] GC(12) - age   2:    2889272 bytes,    4665624 total
[2025-08-06T21:04:40.691+0000][66][trace][gc,age      ] GC(12) - age   3:    3118632 bytes,    7784256 total
[2025-08-06T21:04:40.692+0000][66][trace][gc,age      ] GC(12) - age   4:    2416328 bytes,   10200584 total
[2025-08-06T21:04:40.693+0000][66][trace][gc,age      ] GC(12) - age   5:    1697288 bytes,   11897872 total
[2025-08-06T21:04:40.694+0000][66][info ][gc,heap     ] GC(12) Eden regions: 34->0(34)
[2025-08-06T21:04:40.695+0000][66][info ][gc,heap     ] GC(12) Survivor regions: 4->4(5)
[2025-08-06T21:04:40.696+0000][66][info ][gc,heap     ] GC(12) Old regions: 5->5
[2025-08-06T21:04:40.696+0000][66][info ][gc,heap     ] GC(12) Humongous regions: 0->0
[2025-08-06T21:04:40.697+0000][66][info ][gc,metaspace] GC(12) Metaspace: 36229K(37056K)->36229K(37056K) NonClass: 32114K(32640K)->32114K(32640K) Class: 4115K(4416K)->4115K(4416K)
[2025-08-06T21:04:40.698+0000][66][info ][gc          ] GC(12) Pause Young (Prepare Mixed) (G1 Evacuation Pause) 166M->33M(256M) 25.859ms
[2025-08-06T21:04:40.699+0000][66][info ][gc,cpu      ] GC(12) User=0.03s Sys=0.00s Real=0.03s
[2025-08-06T21:04:40.700+0000][66][info ][safepoint   ] Safepoint "G1CollectForAllocation", Time since last: 158701167 ns, Reaching safepoint: 3583 ns, Cleanup: 60792 ns, At safepoint: 27804500 ns, Total: 27868875 ns
[2025-08-06T21:04:40.857+0000][66][info ][gc,start    ] GC(13) Pause Young (Mixed) (G1 Evacuation Pause)
[2025-08-06T21:04:40.859+0000][66][info ][gc,task     ] GC(13) Using 4 workers of 4 for evacuation
[2025-08-06T21:04:40.860+0000][66][debug][gc,age      ] GC(13) Desired survivor size 10485760 bytes, new threshold 5 (max threshold 15)
[2025-08-06T21:04:40.870+0000][66][info ][gc,phases   ] GC(13)   Pre Evacuate Collection Set: 0.8ms
[2025-08-06T21:04:40.871+0000][66][info ][gc,phases   ] GC(13)   Merge Heap Roots: 0.3ms
[2025-08-06T21:04:40.872+0000][66][info ][gc,phases   ] GC(13)   Evacuate Collection Set: 6.6ms
[2025-08-06T21:04:40.873+0000][66][info ][gc,phases   ] GC(13)   Post Evacuate Collection Set: 0.6ms
[2025-08-06T21:04:40.874+0000][66][info ][gc,phases   ] GC(13)   Other: 2.4ms
[2025-08-06T21:04:40.875+0000][66][trace][gc,age      ] GC(13) Age table with threshold 5 (max threshold 15)
[2025-08-06T21:04:40.876+0000][66][trace][gc,age      ] GC(13) - age   1:    1392072 bytes,    1392072 total
[2025-08-06T21:04:40.877+0000][66][trace][gc,age      ] GC(13) - age   2:     879032 bytes,    2271104 total
[2025-08-06T21:04:40.878+0000][66][trace][gc,age      ] GC(13) - age   3:    2889272 bytes,    5160376 total
[2025-08-06T21:04:40.880+0000][66][trace][gc,age      ] GC(13) - age   4:    3118600 bytes,    8278976 total
[2025-08-06T21:04:40.881+0000][66][trace][gc,age      ] GC(13) - age   5:    2416328 bytes,   10695304 total
[2025-08-06T21:04:40.882+0000][66][info ][gc,heap     ] GC(13) Eden regions: 34->0(35)
[2025-08-06T21:04:40.883+0000][66][info ][gc,heap     ] GC(13) Survivor regions: 4->3(5)
[2025-08-06T21:04:40.884+0000][66][info ][gc,heap     ] GC(13) Old regions: 5->6
[2025-08-06T21:04:40.885+0000][66][info ][gc,heap     ] GC(13) Humongous regions: 0->0
[2025-08-06T21:04:40.886+0000][66][info ][gc,metaspace] GC(13) Metaspace: 36451K(37312K)->36451K(37312K) NonClass: 32298K(32832K)->32298K(32832K) Class: 4152K(4480K)->4152K(4480K)
[2025-08-06T21:04:40.888+0000][66][info ][gc          ] GC(13) Pause Young (Mixed) (G1 Evacuation Pause) 169M->31M(256M) 30.883ms
[2025-08-06T21:04:40.889+0000][66][info ][gc,cpu      ] GC(13) User=0.03s Sys=0.01s Real=0.03s
[2025-08-06T21:04:40.890+0000][66][info ][safepoint   ] Safepoint "G1CollectForAllocation", Time since last: 157088250 ns, Reaching safepoint: 176291 ns, Cleanup: 35167 ns, At safepoint: 32864917 ns, Total: 33076375 ns
[2025-08-06T21:04:41.050+0000][66][info ][gc,start    ] GC(14) Pause Young (Normal) (G1 Evacuation Pause)
[2025-08-06T21:04:41.052+0000][66][info ][gc,task     ] GC(14) Using 4 workers of 4 for evacuation
[2025-08-06T21:04:41.053+0000][66][debug][gc,age      ] GC(14) Desired survivor size 10485760 bytes, new threshold 5 (max threshold 15)
[2025-08-06T21:04:41.059+0000][66][info ][gc,phases   ] GC(14)   Pre Evacuate Collection Set: 0.6ms
[2025-08-06T21:04:41.060+0000][66][info ][gc,phases   ] GC(14)   Merge Heap Roots: 0.0ms
[2025-08-06T21:04:41.062+0000][66][info ][gc,phases   ] GC(14)   Evacuate Collection Set: 4.6ms
[2025-08-06T21:04:41.066+0000][66][info ][gc,phases   ] GC(14)   Post Evacuate Collection Set: 0.5ms
[2025-08-06T21:04:41.067+0000][66][info ][gc,phases   ] GC(14)   Other: 1.8ms
[2025-08-06T21:04:41.068+0000][66][trace][gc,age      ] GC(14) Age table with threshold 5 (max threshold 15)
[2025-08-06T21:04:41.069+0000][66][trace][gc,age      ] GC(14) - age   1:    4637584 bytes,    4637584 total
[2025-08-06T21:04:41.070+0000][66][trace][gc,age      ] GC(14) - age   2:     565168 bytes,    5202752 total
[2025-08-06T21:04:41.071+0000][66][trace][gc,age      ] GC(14) - age   3:     879032 bytes,    6081784 total
[2025-08-06T21:04:41.072+0000][66][trace][gc,age      ] GC(14) - age   4:    2889272 bytes,    8971056 total
[2025-08-06T21:04:41.072+0000][66][trace][gc,age      ] GC(14) - age   5:    3118568 bytes,   12089624 total
[2025-08-06T21:04:41.073+0000][66][info ][gc,heap     ] GC(14) Eden regions: 35->0(34)
[2025-08-06T21:04:41.074+0000][66][info ][gc,heap     ] GC(14) Survivor regions: 3->4(5)
[2025-08-06T21:04:41.075+0000][66][info ][gc,heap     ] GC(14) Old regions: 6->6
[2025-08-06T21:04:41.076+0000][66][info ][gc,heap     ] GC(14) Humongous regions: 0->0
[2025-08-06T21:04:41.077+0000][66][info ][gc,metaspace] GC(14) Metaspace: 36521K(37440K)->36521K(37440K) NonClass: 32354K(32896K)->32354K(32896K) Class: 4167K(4544K)->4167K(4544K)
[2025-08-06T21:04:41.078+0000][66][info ][gc          ] GC(14) Pause Young (Normal) (G1 Evacuation Pause) 171M->36M(256M) 27.578ms
[2025-08-06T21:04:41.079+0000][66][info ][gc,cpu      ] GC(14) User=0.03s Sys=0.00s Real=0.03s
[2025-08-06T21:04:41.080+0000][66][info ][safepoint   ] Safepoint "G1CollectForAllocation", Time since last: 160205416 ns, Reaching safepoint: 8500 ns, Cleanup: 26000 ns, At safepoint: 29575417 ns, Total: 29609917 ns
[2025-08-06T21:04:41.376+0000][66][info ][safepoint   ] Safepoint "ICBufferFull", Time since last: 295639042 ns, Reaching safepoint: 123208 ns, Cleanup: 206292 ns, At safepoint: 5625 ns, Total: 335125 ns
[2025-08-06T21:04:41.718+0000][66][info ][safepoint   ] Safepoint "ICBufferFull", Time since last: 342071083 ns, Reaching safepoint: 117750 ns, Cleanup: 102125 ns, At safepoint: 2167 ns, Total: 222042 ns
[2025-08-06T21:04:41.929+0000][66][info ][gc,start    ] GC(15) Pause Young (Normal) (G1 Evacuation Pause)
[2025-08-06T21:04:41.931+0000][66][info ][gc,task     ] GC(15) Using 4 workers of 4 for evacuation
[2025-08-06T21:04:41.931+0000][66][debug][gc,age      ] GC(15) Desired survivor size 10485760 bytes, new threshold 5 (max threshold 15)
[2025-08-06T21:04:41.943+0000][66][info ][gc,phases   ] GC(15)   Pre Evacuate Collection Set: 0.1ms
[2025-08-06T21:04:41.945+0000][66][info ][gc,phases   ] GC(15)   Merge Heap Roots: 0.4ms
[2025-08-06T21:04:41.946+0000][66][info ][gc,phases   ] GC(15)   Evacuate Collection Set: 8.2ms
[2025-08-06T21:04:41.947+0000][66][info ][gc,phases   ] GC(15)   Post Evacuate Collection Set: 1.7ms
[2025-08-06T21:04:41.949+0000][66][info ][gc,phases   ] GC(15)   Other: 2.5ms
[2025-08-06T21:04:41.950+0000][66][trace][gc,age      ] GC(15) Age table with threshold 5 (max threshold 15)
[2025-08-06T21:04:41.951+0000][66][trace][gc,age      ] GC(15) - age   1:    8491544 bytes,    8491544 total
[2025-08-06T21:04:41.953+0000][66][trace][gc,age      ] GC(15) - age   2:    2434336 bytes,   10925880 total
[2025-08-06T21:04:41.954+0000][66][trace][gc,age      ] GC(15) - age   3:     562968 bytes,   11488848 total
[2025-08-06T21:04:41.955+0000][66][trace][gc,age      ] GC(15) - age   4:     867576 bytes,   12356424 total
[2025-08-06T21:04:41.956+0000][66][trace][gc,age      ] GC(15) - age   5:    2880504 bytes,   15236928 total
[2025-08-06T21:04:41.957+0000][66][info ][gc,heap     ] GC(15) Eden regions: 34->0(33)
[2025-08-06T21:04:41.959+0000][66][info ][gc,heap     ] GC(15) Survivor regions: 4->5(5)
[2025-08-06T21:04:41.960+0000][66][info ][gc,heap     ] GC(15) Old regions: 6->7
[2025-08-06T21:04:41.961+0000][66][info ][gc,heap     ] GC(15) Humongous regions: 0->0
[2025-08-06T21:04:41.963+0000][66][info ][gc,metaspace] GC(15) Metaspace: 46811K(48192K)->46811K(48192K) NonClass: 41264K(42112K)->41264K(42112K) Class: 5546K(6080K)->5546K(6080K)
[2025-08-06T21:04:41.964+0000][66][info ][gc          ] GC(15) Pause Young (Normal) (G1 Evacuation Pause) 172M->43M(256M) 34.374ms
[2025-08-06T21:04:41.965+0000][66][info ][gc,cpu      ] GC(15) User=0.04s Sys=0.00s Real=0.04s
[2025-08-06T21:04:41.966+0000][66][info ][safepoint   ] Safepoint "G1CollectForAllocation", Time since last: 210772833 ns, Reaching safepoint: 3584 ns, Cleanup: 77416 ns, At safepoint: 36666917 ns, Total: 36747917 ns
[2025-08-06T21:04:42.315+0000][66][info ][safepoint   ] Safepoint "ICBufferFull", Time since last: 348932292 ns, Reaching safepoint: 80917 ns, Cleanup: 135625 ns, At safepoint: 16416 ns, Total: 232958 ns
[2025-08-06T21:04:42.453+0000][66][info ][gc,start    ] GC(16) Pause Young (Normal) (G1 Evacuation Pause)
[2025-08-06T21:04:42.454+0000][66][info ][gc,task     ] GC(16) Using 4 workers of 4 for evacuation
[2025-08-06T21:04:42.455+0000][66][debug][gc,age      ] GC(16) Desired survivor size 10485760 bytes, new threshold 2 (max threshold 15)
[2025-08-06T21:04:42.474+0000][66][info ][gc,phases   ] GC(16)   Pre Evacuate Collection Set: 0.3ms
[2025-08-06T21:04:42.476+0000][66][info ][gc,phases   ] GC(16)   Merge Heap Roots: 0.1ms
[2025-08-06T21:04:42.477+0000][66][info ][gc,phases   ] GC(16)   Evacuate Collection Set: 16.8ms
[2025-08-06T21:04:42.478+0000][66][info ][gc,phases   ] GC(16)   Post Evacuate Collection Set: 0.8ms
[2025-08-06T21:04:42.479+0000][66][info ][gc,phases   ] GC(16)   Other: 2.0ms
[2025-08-06T21:04:42.480+0000][66][trace][gc,age      ] GC(16) Age table with threshold 2 (max threshold 15)
[2025-08-06T21:04:42.481+0000][66][trace][gc,age      ] GC(16) - age   1:    7817832 bytes,    7817832 total
[2025-08-06T21:04:42.482+0000][66][trace][gc,age      ] GC(16) - age   2:    8357088 bytes,   16174920 total
[2025-08-06T21:04:42.483+0000][66][info ][gc,heap     ] GC(16) Eden regions: 33->0(33)
[2025-08-06T21:04:42.484+0000][66][info ][gc,heap     ] GC(16) Survivor regions: 5->5(5)
[2025-08-06T21:04:42.485+0000][66][info ][gc,heap     ] GC(16) Old regions: 7->9
[2025-08-06T21:04:42.486+0000][66][info ][gc,heap     ] GC(16) Humongous regions: 0->0
[2025-08-06T21:04:42.487+0000][66][info ][gc,metaspace] GC(16) Metaspace: 47198K(48512K)->47198K(48512K) NonClass: 41597K(42368K)->41597K(42368K) Class: 5601K(6144K)->5601K(6144K)
[2025-08-06T21:04:42.488+0000][66][info ][gc          ] GC(16) Pause Young (Normal) (G1 Evacuation Pause) 175M->50M(256M) 35.334ms
[2025-08-06T21:04:42.489+0000][66][info ][gc,cpu      ] GC(16) User=0.04s Sys=0.00s Real=0.04s
[2025-08-06T21:04:42.490+0000][66][info ][safepoint   ] Safepoint "G1CollectForAllocation", Time since last: 137698584 ns, Reaching safepoint: 3333 ns, Cleanup: 19250 ns, At safepoint: 37463625 ns, Total: 37486208 ns
[2025-08-06T21:04:42.871+0000][66][info ][safepoint   ] Safepoint "ICBufferFull", Time since last: 380369667 ns, Reaching safepoint: 87958 ns, Cleanup: 107459 ns, At safepoint: 23958 ns, Total: 219375 ns
[2025-08-06T21:04:43.007+0000][66][info ][gc,start    ] GC(17) Pause Young (Normal) (G1 Evacuation Pause)
[2025-08-06T21:04:43.008+0000][66][info ][gc,task     ] GC(17) Using 4 workers of 4 for evacuation
[2025-08-06T21:04:43.008+0000][66][debug][gc,age      ] GC(17) Desired survivor size 10485760 bytes, new threshold 2 (max threshold 15)
[2025-08-06T21:04:43.026+0000][66][info ][gc,phases   ] GC(17)   Pre Evacuate Collection Set: 0.2ms
[2025-08-06T21:04:43.027+0000][66][info ][gc,phases   ] GC(17)   Merge Heap Roots: 0.1ms
[2025-08-06T21:04:43.028+0000][66][info ][gc,phases   ] GC(17)   Evacuate Collection Set: 15.1ms
[2025-08-06T21:04:43.029+0000][66][info ][gc,phases   ] GC(17)   Post Evacuate Collection Set: 0.8ms
[2025-08-06T21:04:43.030+0000][66][info ][gc,phases   ] GC(17)   Other: 1.9ms
[2025-08-06T21:04:43.031+0000][66][trace][gc,age      ] GC(17) Age table with threshold 2 (max threshold 15)
[2025-08-06T21:04:43.032+0000][66][trace][gc,age      ] GC(17) - age   1:    6635152 bytes,    6635152 total
[2025-08-06T21:04:43.033+0000][66][trace][gc,age      ] GC(17) - age   2:    7662984 bytes,   14298136 total
[2025-08-06T21:04:43.034+0000][66][info ][gc,heap     ] GC(17) Eden regions: 33->0(34)
[2025-08-06T21:04:43.035+0000][66][info ][gc,heap     ] GC(17) Survivor regions: 5->4(5)
[2025-08-06T21:04:43.036+0000][66][info ][gc,heap     ] GC(17) Old regions: 9->11
[2025-08-06T21:04:43.037+0000][66][info ][gc,heap     ] GC(17) Humongous regions: 0->0
[2025-08-06T21:04:43.038+0000][66][info ][gc,metaspace] GC(17) Metaspace: 53240K(54656K)->53240K(54656K) NonClass: 46773K(47616K)->46773K(47616K) Class: 6466K(7040K)->6466K(7040K)
[2025-08-06T21:04:43.039+0000][66][info ][gc          ] GC(17) Pause Young (Normal) (G1 Evacuation Pause) 182M->57M(256M) 31.890ms
[2025-08-06T21:04:43.040+0000][66][info ][gc,cpu      ] GC(17) User=0.05s Sys=0.00s Real=0.03s
[2025-08-06T21:04:43.041+0000][66][info ][safepoint   ] Safepoint "G1CollectForAllocation", Time since last: 135701208 ns, Reaching safepoint: 3167 ns, Cleanup: 89125 ns, At safepoint: 34498167 ns, Total: 34590459 ns
[2025-08-06T21:04:43.105+0000][66][info ][gc,heap,exit] Heap
[2025-08-06T21:04:43.107+0000][66][info ][gc,heap,exit]  garbage-first heap   total 262144K, used 120770K [0x00000000f0000000, 0x0000000100000000)
[2025-08-06T21:04:43.107+0000][66][info ][gc,heap,exit]   region size 4096K, 19 young (77824K), 4 survivors (16384K)
[2025-08-06T21:04:43.108+0000][66][info ][gc,heap,exit]  Metaspace       used 53359K, committed 54720K, reserved 1114112K
[2025-08-06T21:04:43.109+0000][66][info ][gc,heap,exit]   class space    used 6489K, committed 7040K, reserved 1048576K
