[2025-08-06T21:04:02.877+0000][29][info][gc,init] CardTable entry size: 512
[2025-08-06T21:04:02.879+0000][29][info][gc     ] Using G1
[2025-08-06T21:04:02.898+0000][29][info][gc,init] Version: 21.0.1+12-29 (release)
[2025-08-06T21:04:02.899+0000][29][info][gc,init] CPUs: 4 total, 4 available
[2025-08-06T21:04:02.900+0000][29][info][gc,init] Memory: 7851M
[2025-08-06T21:04:02.901+0000][29][info][gc,init] Large Page Support: Disabled
[2025-08-06T21:04:02.902+0000][29][info][gc,init] NUMA Support: Disabled
[2025-08-06T21:04:02.903+0000][29][info][gc,init] Compressed Oops: Enabled (32-bit)
[2025-08-06T21:04:02.904+0000][29][info][gc,init] Heap Region Size: 1M
[2025-08-06T21:04:02.905+0000][29][info][gc,init] Heap Min Capacity: 256M
[2025-08-06T21:04:02.906+0000][29][info][gc,init] Heap Initial Capacity: 256M
[2025-08-06T21:04:02.908+0000][29][info][gc,init] Heap Max Capacity: 256M
[2025-08-06T21:04:02.909+0000][29][info][gc,init] Pre-touch: Disabled
[2025-08-06T21:04:02.911+0000][29][info][gc,init] Parallel Workers: 4
[2025-08-06T21:04:02.911+0000][29][info][gc,init] Concurrent Workers: 1
[2025-08-06T21:04:02.913+0000][29][info][gc,init] Concurrent Refinement Workers: 4
[2025-08-06T21:04:02.914+0000][29][info][gc,init] Periodic GC: Disabled
[2025-08-06T21:04:02.926+0000][29][info][gc,metaspace] CDS archive(s) mapped at: [0x000000a000000000-0x000000a000cb0000-0x000000a000cb0000), size 13303808, SharedBaseAddress: 0x000000a000000000, ArchiveRelocationMode: 1.
[2025-08-06T21:04:02.930+0000][29][info][gc,metaspace] Compressed class space mapped at: 0x000000a001000000-0x000000a041000000, reserved size: 1073741824
[2025-08-06T21:04:02.932+0000][29][info][gc,metaspace] Narrow klass base: 0x000000a000000000, Narrow klass shift: 0, Narrow klass range: 0x100000000
[2025-08-06T21:04:03.040+0000][29][info][gc,heap,exit] Heap
[2025-08-06T21:04:03.042+0000][29][info][gc,heap,exit]  garbage-first heap   total 262144K, used 2878K [0x00000000f0000000, 0x0000000100000000)
[2025-08-06T21:04:03.044+0000][29][info][gc,heap,exit]   region size 1024K, 2 young (2048K), 0 survivors (0K)
[2025-08-06T21:04:03.045+0000][29][info][gc,heap,exit]  Metaspace       used 202K, committed 448K, reserved 1114112K
[2025-08-06T21:04:03.047+0000][29][info][gc,heap,exit]   class space    used 5K, committed 128K, reserved 1048576K
