[2025-08-06T21:04:55.386+0000][65][info][gc,init] CardTable entry size: 512
[2025-08-06T21:04:55.387+0000][65][info][gc     ] Using G1
[2025-08-06T21:04:55.488+0000][65][info][gc,init] Version: 21.0.1+12-29 (release)
[2025-08-06T21:04:55.490+0000][65][info][gc,init] CPUs: 4 total, 4 available
[2025-08-06T21:04:55.491+0000][65][info][gc,init] Memory: 7851M
[2025-08-06T21:04:55.493+0000][65][info][gc,init] Large Page Support: Disabled
[2025-08-06T21:04:55.494+0000][65][info][gc,init] NUMA Support: Disabled
[2025-08-06T21:04:55.495+0000][65][info][gc,init] Compressed Oops: Enabled (32-bit)
[2025-08-06T21:04:55.496+0000][65][info][gc,init] Heap Region Size: 4M
[2025-08-06T21:04:55.498+0000][65][info][gc,init] Heap Min Capacity: 256M
[2025-08-06T21:04:55.498+0000][65][info][gc,init] Heap Initial Capacity: 256M
[2025-08-06T21:04:55.499+0000][65][info][gc,init] Heap Max Capacity: 256M
[2025-08-06T21:04:55.501+0000][65][info][gc,init] Pre-touch: Enabled
[2025-08-06T21:04:55.502+0000][65][info][gc,init] Parallel Workers: 4
[2025-08-06T21:04:55.503+0000][65][info][gc,init] Concurrent Workers: 1
[2025-08-06T21:04:55.504+0000][65][info][gc,init] Concurrent Refinement Workers: 4
[2025-08-06T21:04:55.505+0000][65][info][gc,init] Periodic GC: Disabled
[2025-08-06T21:04:55.516+0000][65][info][gc,metaspace] CDS archive(s) mapped at: [0x0000009000000000-0x0000009000cb0000-0x0000009000cb0000), size 13303808, SharedBaseAddress: 0x0000009000000000, ArchiveRelocationMode: 1.
[2025-08-06T21:04:55.518+0000][65][info][gc,metaspace] Compressed class space mapped at: 0x0000009001000000-0x0000009041000000, reserved size: 1073741824
[2025-08-06T21:04:55.521+0000][65][info][gc,metaspace] Narrow klass base: 0x0000009000000000, Narrow klass shift: 0, Narrow klass range: 0x100000000
[2025-08-06T21:04:55.634+0000][65][info][safepoint   ] Safepoint "ICBufferFull", Time since last: 105479542 ns, Reaching safepoint: 2708 ns, Cleanup: 67208 ns, At safepoint: 4750 ns, Total: 74666 ns
[2025-08-06T21:04:55.653+0000][65][info][gc,start    ] GC(0) Pause Young (Normal) (G1 Evacuation Pause)
[2025-08-06T21:04:55.654+0000][65][info][gc,task     ] GC(0) Using 4 workers of 4 for evacuation
[2025-08-06T21:04:55.656+0000][65][debug][gc,age      ] GC(0) Desired survivor size 2097152 bytes, new threshold 15 (max threshold 15)
[2025-08-06T21:04:55.658+0000][65][info ][gc,phases   ] GC(0)   Pre Evacuate Collection Set: 0.6ms
[2025-08-06T21:04:55.660+0000][65][info ][gc,phases   ] GC(0)   Merge Heap Roots: 0.1ms
[2025-08-06T21:04:55.661+0000][65][info ][gc,phases   ] GC(0)   Evacuate Collection Set: 0.9ms
[2025-08-06T21:04:55.662+0000][65][info ][gc,phases   ] GC(0)   Post Evacuate Collection Set: 0.3ms
[2025-08-06T21:04:55.663+0000][65][info ][gc,phases   ] GC(0)   Other: 2.0ms
[2025-08-06T21:04:55.664+0000][65][trace][gc,age      ] GC(0) Age table with threshold 15 (max threshold 15)
[2025-08-06T21:04:55.664+0000][65][trace][gc,age      ] GC(0) - age   1:     419376 bytes,     419376 total
[2025-08-06T21:04:55.665+0000][65][info ][gc,heap     ] GC(0) Eden regions: 3->0(10)
[2025-08-06T21:04:55.666+0000][65][info ][gc,heap     ] GC(0) Survivor regions: 0->1(1)
[2025-08-06T21:04:55.667+0000][65][info ][gc,heap     ] GC(0) Old regions: 1->1
[2025-08-06T21:04:55.668+0000][65][info ][gc,heap     ] GC(0) Humongous regions: 0->0
[2025-08-06T21:04:55.669+0000][65][info ][gc,metaspace] GC(0) Metaspace: 696K(896K)->696K(896K) NonClass: 649K(768K)->649K(768K) Class: 46K(128K)->46K(128K)
[2025-08-06T21:04:55.671+0000][65][info ][gc          ] GC(0) Pause Young (Normal) (G1 Evacuation Pause) 13M->1M(256M) 17.897ms
[2025-08-06T21:04:55.672+0000][65][info ][gc,cpu      ] GC(0) User=0.00s Sys=0.00s Real=0.02s
[2025-08-06T21:04:55.673+0000][65][info ][safepoint   ] Safepoint "G1CollectForAllocation", Time since last: 18038209 ns, Reaching safepoint: 125250 ns, Cleanup: 31541 ns, At safepoint: 20425709 ns, Total: 20582500 ns
[2025-08-06T21:04:55.816+0000][65][info ][safepoint   ] Safepoint "ICBufferFull", Time since last: 142620875 ns, Reaching safepoint: 2916 ns, Cleanup: 71417 ns, At safepoint: 1583 ns, Total: 75916 ns
[2025-08-06T21:04:56.064+0000][65][info ][safepoint   ] Safepoint "ICBufferFull", Time since last: 248118001 ns, Reaching safepoint: 2166 ns, Cleanup: 80334 ns, At safepoint: 2708 ns, Total: 85208 ns
[2025-08-06T21:04:56.353+0000][65][info ][gc,start    ] GC(1) Pause Young (Normal) (G1 Evacuation Pause)
[2025-08-06T21:04:56.354+0000][65][info ][gc,task     ] GC(1) Using 4 workers of 4 for evacuation
[2025-08-06T21:04:56.356+0000][65][debug][gc,age      ] GC(1) Desired survivor size 4194304 bytes, new threshold 15 (max threshold 15)
[2025-08-06T21:04:56.361+0000][65][info ][gc,phases   ] GC(1)   Pre Evacuate Collection Set: 0.4ms
[2025-08-06T21:04:56.363+0000][65][info ][gc,phases   ] GC(1)   Merge Heap Roots: 0.1ms
[2025-08-06T21:04:56.364+0000][65][info ][gc,phases   ] GC(1)   Evacuate Collection Set: 3.7ms
[2025-08-06T21:04:56.365+0000][65][info ][gc,phases   ] GC(1)   Post Evacuate Collection Set: 0.6ms
[2025-08-06T21:04:56.366+0000][65][info ][gc,phases   ] GC(1)   Other: 2.4ms
[2025-08-06T21:04:56.366+0000][65][trace][gc,age      ] GC(1) Age table with threshold 15 (max threshold 15)
[2025-08-06T21:04:56.367+0000][65][trace][gc,age      ] GC(1) - age   1:    4375640 bytes,    4375640 total
[2025-08-06T21:04:56.368+0000][65][trace][gc,age      ] GC(1) - age   2:     400224 bytes,    4775864 total
[2025-08-06T21:04:56.369+0000][65][info ][gc,heap     ] GC(1) Eden regions: 10->0(36)
[2025-08-06T21:04:56.371+0000][65][info ][gc,heap     ] GC(1) Survivor regions: 1->2(2)
[2025-08-06T21:04:56.373+0000][65][info ][gc,heap     ] GC(1) Old regions: 1->1
[2025-08-06T21:04:56.375+0000][65][info ][gc,heap     ] GC(1) Humongous regions: 0->0
[2025-08-06T21:04:56.377+0000][65][info ][gc,metaspace] GC(1) Metaspace: 8541K(8768K)->8541K(8768K) NonClass: 7496K(7616K)->7496K(7616K) Class: 1045K(1152K)->1045K(1152K)
[2025-08-06T21:04:56.378+0000][65][info ][gc          ] GC(1) Pause Young (Normal) (G1 Evacuation Pause) 41M->5M(256M) 25.750ms
[2025-08-06T21:04:56.380+0000][65][info ][gc,cpu      ] GC(1) User=0.01s Sys=0.00s Real=0.03s
[2025-08-06T21:04:56.382+0000][65][info ][safepoint   ] Safepoint "G1CollectForAllocation", Time since last: 288559500 ns, Reaching safepoint: 89250 ns, Cleanup: 84875 ns, At safepoint: 29065167 ns, Total: 29239292 ns
[2025-08-06T21:04:56.479+0000][65][info ][safepoint   ] Safepoint "ICBufferFull", Time since last: 96759458 ns, Reaching safepoint: 2500 ns, Cleanup: 77000 ns, At safepoint: 23583 ns, Total: 103083 ns
[2025-08-06T21:04:56.692+0000][65][info ][safepoint   ] Safepoint "ICBufferFull", Time since last: 212981584 ns, Reaching safepoint: 2667 ns, Cleanup: 113916 ns, At safepoint: 2042 ns, Total: 118625 ns
[2025-08-06T21:04:56.784+0000][65][info ][safepoint   ] Safepoint "ICBufferFull", Time since last: 91892667 ns, Reaching safepoint: 2458 ns, Cleanup: 78458 ns, At safepoint: 1584 ns, Total: 82500 ns
[2025-08-06T21:04:57.028+0000][65][info ][safepoint   ] Safepoint "ICBufferFull", Time since last: 243813541 ns, Reaching safepoint: 2875 ns, Cleanup: 96709 ns, At safepoint: 11958 ns, Total: 111542 ns
[2025-08-06T21:04:57.346+0000][65][info ][safepoint   ] Safepoint "ICBufferFull", Time since last: 318514792 ns, Reaching safepoint: 2666 ns, Cleanup: 286959 ns, At safepoint: 2541 ns, Total: 292166 ns
[2025-08-06T21:04:57.418+0000][65][info ][safepoint   ] Safepoint "ICBufferFull", Time since last: 71233792 ns, Reaching safepoint: 3375 ns, Cleanup: 83250 ns, At safepoint: 1875 ns, Total: 88500 ns
[2025-08-06T21:04:57.537+0000][65][info ][safepoint   ] Safepoint "ICBufferFull", Time since last: 119003542 ns, Reaching safepoint: 3042 ns, Cleanup: 175541 ns, At safepoint: 4250 ns, Total: 182833 ns
[2025-08-06T21:04:57.577+0000][65][info ][gc,start    ] GC(2) Pause Young (Normal) (G1 Evacuation Pause)
[2025-08-06T21:04:57.579+0000][65][info ][gc,task     ] GC(2) Using 4 workers of 4 for evacuation
[2025-08-06T21:04:57.580+0000][65][debug][gc,age      ] GC(2) Desired survivor size 10485760 bytes, new threshold 15 (max threshold 15)
[2025-08-06T21:04:57.594+0000][65][info ][gc,phases   ] GC(2)   Pre Evacuate Collection Set: 0.1ms
[2025-08-06T21:04:57.597+0000][65][info ][gc,phases   ] GC(2)   Merge Heap Roots: 0.2ms
[2025-08-06T21:04:57.598+0000][65][info ][gc,phases   ] GC(2)   Evacuate Collection Set: 12.4ms
[2025-08-06T21:04:57.599+0000][65][info ][gc,phases   ] GC(2)   Post Evacuate Collection Set: 1.1ms
[2025-08-06T21:04:57.600+0000][65][info ][gc,phases   ] GC(2)   Other: 1.6ms
[2025-08-06T21:04:57.601+0000][65][trace][gc,age      ] GC(2) Age table with threshold 15 (max threshold 15)
[2025-08-06T21:04:57.602+0000][65][trace][gc,age      ] GC(2) - age   1:    5437608 bytes,    5437608 total
[2025-08-06T21:04:57.603+0000][65][trace][gc,age      ] GC(2) - age   2:    4252584 bytes,    9690192 total
[2025-08-06T21:04:57.603+0000][65][trace][gc,age      ] GC(2) - age   3:     398336 bytes,   10088528 total
[2025-08-06T21:04:57.605+0000][65][info ][gc,heap     ] GC(2) Eden regions: 36->0(34)
[2025-08-06T21:04:57.605+0000][65][info ][gc,heap     ] GC(2) Survivor regions: 2->3(5)
[2025-08-06T21:04:57.606+0000][65][info ][gc,heap     ] GC(2) Old regions: 1->1
[2025-08-06T21:04:57.607+0000][65][info ][gc,heap     ] GC(2) Humongous regions: 0->0
[2025-08-06T21:04:57.608+0000][65][info ][gc,metaspace] GC(2) Metaspace: 19530K(20032K)->19530K(20032K) NonClass: 17378K(17664K)->17378K(17664K) Class: 2151K(2368K)->2151K(2368K)
[2025-08-06T21:04:57.609+0000][65][info ][gc          ] GC(2) Pause Young (Normal) (G1 Evacuation Pause) 149M->11M(256M) 31.377ms
[2025-08-06T21:04:57.610+0000][65][info ][gc,cpu      ] GC(2) User=0.03s Sys=0.00s Real=0.03s
[2025-08-06T21:04:57.611+0000][65][info ][safepoint   ] Safepoint "G1CollectForAllocation", Time since last: 40408709 ns, Reaching safepoint: 3375 ns, Cleanup: 13833 ns, At safepoint: 33604625 ns, Total: 33621833 ns
[2025-08-06T21:04:57.751+0000][65][info ][safepoint   ] Safepoint "ICBufferFull", Time since last: 139627667 ns, Reaching safepoint: 3375 ns, Cleanup: 96208 ns, At safepoint: 23167 ns, Total: 122750 ns
[2025-08-06T21:04:57.792+0000][65][info ][gc,start    ] GC(3) Pause Young (Concurrent Start) (Metadata GC Threshold)
[2025-08-06T21:04:57.793+0000][65][info ][gc,task     ] GC(3) Using 4 workers of 4 for evacuation
[2025-08-06T21:04:57.794+0000][65][debug][gc,age      ] GC(3) Desired survivor size 10485760 bytes, new threshold 15 (max threshold 15)
[2025-08-06T21:04:57.812+0000][65][info ][gc,phases   ] GC(3)   Pre Evacuate Collection Set: 0.1ms
[2025-08-06T21:04:57.813+0000][65][info ][gc,phases   ] GC(3)   Merge Heap Roots: 0.0ms
[2025-08-06T21:04:57.814+0000][65][info ][gc,phases   ] GC(3)   Evacuate Collection Set: 15.4ms
[2025-08-06T21:04:57.816+0000][65][info ][gc,phases   ] GC(3)   Post Evacuate Collection Set: 0.8ms
[2025-08-06T21:04:57.817+0000][65][info ][gc,phases   ] GC(3)   Other: 1.9ms
[2025-08-06T21:04:57.818+0000][65][trace][gc,age      ] GC(3) Age table with threshold 15 (max threshold 15)
[2025-08-06T21:04:57.819+0000][65][trace][gc,age      ] GC(3) - age   1:    1957728 bytes,    1957728 total
[2025-08-06T21:04:57.821+0000][65][trace][gc,age      ] GC(3) - age   2:    4587984 bytes,    6545712 total
[2025-08-06T21:04:57.822+0000][65][trace][gc,age      ] GC(3) - age   3:    4251848 bytes,   10797560 total
[2025-08-06T21:04:57.824+0000][65][trace][gc,age      ] GC(3) - age   4:     398336 bytes,   11195896 total
[2025-08-06T21:04:57.824+0000][65][info ][gc,heap     ] GC(3) Eden regions: 21->0(35)
[2025-08-06T21:04:57.825+0000][65][info ][gc,heap     ] GC(3) Survivor regions: 3->3(5)
[2025-08-06T21:04:57.826+0000][65][info ][gc,heap     ] GC(3) Old regions: 1->1
[2025-08-06T21:04:57.827+0000][65][info ][gc,heap     ] GC(3) Humongous regions: 0->0
[2025-08-06T21:04:57.828+0000][65][info ][gc,metaspace] GC(3) Metaspace: 20984K(21504K)->20984K(21504K) NonClass: 18715K(19008K)->18715K(19008K) Class: 2268K(2496K)->2268K(2496K)
[2025-08-06T21:04:57.829+0000][65][info ][gc          ] GC(3) Pause Young (Concurrent Start) (Metadata GC Threshold) 93M->12M(256M) 37.610ms
[2025-08-06T21:04:57.830+0000][65][info ][gc,cpu      ] GC(3) User=0.03s Sys=0.00s Real=0.04s
[2025-08-06T21:04:57.832+0000][65][info ][safepoint   ] Safepoint "CollectForMetadataAllocation", Time since last: 40867000 ns, Reaching safepoint: 2791 ns, Cleanup: 18375 ns, At safepoint: 40707375 ns, Total: 40728541 ns
[2025-08-06T21:04:57.831+0000][65][info ][gc          ] GC(4) Concurrent Mark Cycle
[2025-08-06T21:04:57.839+0000][65][info ][gc,marking  ] GC(4) Concurrent Scan Root Regions
[2025-08-06T21:04:57.845+0000][65][info ][gc,marking  ] GC(4) Concurrent Scan Root Regions 5.977ms
[2025-08-06T21:04:57.846+0000][65][info ][gc,marking  ] GC(4) Concurrent Mark
[2025-08-06T21:04:57.847+0000][65][info ][gc,marking  ] GC(4) Concurrent Mark From Roots
[2025-08-06T21:04:57.848+0000][65][info ][gc,task     ] GC(4) Using 1 workers of 1 for marking
[2025-08-06T21:04:57.850+0000][65][info ][gc,marking  ] GC(4) Concurrent Mark From Roots 3.043ms
[2025-08-06T21:04:57.851+0000][65][info ][gc,marking  ] GC(4) Concurrent Preclean
[2025-08-06T21:04:57.852+0000][65][info ][gc,marking  ] GC(4) Concurrent Preclean 0.897ms
[2025-08-06T21:04:57.854+0000][65][info ][gc,start    ] GC(4) Pause Remark
[2025-08-06T21:04:57.857+0000][65][info ][gc          ] GC(4) Pause Remark 15M->15M(256M) 3.592ms
[2025-08-06T21:04:57.858+0000][65][info ][gc,cpu      ] GC(4) User=0.00s Sys=0.00s Real=0.00s
[2025-08-06T21:04:57.859+0000][65][info ][safepoint   ] Safepoint "G1PauseRemark", Time since last: 20495875 ns, Reaching safepoint: 665709 ns, Cleanup: 25250 ns, At safepoint: 5761791 ns, Total: 6452750 ns
[2025-08-06T21:04:57.860+0000][65][info ][gc,marking  ] GC(4) Concurrent Mark 14.143ms
[2025-08-06T21:04:57.861+0000][65][info ][gc,marking  ] GC(4) Concurrent Rebuild Remembered Sets and Scrub Regions
[2025-08-06T21:04:57.863+0000][65][info ][gc,marking  ] GC(4) Concurrent Rebuild Remembered Sets and Scrub Regions 1.592ms
[2025-08-06T21:04:57.863+0000][65][info ][gc,start    ] GC(4) Pause Cleanup
[2025-08-06T21:04:57.864+0000][65][info ][gc          ] GC(4) Pause Cleanup 15M->15M(256M) 0.920ms
[2025-08-06T21:04:57.865+0000][65][info ][gc,cpu      ] GC(4) User=0.00s Sys=0.00s Real=0.00s
[2025-08-06T21:04:57.866+0000][65][info ][safepoint   ] Safepoint "G1PauseCleanup", Time since last: 3974334 ns, Reaching safepoint: 203583 ns, Cleanup: 6792 ns, At safepoint: 2577250 ns, Total: 2787625 ns
[2025-08-06T21:04:57.867+0000][65][info ][gc,marking  ] GC(4) Concurrent Clear Claimed Marks
[2025-08-06T21:04:57.868+0000][65][info ][gc,marking  ] GC(4) Concurrent Clear Claimed Marks 0.800ms
[2025-08-06T21:04:57.869+0000][65][info ][gc,marking  ] GC(4) Concurrent Cleanup for Next Mark
[2025-08-06T21:04:57.870+0000][65][info ][gc,marking  ] GC(4) Concurrent Cleanup for Next Mark 0.963ms
[2025-08-06T21:04:57.870+0000][65][info ][gc          ] GC(4) Concurrent Mark Cycle 39.418ms
[2025-08-06T21:04:58.072+0000][65][info ][safepoint   ] Safepoint "ICBufferFull", Time since last: 205988583 ns, Reaching safepoint: 91125 ns, Cleanup: 102959 ns, At safepoint: 21708 ns, Total: 215792 ns
[2025-08-06T21:04:58.254+0000][65][info ][safepoint   ] Safepoint "ICBufferFull", Time since last: 181838083 ns, Reaching safepoint: 2917 ns, Cleanup: 101750 ns, At safepoint: 1583 ns, Total: 106250 ns
[2025-08-06T21:04:58.377+0000][65][info ][gc,start    ] GC(5) Pause Young (Prepare Mixed) (G1 Evacuation Pause)
[2025-08-06T21:04:58.378+0000][65][info ][gc,task     ] GC(5) Using 4 workers of 4 for evacuation
[2025-08-06T21:04:58.379+0000][65][debug][gc,age      ] GC(5) Desired survivor size 10485760 bytes, new threshold 3 (max threshold 15)
[2025-08-06T21:04:58.396+0000][65][info ][gc,phases   ] GC(5)   Pre Evacuate Collection Set: 0.1ms
[2025-08-06T21:04:58.397+0000][65][info ][gc,phases   ] GC(5)   Merge Heap Roots: 0.0ms
[2025-08-06T21:04:58.398+0000][65][info ][gc,phases   ] GC(5)   Evacuate Collection Set: 14.0ms
[2025-08-06T21:04:58.399+0000][65][info ][gc,phases   ] GC(5)   Post Evacuate Collection Set: 1.3ms
[2025-08-06T21:04:58.400+0000][65][info ][gc,phases   ] GC(5)   Other: 2.1ms
[2025-08-06T21:04:58.401+0000][65][trace][gc,age      ] GC(5) Age table with threshold 3 (max threshold 15)
[2025-08-06T21:04:58.403+0000][65][trace][gc,age      ] GC(5) - age   1:    5214072 bytes,    5214072 total
[2025-08-06T21:04:58.404+0000][65][trace][gc,age      ] GC(5) - age   2:    1903672 bytes,    7117744 total
[2025-08-06T21:04:58.405+0000][65][trace][gc,age      ] GC(5) - age   3:    4578496 bytes,   11696240 total
[2025-08-06T21:04:58.406+0000][65][info ][gc,heap     ] GC(5) Eden regions: 35->0(35)
[2025-08-06T21:04:58.407+0000][65][info ][gc,heap     ] GC(5) Survivor regions: 3->3(5)
[2025-08-06T21:04:58.408+0000][65][info ][gc,heap     ] GC(5) Old regions: 1->3
[2025-08-06T21:04:58.410+0000][65][info ][gc,heap     ] GC(5) Humongous regions: 0->0
[2025-08-06T21:04:58.411+0000][65][info ][gc,metaspace] GC(5) Metaspace: 27349K(27968K)->27349K(27968K) NonClass: 24287K(24640K)->24287K(24640K) Class: 3061K(3328K)->3061K(3328K)
[2025-08-06T21:04:58.412+0000][65][info ][gc          ] GC(5) Pause Young (Prepare Mixed) (G1 Evacuation Pause) 152M->17M(256M) 35.032ms
[2025-08-06T21:04:58.414+0000][65][info ][gc,cpu      ] GC(5) User=0.05s Sys=0.00s Real=0.04s
[2025-08-06T21:04:58.416+0000][65][info ][safepoint   ] Safepoint "G1CollectForAllocation", Time since last: 122493959 ns, Reaching safepoint: 82083 ns, Cleanup: 211125 ns, At safepoint: 39284208 ns, Total: 39577416 ns
[2025-08-06T21:04:58.565+0000][65][info ][safepoint   ] Safepoint "ICBufferFull", Time since last: 148559209 ns, Reaching safepoint: 5666 ns, Cleanup: 144375 ns, At safepoint: 2292 ns, Total: 152333 ns
[2025-08-06T21:04:58.644+0000][65][info ][gc,start    ] GC(6) Pause Young (Mixed) (G1 Evacuation Pause)
[2025-08-06T21:04:58.645+0000][65][info ][gc,task     ] GC(6) Using 4 workers of 4 for evacuation
[2025-08-06T21:04:58.647+0000][65][debug][gc,age      ] GC(6) Desired survivor size 10485760 bytes, new threshold 3 (max threshold 15)
[2025-08-06T21:04:58.659+0000][65][info ][gc,phases   ] GC(6)   Pre Evacuate Collection Set: 0.4ms
[2025-08-06T21:04:58.661+0000][65][info ][gc,phases   ] GC(6)   Merge Heap Roots: 0.0ms
[2025-08-06T21:04:58.662+0000][65][info ][gc,phases   ] GC(6)   Evacuate Collection Set: 10.2ms
[2025-08-06T21:04:58.663+0000][65][info ][gc,phases   ] GC(6)   Post Evacuate Collection Set: 0.7ms
[2025-08-06T21:04:58.664+0000][65][info ][gc,phases   ] GC(6)   Other: 2.7ms
[2025-08-06T21:04:58.665+0000][65][trace][gc,age      ] GC(6) Age table with threshold 3 (max threshold 15)
[2025-08-06T21:04:58.666+0000][65][trace][gc,age      ] GC(6) - age   1:    3022936 bytes,    3022936 total
[2025-08-06T21:04:58.667+0000][65][trace][gc,age      ] GC(6) - age   2:    5040696 bytes,    8063632 total
[2025-08-06T21:04:58.668+0000][65][trace][gc,age      ] GC(6) - age   3:    1903304 bytes,    9966936 total
[2025-08-06T21:04:58.669+0000][65][info ][gc,heap     ] GC(6) Eden regions: 35->0(35)
[2025-08-06T21:04:58.670+0000][65][info ][gc,heap     ] GC(6) Survivor regions: 3->3(5)
[2025-08-06T21:04:58.671+0000][65][info ][gc,heap     ] GC(6) Old regions: 3->3
[2025-08-06T21:04:58.672+0000][65][info ][gc,heap     ] GC(6) Humongous regions: 0->0
[2025-08-06T21:04:58.673+0000][65][info ][gc,metaspace] GC(6) Metaspace: 28364K(28992K)->28364K(28992K) NonClass: 25161K(25536K)->25161K(25536K) Class: 3202K(3456K)->3202K(3456K)
[2025-08-06T21:04:58.674+0000][65][info ][gc          ] GC(6) Pause Young (Mixed) (G1 Evacuation Pause) 157M->21M(256M) 29.973ms
[2025-08-06T21:04:58.675+0000][65][info ][gc,cpu      ] GC(6) User=0.03s Sys=0.00s Real=0.03s
[2025-08-06T21:04:58.676+0000][65][info ][safepoint   ] Safepoint "G1CollectForAllocation", Time since last: 78744792 ns, Reaching safepoint: 3708 ns, Cleanup: 57875 ns, At safepoint: 32196208 ns, Total: 32257791 ns
[2025-08-06T21:04:58.901+0000][65][info ][gc,start    ] GC(7) Pause Young (Normal) (G1 Evacuation Pause)
[2025-08-06T21:04:58.902+0000][65][info ][gc,task     ] GC(7) Using 4 workers of 4 for evacuation
[2025-08-06T21:04:58.903+0000][65][debug][gc,age      ] GC(7) Desired survivor size 10485760 bytes, new threshold 15 (max threshold 15)
[2025-08-06T21:04:58.914+0000][65][info ][gc,phases   ] GC(7)   Pre Evacuate Collection Set: 0.1ms
[2025-08-06T21:04:58.917+0000][65][info ][gc,phases   ] GC(7)   Merge Heap Roots: 0.0ms
[2025-08-06T21:04:58.918+0000][65][info ][gc,phases   ] GC(7)   Evacuate Collection Set: 8.3ms
[2025-08-06T21:04:58.919+0000][65][info ][gc,phases   ] GC(7)   Post Evacuate Collection Set: 1.0ms
[2025-08-06T21:04:58.921+0000][65][info ][gc,phases   ] GC(7)   Other: 2.4ms
[2025-08-06T21:04:58.922+0000][65][trace][gc,age      ] GC(7) Age table with threshold 15 (max threshold 15)
[2025-08-06T21:04:58.923+0000][65][trace][gc,age      ] GC(7) - age   1:    3310192 bytes,    3310192 total
[2025-08-06T21:04:58.924+0000][65][trace][gc,age      ] GC(7) - age   2:    2642008 bytes,    5952200 total
[2025-08-06T21:04:58.925+0000][65][trace][gc,age      ] GC(7) - age   3:    5040264 bytes,   10992464 total
[2025-08-06T21:04:58.926+0000][65][trace][gc,age      ] GC(7) - age   4:    1903016 bytes,   12895480 total
[2025-08-06T21:04:58.927+0000][65][info ][gc,heap     ] GC(7) Eden regions: 35->0(34)
[2025-08-06T21:04:58.928+0000][65][info ][gc,heap     ] GC(7) Survivor regions: 3->4(5)
[2025-08-06T21:04:58.929+0000][65][info ][gc,heap     ] GC(7) Old regions: 3->3
[2025-08-06T21:04:58.930+0000][65][info ][gc,heap     ] GC(7) Humongous regions: 0->0
[2025-08-06T21:04:58.931+0000][65][info ][gc,metaspace] GC(7) Metaspace: 28676K(29376K)->28676K(29376K) NonClass: 25432K(25792K)->25432K(25792K) Class: 3243K(3584K)->3243K(3584K)
[2025-08-06T21:04:58.932+0000][65][info ][gc          ] GC(7) Pause Young (Normal) (G1 Evacuation Pause) 161M->24M(256M) 31.445ms
[2025-08-06T21:04:58.934+0000][65][info ][gc,cpu      ] GC(7) User=0.02s Sys=0.00s Real=0.04s
[2025-08-06T21:04:58.935+0000][65][info ][safepoint   ] Safepoint "G1CollectForAllocation", Time since last: 224713542 ns, Reaching safepoint: 3209 ns, Cleanup: 59291 ns, At safepoint: 34318125 ns, Total: 34380625 ns
[2025-08-06T21:04:59.365+0000][65][info ][safepoint   ] Safepoint "ICBufferFull", Time since last: 430214042 ns, Reaching safepoint: 3042 ns, Cleanup: 97500 ns, At safepoint: 1416 ns, Total: 101958 ns
[2025-08-06T21:04:59.391+0000][65][info ][gc,start    ] GC(8) Pause Young (Normal) (G1 Evacuation Pause)
[2025-08-06T21:04:59.393+0000][65][info ][gc,task     ] GC(8) Using 4 workers of 4 for evacuation
[2025-08-06T21:04:59.394+0000][65][debug][gc,age      ] GC(8) Desired survivor size 10485760 bytes, new threshold 3 (max threshold 15)
[2025-08-06T21:04:59.407+0000][65][info ][gc,phases   ] GC(8)   Pre Evacuate Collection Set: 0.1ms
[2025-08-06T21:04:59.408+0000][65][info ][gc,phases   ] GC(8)   Merge Heap Roots: 0.1ms
[2025-08-06T21:04:59.409+0000][65][info ][gc,phases   ] GC(8)   Evacuate Collection Set: 10.3ms
[2025-08-06T21:04:59.411+0000][65][info ][gc,phases   ] GC(8)   Post Evacuate Collection Set: 0.6ms
[2025-08-06T21:04:59.412+0000][65][info ][gc,phases   ] GC(8)   Other: 3.3ms
[2025-08-06T21:04:59.413+0000][65][trace][gc,age      ] GC(8) Age table with threshold 3 (max threshold 15)
[2025-08-06T21:04:59.414+0000][65][trace][gc,age      ] GC(8) - age   1:    2315584 bytes,    2315584 total
[2025-08-06T21:04:59.415+0000][65][trace][gc,age      ] GC(8) - age   2:    1698624 bytes,    4014208 total
[2025-08-06T21:04:59.416+0000][65][trace][gc,age      ] GC(8) - age   3:    2641560 bytes,    6655768 total
[2025-08-06T21:04:59.417+0000][65][info ][gc,heap     ] GC(8) Eden regions: 34->0(36)
[2025-08-06T21:04:59.418+0000][65][info ][gc,heap     ] GC(8) Survivor regions: 4->2(5)
[2025-08-06T21:04:59.420+0000][65][info ][gc,heap     ] GC(8) Old regions: 3->5
[2025-08-06T21:04:59.421+0000][65][info ][gc,heap     ] GC(8) Humongous regions: 0->0
[2025-08-06T21:04:59.422+0000][65][info ][gc,metaspace] GC(8) Metaspace: 30070K(30784K)->30070K(30784K) NonClass: 26683K(27072K)->26683K(27072K) Class: 3387K(3712K)->3387K(3712K)
[2025-08-06T21:04:59.423+0000][65][info ][gc          ] GC(8) Pause Young (Normal) (G1 Evacuation Pause) 160M->24M(256M) 31.853ms
[2025-08-06T21:04:59.424+0000][65][info ][gc,cpu      ] GC(8) User=0.02s Sys=0.00s Real=0.04s
[2025-08-06T21:04:59.432+0000][65][info ][safepoint   ] Safepoint "G1CollectForAllocation", Time since last: 25289125 ns, Reaching safepoint: 3250 ns, Cleanup: 79667 ns, At safepoint: 41179583 ns, Total: 41262500 ns
[2025-08-06T21:04:59.917+0000][65][info ][gc,start    ] GC(9) Pause Young (Normal) (G1 Evacuation Pause)
[2025-08-06T21:04:59.920+0000][65][info ][gc,task     ] GC(9) Using 4 workers of 4 for evacuation
[2025-08-06T21:04:59.923+0000][65][debug][gc,age      ] GC(9) Desired survivor size 10485760 bytes, new threshold 15 (max threshold 15)
[2025-08-06T21:04:59.931+0000][65][info ][gc,phases   ] GC(9)   Pre Evacuate Collection Set: 0.6ms
[2025-08-06T21:04:59.933+0000][65][info ][gc,phases   ] GC(9)   Merge Heap Roots: 0.0ms
[2025-08-06T21:04:59.934+0000][65][info ][gc,phases   ] GC(9)   Evacuate Collection Set: 5.1ms
[2025-08-06T21:04:59.935+0000][65][info ][gc,phases   ] GC(9)   Post Evacuate Collection Set: 0.8ms
[2025-08-06T21:04:59.936+0000][65][info ][gc,phases   ] GC(9)   Other: 4.5ms
[2025-08-06T21:04:59.937+0000][65][trace][gc,age      ] GC(9) Age table with threshold 15 (max threshold 15)
[2025-08-06T21:04:59.939+0000][65][trace][gc,age      ] GC(9) - age   1:    3246952 bytes,    3246952 total
[2025-08-06T21:04:59.940+0000][65][trace][gc,age      ] GC(9) - age   2:    2302000 bytes,    5548952 total
[2025-08-06T21:04:59.941+0000][65][trace][gc,age      ] GC(9) - age   3:    1698592 bytes,    7247544 total
[2025-08-06T21:04:59.943+0000][65][trace][gc,age      ] GC(9) - age   4:    2641560 bytes,    9889104 total
[2025-08-06T21:04:59.944+0000][65][info ][gc,heap     ] GC(9) Eden regions: 36->0(35)
[2025-08-06T21:04:59.945+0000][65][info ][gc,heap     ] GC(9) Survivor regions: 2->3(5)
[2025-08-06T21:04:59.948+0000][65][info ][gc,heap     ] GC(9) Old regions: 5->5
[2025-08-06T21:04:59.950+0000][65][info ][gc,heap     ] GC(9) Humongous regions: 0->0
[2025-08-06T21:04:59.952+0000][65][info ][gc,metaspace] GC(9) Metaspace: 34387K(35200K)->34387K(35200K) NonClass: 30504K(30976K)->30504K(30976K) Class: 3883K(4224K)->3883K(4224K)
[2025-08-06T21:04:59.955+0000][65][info ][gc          ] GC(9) Pause Young (Normal) (G1 Evacuation Pause) 168M->27M(256M) 38.346ms
[2025-08-06T21:04:59.957+0000][65][info ][gc,cpu      ] GC(9) User=0.01s Sys=0.00s Real=0.04s
[2025-08-06T21:04:59.960+0000][65][info ][safepoint   ] Safepoint "G1CollectForAllocation", Time since last: 484551917 ns, Reaching safepoint: 11459 ns, Cleanup: 107750 ns, At safepoint: 43406416 ns, Total: 43525625 ns
[2025-08-06T21:05:00.296+0000][65][info ][gc,start    ] GC(10) Pause Young (Concurrent Start) (Metadata GC Threshold)
[2025-08-06T21:05:00.297+0000][65][info ][gc,task     ] GC(10) Using 4 workers of 4 for evacuation
[2025-08-06T21:05:00.298+0000][65][debug][gc,age      ] GC(10) Desired survivor size 10485760 bytes, new threshold 15 (max threshold 15)
[2025-08-06T21:05:00.306+0000][65][info ][gc,phases   ] GC(10)   Pre Evacuate Collection Set: 0.2ms
[2025-08-06T21:05:00.308+0000][65][info ][gc,phases   ] GC(10)   Merge Heap Roots: 0.0ms
[2025-08-06T21:05:00.312+0000][65][info ][gc,phases   ] GC(10)   Evacuate Collection Set: 5.0ms
[2025-08-06T21:05:00.314+0000][65][info ][gc,phases   ] GC(10)   Post Evacuate Collection Set: 0.7ms
[2025-08-06T21:05:00.315+0000][65][info ][gc,phases   ] GC(10)   Other: 2.8ms
[2025-08-06T21:05:00.316+0000][65][trace][gc,age      ] GC(10) Age table with threshold 15 (max threshold 15)
[2025-08-06T21:05:00.317+0000][65][trace][gc,age      ] GC(10) - age   1:    3008312 bytes,    3008312 total
[2025-08-06T21:05:00.318+0000][65][trace][gc,age      ] GC(10) - age   2:    3231800 bytes,    6240112 total
[2025-08-06T21:05:00.319+0000][65][trace][gc,age      ] GC(10) - age   3:    2301872 bytes,    8541984 total
[2025-08-06T21:05:00.320+0000][65][trace][gc,age      ] GC(10) - age   4:    1697320 bytes,   10239304 total
[2025-08-06T21:05:00.321+0000][65][trace][gc,age      ] GC(10) - age   5:    2639848 bytes,   12879152 total
[2025-08-06T21:05:00.322+0000][65][info ][gc,heap     ] GC(10) Eden regions: 27->0(34)
[2025-08-06T21:05:00.323+0000][65][info ][gc,heap     ] GC(10) Survivor regions: 3->4(5)
[2025-08-06T21:05:00.325+0000][65][info ][gc,heap     ] GC(10) Old regions: 5->5
[2025-08-06T21:05:00.327+0000][65][info ][gc,heap     ] GC(10) Humongous regions: 0->0
[2025-08-06T21:05:00.328+0000][65][info ][gc,metaspace] GC(10) Metaspace: 35657K(36416K)->35657K(36416K) NonClass: 31619K(32064K)->31619K(32064K) Class: 4038K(4352K)->4038K(4352K)
[2025-08-06T21:05:00.329+0000][65][info ][gc          ] GC(10) Pause Young (Concurrent Start) (Metadata GC Threshold) 135M->30M(256M) 32.999ms
[2025-08-06T21:05:00.330+0000][65][info ][gc,cpu      ] GC(10) User=0.02s Sys=0.00s Real=0.03s
[2025-08-06T21:05:00.330+0000][65][info ][gc          ] GC(11) Concurrent Mark Cycle
[2025-08-06T21:05:00.333+0000][65][info ][gc,marking  ] GC(11) Concurrent Scan Root Regions
[2025-08-06T21:05:00.335+0000][65][info ][safepoint   ] Safepoint "CollectForMetadataAllocation", Time since last: 335589501 ns, Reaching safepoint: 3208 ns, Cleanup: 101583 ns, At safepoint: 39247834 ns, Total: 39352625 ns
[2025-08-06T21:05:00.339+0000][65][info ][gc,marking  ] GC(11) Concurrent Scan Root Regions 5.848ms
[2025-08-06T21:05:00.343+0000][65][info ][gc,marking  ] GC(11) Concurrent Mark
[2025-08-06T21:05:00.344+0000][65][info ][gc,marking  ] GC(11) Concurrent Mark From Roots
[2025-08-06T21:05:00.345+0000][65][info ][gc,task     ] GC(11) Using 1 workers of 1 for marking
[2025-08-06T21:05:00.367+0000][65][info ][gc,marking  ] GC(11) Concurrent Mark From Roots 23.494ms
[2025-08-06T21:05:00.369+0000][65][info ][gc,marking  ] GC(11) Concurrent Preclean
[2025-08-06T21:05:00.370+0000][65][info ][gc,marking  ] GC(11) Concurrent Preclean 1.334ms
[2025-08-06T21:05:00.371+0000][65][info ][gc,start    ] GC(11) Pause Remark
[2025-08-06T21:05:00.383+0000][65][info ][gc          ] GC(11) Pause Remark 34M->34M(256M) 11.205ms
[2025-08-06T21:05:00.384+0000][65][info ][gc,cpu      ] GC(11) User=0.03s Sys=0.00s Real=0.02s
[2025-08-06T21:05:00.386+0000][65][info ][safepoint   ] Safepoint "G1PauseRemark", Time since last: 36305250 ns, Reaching safepoint: 131500 ns, Cleanup: 21125 ns, At safepoint: 14250791 ns, Total: 14403416 ns
[2025-08-06T21:05:00.390+0000][65][info ][gc,marking  ] GC(11) Concurrent Mark 46.927ms
[2025-08-06T21:05:00.392+0000][65][info ][gc,marking  ] GC(11) Concurrent Rebuild Remembered Sets and Scrub Regions
[2025-08-06T21:05:00.403+0000][65][info ][gc,marking  ] GC(11) Concurrent Rebuild Remembered Sets and Scrub Regions 10.784ms
[2025-08-06T21:05:00.405+0000][65][info ][gc,start    ] GC(11) Pause Cleanup
[2025-08-06T21:05:00.406+0000][65][info ][gc          ] GC(11) Pause Cleanup 38M->38M(256M) 1.354ms
[2025-08-06T21:05:00.407+0000][65][info ][gc,cpu      ] GC(11) User=0.00s Sys=0.00s Real=0.00s
[2025-08-06T21:05:00.408+0000][65][info ][safepoint   ] Safepoint "G1PauseCleanup", Time since last: 18776792 ns, Reaching safepoint: 160167 ns, Cleanup: 20416 ns, At safepoint: 3653500 ns, Total: 3834083 ns
[2025-08-06T21:05:00.409+0000][65][info ][gc,marking  ] GC(11) Concurrent Clear Claimed Marks
[2025-08-06T21:05:00.410+0000][65][info ][gc,marking  ] GC(11) Concurrent Clear Claimed Marks 1.214ms
[2025-08-06T21:05:00.413+0000][65][info ][gc,marking  ] GC(11) Concurrent Cleanup for Next Mark
[2025-08-06T21:05:00.416+0000][65][info ][gc,marking  ] GC(11) Concurrent Cleanup for Next Mark 3.195ms
[2025-08-06T21:05:00.417+0000][65][info ][gc          ] GC(11) Concurrent Mark Cycle 87.264ms
[2025-08-06T21:05:00.645+0000][65][info ][gc,start    ] GC(12) Pause Young (Normal) (G1 Evacuation Pause)
[2025-08-06T21:05:00.647+0000][65][info ][gc,task     ] GC(12) Using 4 workers of 4 for evacuation
[2025-08-06T21:05:00.648+0000][65][debug][gc,age      ] GC(12) Desired survivor size 10485760 bytes, new threshold 5 (max threshold 15)
[2025-08-06T21:05:00.657+0000][65][info ][gc,phases   ] GC(12)   Pre Evacuate Collection Set: 0.1ms
[2025-08-06T21:05:00.659+0000][65][info ][gc,phases   ] GC(12)   Merge Heap Roots: 0.0ms
[2025-08-06T21:05:00.660+0000][65][info ][gc,phases   ] GC(12)   Evacuate Collection Set: 7.0ms
[2025-08-06T21:05:00.662+0000][65][info ][gc,phases   ] GC(12)   Post Evacuate Collection Set: 0.7ms
[2025-08-06T21:05:00.664+0000][65][info ][gc,phases   ] GC(12)   Other: 2.5ms
[2025-08-06T21:05:00.665+0000][65][trace][gc,age      ] GC(12) Age table with threshold 5 (max threshold 15)
[2025-08-06T21:05:00.666+0000][65][trace][gc,age      ] GC(12) - age   1:    2249792 bytes,    2249792 total
[2025-08-06T21:05:00.667+0000][65][trace][gc,age      ] GC(12) - age   2:    2972144 bytes,    5221936 total
[2025-08-06T21:05:00.670+0000][65][trace][gc,age      ] GC(12) - age   3:    3231768 bytes,    8453704 total
[2025-08-06T21:05:00.673+0000][65][trace][gc,age      ] GC(12) - age   4:    2301720 bytes,   10755424 total
[2025-08-06T21:05:00.675+0000][65][trace][gc,age      ] GC(12) - age   5:    1697320 bytes,   12452744 total
[2025-08-06T21:05:00.676+0000][65][info ][gc,heap     ] GC(12) Eden regions: 34->0(34)
[2025-08-06T21:05:00.677+0000][65][info ][gc,heap     ] GC(12) Survivor regions: 4->4(5)
[2025-08-06T21:05:00.679+0000][65][info ][gc,heap     ] GC(12) Old regions: 5->5
[2025-08-06T21:05:00.680+0000][65][info ][gc,heap     ] GC(12) Humongous regions: 0->0
[2025-08-06T21:05:00.681+0000][65][info ][gc,metaspace] GC(12) Metaspace: 36215K(37056K)->36215K(37056K) NonClass: 32100K(32640K)->32100K(32640K) Class: 4115K(4416K)->4115K(4416K)
[2025-08-06T21:05:00.683+0000][65][info ][gc          ] GC(12) Pause Young (Normal) (G1 Evacuation Pause) 166M->32M(256M) 37.467ms
[2025-08-06T21:05:00.684+0000][65][info ][gc,cpu      ] GC(12) User=0.03s Sys=0.00s Real=0.04s
[2025-08-06T21:05:00.685+0000][65][info ][safepoint   ] Safepoint "G1CollectForAllocation", Time since last: 236779250 ns, Reaching safepoint: 3375 ns, Cleanup: 21500 ns, At safepoint: 39629084 ns, Total: 39653959 ns
[2025-08-06T21:05:00.847+0000][65][info ][gc,start    ] GC(13) Pause Young (Normal) (G1 Evacuation Pause)
[2025-08-06T21:05:00.850+0000][65][info ][gc,task     ] GC(13) Using 4 workers of 4 for evacuation
[2025-08-06T21:05:00.851+0000][65][debug][gc,age      ] GC(13) Desired survivor size 10485760 bytes, new threshold 4 (max threshold 15)
[2025-08-06T21:05:00.870+0000][65][info ][gc,phases   ] GC(13)   Pre Evacuate Collection Set: 0.2ms
[2025-08-06T21:05:00.873+0000][65][info ][gc,phases   ] GC(13)   Merge Heap Roots: 6.0ms
[2025-08-06T21:05:00.875+0000][65][info ][gc,phases   ] GC(13)   Evacuate Collection Set: 10.2ms
[2025-08-06T21:05:00.876+0000][65][info ][gc,phases   ] GC(13)   Post Evacuate Collection Set: 1.2ms
[2025-08-06T21:05:00.878+0000][65][info ][gc,phases   ] GC(13)   Other: 2.4ms
[2025-08-06T21:05:00.879+0000][65][trace][gc,age      ] GC(13) Age table with threshold 4 (max threshold 15)
[2025-08-06T21:05:00.880+0000][65][trace][gc,age      ] GC(13) - age   1:    1933464 bytes,    1933464 total
[2025-08-06T21:05:00.881+0000][65][trace][gc,age      ] GC(13) - age   2:     797688 bytes,    2731152 total
[2025-08-06T21:05:00.882+0000][65][trace][gc,age      ] GC(13) - age   3:    2972144 bytes,    5703296 total
[2025-08-06T21:05:00.884+0000][65][trace][gc,age      ] GC(13) - age   4:    3231768 bytes,    8935064 total
[2025-08-06T21:05:00.886+0000][65][info ][gc,heap     ] GC(13) Eden regions: 34->0(35)
[2025-08-06T21:05:00.888+0000][65][info ][gc,heap     ] GC(13) Survivor regions: 4->3(5)
[2025-08-06T21:05:00.889+0000][65][info ][gc,heap     ] GC(13) Old regions: 5->6
[2025-08-06T21:05:00.892+0000][65][info ][gc,heap     ] GC(13) Humongous regions: 0->0
[2025-08-06T21:05:00.897+0000][65][info ][gc,metaspace] GC(13) Metaspace: 36436K(37312K)->36436K(37312K) NonClass: 32283K(32832K)->32283K(32832K) Class: 4152K(4480K)->4152K(4480K)
[2025-08-06T21:05:00.899+0000][65][info ][gc          ] GC(13) Pause Young (Normal) (G1 Evacuation Pause) 168M->33M(256M) 52.009ms
[2025-08-06T21:05:00.900+0000][65][info ][gc,cpu      ] GC(13) User=0.02s Sys=0.00s Real=0.05s
[2025-08-06T21:05:00.906+0000][65][info ][safepoint   ] Safepoint "G1CollectForAllocation", Time since last: 161738291 ns, Reaching safepoint: 11084 ns, Cleanup: 30208 ns, At safepoint: 59433459 ns, Total: 59474751 ns
[2025-08-06T21:05:01.112+0000][65][info ][gc,start    ] GC(14) Pause Young (Normal) (G1 Evacuation Pause)
[2025-08-06T21:05:01.114+0000][65][info ][gc,task     ] GC(14) Using 4 workers of 4 for evacuation
[2025-08-06T21:05:01.115+0000][65][debug][gc,age      ] GC(14) Desired survivor size 10485760 bytes, new threshold 15 (max threshold 15)
[2025-08-06T21:05:01.121+0000][65][info ][gc,phases   ] GC(14)   Pre Evacuate Collection Set: 0.1ms
[2025-08-06T21:05:01.122+0000][65][info ][gc,phases   ] GC(14)   Merge Heap Roots: 0.0ms
[2025-08-06T21:05:01.124+0000][65][info ][gc,phases   ] GC(14)   Evacuate Collection Set: 4.5ms
[2025-08-06T21:05:01.124+0000][65][info ][gc,phases   ] GC(14)   Post Evacuate Collection Set: 0.5ms
[2025-08-06T21:05:01.126+0000][65][info ][gc,phases   ] GC(14)   Other: 2.8ms
[2025-08-06T21:05:01.127+0000][65][trace][gc,age      ] GC(14) Age table with threshold 15 (max threshold 15)
[2025-08-06T21:05:01.128+0000][65][trace][gc,age      ] GC(14) - age   1:    2884560 bytes,    2884560 total
[2025-08-06T21:05:01.129+0000][65][trace][gc,age      ] GC(14) - age   2:     565200 bytes,    3449760 total
[2025-08-06T21:05:01.130+0000][65][trace][gc,age      ] GC(14) - age   3:     797656 bytes,    4247416 total
[2025-08-06T21:05:01.131+0000][65][trace][gc,age      ] GC(14) - age   4:    2972144 bytes,    7219560 total
[2025-08-06T21:05:01.132+0000][65][trace][gc,age      ] GC(14) - age   5:    3231736 bytes,   10451296 total
[2025-08-06T21:05:01.133+0000][65][info ][gc,heap     ] GC(14) Eden regions: 35->0(35)
[2025-08-06T21:05:01.134+0000][65][info ][gc,heap     ] GC(14) Survivor regions: 3->3(5)
[2025-08-06T21:05:01.135+0000][65][info ][gc,heap     ] GC(14) Old regions: 6->6
[2025-08-06T21:05:01.136+0000][65][info ][gc,heap     ] GC(14) Humongous regions: 0->0
[2025-08-06T21:05:01.137+0000][65][info ][gc,metaspace] GC(14) Metaspace: 36509K(37440K)->36509K(37440K) NonClass: 32340K(32896K)->32340K(32896K) Class: 4168K(4544K)->4168K(4544K)
[2025-08-06T21:05:01.138+0000][65][info ][gc          ] GC(14) Pause Young (Normal) (G1 Evacuation Pause) 173M->34M(256M) 26.076ms
[2025-08-06T21:05:01.139+0000][65][info ][gc,cpu      ] GC(14) User=0.01s Sys=0.01s Real=0.03s
[2025-08-06T21:05:01.139+0000][65][info ][safepoint   ] Safepoint "G1CollectForAllocation", Time since last: 206031333 ns, Reaching safepoint: 3750 ns, Cleanup: 19333 ns, At safepoint: 27409959 ns, Total: 27433042 ns
[2025-08-06T21:05:01.514+0000][65][info ][safepoint   ] Safepoint "ICBufferFull", Time since last: 374507124 ns, Reaching safepoint: 3084 ns, Cleanup: 133333 ns, At safepoint: 5625 ns, Total: 142042 ns
[2025-08-06T21:05:01.834+0000][65][info ][safepoint   ] Safepoint "ICBufferFull", Time since last: 320346625 ns, Reaching safepoint: 3083 ns, Cleanup: 102250 ns, At safepoint: 20417 ns, Total: 125750 ns
[2025-08-06T21:05:01.970+0000][65][info ][gc,start    ] GC(15) Pause Young (Normal) (G1 Evacuation Pause)
[2025-08-06T21:05:01.972+0000][65][info ][gc,task     ] GC(15) Using 4 workers of 4 for evacuation
[2025-08-06T21:05:01.973+0000][65][debug][gc,age      ] GC(15) Desired survivor size 10485760 bytes, new threshold 15 (max threshold 15)
[2025-08-06T21:05:01.988+0000][65][info ][gc,phases   ] GC(15)   Pre Evacuate Collection Set: 0.3ms
[2025-08-06T21:05:01.989+0000][65][info ][gc,phases   ] GC(15)   Merge Heap Roots: 0.1ms
[2025-08-06T21:05:01.991+0000][65][info ][gc,phases   ] GC(15)   Evacuate Collection Set: 11.7ms
[2025-08-06T21:05:01.992+0000][65][info ][gc,phases   ] GC(15)   Post Evacuate Collection Set: 1.3ms
[2025-08-06T21:05:01.993+0000][65][info ][gc,phases   ] GC(15)   Other: 2.3ms
[2025-08-06T21:05:01.995+0000][65][trace][gc,age      ] GC(15) Age table with threshold 15 (max threshold 15)
[2025-08-06T21:05:01.996+0000][65][trace][gc,age      ] GC(15) - age   1:    8979136 bytes,    8979136 total
[2025-08-06T21:05:01.997+0000][65][trace][gc,age      ] GC(15) - age   2:    2553080 bytes,   11532216 total
[2025-08-06T21:05:01.999+0000][65][trace][gc,age      ] GC(15) - age   3:     563000 bytes,   12095216 total
[2025-08-06T21:05:02.000+0000][65][trace][gc,age      ] GC(15) - age   4:     789248 bytes,   12884464 total
[2025-08-06T21:05:02.002+0000][65][trace][gc,age      ] GC(15) - age   5:    2960640 bytes,   15845104 total
[2025-08-06T21:05:02.003+0000][65][trace][gc,age      ] GC(15) - age   6:    3227472 bytes,   19072576 total
[2025-08-06T21:05:02.004+0000][65][info ][gc,heap     ] GC(15) Eden regions: 35->0(33)
[2025-08-06T21:05:02.005+0000][65][info ][gc,heap     ] GC(15) Survivor regions: 3->5(5)
[2025-08-06T21:05:02.007+0000][65][info ][gc,heap     ] GC(15) Old regions: 6->6
[2025-08-06T21:05:02.008+0000][65][info ][gc,heap     ] GC(15) Humongous regions: 0->0
[2025-08-06T21:05:02.009+0000][65][info ][gc,metaspace] GC(15) Metaspace: 46795K(48128K)->46795K(48128K) NonClass: 41249K(42048K)->41249K(42048K) Class: 5546K(6080K)->5546K(6080K)
[2025-08-06T21:05:02.011+0000][65][info ][gc          ] GC(15) Pause Young (Normal) (G1 Evacuation Pause) 174M->43M(256M) 40.059ms
[2025-08-06T21:05:02.011+0000][65][info ][gc,cpu      ] GC(15) User=0.03s Sys=0.01s Real=0.04s
[2025-08-06T21:05:02.013+0000][65][info ][safepoint   ] Safepoint "G1CollectForAllocation", Time since last: 136269625 ns, Reaching safepoint: 3250 ns, Cleanup: 49958 ns, At safepoint: 42172750 ns, Total: 42225958 ns
[2025-08-06T21:05:02.523+0000][65][info ][gc,start    ] GC(16) Pause Young (Normal) (G1 Evacuation Pause)
[2025-08-06T21:05:02.525+0000][65][info ][gc,task     ] GC(16) Using 4 workers of 4 for evacuation
[2025-08-06T21:05:02.526+0000][65][debug][gc,age      ] GC(16) Desired survivor size 10485760 bytes, new threshold 2 (max threshold 15)
[2025-08-06T21:05:02.547+0000][65][info ][gc,phases   ] GC(16)   Pre Evacuate Collection Set: 0.3ms
[2025-08-06T21:05:02.548+0000][65][info ][gc,phases   ] GC(16)   Merge Heap Roots: 0.2ms
[2025-08-06T21:05:02.550+0000][65][info ][gc,phases   ] GC(16)   Evacuate Collection Set: 18.5ms
[2025-08-06T21:05:02.551+0000][65][info ][gc,phases   ] GC(16)   Post Evacuate Collection Set: 1.0ms
[2025-08-06T21:05:02.552+0000][65][info ][gc,phases   ] GC(16)   Other: 1.9ms
[2025-08-06T21:05:02.553+0000][65][trace][gc,age      ] GC(16) Age table with threshold 2 (max threshold 15)
[2025-08-06T21:05:02.554+0000][65][trace][gc,age      ] GC(16) - age   1:    8127600 bytes,    8127600 total
[2025-08-06T21:05:02.555+0000][65][trace][gc,age      ] GC(16) - age   2:    8324184 bytes,   16451784 total
[2025-08-06T21:05:02.557+0000][65][info ][gc,heap     ] GC(16) Eden regions: 33->0(33)
[2025-08-06T21:05:02.558+0000][65][info ][gc,heap     ] GC(16) Survivor regions: 5->5(5)
[2025-08-06T21:05:02.558+0000][65][info ][gc,heap     ] GC(16) Old regions: 6->9
[2025-08-06T21:05:02.559+0000][65][info ][gc,heap     ] GC(16) Humongous regions: 0->0
[2025-08-06T21:05:02.560+0000][65][info ][gc,metaspace] GC(16) Metaspace: 47182K(48512K)->47182K(48512K) NonClass: 41581K(42368K)->41581K(42368K) Class: 5601K(6144K)->5601K(6144K)
[2025-08-06T21:05:02.562+0000][65][info ][gc          ] GC(16) Pause Young (Normal) (G1 Evacuation Pause) 175M->51M(256M) 38.295ms
[2025-08-06T21:05:02.563+0000][65][info ][gc,cpu      ] GC(16) User=0.05s Sys=0.00s Real=0.04s
[2025-08-06T21:05:02.563+0000][65][info ][safepoint   ] Safepoint "G1CollectForAllocation", Time since last: 510588751 ns, Reaching safepoint: 3416 ns, Cleanup: 100667 ns, At safepoint: 40097333 ns, Total: 40201416 ns
[2025-08-06T21:05:03.026+0000][65][info ][safepoint   ] Safepoint "ICBufferFull", Time since last: 462640542 ns, Reaching safepoint: 3709 ns, Cleanup: 85666 ns, At safepoint: 1709 ns, Total: 91084 ns
[2025-08-06T21:05:03.200+0000][65][info ][gc,start    ] GC(17) Pause Young (Normal) (G1 Evacuation Pause)
[2025-08-06T21:05:03.202+0000][65][info ][gc,task     ] GC(17) Using 4 workers of 4 for evacuation
[2025-08-06T21:05:03.203+0000][65][debug][gc,age      ] GC(17) Desired survivor size 10485760 bytes, new threshold 2 (max threshold 15)
[2025-08-06T21:05:03.222+0000][65][info ][gc,phases   ] GC(17)   Pre Evacuate Collection Set: 0.1ms
[2025-08-06T21:05:03.224+0000][65][info ][gc,phases   ] GC(17)   Merge Heap Roots: 0.2ms
[2025-08-06T21:05:03.226+0000][65][info ][gc,phases   ] GC(17)   Evacuate Collection Set: 16.5ms
[2025-08-06T21:05:03.227+0000][65][info ][gc,phases   ] GC(17)   Post Evacuate Collection Set: 0.9ms
[2025-08-06T21:05:03.228+0000][65][info ][gc,phases   ] GC(17)   Other: 2.9ms
[2025-08-06T21:05:03.230+0000][65][trace][gc,age      ] GC(17) Age table with threshold 2 (max threshold 15)
[2025-08-06T21:05:03.231+0000][65][trace][gc,age      ] GC(17) - age   1:    6342848 bytes,    6342848 total
[2025-08-06T21:05:03.232+0000][65][trace][gc,age      ] GC(17) - age   2:    7874464 bytes,   14217312 total
[2025-08-06T21:05:03.232+0000][65][info ][gc,heap     ] GC(17) Eden regions: 33->0(34)
[2025-08-06T21:05:03.234+0000][65][info ][gc,heap     ] GC(17) Survivor regions: 5->4(5)
[2025-08-06T21:05:03.234+0000][65][info ][gc,heap     ] GC(17) Old regions: 9->11
[2025-08-06T21:05:03.236+0000][65][info ][gc,heap     ] GC(17) Humongous regions: 0->0
[2025-08-06T21:05:03.237+0000][65][info ][gc,metaspace] GC(17) Metaspace: 53222K(54592K)->53222K(54592K) NonClass: 46754K(47552K)->46754K(47552K) Class: 6468K(7040K)->6468K(7040K)
[2025-08-06T21:05:03.238+0000][65][info ][gc          ] GC(17) Pause Young (Normal) (G1 Evacuation Pause) 183M->58M(256M) 37.987ms
[2025-08-06T21:05:03.239+0000][65][info ][gc,cpu      ] GC(17) User=0.06s Sys=0.00s Real=0.04s
[2025-08-06T21:05:03.240+0000][65][info ][safepoint   ] Safepoint "G1CollectForAllocation", Time since last: 171382458 ns, Reaching safepoint: 2140750 ns, Cleanup: 58125 ns, At safepoint: 39929000 ns, Total: 42127875 ns
[2025-08-06T21:05:03.310+0000][65][info ][gc,heap,exit] Heap
[2025-08-06T21:05:03.312+0000][65][info ][gc,heap,exit]  garbage-first heap   total 262144K, used 114296K [0x00000000f0000000, 0x0000000100000000)
[2025-08-06T21:05:03.313+0000][65][info ][gc,heap,exit]   region size 4096K, 18 young (73728K), 4 survivors (16384K)
[2025-08-06T21:05:03.314+0000][65][info ][gc,heap,exit]  Metaspace       used 53350K, committed 54720K, reserved 1114112K
[2025-08-06T21:05:03.315+0000][65][info ][gc,heap,exit]   class space    used 6491K, committed 7040K, reserved 1048576K
