[2025-08-06T21:05:17.638+0000][65][info][gc,init] CardTable entry size: 512
[2025-08-06T21:05:17.639+0000][65][info][gc     ] Using G1
[2025-08-06T21:05:17.738+0000][65][info][gc,init] Version: 21.0.1+12-29 (release)
[2025-08-06T21:05:17.739+0000][65][info][gc,init] CPUs: 4 total, 4 available
[2025-08-06T21:05:17.741+0000][65][info][gc,init] Memory: 7851M
[2025-08-06T21:05:17.742+0000][65][info][gc,init] Large Page Support: Disabled
[2025-08-06T21:05:17.743+0000][65][info][gc,init] NUMA Support: Disabled
[2025-08-06T21:05:17.745+0000][65][info][gc,init] Compressed Oops: Enabled (32-bit)
[2025-08-06T21:05:17.746+0000][65][info][gc,init] Heap Region Size: 4M
[2025-08-06T21:05:17.747+0000][65][info][gc,init] Heap Min Capacity: 256M
[2025-08-06T21:05:17.748+0000][65][info][gc,init] Heap Initial Capacity: 256M
[2025-08-06T21:05:17.749+0000][65][info][gc,init] Heap Max Capacity: 256M
[2025-08-06T21:05:17.750+0000][65][info][gc,init] Pre-touch: Enabled
[2025-08-06T21:05:17.751+0000][65][info][gc,init] Parallel Workers: 4
[2025-08-06T21:05:17.752+0000][65][info][gc,init] Concurrent Workers: 1
[2025-08-06T21:05:17.753+0000][65][info][gc,init] Concurrent Refinement Workers: 4
[2025-08-06T21:05:17.754+0000][65][info][gc,init] Periodic GC: Disabled
[2025-08-06T21:05:17.766+0000][65][info][gc,metaspace] CDS archive(s) mapped at: [0x000000c800000000-0x000000c800cb0000-0x000000c800cb0000), size 13303808, SharedBaseAddress: 0x000000c800000000, ArchiveRelocationMode: 1.
[2025-08-06T21:05:17.767+0000][65][info][gc,metaspace] Compressed class space mapped at: 0x000000c801000000-0x000000c841000000, reserved size: 1073741824
[2025-08-06T21:05:17.768+0000][65][info][gc,metaspace] Narrow klass base: 0x000000c800000000, Narrow klass shift: 0, Narrow klass range: 0x100000000
[2025-08-06T21:05:17.861+0000][65][info][safepoint   ] Safepoint "ICBufferFull", Time since last: 87281042 ns, Reaching safepoint: 336958 ns, Cleanup: 66625 ns, At safepoint: 17584 ns, Total: 421167 ns
[2025-08-06T21:05:17.891+0000][65][info][gc,start    ] GC(0) Pause Young (Normal) (G1 Evacuation Pause)
[2025-08-06T21:05:17.893+0000][65][info][gc,task     ] GC(0) Using 4 workers of 4 for evacuation
[2025-08-06T21:05:17.894+0000][65][debug][gc,age      ] GC(0) Desired survivor size 2097152 bytes, new threshold 15 (max threshold 15)
[2025-08-06T21:05:17.899+0000][65][info ][gc,phases   ] GC(0)   Pre Evacuate Collection Set: 0.7ms
[2025-08-06T21:05:17.900+0000][65][info ][gc,phases   ] GC(0)   Merge Heap Roots: 0.2ms
[2025-08-06T21:05:17.902+0000][65][info ][gc,phases   ] GC(0)   Evacuate Collection Set: 1.3ms
[2025-08-06T21:05:17.903+0000][65][info ][gc,phases   ] GC(0)   Post Evacuate Collection Set: 0.5ms
[2025-08-06T21:05:17.904+0000][65][info ][gc,phases   ] GC(0)   Other: 2.9ms
[2025-08-06T21:05:17.905+0000][65][trace][gc,age      ] GC(0) Age table with threshold 15 (max threshold 15)
[2025-08-06T21:05:17.906+0000][65][trace][gc,age      ] GC(0) - age   1:     419376 bytes,     419376 total
[2025-08-06T21:05:17.907+0000][65][info ][gc,heap     ] GC(0) Eden regions: 3->0(10)
[2025-08-06T21:05:17.909+0000][65][info ][gc,heap     ] GC(0) Survivor regions: 0->1(1)
[2025-08-06T21:05:17.910+0000][65][info ][gc,heap     ] GC(0) Old regions: 1->1
[2025-08-06T21:05:17.912+0000][65][info ][gc,heap     ] GC(0) Humongous regions: 0->0
[2025-08-06T21:05:17.913+0000][65][info ][gc,metaspace] GC(0) Metaspace: 698K(896K)->698K(896K) NonClass: 652K(768K)->652K(768K) Class: 46K(128K)->46K(128K)
[2025-08-06T21:05:17.914+0000][65][info ][gc          ] GC(0) Pause Young (Normal) (G1 Evacuation Pause) 13M->1M(256M) 23.142ms
[2025-08-06T21:05:17.915+0000][65][info ][gc,cpu      ] GC(0) User=0.00s Sys=0.01s Real=0.03s
[2025-08-06T21:05:17.916+0000][65][info ][safepoint   ] Safepoint "G1CollectForAllocation", Time since last: 30064833 ns, Reaching safepoint: 7750 ns, Cleanup: 62833 ns, At safepoint: 25089125 ns, Total: 25159708 ns
[2025-08-06T21:05:18.120+0000][65][info ][safepoint   ] Safepoint "ICBufferFull", Time since last: 204036500 ns, Reaching safepoint: 3375 ns, Cleanup: 65625 ns, At safepoint: 30584 ns, Total: 99584 ns
[2025-08-06T21:05:18.316+0000][65][info ][safepoint   ] Safepoint "ICBufferFull", Time since last: 195425458 ns, Reaching safepoint: 5750 ns, Cleanup: 112375 ns, At safepoint: 12750 ns, Total: 130875 ns
[2025-08-06T21:05:18.463+0000][65][info ][gc,start    ] GC(1) Pause Young (Normal) (G1 Evacuation Pause)
[2025-08-06T21:05:18.465+0000][65][info ][gc,task     ] GC(1) Using 4 workers of 4 for evacuation
[2025-08-06T21:05:18.466+0000][65][debug][gc,age      ] GC(1) Desired survivor size 4194304 bytes, new threshold 15 (max threshold 15)
[2025-08-06T21:05:18.472+0000][65][info ][gc,phases   ] GC(1)   Pre Evacuate Collection Set: 0.2ms
[2025-08-06T21:05:18.474+0000][65][info ][gc,phases   ] GC(1)   Merge Heap Roots: 0.1ms
[2025-08-06T21:05:18.475+0000][65][info ][gc,phases   ] GC(1)   Evacuate Collection Set: 3.5ms
[2025-08-06T21:05:18.476+0000][65][info ][gc,phases   ] GC(1)   Post Evacuate Collection Set: 0.7ms
[2025-08-06T21:05:18.477+0000][65][info ][gc,phases   ] GC(1)   Other: 2.7ms
[2025-08-06T21:05:18.479+0000][65][trace][gc,age      ] GC(1) Age table with threshold 15 (max threshold 15)
[2025-08-06T21:05:18.480+0000][65][trace][gc,age      ] GC(1) - age   1:    4391608 bytes,    4391608 total
[2025-08-06T21:05:18.481+0000][65][trace][gc,age      ] GC(1) - age   2:     400320 bytes,    4791928 total
[2025-08-06T21:05:18.482+0000][65][info ][gc,heap     ] GC(1) Eden regions: 10->0(36)
[2025-08-06T21:05:18.483+0000][65][info ][gc,heap     ] GC(1) Survivor regions: 1->2(2)
[2025-08-06T21:05:18.484+0000][65][info ][gc,heap     ] GC(1) Old regions: 1->1
[2025-08-06T21:05:18.486+0000][65][info ][gc,heap     ] GC(1) Humongous regions: 0->0
[2025-08-06T21:05:18.487+0000][65][info ][gc,metaspace] GC(1) Metaspace: 8538K(8768K)->8538K(8768K) NonClass: 7492K(7616K)->7492K(7616K) Class: 1045K(1152K)->1045K(1152K)
[2025-08-06T21:05:18.488+0000][65][info ][gc          ] GC(1) Pause Young (Normal) (G1 Evacuation Pause) 41M->5M(256M) 24.746ms
[2025-08-06T21:05:18.489+0000][65][info ][gc,cpu      ] GC(1) User=0.01s Sys=0.01s Real=0.02s
[2025-08-06T21:05:18.489+0000][65][info ][safepoint   ] Safepoint "G1CollectForAllocation", Time since last: 147244750 ns, Reaching safepoint: 2875 ns, Cleanup: 78042 ns, At safepoint: 26239167 ns, Total: 26320084 ns
[2025-08-06T21:05:18.584+0000][65][info ][safepoint   ] Safepoint "ICBufferFull", Time since last: 94687708 ns, Reaching safepoint: 3667 ns, Cleanup: 87541 ns, At safepoint: 21042 ns, Total: 112250 ns
[2025-08-06T21:05:18.843+0000][65][info ][safepoint   ] Safepoint "ICBufferFull", Time since last: 258583250 ns, Reaching safepoint: 2792 ns, Cleanup: 128958 ns, At safepoint: 2583 ns, Total: 134333 ns
[2025-08-06T21:05:18.949+0000][65][info ][safepoint   ] Safepoint "ICBufferFull", Time since last: 105591667 ns, Reaching safepoint: 2708 ns, Cleanup: 148750 ns, At safepoint: 14209 ns, Total: 165667 ns
[2025-08-06T21:05:19.118+0000][65][info ][safepoint   ] Safepoint "ICBufferFull", Time since last: 167151708 ns, Reaching safepoint: 2128292 ns, Cleanup: 93542 ns, At safepoint: 33833 ns, Total: 2255667 ns
[2025-08-06T21:05:19.298+0000][65][info ][safepoint   ] Safepoint "ICBufferFull", Time since last: 179797125 ns, Reaching safepoint: 2667 ns, Cleanup: 85708 ns, At safepoint: 21500 ns, Total: 109875 ns
[2025-08-06T21:05:19.539+0000][65][info ][safepoint   ] Safepoint "ICBufferFull", Time since last: 241458208 ns, Reaching safepoint: 2834 ns, Cleanup: 135291 ns, At safepoint: 2250 ns, Total: 140375 ns
[2025-08-06T21:05:19.626+0000][65][info ][safepoint   ] Safepoint "ICBufferFull", Time since last: 86455042 ns, Reaching safepoint: 4208 ns, Cleanup: 95417 ns, At safepoint: 2333 ns, Total: 101958 ns
[2025-08-06T21:05:19.728+0000][65][info ][gc,start    ] GC(2) Pause Young (Normal) (G1 Evacuation Pause)
[2025-08-06T21:05:19.730+0000][65][info ][gc,task     ] GC(2) Using 4 workers of 4 for evacuation
[2025-08-06T21:05:19.735+0000][65][debug][gc,age      ] GC(2) Desired survivor size 10485760 bytes, new threshold 15 (max threshold 15)
[2025-08-06T21:05:19.749+0000][65][info ][gc,phases   ] GC(2)   Pre Evacuate Collection Set: 0.4ms
[2025-08-06T21:05:19.751+0000][65][info ][gc,phases   ] GC(2)   Merge Heap Roots: 0.1ms
[2025-08-06T21:05:19.752+0000][65][info ][gc,phases   ] GC(2)   Evacuate Collection Set: 10.7ms
[2025-08-06T21:05:19.754+0000][65][info ][gc,phases   ] GC(2)   Post Evacuate Collection Set: 1.1ms
[2025-08-06T21:05:19.755+0000][65][info ][gc,phases   ] GC(2)   Other: 6.6ms
[2025-08-06T21:05:19.756+0000][65][trace][gc,age      ] GC(2) Age table with threshold 15 (max threshold 15)
[2025-08-06T21:05:19.757+0000][65][trace][gc,age      ] GC(2) - age   1:    5481664 bytes,    5481664 total
[2025-08-06T21:05:19.758+0000][65][trace][gc,age      ] GC(2) - age   2:    4252120 bytes,    9733784 total
[2025-08-06T21:05:19.759+0000][65][trace][gc,age      ] GC(2) - age   3:     398368 bytes,   10132152 total
[2025-08-06T21:05:19.760+0000][65][info ][gc,heap     ] GC(2) Eden regions: 36->0(34)
[2025-08-06T21:05:19.761+0000][65][info ][gc,heap     ] GC(2) Survivor regions: 2->3(5)
[2025-08-06T21:05:19.762+0000][65][info ][gc,heap     ] GC(2) Old regions: 1->1
[2025-08-06T21:05:19.763+0000][65][info ][gc,heap     ] GC(2) Humongous regions: 0->0
[2025-08-06T21:05:19.764+0000][65][info ][gc,metaspace] GC(2) Metaspace: 19556K(20096K)->19556K(20096K) NonClass: 17404K(17728K)->17404K(17728K) Class: 2151K(2368K)->2151K(2368K)
[2025-08-06T21:05:19.765+0000][65][info ][gc          ] GC(2) Pause Young (Normal) (G1 Evacuation Pause) 149M->11M(256M) 36.406ms
[2025-08-06T21:05:19.766+0000][65][info ][gc,cpu      ] GC(2) User=0.02s Sys=0.00s Real=0.04s
[2025-08-06T21:05:19.767+0000][65][info ][safepoint   ] Safepoint "G1CollectForAllocation", Time since last: 102317459 ns, Reaching safepoint: 2958 ns, Cleanup: 50959 ns, At safepoint: 38457166 ns, Total: 38511083 ns
[2025-08-06T21:05:19.951+0000][65][info ][gc,start    ] GC(3) Pause Young (Concurrent Start) (Metadata GC Threshold)
[2025-08-06T21:05:19.954+0000][65][info ][gc,task     ] GC(3) Using 4 workers of 4 for evacuation
[2025-08-06T21:05:19.955+0000][65][debug][gc,age      ] GC(3) Desired survivor size 10485760 bytes, new threshold 15 (max threshold 15)
[2025-08-06T21:05:19.983+0000][65][info ][gc,phases   ] GC(3)   Pre Evacuate Collection Set: 1.5ms
[2025-08-06T21:05:19.986+0000][65][info ][gc,phases   ] GC(3)   Merge Heap Roots: 0.0ms
[2025-08-06T21:05:19.990+0000][65][info ][gc,phases   ] GC(3)   Evacuate Collection Set: 21.2ms
[2025-08-06T21:05:19.992+0000][65][info ][gc,phases   ] GC(3)   Post Evacuate Collection Set: 2.6ms
[2025-08-06T21:05:19.994+0000][65][info ][gc,phases   ] GC(3)   Other: 3.6ms
[2025-08-06T21:05:19.996+0000][65][trace][gc,age      ] GC(3) Age table with threshold 15 (max threshold 15)
[2025-08-06T21:05:19.998+0000][65][trace][gc,age      ] GC(3) - age   1:    1957760 bytes,    1957760 total
[2025-08-06T21:05:20.001+0000][65][trace][gc,age      ] GC(3) - age   2:    4589608 bytes,    6547368 total
[2025-08-06T21:05:20.003+0000][65][trace][gc,age      ] GC(3) - age   3:    4251288 bytes,   10798656 total
[2025-08-06T21:05:20.007+0000][65][trace][gc,age      ] GC(3) - age   4:     398368 bytes,   11197024 total
[2025-08-06T21:05:20.087+0000][65][info ][gc,heap     ] GC(3) Eden regions: 21->0(35)
[2025-08-06T21:05:20.089+0000][65][info ][gc,heap     ] GC(3) Survivor regions: 3->3(5)
[2025-08-06T21:05:20.090+0000][65][info ][gc,heap     ] GC(3) Old regions: 1->1
[2025-08-06T21:05:20.091+0000][65][info ][gc,heap     ] GC(3) Humongous regions: 0->0
[2025-08-06T21:05:20.092+0000][65][info ][gc,metaspace] GC(3) Metaspace: 21004K(21504K)->21004K(21504K) NonClass: 18736K(19008K)->18736K(19008K) Class: 2268K(2496K)->2268K(2496K)
[2025-08-06T21:05:20.093+0000][65][info ][gc          ] GC(3) Pause Young (Concurrent Start) (Metadata GC Threshold) 93M->12M(256M) 142.079ms
[2025-08-06T21:05:20.095+0000][65][info ][gc,cpu      ] GC(3) User=0.07s Sys=0.01s Real=0.15s
[2025-08-06T21:05:20.095+0000][65][info ][gc          ] GC(4) Concurrent Mark Cycle
[2025-08-06T21:05:20.108+0000][65][info ][gc,marking  ] GC(4) Concurrent Scan Root Regions
[2025-08-06T21:05:20.112+0000][65][info ][safepoint   ] Safepoint "CollectForMetadataAllocation", Time since last: 184268959 ns, Reaching safepoint: 3500 ns, Cleanup: 93916 ns, At safepoint: 160949375 ns, Total: 161046791 ns
[2025-08-06T21:05:20.121+0000][65][info ][gc,marking  ] GC(4) Concurrent Scan Root Regions 13.271ms
[2025-08-06T21:05:20.123+0000][65][info ][gc,marking  ] GC(4) Concurrent Mark
[2025-08-06T21:05:20.130+0000][65][info ][gc,marking  ] GC(4) Concurrent Mark From Roots
[2025-08-06T21:05:20.132+0000][65][info ][gc,task     ] GC(4) Using 1 workers of 1 for marking
[2025-08-06T21:05:20.163+0000][65][info ][gc,marking  ] GC(4) Concurrent Mark From Roots 33.855ms
[2025-08-06T21:05:20.169+0000][65][info ][gc,marking  ] GC(4) Concurrent Preclean
[2025-08-06T21:05:20.175+0000][65][info ][gc,marking  ] GC(4) Concurrent Preclean 6.060ms
[2025-08-06T21:05:20.182+0000][65][info ][gc,start    ] GC(4) Pause Remark
[2025-08-06T21:05:20.189+0000][65][info ][gc          ] GC(4) Pause Remark 14M->14M(256M) 6.693ms
[2025-08-06T21:05:20.190+0000][65][info ][gc,cpu      ] GC(4) User=0.01s Sys=0.00s Real=0.01s
[2025-08-06T21:05:20.192+0000][65][info ][safepoint   ] Safepoint "G1PauseRemark", Time since last: 69572125 ns, Reaching safepoint: 62125 ns, Cleanup: 16750 ns, At safepoint: 10146334 ns, Total: 10225209 ns
[2025-08-06T21:05:20.193+0000][65][info ][gc,marking  ] GC(4) Concurrent Mark 70.203ms
[2025-08-06T21:05:20.196+0000][65][info ][gc,marking  ] GC(4) Concurrent Rebuild Remembered Sets and Scrub Regions
[2025-08-06T21:05:20.197+0000][65][info ][gc,marking  ] GC(4) Concurrent Rebuild Remembered Sets and Scrub Regions 1.656ms
[2025-08-06T21:05:20.199+0000][65][info ][gc,start    ] GC(4) Pause Cleanup
[2025-08-06T21:05:20.200+0000][65][info ][gc          ] GC(4) Pause Cleanup 14M->14M(256M) 1.042ms
[2025-08-06T21:05:20.201+0000][65][info ][gc,cpu      ] GC(4) User=0.00s Sys=0.00s Real=0.00s
[2025-08-06T21:05:20.202+0000][65][info ][safepoint   ] Safepoint "G1PauseCleanup", Time since last: 6753833 ns, Reaching safepoint: 6292 ns, Cleanup: 2833 ns, At safepoint: 3594083 ns, Total: 3603208 ns
[2025-08-06T21:05:20.204+0000][65][info ][gc,marking  ] GC(4) Concurrent Clear Claimed Marks
[2025-08-06T21:05:20.205+0000][65][info ][gc,marking  ] GC(4) Concurrent Clear Claimed Marks 0.909ms
[2025-08-06T21:05:20.206+0000][65][info ][gc,marking  ] GC(4) Concurrent Cleanup for Next Mark
[2025-08-06T21:05:20.208+0000][65][info ][gc,marking  ] GC(4) Concurrent Cleanup for Next Mark 1.949ms
[2025-08-06T21:05:20.209+0000][65][info ][gc          ] GC(4) Concurrent Mark Cycle 113.530ms
[2025-08-06T21:05:20.494+0000][65][info ][safepoint   ] Safepoint "ICBufferFull", Time since last: 291220417 ns, Reaching safepoint: 4375 ns, Cleanup: 100084 ns, At safepoint: 2750 ns, Total: 107209 ns
[2025-08-06T21:05:20.674+0000][65][info ][safepoint   ] Safepoint "ICBufferFull", Time since last: 179696833 ns, Reaching safepoint: 3167 ns, Cleanup: 167333 ns, At safepoint: 4875 ns, Total: 175375 ns
[2025-08-06T21:05:20.901+0000][65][info ][gc,start    ] GC(5) Pause Young (Prepare Mixed) (G1 Evacuation Pause)
[2025-08-06T21:05:20.903+0000][65][info ][gc,task     ] GC(5) Using 4 workers of 4 for evacuation
[2025-08-06T21:05:20.904+0000][65][debug][gc,age      ] GC(5) Desired survivor size 10485760 bytes, new threshold 3 (max threshold 15)
[2025-08-06T21:05:20.951+0000][65][info ][gc,phases   ] GC(5)   Pre Evacuate Collection Set: 0.4ms
[2025-08-06T21:05:20.954+0000][65][info ][gc,phases   ] GC(5)   Merge Heap Roots: 0.1ms
[2025-08-06T21:05:20.956+0000][65][info ][gc,phases   ] GC(5)   Evacuate Collection Set: 42.7ms
[2025-08-06T21:05:20.984+0000][65][info ][gc,phases   ] GC(5)   Post Evacuate Collection Set: 1.3ms
[2025-08-06T21:05:20.987+0000][65][info ][gc,phases   ] GC(5)   Other: 3.2ms
[2025-08-06T21:05:20.989+0000][65][trace][gc,age      ] GC(5) Age table with threshold 3 (max threshold 15)
[2025-08-06T21:05:20.997+0000][65][trace][gc,age      ] GC(5) - age   1:    5310808 bytes,    5310808 total
[2025-08-06T21:05:20.998+0000][65][trace][gc,age      ] GC(5) - age   2:    1903640 bytes,    7214448 total
[2025-08-06T21:05:21.005+0000][65][trace][gc,age      ] GC(5) - age   3:    4580120 bytes,   11794568 total
[2025-08-06T21:05:21.008+0000][65][info ][gc,heap     ] GC(5) Eden regions: 35->0(34)
[2025-08-06T21:05:21.012+0000][65][info ][gc,heap     ] GC(5) Survivor regions: 3->4(5)
[2025-08-06T21:05:21.014+0000][65][info ][gc,heap     ] GC(5) Old regions: 1->3
[2025-08-06T21:05:21.016+0000][65][info ][gc,heap     ] GC(5) Humongous regions: 0->0
[2025-08-06T21:05:21.019+0000][65][info ][gc,metaspace] GC(5) Metaspace: 27269K(27904K)->27269K(27904K) NonClass: 24219K(24576K)->24219K(24576K) Class: 3049K(3328K)->3049K(3328K)
[2025-08-06T21:05:21.021+0000][65][info ][gc          ] GC(5) Pause Young (Prepare Mixed) (G1 Evacuation Pause) 152M->18M(256M) 120.008ms
[2025-08-06T21:05:21.022+0000][65][info ][gc,cpu      ] GC(5) User=0.04s Sys=0.00s Real=0.12s
[2025-08-06T21:05:21.024+0000][65][info ][safepoint   ] Safepoint "G1CollectForAllocation", Time since last: 227573917 ns, Reaching safepoint: 15708 ns, Cleanup: 105708 ns, At safepoint: 122513334 ns, Total: 122634750 ns
[2025-08-06T21:05:21.393+0000][65][info ][safepoint   ] Safepoint "ICBufferFull", Time since last: 368806708 ns, Reaching safepoint: 3667 ns, Cleanup: 141375 ns, At safepoint: 14667 ns, Total: 159709 ns
[2025-08-06T21:05:21.740+0000][65][info ][gc,start    ] GC(6) Pause Young (Mixed) (G1 Evacuation Pause)
[2025-08-06T21:05:21.742+0000][65][info ][gc,task     ] GC(6) Using 4 workers of 4 for evacuation
[2025-08-06T21:05:21.743+0000][65][debug][gc,age      ] GC(6) Desired survivor size 10485760 bytes, new threshold 3 (max threshold 15)
[2025-08-06T21:05:21.771+0000][65][info ][gc,phases   ] GC(6)   Pre Evacuate Collection Set: 0.1ms
[2025-08-06T21:05:21.774+0000][65][info ][gc,phases   ] GC(6)   Merge Heap Roots: 0.1ms
[2025-08-06T21:05:21.775+0000][65][info ][gc,phases   ] GC(6)   Evacuate Collection Set: 26.1ms
[2025-08-06T21:05:21.779+0000][65][info ][gc,phases   ] GC(6)   Post Evacuate Collection Set: 0.9ms
[2025-08-06T21:05:21.781+0000][65][info ][gc,phases   ] GC(6)   Other: 2.0ms
[2025-08-06T21:05:21.783+0000][65][trace][gc,age      ] GC(6) Age table with threshold 3 (max threshold 15)
[2025-08-06T21:05:21.785+0000][65][trace][gc,age      ] GC(6) - age   1:    4241624 bytes,    4241624 total
[2025-08-06T21:05:21.787+0000][65][trace][gc,age      ] GC(6) - age   2:    4969752 bytes,    9211376 total
[2025-08-06T21:05:21.788+0000][65][trace][gc,age      ] GC(6) - age   3:    1903272 bytes,   11114648 total
[2025-08-06T21:05:21.789+0000][65][info ][gc,heap     ] GC(6) Eden regions: 34->0(35)
[2025-08-06T21:05:21.791+0000][65][info ][gc,heap     ] GC(6) Survivor regions: 4->3(5)
[2025-08-06T21:05:21.792+0000][65][info ][gc,heap     ] GC(6) Old regions: 3->3
[2025-08-06T21:05:21.795+0000][65][info ][gc,heap     ] GC(6) Humongous regions: 0->0
[2025-08-06T21:05:21.796+0000][65][info ][gc,metaspace] GC(6) Metaspace: 28299K(28928K)->28299K(28928K) NonClass: 25108K(25472K)->25108K(25472K) Class: 3190K(3456K)->3190K(3456K)
[2025-08-06T21:05:21.797+0000][65][info ][gc          ] GC(6) Pause Young (Mixed) (G1 Evacuation Pause) 154M->22M(256M) 57.534ms
[2025-08-06T21:05:21.801+0000][65][info ][gc,cpu      ] GC(6) User=0.04s Sys=0.00s Real=0.06s
[2025-08-06T21:05:21.802+0000][65][info ][safepoint   ] Safepoint "G1CollectForAllocation", Time since last: 346866041 ns, Reaching safepoint: 4834 ns, Cleanup: 98750 ns, At safepoint: 62463542 ns, Total: 62567126 ns
[2025-08-06T21:05:22.028+0000][65][info ][gc,start    ] GC(7) Pause Young (Normal) (G1 Evacuation Pause)
[2025-08-06T21:05:22.029+0000][65][info ][gc,task     ] GC(7) Using 4 workers of 4 for evacuation
[2025-08-06T21:05:22.030+0000][65][debug][gc,age      ] GC(7) Desired survivor size 10485760 bytes, new threshold 3 (max threshold 15)
[2025-08-06T21:05:22.042+0000][65][info ][gc,phases   ] GC(7)   Pre Evacuate Collection Set: 0.4ms
[2025-08-06T21:05:22.044+0000][65][info ][gc,phases   ] GC(7)   Merge Heap Roots: 0.1ms
[2025-08-06T21:05:22.045+0000][65][info ][gc,phases   ] GC(7)   Evacuate Collection Set: 9.3ms
[2025-08-06T21:05:22.048+0000][65][info ][gc,phases   ] GC(7)   Post Evacuate Collection Set: 0.4ms
[2025-08-06T21:05:22.049+0000][65][info ][gc,phases   ] GC(7)   Other: 2.6ms
[2025-08-06T21:05:22.050+0000][65][trace][gc,age      ] GC(7) Age table with threshold 3 (max threshold 15)
[2025-08-06T21:05:22.051+0000][65][trace][gc,age      ] GC(7) - age   1:    2732824 bytes,    2732824 total
[2025-08-06T21:05:22.053+0000][65][trace][gc,age      ] GC(7) - age   2:    2629384 bytes,    5362208 total
[2025-08-06T21:05:22.054+0000][65][trace][gc,age      ] GC(7) - age   3:    4969256 bytes,   10331464 total
[2025-08-06T21:05:22.055+0000][65][info ][gc,heap     ] GC(7) Eden regions: 35->0(35)
[2025-08-06T21:05:22.057+0000][65][info ][gc,heap     ] GC(7) Survivor regions: 3->3(5)
[2025-08-06T21:05:22.058+0000][65][info ][gc,heap     ] GC(7) Old regions: 3->4
[2025-08-06T21:05:22.059+0000][65][info ][gc,heap     ] GC(7) Humongous regions: 0->0
[2025-08-06T21:05:22.060+0000][65][info ][gc,metaspace] GC(7) Metaspace: 28610K(29312K)->28610K(29312K) NonClass: 25377K(25792K)->25377K(25792K) Class: 3232K(3520K)->3232K(3520K)
[2025-08-06T21:05:22.063+0000][65][info ][gc          ] GC(7) Pause Young (Normal) (G1 Evacuation Pause) 162M->24M(256M) 35.360ms
[2025-08-06T21:05:22.064+0000][65][info ][gc,cpu      ] GC(7) User=0.02s Sys=0.00s Real=0.04s
[2025-08-06T21:05:22.071+0000][65][info ][safepoint   ] Safepoint "G1CollectForAllocation", Time since last: 225404583 ns, Reaching safepoint: 3542 ns, Cleanup: 166875 ns, At safepoint: 43128541 ns, Total: 43298958 ns
[2025-08-06T21:05:22.348+0000][65][info ][safepoint   ] Safepoint "ICBufferFull", Time since last: 276936375 ns, Reaching safepoint: 3375 ns, Cleanup: 128917 ns, At safepoint: 20083 ns, Total: 152375 ns
[2025-08-06T21:05:22.376+0000][65][info ][gc,start    ] GC(8) Pause Young (Normal) (G1 Evacuation Pause)
[2025-08-06T21:05:22.377+0000][65][info ][gc,task     ] GC(8) Using 4 workers of 4 for evacuation
[2025-08-06T21:05:22.379+0000][65][debug][gc,age      ] GC(8) Desired survivor size 10485760 bytes, new threshold 15 (max threshold 15)
[2025-08-06T21:05:22.385+0000][65][info ][gc,phases   ] GC(8)   Pre Evacuate Collection Set: 0.1ms
[2025-08-06T21:05:22.387+0000][65][info ][gc,phases   ] GC(8)   Merge Heap Roots: 0.2ms
[2025-08-06T21:05:22.389+0000][65][info ][gc,phases   ] GC(8)   Evacuate Collection Set: 4.2ms
[2025-08-06T21:05:22.390+0000][65][info ][gc,phases   ] GC(8)   Post Evacuate Collection Set: 0.5ms
[2025-08-06T21:05:22.392+0000][65][info ][gc,phases   ] GC(8)   Other: 2.6ms
[2025-08-06T21:05:22.395+0000][65][trace][gc,age      ] GC(8) Age table with threshold 15 (max threshold 15)
[2025-08-06T21:05:22.396+0000][65][trace][gc,age      ] GC(8) - age   1:    2559320 bytes,    2559320 total
[2025-08-06T21:05:22.397+0000][65][trace][gc,age      ] GC(8) - age   2:    1699920 bytes,    4259240 total
[2025-08-06T21:05:22.398+0000][65][trace][gc,age      ] GC(8) - age   3:    2629096 bytes,    6888336 total
[2025-08-06T21:05:22.399+0000][65][trace][gc,age      ] GC(8) - age   4:    4964912 bytes,   11853248 total
[2025-08-06T21:05:22.400+0000][65][info ][gc,heap     ] GC(8) Eden regions: 35->0(35)
[2025-08-06T21:05:22.401+0000][65][info ][gc,heap     ] GC(8) Survivor regions: 3->3(5)
[2025-08-06T21:05:22.402+0000][65][info ][gc,heap     ] GC(8) Old regions: 4->4
[2025-08-06T21:05:22.403+0000][65][info ][gc,heap     ] GC(8) Humongous regions: 0->0
[2025-08-06T21:05:22.404+0000][65][info ][gc,metaspace] GC(8) Metaspace: 30111K(30848K)->30111K(30848K) NonClass: 26720K(27136K)->26720K(27136K) Class: 3390K(3712K)->3390K(3712K)
[2025-08-06T21:05:22.405+0000][65][info ][gc          ] GC(8) Pause Young (Normal) (G1 Evacuation Pause) 164M->24M(256M) 29.083ms
[2025-08-06T21:05:22.406+0000][65][info ][gc,cpu      ] GC(8) User=0.03s Sys=0.00s Real=0.03s
[2025-08-06T21:05:22.407+0000][65][info ][safepoint   ] Safepoint "G1CollectForAllocation", Time since last: 27732042 ns, Reaching safepoint: 81500 ns, Cleanup: 23833 ns, At safepoint: 31492834 ns, Total: 31598167 ns
