[2025-08-06T20:31:04.557+0000][10][gc] Using G1
[2025-08-06T20:31:04.969+0000][10][gc,init] Version: 17.0.8+7 (release)
[2025-08-06T20:31:04.970+0000][10][gc,init] CPUs: 4 total, 4 available
[2025-08-06T20:31:04.971+0000][10][gc,init] Memory: 7851M
[2025-08-06T20:31:04.972+0000][10][gc,init] Large Page Support: Disabled
[2025-08-06T20:31:04.973+0000][10][gc,init] NUMA Support: Disabled
[2025-08-06T20:31:04.980+0000][10][gc,init] Compressed Oops: Enabled (32-bit)
[2025-08-06T20:31:04.981+0000][10][gc,init] Heap Region Size: 1M
[2025-08-06T20:31:04.982+0000][10][gc,init] Heap Min Capacity: 256M
[2025-08-06T20:31:04.984+0000][10][gc,init] Heap Initial Capacity: 256M
[2025-08-06T20:31:04.990+0000][10][gc,init] Heap Max Capacity: 256M
[2025-08-06T20:31:04.991+0000][10][gc,init] Pre-touch: Enabled
[2025-08-06T20:31:04.992+0000][10][gc,init] Parallel Workers: 4
[2025-08-06T20:31:04.993+0000][10][gc,init] Concurrent Workers: 1
[2025-08-06T20:31:04.994+0000][10][gc,init] Concurrent Refinement Workers: 4
[2025-08-06T20:31:04.995+0000][10][gc,init] Periodic GC: Disabled
[2025-08-06T20:31:05.028+0000][10][gc,metaspace] CDS archive(s) mapped at: [0x0000001800000000-0x0000001800beb000-0x0000001800beb000), size 12496896, SharedBaseAddress: 0x0000001800000000, ArchiveRelocationMode: 1.
[2025-08-06T20:31:05.040+0000][10][gc,metaspace] Compressed class space mapped at: 0x0000001801000000-0x0000001841000000, reserved size: 1073741824
[2025-08-06T20:31:05.042+0000][10][gc,metaspace] Narrow klass base: 0x0000001800000000, Narrow klass shift: 0, Narrow klass range: 0x100000000
[2025-08-06T20:31:05.630+0000][10][safepoint   ] Safepoint "ICBufferFull", Time since last: 569120583 ns, Reaching safepoint: 3958 ns, Cleanup: 482875 ns, At safepoint: 3209 ns, Total: 490042 ns
[2025-08-06T20:31:05.789+0000][10][gc,start    ] GC(0) Pause Young (Normal) (G1 Evacuation Pause)
[2025-08-06T20:31:05.790+0000][10][gc,task     ] GC(0) Using 4 workers of 4 for evacuation
[2025-08-06T20:31:05.791+0000][10][gc,age      ] GC(0) Desired survivor size 1048576 bytes, new threshold 15 (max threshold 15)
[2025-08-06T20:31:05.795+0000][10][gc,age      ] GC(0) Age table with threshold 15 (max threshold 15)
[2025-08-06T20:31:05.796+0000][10][gc,age      ] GC(0) - age   1:    2023256 bytes,    2023256 total
[2025-08-06T20:31:05.798+0000][10][gc,phases   ] GC(0)   Pre Evacuate Collection Set: 0.1ms
[2025-08-06T20:31:05.799+0000][10][gc,phases   ] GC(0)   Merge Heap Roots: 0.5ms
[2025-08-06T20:31:05.800+0000][10][gc,phases   ] GC(0)   Evacuate Collection Set: 1.9ms
[2025-08-06T20:31:05.801+0000][10][gc,phases   ] GC(0)   Post Evacuate Collection Set: 0.3ms
[2025-08-06T20:31:05.802+0000][10][gc,phases   ] GC(0)   Other: 6.0ms
[2025-08-06T20:31:05.803+0000][10][gc,heap     ] GC(0) Eden regions: 13->0(15)
[2025-08-06T20:31:05.803+0000][10][gc,heap     ] GC(0) Survivor regions: 0->2(2)
[2025-08-06T20:31:05.804+0000][10][gc,heap     ] GC(0) Old regions: 0->1
[2025-08-06T20:31:05.805+0000][10][gc,heap     ] GC(0) Archive regions: 2->2
[2025-08-06T20:31:05.806+0000][10][gc,heap     ] GC(0) Humongous regions: 1->1
[2025-08-06T20:31:05.807+0000][10][gc,metaspace] GC(0) Metaspace: 5051K(5184K)->5051K(5184K) NonClass: 4521K(4608K)->4521K(4608K) Class: 529K(576K)->529K(576K)
[2025-08-06T20:31:05.809+0000][10][gc          ] GC(0) Pause Young (Normal) (G1 Evacuation Pause) 14M->4M(256M) 19.700ms
[2025-08-06T20:31:05.811+0000][10][gc,cpu      ] GC(0) User=0.01s Sys=0.00s Real=0.02s
[2025-08-06T20:31:05.812+0000][10][safepoint   ] Safepoint "G1CollectForAllocation", Time since last: 158447667 ns, Reaching safepoint: 3541 ns, Cleanup: 70209 ns, At safepoint: 22566416 ns, Total: 22640166 ns
[2025-08-06T20:31:06.504+0000][10][safepoint   ] Safepoint "ICBufferFull", Time since last: 692655209 ns, Reaching safepoint: 2875 ns, Cleanup: 104958 ns, At safepoint: 4417 ns, Total: 112250 ns
[2025-08-06T20:31:06.533+0000][10][gc,start    ] GC(1) Pause Young (Normal) (G1 Evacuation Pause)
[2025-08-06T20:31:06.535+0000][10][gc,task     ] GC(1) Using 4 workers of 4 for evacuation
[2025-08-06T20:31:06.536+0000][10][gc,age      ] GC(1) Desired survivor size 1572864 bytes, new threshold 1 (max threshold 15)
[2025-08-06T20:31:06.559+0000][10][gc,age      ] GC(1) Age table with threshold 1 (max threshold 15)
[2025-08-06T20:31:06.561+0000][10][gc,age      ] GC(1) - age   1:    1442080 bytes,    1442080 total
[2025-08-06T20:31:06.562+0000][10][gc,phases   ] GC(1)   Pre Evacuate Collection Set: 0.2ms
[2025-08-06T20:31:06.564+0000][10][gc,phases   ] GC(1)   Merge Heap Roots: 0.0ms
[2025-08-06T20:31:06.565+0000][10][gc,phases   ] GC(1)   Evacuate Collection Set: 20.0ms
[2025-08-06T20:31:06.566+0000][10][gc,phases   ] GC(1)   Post Evacuate Collection Set: 0.6ms
[2025-08-06T20:31:06.567+0000][10][gc,phases   ] GC(1)   Other: 8.7ms
[2025-08-06T20:31:06.568+0000][10][gc,heap     ] GC(1) Eden regions: 15->0(59)
[2025-08-06T20:31:06.569+0000][10][gc,heap     ] GC(1) Survivor regions: 2->2(3)
[2025-08-06T20:31:06.570+0000][10][gc,heap     ] GC(1) Old regions: 1->3
[2025-08-06T20:31:06.571+0000][10][gc,heap     ] GC(1) Archive regions: 2->2
[2025-08-06T20:31:06.573+0000][10][gc,heap     ] GC(1) Humongous regions: 1->1
[2025-08-06T20:31:06.574+0000][10][gc,metaspace] GC(1) Metaspace: 10602K(10752K)->10602K(10752K) NonClass: 9311K(9408K)->9311K(9408K) Class: 1291K(1344K)->1291K(1344K)
[2025-08-06T20:31:06.575+0000][10][gc          ] GC(1) Pause Young (Normal) (G1 Evacuation Pause) 19M->6M(256M) 42.142ms
[2025-08-06T20:31:06.577+0000][10][gc,cpu      ] GC(1) User=0.01s Sys=0.00s Real=0.05s
[2025-08-06T20:31:06.578+0000][10][safepoint   ] Safepoint "G1CollectForAllocation", Time since last: 28307792 ns, Reaching safepoint: 1875 ns, Cleanup: 120083 ns, At safepoint: 45458833 ns, Total: 45580791 ns
[2025-08-06T20:31:07.452+0000][10][safepoint   ] Safepoint "ICBufferFull", Time since last: 873584751 ns, Reaching safepoint: 3666 ns, Cleanup: 102292 ns, At safepoint: 2000 ns, Total: 107958 ns
[2025-08-06T20:31:07.761+0000][10][gc,start    ] GC(2) Pause Young (Normal) (G1 Evacuation Pause)
[2025-08-06T20:31:07.762+0000][10][gc,task     ] GC(2) Using 4 workers of 4 for evacuation
[2025-08-06T20:31:07.763+0000][10][gc,age      ] GC(2) Desired survivor size 4194304 bytes, new threshold 15 (max threshold 15)
[2025-08-06T20:31:07.774+0000][10][gc,age      ] GC(2) Age table with threshold 15 (max threshold 15)
[2025-08-06T20:31:07.776+0000][10][gc,age      ] GC(2) - age   1:    2412224 bytes,    2412224 total
[2025-08-06T20:31:07.777+0000][10][gc,age      ] GC(2) - age   2:    1381688 bytes,    3793912 total
[2025-08-06T20:31:07.778+0000][10][gc,phases   ] GC(2)   Pre Evacuate Collection Set: 0.0ms
[2025-08-06T20:31:07.779+0000][10][gc,phases   ] GC(2)   Merge Heap Roots: 0.0ms
[2025-08-06T20:31:07.780+0000][10][gc,phases   ] GC(2)   Evacuate Collection Set: 6.9ms
[2025-08-06T20:31:07.781+0000][10][gc,phases   ] GC(2)   Post Evacuate Collection Set: 0.6ms
[2025-08-06T20:31:07.782+0000][10][gc,phases   ] GC(2)   Other: 9.6ms
[2025-08-06T20:31:07.783+0000][10][gc,heap     ] GC(2) Eden regions: 59->0(106)
[2025-08-06T20:31:07.784+0000][10][gc,heap     ] GC(2) Survivor regions: 2->4(8)
[2025-08-06T20:31:07.785+0000][10][gc,heap     ] GC(2) Old regions: 3->3
[2025-08-06T20:31:07.786+0000][10][gc,heap     ] GC(2) Archive regions: 2->2
[2025-08-06T20:31:07.787+0000][10][gc,heap     ] GC(2) Humongous regions: 1->1
[2025-08-06T20:31:07.788+0000][10][gc,metaspace] GC(2) Metaspace: 14743K(15040K)->14743K(15040K) NonClass: 12944K(13056K)->12944K(13056K) Class: 1798K(1984K)->1798K(1984K)
[2025-08-06T20:31:07.789+0000][10][gc          ] GC(2) Pause Young (Normal) (G1 Evacuation Pause) 65M->8M(256M) 28.344ms
[2025-08-06T20:31:07.790+0000][10][gc,cpu      ] GC(2) User=0.01s Sys=0.01s Real=0.03s
[2025-08-06T20:31:07.794+0000][10][safepoint   ] Safepoint "G1CollectForAllocation", Time since last: 308863209 ns, Reaching safepoint: 3750 ns, Cleanup: 96208 ns, At safepoint: 33602292 ns, Total: 33702250 ns
[2025-08-06T20:31:08.088+0000][10][gc,start    ] GC(3) Pause Young (Normal) (G1 Evacuation Pause)
[2025-08-06T20:31:08.089+0000][10][gc,task     ] GC(3) Using 4 workers of 4 for evacuation
[2025-08-06T20:31:08.092+0000][10][gc,age      ] GC(3) Desired survivor size 7340032 bytes, new threshold 15 (max threshold 15)
[2025-08-06T20:31:08.105+0000][10][gc,age      ] GC(3) Age table with threshold 15 (max threshold 15)
[2025-08-06T20:31:08.107+0000][10][gc,age      ] GC(3) - age   1:    1638304 bytes,    1638304 total
[2025-08-06T20:31:08.108+0000][10][gc,age      ] GC(3) - age   2:    2175184 bytes,    3813488 total
[2025-08-06T20:31:08.109+0000][10][gc,age      ] GC(3) - age   3:    1368080 bytes,    5181568 total
[2025-08-06T20:31:08.110+0000][10][gc,phases   ] GC(3)   Pre Evacuate Collection Set: 0.2ms
[2025-08-06T20:31:08.111+0000][10][gc,phases   ] GC(3)   Merge Heap Roots: 0.1ms
[2025-08-06T20:31:08.112+0000][10][gc,phases   ] GC(3)   Evacuate Collection Set: 11.7ms
[2025-08-06T20:31:08.113+0000][10][gc,phases   ] GC(3)   Post Evacuate Collection Set: 0.7ms
[2025-08-06T20:31:08.114+0000][10][gc,phases   ] GC(3)   Other: 9.4ms
[2025-08-06T20:31:08.115+0000][10][gc,heap     ] GC(3) Eden regions: 106->0(147)
[2025-08-06T20:31:08.115+0000][10][gc,heap     ] GC(3) Survivor regions: 4->6(14)
[2025-08-06T20:31:08.116+0000][10][gc,heap     ] GC(3) Old regions: 3->3
[2025-08-06T20:31:08.117+0000][10][gc,heap     ] GC(3) Archive regions: 2->2
[2025-08-06T20:31:08.118+0000][10][gc,heap     ] GC(3) Humongous regions: 1->1
[2025-08-06T20:31:08.118+0000][10][gc,metaspace] GC(3) Metaspace: 16020K(16320K)->16020K(16320K) NonClass: 14068K(14208K)->14068K(14208K) Class: 1951K(2112K)->1951K(2112K)
[2025-08-06T20:31:08.120+0000][10][gc          ] GC(3) Pause Young (Normal) (G1 Evacuation Pause) 114M->9M(256M) 31.634ms
[2025-08-06T20:31:08.122+0000][10][gc,cpu      ] GC(3) User=0.04s Sys=0.01s Real=0.03s
[2025-08-06T20:31:08.123+0000][10][safepoint   ] Safepoint "G1CollectForAllocation", Time since last: 293327958 ns, Reaching safepoint: 3750 ns, Cleanup: 112667 ns, At safepoint: 34697875 ns, Total: 34814292 ns
[2025-08-06T20:31:08.403+0000][10][gc,start    ] GC(4) Pause Young (Normal) (G1 Evacuation Pause)
[2025-08-06T20:31:08.404+0000][10][gc,task     ] GC(4) Using 4 workers of 4 for evacuation
[2025-08-06T20:31:08.406+0000][10][gc,age      ] GC(4) Desired survivor size 10485760 bytes, new threshold 15 (max threshold 15)
[2025-08-06T20:31:08.414+0000][10][gc,age      ] GC(4) Age table with threshold 15 (max threshold 15)
[2025-08-06T20:31:08.416+0000][10][gc,age      ] GC(4) - age   1:    2017432 bytes,    2017432 total
[2025-08-06T20:31:08.418+0000][10][gc,age      ] GC(4) - age   2:     624304 bytes,    2641736 total
[2025-08-06T20:31:08.419+0000][10][gc,age      ] GC(4) - age   3:    2174696 bytes,    4816432 total
[2025-08-06T20:31:08.420+0000][10][gc,age      ] GC(4) - age   4:    1366672 bytes,    6183104 total
[2025-08-06T20:31:08.421+0000][10][gc,phases   ] GC(4)   Pre Evacuate Collection Set: 0.4ms
[2025-08-06T20:31:08.423+0000][10][gc,phases   ] GC(4)   Merge Heap Roots: 0.2ms
[2025-08-06T20:31:08.425+0000][10][gc,phases   ] GC(4)   Evacuate Collection Set: 5.9ms
[2025-08-06T20:31:08.425+0000][10][gc,phases   ] GC(4)   Post Evacuate Collection Set: 1.3ms
[2025-08-06T20:31:08.426+0000][10][gc,phases   ] GC(4)   Other: 10.0ms
[2025-08-06T20:31:08.428+0000][10][gc,heap     ] GC(4) Eden regions: 147->0(147)
[2025-08-06T20:31:08.429+0000][10][gc,heap     ] GC(4) Survivor regions: 6->6(20)
[2025-08-06T20:31:08.430+0000][10][gc,heap     ] GC(4) Old regions: 3->3
[2025-08-06T20:31:08.433+0000][10][gc,heap     ] GC(4) Archive regions: 2->2
[2025-08-06T20:31:08.434+0000][10][gc,heap     ] GC(4) Humongous regions: 1->1
[2025-08-06T20:31:08.435+0000][10][gc,metaspace] GC(4) Metaspace: 16746K(17152K)->16746K(17152K) NonClass: 14709K(14912K)->14709K(14912K) Class: 2037K(2240K)->2037K(2240K)
[2025-08-06T20:31:08.437+0000][10][gc          ] GC(4) Pause Young (Normal) (G1 Evacuation Pause) 156M->10M(256M) 33.932ms
[2025-08-06T20:31:08.438+0000][10][gc,cpu      ] GC(4) User=0.02s Sys=0.00s Real=0.04s
[2025-08-06T20:31:08.439+0000][10][safepoint   ] Safepoint "G1CollectForAllocation", Time since last: 280335208 ns, Reaching safepoint: 3375 ns, Cleanup: 165750 ns, At safepoint: 36097875 ns, Total: 36267000 ns
[2025-08-06T20:31:08.723+0000][10][gc,start    ] GC(5) Pause Young (Normal) (G1 Evacuation Pause)
[2025-08-06T20:31:08.725+0000][10][gc,task     ] GC(5) Using 4 workers of 4 for evacuation
[2025-08-06T20:31:08.726+0000][10][gc,age      ] GC(5) Desired survivor size 10485760 bytes, new threshold 15 (max threshold 15)
[2025-08-06T20:31:08.734+0000][10][gc,age      ] GC(5) Age table with threshold 15 (max threshold 15)
[2025-08-06T20:31:08.736+0000][10][gc,age      ] GC(5) - age   1:    3489408 bytes,    3489408 total
[2025-08-06T20:31:08.737+0000][10][gc,age      ] GC(5) - age   2:    2006784 bytes,    5496192 total
[2025-08-06T20:31:08.738+0000][10][gc,age      ] GC(5) - age   3:     623776 bytes,    6119968 total
[2025-08-06T20:31:08.739+0000][10][gc,age      ] GC(5) - age   4:    2174392 bytes,    8294360 total
[2025-08-06T20:31:08.740+0000][10][gc,age      ] GC(5) - age   5:    1366672 bytes,    9661032 total
[2025-08-06T20:31:08.741+0000][10][gc,phases   ] GC(5)   Pre Evacuate Collection Set: 0.3ms
[2025-08-06T20:31:08.742+0000][10][gc,phases   ] GC(5)   Merge Heap Roots: 0.3ms
[2025-08-06T20:31:08.743+0000][10][gc,phases   ] GC(5)   Evacuate Collection Set: 5.3ms
[2025-08-06T20:31:08.744+0000][10][gc,phases   ] GC(5)   Post Evacuate Collection Set: 0.7ms
[2025-08-06T20:31:08.745+0000][10][gc,phases   ] GC(5)   Other: 11.0ms
[2025-08-06T20:31:08.746+0000][10][gc,heap     ] GC(5) Eden regions: 147->0(143)
[2025-08-06T20:31:08.747+0000][10][gc,heap     ] GC(5) Survivor regions: 6->10(20)
[2025-08-06T20:31:08.750+0000][10][gc,heap     ] GC(5) Old regions: 3->3
[2025-08-06T20:31:08.751+0000][10][gc,heap     ] GC(5) Archive regions: 2->2
[2025-08-06T20:31:08.752+0000][10][gc,heap     ] GC(5) Humongous regions: 2->1
[2025-08-06T20:31:08.752+0000][10][gc,metaspace] GC(5) Metaspace: 17190K(17600K)->17190K(17600K) NonClass: 15089K(15296K)->15089K(15296K) Class: 2100K(2304K)->2100K(2304K)
[2025-08-06T20:31:08.753+0000][10][gc          ] GC(5) Pause Young (Normal) (G1 Evacuation Pause) 158M->14M(256M) 29.791ms
[2025-08-06T20:31:08.754+0000][10][gc,cpu      ] GC(5) User=0.02s Sys=0.00s Real=0.03s
[2025-08-06T20:31:08.755+0000][10][safepoint   ] Safepoint "G1CollectForAllocation", Time since last: 284042417 ns, Reaching safepoint: 3292 ns, Cleanup: 128291 ns, At safepoint: 31717792 ns, Total: 31849375 ns
[2025-08-06T20:31:08.872+0000][10][safepoint   ] Safepoint "ICBufferFull", Time since last: 116306583 ns, Reaching safepoint: 87084 ns, Cleanup: 202166 ns, At safepoint: 15625 ns, Total: 304875 ns
[2025-08-06T20:31:09.055+0000][10][safepoint   ] Safepoint "ICBufferFull", Time since last: 183069584 ns, Reaching safepoint: 3250 ns, Cleanup: 195500 ns, At safepoint: 3666 ns, Total: 202416 ns
[2025-08-06T20:31:09.112+0000][10][gc,start    ] GC(6) Pause Young (Normal) (G1 Evacuation Pause)
[2025-08-06T20:31:09.114+0000][10][gc,task     ] GC(6) Using 4 workers of 4 for evacuation
[2025-08-06T20:31:09.115+0000][10][gc,age      ] GC(6) Desired survivor size 10485760 bytes, new threshold 15 (max threshold 15)
[2025-08-06T20:31:09.130+0000][10][gc,age      ] GC(6) Age table with threshold 15 (max threshold 15)
[2025-08-06T20:31:09.132+0000][10][gc,age      ] GC(6) - age   1:    8449624 bytes,    8449624 total
[2025-08-06T20:31:09.134+0000][10][gc,age      ] GC(6) - age   2:    1079776 bytes,    9529400 total
[2025-08-06T20:31:09.135+0000][10][gc,age      ] GC(6) - age   3:    2005856 bytes,   11535256 total
[2025-08-06T20:31:09.136+0000][10][gc,age      ] GC(6) - age   4:     623688 bytes,   12158944 total
[2025-08-06T20:31:09.138+0000][10][gc,age      ] GC(6) - age   5:    2174000 bytes,   14332944 total
[2025-08-06T20:31:09.139+0000][10][gc,age      ] GC(6) - age   6:    1365888 bytes,   15698832 total
[2025-08-06T20:31:09.140+0000][10][gc,phases   ] GC(6)   Pre Evacuate Collection Set: 0.2ms
[2025-08-06T20:31:09.141+0000][10][gc,phases   ] GC(6)   Merge Heap Roots: 0.1ms
[2025-08-06T20:31:09.142+0000][10][gc,phases   ] GC(6)   Evacuate Collection Set: 10.0ms
[2025-08-06T20:31:09.145+0000][10][gc,phases   ] GC(6)   Post Evacuate Collection Set: 1.3ms
[2025-08-06T20:31:09.146+0000][10][gc,phases   ] GC(6)   Other: 16.1ms
[2025-08-06T20:31:09.147+0000][10][gc,heap     ] GC(6) Eden regions: 143->0(136)
[2025-08-06T20:31:09.147+0000][10][gc,heap     ] GC(6) Survivor regions: 10->17(20)
[2025-08-06T20:31:09.149+0000][10][gc,heap     ] GC(6) Old regions: 3->3
[2025-08-06T20:31:09.149+0000][10][gc,heap     ] GC(6) Archive regions: 2->2
[2025-08-06T20:31:09.151+0000][10][gc,heap     ] GC(6) Humongous regions: 9->1
[2025-08-06T20:31:09.152+0000][10][gc,metaspace] GC(6) Metaspace: 20051K(20480K)->20051K(20480K) NonClass: 17610K(17792K)->17610K(17792K) Class: 2441K(2688K)->2441K(2688K)
[2025-08-06T20:31:09.153+0000][10][gc          ] GC(6) Pause Young (Normal) (G1 Evacuation Pause) 165M->21M(256M) 40.336ms
[2025-08-06T20:31:09.154+0000][10][gc,cpu      ] GC(6) User=0.03s Sys=0.01s Real=0.04s
[2025-08-06T20:31:09.154+0000][10][safepoint   ] Safepoint "G1CollectForAllocation", Time since last: 57183459 ns, Reaching safepoint: 3291 ns, Cleanup: 65750 ns, At safepoint: 42253167 ns, Total: 42322208 ns
[2025-08-06T20:31:09.319+0000][10][gc,start    ] GC(7) Pause Young (Normal) (G1 Evacuation Pause)
[2025-08-06T20:31:09.320+0000][10][gc,task     ] GC(7) Using 4 workers of 4 for evacuation
[2025-08-06T20:31:09.321+0000][10][gc,age      ] GC(7) Desired survivor size 10485760 bytes, new threshold 3 (max threshold 15)
[2025-08-06T20:31:09.333+0000][10][gc,age      ] GC(7) Age table with threshold 3 (max threshold 15)
[2025-08-06T20:31:09.334+0000][10][gc,age      ] GC(7) - age   1:    2615608 bytes,    2615608 total
[2025-08-06T20:31:09.335+0000][10][gc,age      ] GC(7) - age   2:    7985088 bytes,   10600696 total
[2025-08-06T20:31:09.336+0000][10][gc,age      ] GC(7) - age   3:    1079776 bytes,   11680472 total
[2025-08-06T20:31:09.338+0000][10][gc,phases   ] GC(7)   Pre Evacuate Collection Set: 0.3ms
[2025-08-06T20:31:09.339+0000][10][gc,phases   ] GC(7)   Merge Heap Roots: 0.4ms
[2025-08-06T20:31:09.339+0000][10][gc,phases   ] GC(7)   Evacuate Collection Set: 7.1ms
[2025-08-06T20:31:09.341+0000][10][gc,phases   ] GC(7)   Post Evacuate Collection Set: 1.0ms
[2025-08-06T20:31:09.342+0000][10][gc,phases   ] GC(7)   Other: 10.5ms
[2025-08-06T20:31:09.343+0000][10][gc,heap     ] GC(7) Eden regions: 136->0(141)
[2025-08-06T20:31:09.344+0000][10][gc,heap     ] GC(7) Survivor regions: 17->12(20)
[2025-08-06T20:31:09.345+0000][10][gc,heap     ] GC(7) Old regions: 3->9
[2025-08-06T20:31:09.346+0000][10][gc,heap     ] GC(7) Archive regions: 2->2
[2025-08-06T20:31:09.347+0000][10][gc,heap     ] GC(7) Humongous regions: 6->1
[2025-08-06T20:31:09.348+0000][10][gc,metaspace] GC(7) Metaspace: 20996K(21504K)->20996K(21504K) NonClass: 18537K(18816K)->18537K(18816K) Class: 2458K(2688K)->2458K(2688K)
[2025-08-06T20:31:09.349+0000][10][gc          ] GC(7) Pause Young (Normal) (G1 Evacuation Pause) 162M->22M(256M) 30.543ms
[2025-08-06T20:31:09.350+0000][10][gc,cpu      ] GC(7) User=0.03s Sys=0.00s Real=0.03s
[2025-08-06T20:31:09.351+0000][10][safepoint   ] Safepoint "G1CollectForAllocation", Time since last: 163999750 ns, Reaching safepoint: 2792 ns, Cleanup: 76458 ns, At safepoint: 32782625 ns, Total: 32861875 ns
[2025-08-06T20:31:09.372+0000][10][gc,start    ] GC(8) Pause Young (Concurrent Start) (Metadata GC Threshold)
[2025-08-06T20:31:09.374+0000][10][gc,task     ] GC(8) Using 4 workers of 4 for evacuation
[2025-08-06T20:31:09.375+0000][10][gc,age      ] GC(8) Desired survivor size 10485760 bytes, new threshold 2 (max threshold 15)
[2025-08-06T20:31:09.381+0000][10][gc,age      ] GC(8) Age table with threshold 2 (max threshold 15)
[2025-08-06T20:31:09.382+0000][10][gc,age      ] GC(8) - age   1:    2156336 bytes,    2156336 total
[2025-08-06T20:31:09.383+0000][10][gc,age      ] GC(8) - age   2:    2610568 bytes,    4766904 total
[2025-08-06T20:31:09.384+0000][10][gc,phases   ] GC(8)   Pre Evacuate Collection Set: 0.1ms
[2025-08-06T20:31:09.385+0000][10][gc,phases   ] GC(8)   Merge Heap Roots: 0.0ms
[2025-08-06T20:31:09.387+0000][10][gc,phases   ] GC(8)   Evacuate Collection Set: 3.8ms
[2025-08-06T20:31:09.388+0000][10][gc,phases   ] GC(8)   Post Evacuate Collection Set: 0.7ms
[2025-08-06T20:31:09.389+0000][10][gc,phases   ] GC(8)   Other: 7.0ms
[2025-08-06T20:31:09.390+0000][10][gc,heap     ] GC(8) Eden regions: 8->0(110)
[2025-08-06T20:31:09.391+0000][10][gc,heap     ] GC(8) Survivor regions: 12->6(20)
[2025-08-06T20:31:09.392+0000][10][gc,heap     ] GC(8) Old regions: 9->18
[2025-08-06T20:31:09.393+0000][10][gc,heap     ] GC(8) Archive regions: 2->2
[2025-08-06T20:31:09.394+0000][10][gc,heap     ] GC(8) Humongous regions: 3->2
[2025-08-06T20:31:09.395+0000][10][gc,metaspace] GC(8) Metaspace: 21043K(21504K)->21043K(21504K) NonClass: 18577K(18816K)->18577K(18816K) Class: 2465K(2688K)->2465K(2688K)
[2025-08-06T20:31:09.396+0000][10][gc          ] GC(8) Pause Young (Concurrent Start) (Metadata GC Threshold) 32M->26M(256M) 23.511ms
[2025-08-06T20:31:09.397+0000][10][gc,cpu      ] GC(8) User=0.01s Sys=0.00s Real=0.03s
[2025-08-06T20:31:09.398+0000][10][gc          ] GC(9) Concurrent Mark Cycle
[2025-08-06T20:31:09.399+0000][10][gc,marking  ] GC(9) Concurrent Clear Claimed Marks
[2025-08-06T20:31:09.400+0000][10][gc,marking  ] GC(9) Concurrent Clear Claimed Marks 1.018ms
[2025-08-06T20:31:09.401+0000][10][gc,marking  ] GC(9) Concurrent Scan Root Regions
[2025-08-06T20:31:09.398+0000][10][safepoint   ] Safepoint "CollectForMetadataAllocation", Time since last: 21089250 ns, Reaching safepoint: 2292 ns, Cleanup: 42625 ns, At safepoint: 25637417 ns, Total: 25682334 ns
[2025-08-06T20:31:09.404+0000][10][gc,marking  ] GC(9) Concurrent Scan Root Regions 2.906ms
[2025-08-06T20:31:09.406+0000][10][gc,marking  ] GC(9) Concurrent Mark
[2025-08-06T20:31:09.407+0000][10][gc,marking  ] GC(9) Concurrent Mark From Roots
[2025-08-06T20:31:09.408+0000][10][gc,task     ] GC(9) Using 1 workers of 1 for marking
[2025-08-06T20:31:09.418+0000][10][gc,marking  ] GC(9) Concurrent Mark From Roots 10.749ms
[2025-08-06T20:31:09.419+0000][10][gc,marking  ] GC(9) Concurrent Preclean
[2025-08-06T20:31:09.419+0000][10][gc,marking  ] GC(9) Concurrent Preclean 0.879ms
[2025-08-06T20:31:09.421+0000][10][gc,start    ] GC(9) Pause Remark
[2025-08-06T20:31:09.425+0000][10][gc          ] GC(9) Pause Remark 40M->40M(256M) 3.475ms
[2025-08-06T20:31:09.426+0000][10][gc,cpu      ] GC(9) User=0.00s Sys=0.01s Real=0.01s
[2025-08-06T20:31:09.427+0000][10][safepoint   ] Safepoint "G1PauseRemark", Time since last: 22587541 ns, Reaching safepoint: 240209 ns, Cleanup: 207416 ns, At safepoint: 5390917 ns, Total: 5838542 ns
[2025-08-06T20:31:09.427+0000][10][gc,marking  ] GC(9) Concurrent Mark 21.694ms
[2025-08-06T20:31:09.428+0000][10][gc,marking  ] GC(9) Concurrent Rebuild Remembered Sets
[2025-08-06T20:31:09.435+0000][10][gc,marking  ] GC(9) Concurrent Rebuild Remembered Sets 7.140ms
[2025-08-06T20:31:09.437+0000][10][gc,start    ] GC(9) Pause Cleanup
[2025-08-06T20:31:09.439+0000][10][gc          ] GC(9) Pause Cleanup 52M->52M(256M) 1.587ms
[2025-08-06T20:31:09.440+0000][10][gc,cpu      ] GC(9) User=0.00s Sys=0.00s Real=0.00s
[2025-08-06T20:31:09.441+0000][10][safepoint   ] Safepoint "G1PauseCleanup", Time since last: 10492250 ns, Reaching safepoint: 2667 ns, Cleanup: 440458 ns, At safepoint: 3286792 ns, Total: 3729917 ns
[2025-08-06T20:31:09.442+0000][10][gc,marking  ] GC(9) Concurrent Cleanup for Next Mark
[2025-08-06T20:31:09.444+0000][10][gc,marking  ] GC(9) Concurrent Cleanup for Next Mark 1.810ms
[2025-08-06T20:31:09.445+0000][10][gc          ] GC(9) Concurrent Mark Cycle 47.421ms
[2025-08-06T20:31:09.649+0000][10][gc,start    ] GC(10) Pause Young (Normal) (G1 Evacuation Pause)
[2025-08-06T20:31:09.651+0000][10][gc,task     ] GC(10) Using 4 workers of 4 for evacuation
[2025-08-06T20:31:09.652+0000][10][gc,age      ] GC(10) Desired survivor size 7864320 bytes, new threshold 15 (max threshold 15)
[2025-08-06T20:31:09.656+0000][10][gc,age      ] GC(10) Age table with threshold 15 (max threshold 15)
[2025-08-06T20:31:09.658+0000][10][gc,age      ] GC(10) - age   1:    4568400 bytes,    4568400 total
[2025-08-06T20:31:09.660+0000][10][gc,age      ] GC(10) - age   2:    2148840 bytes,    6717240 total
[2025-08-06T20:31:09.661+0000][10][gc,age      ] GC(10) - age   3:    2609984 bytes,    9327224 total
[2025-08-06T20:31:09.662+0000][10][gc,phases   ] GC(10)   Pre Evacuate Collection Set: 0.2ms
[2025-08-06T20:31:09.663+0000][10][gc,phases   ] GC(10)   Merge Heap Roots: 0.5ms
[2025-08-06T20:31:09.664+0000][10][gc,phases   ] GC(10)   Evacuate Collection Set: 1.6ms
[2025-08-06T20:31:09.664+0000][10][gc,phases   ] GC(10)   Post Evacuate Collection Set: 0.7ms
[2025-08-06T20:31:09.665+0000][10][gc,phases   ] GC(10)   Other: 9.5ms
[2025-08-06T20:31:09.666+0000][10][gc,heap     ] GC(10) Eden regions: 110->0(113)
[2025-08-06T20:31:09.667+0000][10][gc,heap     ] GC(10) Survivor regions: 6->10(15)
[2025-08-06T20:31:09.668+0000][10][gc,heap     ] GC(10) Old regions: 18->18
[2025-08-06T20:31:09.669+0000][10][gc,heap     ] GC(10) Archive regions: 2->2
[2025-08-06T20:31:09.670+0000][10][gc,heap     ] GC(10) Humongous regions: 5->2
[2025-08-06T20:31:09.670+0000][10][gc,metaspace] GC(10) Metaspace: 24672K(25216K)->24672K(25216K) NonClass: 21765K(22080K)->21765K(22080K) Class: 2906K(3136K)->2906K(3136K)
[2025-08-06T20:31:09.671+0000][10][gc          ] GC(10) Pause Young (Normal) (G1 Evacuation Pause) 139M->30M(256M) 21.958ms
[2025-08-06T20:31:09.673+0000][10][gc,cpu      ] GC(10) User=0.02s Sys=0.01s Real=0.02s
[2025-08-06T20:31:09.674+0000][10][safepoint   ] Safepoint "G1CollectForAllocation", Time since last: 208393625 ns, Reaching safepoint: 3416 ns, Cleanup: 250292 ns, At safepoint: 24123792 ns, Total: 24377500 ns
[2025-08-06T20:31:09.791+0000][10][gc,start    ] GC(11) Pause Young (Normal) (G1 Evacuation Pause)
[2025-08-06T20:31:09.792+0000][10][gc,task     ] GC(11) Using 4 workers of 4 for evacuation
[2025-08-06T20:31:09.793+0000][10][gc,age      ] GC(11) Desired survivor size 8388608 bytes, new threshold 3 (max threshold 15)
[2025-08-06T20:31:09.798+0000][10][gc,age      ] GC(11) Age table with threshold 3 (max threshold 15)
[2025-08-06T20:31:09.799+0000][10][gc,age      ] GC(11) - age   1:    2264912 bytes,    2264912 total
[2025-08-06T20:31:09.800+0000][10][gc,age      ] GC(11) - age   2:    4546152 bytes,    6811064 total
[2025-08-06T20:31:09.801+0000][10][gc,age      ] GC(11) - age   3:    2148840 bytes,    8959904 total
[2025-08-06T20:31:09.803+0000][10][gc,phases   ] GC(11)   Pre Evacuate Collection Set: 0.2ms
[2025-08-06T20:31:09.804+0000][10][gc,phases   ] GC(11)   Merge Heap Roots: 0.2ms
[2025-08-06T20:31:09.805+0000][10][gc,phases   ] GC(11)   Evacuate Collection Set: 2.1ms
[2025-08-06T20:31:09.805+0000][10][gc,phases   ] GC(11)   Post Evacuate Collection Set: 0.8ms
[2025-08-06T20:31:09.806+0000][10][gc,phases   ] GC(11)   Other: 8.4ms
[2025-08-06T20:31:09.808+0000][10][gc,heap     ] GC(11) Eden regions: 113->0(117)
[2025-08-06T20:31:09.808+0000][10][gc,heap     ] GC(11) Survivor regions: 10->10(16)
[2025-08-06T20:31:09.809+0000][10][gc,heap     ] GC(11) Old regions: 18->21
[2025-08-06T20:31:09.811+0000][10][gc,heap     ] GC(11) Archive regions: 2->2
[2025-08-06T20:31:09.812+0000][10][gc,heap     ] GC(11) Humongous regions: 4->2
[2025-08-06T20:31:09.813+0000][10][gc,metaspace] GC(11) Metaspace: 24865K(25408K)->24865K(25408K) NonClass: 21920K(22208K)->21920K(22208K) Class: 2944K(3200K)->2944K(3200K)
[2025-08-06T20:31:09.814+0000][10][gc          ] GC(11) Pause Young (Normal) (G1 Evacuation Pause) 145M->32M(256M) 22.706ms
[2025-08-06T20:31:09.815+0000][10][gc,cpu      ] GC(11) User=0.01s Sys=0.01s Real=0.02s
[2025-08-06T20:31:09.815+0000][10][safepoint   ] Safepoint "G1CollectForAllocation", Time since last: 117369625 ns, Reaching safepoint: 3333 ns, Cleanup: 98333 ns, At safepoint: 24418542 ns, Total: 24520208 ns
[2025-08-06T20:31:11.014+0000][10][safepoint   ] Safepoint "Cleanup", Time since last: 1198049417 ns, Reaching safepoint: 9000 ns, Cleanup: 290125 ns, At safepoint: 4375 ns, Total: 303500 ns
[2025-08-06T20:31:44.041+0000][10][safepoint   ] Safepoint "Cleanup", Time since last: 33024375598 ns, Reaching safepoint: 1400292 ns, Cleanup: 958708 ns, At safepoint: 18709 ns, Total: 2377709 ns
[2025-08-06T20:34:01.042+0000][10][safepoint   ] Safepoint "Cleanup", Time since last: 137001528020 ns, Reaching safepoint: 142250 ns, Cleanup: 183542 ns, At safepoint: 11333 ns, Total: 337125 ns
[2025-08-06T20:35:29.312+0000][10][safepoint   ] Safepoint "Cleanup", Time since last: 88260685916 ns, Reaching safepoint: 246000 ns, Cleanup: 850875 ns, At safepoint: 17917 ns, Total: 1114792 ns
[2025-08-06T20:35:30.319+0000][10][safepoint   ] Safepoint "Cleanup", Time since last: 1006151251 ns, Reaching safepoint: 11041 ns, Cleanup: 475250 ns, At safepoint: 9667 ns, Total: 495958 ns
[2025-08-06T20:39:46.247+0000][10][safepoint   ] Safepoint "Cleanup", Time since last: 255935139740 ns, Reaching safepoint: 461334 ns, Cleanup: 632708 ns, At safepoint: 31750 ns, Total: 1125792 ns
[2025-08-06T21:00:51.122+0000][10][safepoint   ] Safepoint "Cleanup", Time since last: 1264881843197 ns, Reaching safepoint: 94708 ns, Cleanup: 1662792 ns, At safepoint: 207375 ns, Total: 1964875 ns
