[2025-08-06T20:31:04.177+0000][207][gc] Using G1
[2025-08-06T20:31:04.182+0000][207][gc,init] Version: 17.0.8+7 (release)
[2025-08-06T20:31:04.184+0000][207][gc,init] CPUs: 4 total, 4 available
[2025-08-06T20:31:04.185+0000][207][gc,init] Memory: 7851M
[2025-08-06T20:31:04.186+0000][207][gc,init] Large Page Support: Disabled
[2025-08-06T20:31:04.187+0000][207][gc,init] NUMA Support: Disabled
[2025-08-06T20:31:04.188+0000][207][gc,init] Compressed Oops: Enabled (32-bit)
[2025-08-06T20:31:04.189+0000][207][gc,init] Heap Region Size: 1M
[2025-08-06T20:31:04.190+0000][207][gc,init] Heap Min Capacity: 256M
[2025-08-06T20:31:04.191+0000][207][gc,init] Heap Initial Capacity: 256M
[2025-08-06T20:31:04.192+0000][207][gc,init] Heap Max Capacity: 256M
[2025-08-06T20:31:04.193+0000][207][gc,init] Pre-touch: Disabled
[2025-08-06T20:31:04.194+0000][207][gc,init] Parallel Workers: 4
[2025-08-06T20:31:04.195+0000][207][gc,init] Concurrent Workers: 1
[2025-08-06T20:31:04.196+0000][207][gc,init] Concurrent Refinement Workers: 4
[2025-08-06T20:31:04.196+0000][207][gc,init] Periodic GC: Disabled
[2025-08-06T20:31:04.197+0000][207][gc,metaspace] CDS archive(s) not mapped
[2025-08-06T20:31:04.198+0000][207][gc,metaspace] Compressed class space mapped at: 0x0000000100000000-0x0000000140000000, reserved size: 1073741824
[2025-08-06T20:31:04.199+0000][207][gc,metaspace] Narrow klass base: 0x0000000000000000, Narrow klass shift: 3, Narrow klass range: 0x140000000
[2025-08-06T20:31:04.421+0000][207][gc,heap,exit] Heap
[2025-08-06T20:31:04.422+0000][207][gc,heap,exit]  garbage-first heap   total 262144K, used 1026K [0x00000000f0000000, 0x0000000100000000)
[2025-08-06T20:31:04.423+0000][207][gc,heap,exit]   region size 1024K, 2 young (2048K), 0 survivors (0K)
[2025-08-06T20:31:04.424+0000][207][gc,heap,exit]  Metaspace       used 4569K, committed 4736K, reserved 1114112K
[2025-08-06T20:31:04.425+0000][207][gc,heap,exit]   class space    used 358K, committed 448K, reserved 1048576K
